Archive member included to satisfy reference by file (symbol)

.\ARM_GCC_541\Debug\uCOS-III-Probe.a(LED_Status.o)
                              .\ARM_GCC_541\Debug\bsp.o (LED_Status_Write)
.\ARM_GCC_541\Debug\uCOS-III-Probe.a(LCD_Disp.o)
                              .\ARM_GCC_541\Debug\app.o (LCD_Disp_Start)
.\ARM_GCC_541\Debug\uCOS-III-Probe.a(CyLib.o)
                              .\ARM_GCC_541\Debug\Cm3Start.o (CyResetStatus)
.\ARM_GCC_541\Debug\uCOS-III-Probe.a(cyPm.o)
                              .\ARM_GCC_541\Debug\uCOS-III-Probe.a(CyLib.o) (CyPmReadStatus)
.\ARM_GCC_541\Debug\uCOS-III-Probe.a(ProbeUART.o)
                              .\ARM_GCC_541\Debug\probe_rs232c.o (ProbeUART_Start)
.\ARM_GCC_541\Debug\uCOS-III-Probe.a(ProbeUART_TxISR.o)
                              .\ARM_GCC_541\Debug\probe_rs232c.o (ProbeUART_TxISR_Start)
.\ARM_GCC_541\Debug\uCOS-III-Probe.a(ProbeUART_RxISR.o)
                              .\ARM_GCC_541\Debug\probe_rs232c.o (ProbeUART_RxISR_Start)
.\ARM_GCC_541\Debug\uCOS-III-Probe.a(PB_2.o)
                              .\ARM_GCC_541\Debug\bsp.o (PB_2_Read)
.\ARM_GCC_541\Debug\uCOS-III-Probe.a(PB_3.o)
                              .\ARM_GCC_541\Debug\bsp.o (PB_3_Read)
.\ARM_GCC_541\Debug\uCOS-III-Probe.a(ProbeUART_IntClock.o)
                              .\ARM_GCC_541\Debug\uCOS-III-Probe.a(ProbeUART.o) (ProbeUART_IntClock_Start)
.\ARM_GCC_541\Debug\uCOS-III-Probe.a(CyBootAsmGnu.o)
                              .\ARM_GCC_541\Debug\cyfitter_cfg.o (CyDelayCycles)
.\ARM_GCC_541\Debug\uCOS-III-Probe.a(CyFlash.o)
                              .\ARM_GCC_541\Debug\uCOS-III-Probe.a(cyPm.o) (CyFlash_SetWaitCycles)
.\ARM_GCC_541\Debug\uCOS-III-Probe.a(CySpc.o)
                              .\ARM_GCC_541\Debug\uCOS-III-Probe.a(CyFlash.o) (CySpcStart)
..\..\..\..\..\..\uCOS-III\Lib\ARM-Cortex-M3\PSoC_GNU/uCOS-III-ARM-Cortex-M3.a(os_cpu_a.o)
                              .\ARM_GCC_541\Debug\os_core.o (OSStartHighRdy)
..\..\..\..\..\..\uCOS-III\Lib\ARM-Cortex-M3\PSoC_GNU/uCOS-III-ARM-Cortex-M3.a(os_cpu_c.o)
                              .\ARM_GCC_541\Debug\os_core.o (OSIdleTaskHook)
c:/program files (x86)/cypress/psoc creator/4.4/psoc creator/import/gnu/arm/5.4.1/bin/../lib/gcc/arm-none-eabi/5.4.1/../../../../arm-none-eabi/lib/armv7-m\libg_nano.a(lib_a-errno.o)
                              .\ARM_GCC_541\Debug\Cm3Start.o (__errno)
c:/program files (x86)/cypress/psoc creator/4.4/psoc creator/import/gnu/arm/5.4.1/bin/../lib/gcc/arm-none-eabi/5.4.1/../../../../arm-none-eabi/lib/armv7-m\libg_nano.a(lib_a-exit.o)
                              c:/program files (x86)/cypress/psoc creator/4.4/psoc creator/import/gnu/arm/5.4.1/bin/../lib/gcc/arm-none-eabi/5.4.1/../../../../arm-none-eabi/lib/armv7-m/crt0.o (exit)
c:/program files (x86)/cypress/psoc creator/4.4/psoc creator/import/gnu/arm/5.4.1/bin/../lib/gcc/arm-none-eabi/5.4.1/../../../../arm-none-eabi/lib/armv7-m\libg_nano.a(lib_a-impure.o)
                              c:/program files (x86)/cypress/psoc creator/4.4/psoc creator/import/gnu/arm/5.4.1/bin/../lib/gcc/arm-none-eabi/5.4.1/../../../../arm-none-eabi/lib/armv7-m\libg_nano.a(lib_a-exit.o) (_global_impure_ptr)
c:/program files (x86)/cypress/psoc creator/4.4/psoc creator/import/gnu/arm/5.4.1/bin/../lib/gcc/arm-none-eabi/5.4.1/../../../../arm-none-eabi/lib/armv7-m\libg_nano.a(lib_a-init.o)
                              c:/program files (x86)/cypress/psoc creator/4.4/psoc creator/import/gnu/arm/5.4.1/bin/../lib/gcc/arm-none-eabi/5.4.1/../../../../arm-none-eabi/lib/armv7-m/crt0.o (__libc_init_array)
c:/program files (x86)/cypress/psoc creator/4.4/psoc creator/import/gnu/arm/5.4.1/bin/../lib/gcc/arm-none-eabi/5.4.1/../../../../arm-none-eabi/lib/armv7-m\libg_nano.a(lib_a-memcpy-stub.o)
                              .\ARM_GCC_541\Debug\cyfitter_cfg.o (memcpy)
c:/program files (x86)/cypress/psoc creator/4.4/psoc creator/import/gnu/arm/5.4.1/bin/../lib/gcc/arm-none-eabi/5.4.1/../../../../arm-none-eabi/lib/armv7-m\libg_nano.a(lib_a-memset.o)
                              c:/program files (x86)/cypress/psoc creator/4.4/psoc creator/import/gnu/arm/5.4.1/bin/../lib/gcc/arm-none-eabi/5.4.1/../../../../arm-none-eabi/lib/armv7-m/crt0.o (memset)

Allocating common symbols
Common symbol       size              file

OSSchedLockNestingCtr
                    0x1               .\ARM_GCC_541\Debug\os_var.o
OS_AppTaskReturnHookPtr
                    0x4               .\ARM_GCC_541\Debug\os_var.o
ProbeCom_RxPktCtr   0x4               .\ARM_GCC_541\Debug\probe_com.o
OSStatTaskTimeMax   0x4               .\ARM_GCC_541\Debug\os_var.o
OSStatTaskCtr       0x4               .\ARM_GCC_541\Debug\os_var.o
OSTaskRegNextAvailID
                    0x1               .\ARM_GCC_541\Debug\os_var.o
OSRunning           0x1               .\ARM_GCC_541\Debug\os_var.o
OSRdyList           0x60              .\ARM_GCC_541\Debug\os_var.o
[...]
Memory Configuration

Name             Origin             Length             Attributes
rom              0x00000000         0x00040000         xr
ram              0x1fff8000         0x00010000         xrw
*default*        0x00000000         0xffffffff

Linker script and memory map

LOAD c:/program files (x86)/cypress/psoc creator/4.4/psoc creator/import/gnu/arm/5.4.1/bin/../lib/gcc/arm-none-eabi/5.4.1/armv7-m/crti.o
LOAD c:/program files (x86)/cypress/psoc creator/4.4/psoc creator/import/gnu/arm/5.4.1/bin/../lib/gcc/arm-none-eabi/5.4.1/armv7-m/crtbegin.o
LOAD c:/program files (x86)/cypress/psoc creator/4.4/psoc creator/import/gnu/arm/5.4.1/bin/../lib/gcc/arm-none-eabi/5.4.1/../../../../arm-none-eabi/lib/armv7-m/crt0.o
START GROUP
LOAD .\ARM_GCC_541\Debug\app_probe.o
LOAD .\ARM_GCC_541\Debug\app.o
LOAD .\ARM_GCC_541\Debug\os_app_hooks.o
LOAD .\ARM_GCC_541\Debug\bsp_os.o
LOAD .\ARM_GCC_541\Debug\bsp.o
LOAD .\ARM_GCC_541\Debug\cpu_bsp.o
LOAD .\ARM_GCC_541\Debug\cpu_core.o
LOAD .\ARM_GCC_541\Debug\lib_ascii.o
LOAD .\ARM_GCC_541\Debug\lib_math.o
LOAD .\ARM_GCC_541\Debug\lib_mem.o
LOAD .\ARM_GCC_541\Debug\lib_str.o
LOAD .\ARM_GCC_541\Debug\os_dbg.o
LOAD .\ARM_GCC_541\Debug\os_core.o
LOAD .\ARM_GCC_541\Debug\os_flag.o
LOAD .\ARM_GCC_541\Debug\os_int.o
LOAD .\ARM_GCC_541\Debug\os_mem.o
LOAD .\ARM_GCC_541\Debug\os_msg.o
LOAD .\ARM_GCC_541\Debug\os_mutex.o
LOAD .\ARM_GCC_541\Debug\os_pend_multi.o
LOAD .\ARM_GCC_541\Debug\os_prio.o
LOAD .\ARM_GCC_541\Debug\os_q.o
LOAD .\ARM_GCC_541\Debug\os_sem.o
LOAD .\ARM_GCC_541\Debug\os_stat.o
LOAD .\ARM_GCC_541\Debug\os_task.o
LOAD .\ARM_GCC_541\Debug\os_tick.o
LOAD .\ARM_GCC_541\Debug\os_time.o
LOAD .\ARM_GCC_541\Debug\os_tmr.o
LOAD .\ARM_GCC_541\Debug\os_var.o
LOAD .\ARM_GCC_541\Debug\os_cfg_app.o
LOAD .\ARM_GCC_541\Debug\probe_com_os.o
LOAD .\ARM_GCC_541\Debug\probe_rs232c.o
LOAD .\ARM_GCC_541\Debug\probe_rs232_os.o
LOAD .\ARM_GCC_541\Debug\probe_rs232.o
LOAD .\ARM_GCC_541\Debug\probe_com.o
LOAD .\ARM_GCC_541\Debug\cyfitter_cfg.o
LOAD .\ARM_GCC_541\Debug\Cm3Start.o
LOAD .\ARM_GCC_541\Debug\cymetadata.o
LOAD .\ARM_GCC_541\Debug\cpu_a.o
LOAD .\ARM_GCC_541\Debug\uCOS-III-Probe.a
LOAD C:\Program Files (x86)\Cypress\PSoC Creator\4.4\PSoC Creator\psoc\content\cycomponentlibrary\CyComponentLibrary.cylib\CortexM3\ARM_GCC_541\Debug\CyComponentLibrary.a
LOAD ..\..\..\..\..\..\uCOS-III\Lib\ARM-Cortex-M3\PSoC_GNU/uCOS-III-ARM-Cortex-M3.a
END GROUP
START GROUP
LOAD c:/program files (x86)/cypress/psoc creator/4.4/psoc creator/import/gnu/arm/5.4.1/bin/../lib/gcc/arm-none-eabi/5.4.1/armv7-m\libgcc.a
LOAD c:/program files (x86)/cypress/psoc creator/4.4/psoc creator/import/gnu/arm/5.4.1/bin/../lib/gcc/arm-none-eabi/5.4.1/../../../../arm-none-eabi/lib/armv7-m\libg_nano.a
LOAD c:/program files (x86)/cypress/psoc creator/4.4/psoc creator/import/gnu/arm/5.4.1/bin/../lib/gcc/arm-none-eabi/5.4.1/../../../../arm-none-eabi/lib/armv7-m\libc_nano.a
END GROUP
START GROUP
LOAD c:/program files (x86)/cypress/psoc creator/4.4/psoc creator/import/gnu/arm/5.4.1/bin/../lib/gcc/arm-none-eabi/5.4.1/armv7-m\libgcc.a
LOAD c:/program files (x86)/cypress/psoc creator/4.4/psoc creator/import/gnu/arm/5.4.1/bin/../lib/gcc/arm-none-eabi/5.4.1/../../../../arm-none-eabi/lib/armv7-m\libc_nano.a
END GROUP
LOAD c:/program files (x86)/cypress/psoc creator/4.4/psoc creator/import/gnu/arm/5.4.1/bin/../lib/gcc/arm-none-eabi/5.4.1/armv7-m/crtend.o
LOAD c:/program files (x86)/cypress/psoc creator/4.4/psoc creator/import/gnu/arm/5.4.1/bin/../lib/gcc/arm-none-eabi/5.4.1/armv7-m/crtn.o
START GROUP
LOAD c:/program files (x86)/cypress/psoc creator/4.4/psoc creator/import/gnu/arm/5.4.1/bin/../lib/gcc/arm-none-eabi/5.4.1/armv7-m\libgcc.a
LOAD c:/program files (x86)/cypress/psoc creator/4.4/psoc creator/import/gnu/arm/5.4.1/bin/../lib/gcc/arm-none-eabi/5.4.1/../../../../arm-none-eabi/lib/armv7-m\libc.a
LOAD c:/program files (x86)/cypress/psoc creator/4.4/psoc creator/import/gnu/arm/5.4.1/bin/../lib/gcc/arm-none-eabi/5.4.1/../../../../arm-none-eabi/lib/armv7-m\libnosys.a
END GROUP
                0x00000000                CY_APPL_ORIGIN = 0x0
                0x00000100                CY_FLASH_ROW_SIZE = 0x100
                0x00000020                CY_ECC_ROW_SIZE = 0x20
                0x00000000                CY_EE_IN_BTLDR = 0x0
                0x00000000                CY_APPL_LOADABLE = 0x0
                0x00000800                CY_EE_SIZE = 0x800
                0x00000001                CY_APPL_NUM = 0x1
                0x00000001                CY_APPL_MAX = 0x1
                0x00000040                CY_METADATA_SIZE = 0x40
                0x00000000                CY_APPL_LOADABLE = 0x0
                0x00000000                CY_CHECKSUM_EXCLUDE_SIZE = ALIGN (0x0, CY_FLASH_ROW_SIZE)
                [!provide]                PROVIDE (__cy_heap_start, _end)
                0x00000001                PROVIDE (__cy_region_num, ((__cy_regions_end - __cy_regions) / 0x10))
                0x20008000                PROVIDE (__cy_stack, (ORIGIN (ram) + LENGTH (ram)))
                [!provide]                PROVIDE (__cy_heap_end, (__cy_stack - 0x800))

.cybootloader   0x00000000        0x0
 *(.cybootloader)
                0x00000000                appl1_start = CY_APPL_ORIGIN?CY_APPL_ORIGIN:ALIGN (CY_FLASH_ROW_SIZE)
                0x0001ff00                appl2_start = (appl1_start + ALIGN ((((LENGTH (rom) - appl1_start) - (0x2 * CY_FLASH_ROW_SIZE)) / 0x2), CY_FLASH_ROW_SIZE))
                0x00000000                appl_start = (CY_APPL_NUM == 0x1)?appl1_start:appl2_start
                0x00000000                ecc_offset = ((appl_start / CY_FLASH_ROW_SIZE) * CY_ECC_ROW_SIZE)
                0x00000000                ee_offset = (CY_APPL_LOADABLE && ! (CY_EE_IN_BTLDR))?((CY_EE_SIZE / CY_APPL_MAX) * (CY_APPL_NUM - 0x1)):0x0
                0x00000800                ee_size = (CY_APPL_LOADABLE && ! (CY_EE_IN_BTLDR))?(CY_EE_SIZE / CY_APPL_MAX):CY_EE_SIZE
                [!provide]                PROVIDE (CY_ECC_OFFSET, ecc_offset)

.text           0x00000000     0x6b8a
 CREATE_OBJECT_SYMBOLS
                0x00000000                PROVIDE (__cy_interrupt_vector, RomVectors)
 *(.romvectors)
 .romvectors    0x00000000       0x10 .\ARM_GCC_541\Debug\Cm3Start.o
                0x00000000                RomVectors
                0x00000001                ASSERT ((. != __cy_interrupt_vector), No interrupt vector)
                0x00000001                ASSERT (CY_APPL_ORIGIN?(SIZEOF (.cybootloader) <= CY_APPL_ORIGIN):0x1, Wrong image location)
                0x00000010                PROVIDE (__cy_reset, Reset)
 *(.text.Reset)
 .text.Reset    0x00000010       0x18 .\ARM_GCC_541\Debug\Cm3Start.o
                0x00000010                Reset
                0x00000001                ASSERT ((. != __cy_reset), No reset code)
 *(.dma_init)
                0x00000001                ASSERT ((((appl_start + .) <= 0x10000) || 0x1), DMA Init must be within the first 64k of flash)
 *(.text .text.* .gnu.linkonce.t.*)
 .text          0x00000028       0x5c c:/program files (x86)/cypress/psoc creator/4.4/psoc creator/import/gnu/arm/5.4.1/bin/../lib/gcc/arm-none-eabi/5.4.1/armv7-m/crtbegin.o
 .text.App_ProbeInit
                0x00000084       0x18 .\ARM_GCC_541\Debug\app_probe.o
                0x00000084                App_ProbeInit
 .text.main     0x0000009c       0x68 .\ARM_GCC_541\Debug\app.o
                0x0000009c                main
 .text.App_TaskStart
                0x00000104       0x4c .\ARM_GCC_541\Debug\app.o
 .text.App_TaskCreate
                0x00000150      0x158 .\ARM_GCC_541\Debug\app.o
 .text.App_Task_SV01
                0x000002a8       0x98 .\ARM_GCC_541\Debug\app.o
 .text.App_Task_SP01
                0x00000340       0xe4 .\ARM_GCC_541\Debug\app.o
 .text.App_Task_SV02
                0x00000424       0x9c .\ARM_GCC_541\Debug\app.o
 .text.App_Task_SP02
                0x000004c0       0xe8 .\ARM_GCC_541\Debug\app.o
 .text.App_ObjCreate
                0x000005a8        0xc .\ARM_GCC_541\Debug\app.o
 .text.App_TaskUserIF
                0x000005b4      0x3b8 .\ARM_GCC_541\Debug\app.o
 .text.go_to_E1
                0x0000096c       0x5c .\ARM_GCC_541\Debug\app.o
                0x0000096c                go_to_E1
 .text.go_to_E2
                0x000009c8       0x5c .\ARM_GCC_541\Debug\app.o
                0x000009c8                go_to_E2
 .text.go_to_E3
                0x00000a24       0x5c .\ARM_GCC_541\Debug\app.o
                0x00000a24                go_to_E3
 .text.BSP_PreInit
                0x00000a80       0x40 .\ARM_GCC_541\Debug\bsp.o
                0x00000a80                BSP_PreInit
 .text.BSP_PostInit
                0x00000ac0        0xc .\ARM_GCC_541\Debug\bsp.o
                0x00000ac0                BSP_PostInit
 .text.BSP_CPU_TickInit
                0x00000acc       0x2c .\ARM_GCC_541\Debug\bsp.o
                0x00000acc                BSP_CPU_TickInit
 .text.BSP_CPU_ClkFreq
                0x00000af8       0x14 .\ARM_GCC_541\Debug\bsp.o
                0x00000af8                BSP_CPU_ClkFreq
 .text.BSP_LED_Off
                0x00000b0c       0x90 .\ARM_GCC_541\Debug\bsp.o
                0x00000b0c                BSP_LED_Off
 .text.BSP_LED_Toggle
                0x00000b9c       0x94 .\ARM_GCC_541\Debug\bsp.o
                0x00000b9c                BSP_LED_Toggle
 .text.BSP_PB_StatusGet
                0x00000c30       0x5c .\ARM_GCC_541\Debug\bsp.o
                0x00000c30                BSP_PB_StatusGet
 .text.CPU_TS_TmrInit
                0x00000c8c       0x3c .\ARM_GCC_541\Debug\cpu_bsp.o
                0x00000c8c                CPU_TS_TmrInit
 .text.CPU_TS_TmrRd
                0x00000cc8       0x1c .\ARM_GCC_541\Debug\cpu_bsp.o
                0x00000cc8                CPU_TS_TmrRd
 .text.CPU_Init
                0x00000ce4       0x10 .\ARM_GCC_541\Debug\cpu_core.o
                0x00000ce4                CPU_Init
 .text.CPU_NameClr
                0x00000cf4       0x2c .\ARM_GCC_541\Debug\cpu_core.o
                0x00000cf4                CPU_NameClr
 .text.CPU_TS_TmrFreqSet
                0x00000d20       0x1c .\ARM_GCC_541\Debug\cpu_core.o
                0x00000d20                CPU_TS_TmrFreqSet
 .text.CPU_NameInit
                0x00000d3c        0xc .\ARM_GCC_541\Debug\cpu_core.o
 .text.CPU_TS_Init
                0x00000d48       0x18 .\ARM_GCC_541\Debug\cpu_core.o
 .text.ASCII_IsPrint
                0x00000d60       0x2c .\ARM_GCC_541\Debug\lib_ascii.o
                0x00000d60                ASCII_IsPrint
 .text.Mem_Clr  0x00000d8c       0x1c .\ARM_GCC_541\Debug\lib_mem.o
                0x00000d8c                Mem_Clr
 .text.Mem_Set  0x00000da8       0xb4 .\ARM_GCC_541\Debug\lib_mem.o
                0x00000da8                Mem_Set
 .text.Mem_Copy
                0x00000e5c       0xd8 .\ARM_GCC_541\Debug\lib_mem.o
                0x00000e5c                Mem_Copy
 .text.Str_Copy
                0x00000f34       0x24 .\ARM_GCC_541\Debug\lib_str.o
                0x00000f34                Str_Copy
 .text.Str_Copy_N
                0x00000f58       0x90 .\ARM_GCC_541\Debug\lib_str.o
                0x00000f58                Str_Copy_N
 .text.Str_FmtNbr_Int32U
                0x00000fe8       0x44 .\ARM_GCC_541\Debug\lib_str.o
                0x00000fe8                Str_FmtNbr_Int32U
 .text.Str_FmtNbr_Int32
                0x0000102c      0x274 .\ARM_GCC_541\Debug\lib_str.o
 .text.OS_Dbg_Init
                0x000012a0      0x240 .\ARM_GCC_541\Debug\os_dbg.o
                0x000012a0                OS_Dbg_Init
 .text.OSInit   0x000014e0      0x1ec .\ARM_GCC_541\Debug\os_core.o
                0x000014e0                OSInit
 .text.OSIntExit
                0x000016cc       0xe0 .\ARM_GCC_541\Debug\os_core.o
                0x000016cc                OSIntExit
 .text.OSSched  0x000017ac       0xac .\ARM_GCC_541\Debug\os_core.o
                0x000017ac                OSSched
 .text.OSSchedLock
                0x00001858       0x74 .\ARM_GCC_541\Debug\os_core.o
                0x00001858                OSSchedLock
 .text.OSSchedUnlock
                0x000018cc       0x90 .\ARM_GCC_541\Debug\os_core.o
                0x000018cc                OSSchedUnlock
 .text.OSStart  0x0000195c       0x80 .\ARM_GCC_541\Debug\os_core.o
                0x0000195c                OSStart
 .text.OSVersion
                0x000019dc       0x1c .\ARM_GCC_541\Debug\os_core.o
                0x000019dc                OSVersion
 .text.OS_IdleTask
                0x000019f8       0x3c .\ARM_GCC_541\Debug\os_core.o
                0x000019f8                OS_IdleTask
 .text.OS_IdleTaskInit
                0x00001a34       0x68 .\ARM_GCC_541\Debug\os_core.o
                0x00001a34                OS_IdleTaskInit
 .text.OS_Pend  0x00001a9c       0x84 .\ARM_GCC_541\Debug\os_core.o
                0x00001a9c                OS_Pend
 .text.OS_PendDataInit
                0x00001b20       0x68 .\ARM_GCC_541\Debug\os_core.o
                0x00001b20                OS_PendDataInit
 .text.OS_PendDbgNameAdd
                0x00001b88       0x7c .\ARM_GCC_541\Debug\os_core.o
                0x00001b88                OS_PendDbgNameAdd
 .text.OS_PendDbgNameRemove
                0x00001c04       0x48 .\ARM_GCC_541\Debug\os_core.o
                0x00001c04                OS_PendDbgNameRemove
 .text.OS_PendListInit
                0x00001c4c       0x24 .\ARM_GCC_541\Debug\os_core.o
                0x00001c4c                OS_PendListInit
 .text.OS_PendListInsertPrio
                0x00001c70       0xe8 .\ARM_GCC_541\Debug\os_core.o
                0x00001c70                OS_PendListInsertPrio
 .text.OS_PendListRemove
                0x00001d58       0x50 .\ARM_GCC_541\Debug\os_core.o
                0x00001d58                OS_PendListRemove
 .text.OS_PendListRemove1
                0x00001da8       0x94 .\ARM_GCC_541\Debug\os_core.o
                0x00001da8                OS_PendListRemove1
 .text.OS_Post  0x00001e3c      0x118 .\ARM_GCC_541\Debug\os_core.o
                0x00001e3c                OS_Post
 .text.OS_Post1
                0x00001f54       0x5c .\ARM_GCC_541\Debug\os_core.o
                0x00001f54                OS_Post1
 .text.OS_RdyListInit
                0x00001fb0       0x48 .\ARM_GCC_541\Debug\os_core.o
                0x00001fb0                OS_RdyListInit
 .text.OS_RdyListInsert
                0x00001ff8       0x3c .\ARM_GCC_541\Debug\os_core.o
                0x00001ff8                OS_RdyListInsert
 .text.OS_RdyListInsertHead
                0x00002034       0x80 .\ARM_GCC_541\Debug\os_core.o
                0x00002034                OS_RdyListInsertHead
 .text.OS_RdyListInsertTail
                0x000020b4       0x80 .\ARM_GCC_541\Debug\os_core.o
                0x000020b4                OS_RdyListInsertTail
 .text.OS_RdyListMoveHeadToTail
                0x00002134       0x90 .\ARM_GCC_541\Debug\os_core.o
                0x00002134                OS_RdyListMoveHeadToTail
 .text.OS_RdyListRemove
                0x000021c4       0xb0 .\ARM_GCC_541\Debug\os_core.o
                0x000021c4                OS_RdyListRemove
 .text.OS_SchedRoundRobin
                0x00002274       0xc8 .\ARM_GCC_541\Debug\os_core.o
                0x00002274                OS_SchedRoundRobin
 .text.OS_TaskBlock
                0x0000233c       0x50 .\ARM_GCC_541\Debug\os_core.o
                0x0000233c                OS_TaskBlock
 .text.OS_TaskRdy
                0x0000238c       0x2c .\ARM_GCC_541\Debug\os_core.o
                0x0000238c                OS_TaskRdy
 .text.OS_FlagInit
                0x000023b8       0x2c .\ARM_GCC_541\Debug\os_flag.o
                0x000023b8                OS_FlagInit
 .text.OS_MemInit
                0x000023e4       0x2c .\ARM_GCC_541\Debug\os_mem.o
                0x000023e4                OS_MemInit
 .text.OS_MsgPoolInit
                0x00002410       0xcc .\ARM_GCC_541\Debug\os_msg.o
                0x00002410                OS_MsgPoolInit
 .text.OS_MsgQFreeAll
                0x000024dc       0x74 .\ARM_GCC_541\Debug\os_msg.o
                0x000024dc                OS_MsgQFreeAll
 .text.OS_MsgQInit
                0x00002550       0x34 .\ARM_GCC_541\Debug\os_msg.o
                0x00002550                OS_MsgQInit
 .text.OS_MutexInit
                0x00002584       0x2c .\ARM_GCC_541\Debug\os_mutex.o
                0x00002584                OS_MutexInit
 .text.OS_PrioInit
                0x000025b0       0x30 .\ARM_GCC_541\Debug\os_prio.o
                0x000025b0                OS_PrioInit
 .text.OS_PrioGetHighest
                0x000025e0       0x48 .\ARM_GCC_541\Debug\os_prio.o
                0x000025e0                OS_PrioGetHighest
 .text.OS_PrioInsert
                0x00002628       0x4c .\ARM_GCC_541\Debug\os_prio.o
                0x00002628                OS_PrioInsert
 .text.OS_PrioRemove
                0x00002674       0x50 .\ARM_GCC_541\Debug\os_prio.o
                0x00002674                OS_PrioRemove
 .text.OS_QInit
                0x000026c4       0x2c .\ARM_GCC_541\Debug\os_q.o
                0x000026c4                OS_QInit
 .text.OSSemCreate
                0x000026f0       0x8c .\ARM_GCC_541\Debug\os_sem.o
                0x000026f0                OSSemCreate
 .text.OSSemPend
                0x0000277c      0x1b0 .\ARM_GCC_541\Debug\os_sem.o
                0x0000277c                OSSemPend
 .text.OSSemPost
                0x0000292c       0x6c .\ARM_GCC_541\Debug\os_sem.o
                0x0000292c                OSSemPost
 .text.OS_SemDbgListAdd
                0x00002998       0x4c .\ARM_GCC_541\Debug\os_sem.o
                0x00002998                OS_SemDbgListAdd
 .text.OS_SemInit
                0x000029e4       0x2c .\ARM_GCC_541\Debug\os_sem.o
                0x000029e4                OS_SemInit
 .text.OS_SemPost
                0x00002a10       0xe0 .\ARM_GCC_541\Debug\os_sem.o
                0x00002a10                OS_SemPost
 .text.OSStatReset
                0x00002af0      0x11c .\ARM_GCC_541\Debug\os_stat.o
                0x00002af0                OSStatReset
 .text.OSStatTaskCPUUsageInit
                0x00002c0c       0xfc .\ARM_GCC_541\Debug\os_stat.o
                0x00002c0c                OSStatTaskCPUUsageInit
 .text.OS_StatTask
                0x00002d08      0x314 .\ARM_GCC_541\Debug\os_stat.o
                0x00002d08                OS_StatTask
 .text.OS_StatTaskInit
                0x0000301c       0xd4 .\ARM_GCC_541\Debug\os_stat.o
                0x0000301c                OS_StatTaskInit
 .text.OSTaskCreate
                0x000030f0      0x210 .\ARM_GCC_541\Debug\os_task.o
                0x000030f0                OSTaskCreate
 .text.OSTaskDel
                0x00003300      0x13c .\ARM_GCC_541\Debug\os_task.o
                0x00003300                OSTaskDel
 .text.OSTaskResume
                0x0000343c       0x64 .\ARM_GCC_541\Debug\os_task.o
                0x0000343c                OSTaskResume
 .text.OSTaskSemPend
                0x000034a0      0x1e0 .\ARM_GCC_541\Debug\os_task.o
                0x000034a0                OSTaskSemPend
 .text.OSTaskSemPost
                0x00003680       0x48 .\ARM_GCC_541\Debug\os_task.o
                0x00003680                OSTaskSemPost
 .text.OSTaskStkChk
                0x000036c8       0xf0 .\ARM_GCC_541\Debug\os_task.o
                0x000036c8                OSTaskStkChk
 .text.OSTaskSuspend
                0x000037b8       0x44 .\ARM_GCC_541\Debug\os_task.o
                0x000037b8                OSTaskSuspend
 .text.OS_TaskDbgListAdd
                0x000037fc       0x4c .\ARM_GCC_541\Debug\os_task.o
                0x000037fc                OS_TaskDbgListAdd
 .text.OS_TaskDbgListRemove
                0x00003848       0x84 .\ARM_GCC_541\Debug\os_task.o
                0x00003848                OS_TaskDbgListRemove
 .text.OS_TaskInit
                0x000038cc       0x38 .\ARM_GCC_541\Debug\os_task.o
                0x000038cc                OS_TaskInit
 .text.OS_TaskInitTCB
                0x00003904      0x198 .\ARM_GCC_541\Debug\os_task.o
                0x00003904                OS_TaskInitTCB
 .text.OS_TaskResume
                0x00003a9c      0x124 .\ARM_GCC_541\Debug\os_task.o
                0x00003a9c                OS_TaskResume
 .text.OS_TaskReturn
                0x00003bc0       0x28 .\ARM_GCC_541\Debug\os_task.o
                0x00003bc0                OS_TaskReturn
 .text.OS_TaskSemPost
                0x00003be8      0x128 .\ARM_GCC_541\Debug\os_task.o
                0x00003be8                OS_TaskSemPost
 .text.OS_TaskSuspend
                0x00003d10      0x118 .\ARM_GCC_541\Debug\os_task.o
                0x00003d10                OS_TaskSuspend
 .text.OS_TickTask
                0x00003e28       0x30 .\ARM_GCC_541\Debug\os_tick.o
                0x00003e28                OS_TickTask
 .text.OS_TickTaskInit
                0x00003e58       0xb8 .\ARM_GCC_541\Debug\os_tick.o
                0x00003e58                OS_TickTaskInit
 .text.OS_TickListInit
                0x00003f10       0x4c .\ARM_GCC_541\Debug\os_tick.o
                0x00003f10                OS_TickListInit
 .text.OS_TickListInsert
                0x00003f5c      0x1f0 .\ARM_GCC_541\Debug\os_tick.o
                0x00003f5c                OS_TickListInsert
 .text.OS_TickListRemove
                0x0000414c       0x8c .\ARM_GCC_541\Debug\os_tick.o
                0x0000414c                OS_TickListRemove
 .text.OS_TickListResetPeak
                0x000041d8       0x40 .\ARM_GCC_541\Debug\os_tick.o
                0x000041d8                OS_TickListResetPeak
 .text.OS_TickListUpdate
                0x00004218      0x1f8 .\ARM_GCC_541\Debug\os_tick.o
                0x00004218                OS_TickListUpdate
 .text.OSTimeDly
                0x00004410       0xe4 .\ARM_GCC_541\Debug\os_time.o
                0x00004410                OSTimeDly
 .text.OSTimeDlyHMSM
                0x000044f4      0x200 .\ARM_GCC_541\Debug\os_time.o
                0x000044f4                OSTimeDlyHMSM
 .text.OSTimeTick
                0x000046f4       0x74 .\ARM_GCC_541\Debug\os_time.o
                0x000046f4                OSTimeTick
 .text.OS_TmrInit
                0x00004768      0x140 .\ARM_GCC_541\Debug\os_tmr.o
                0x00004768                OS_TmrInit
 .text.OS_TmrLink
                0x000048a8      0x168 .\ARM_GCC_541\Debug\os_tmr.o
                0x000048a8                OS_TmrLink
 .text.OS_TmrResetPeak
                0x00004a10       0x40 .\ARM_GCC_541\Debug\os_tmr.o
                0x00004a10                OS_TmrResetPeak
 .text.OS_TmrUnlink
                0x00004a50       0x9c .\ARM_GCC_541\Debug\os_tmr.o
                0x00004a50                OS_TmrUnlink
 .text.OS_TmrTask
                0x00004aec      0x104 .\ARM_GCC_541\Debug\os_tmr.o
                0x00004aec                OS_TmrTask
 .text.OSCfg_Init
                0x00004bf0        0xc .\ARM_GCC_541\Debug\os_cfg_app.o
                0x00004bf0                OSCfg_Init
 .text.ProbeRS232_InitTarget
                0x00004bfc       0x34 .\ARM_GCC_541\Debug\probe_rs232c.o
                0x00004bfc                ProbeRS232_InitTarget
 .text.ProbeRS232_RxISRHandler
                0x00004c30       0x20 .\ARM_GCC_541\Debug\probe_rs232c.o
                0x00004c30                ProbeRS232_RxISRHandler
 .text.ProbeRS232_RxIntEn
                0x00004c50        0xc .\ARM_GCC_541\Debug\probe_rs232c.o
                0x00004c50                ProbeRS232_RxIntEn
 .text.ProbeRS232_TxISRHandler
                0x00004c5c        0xc .\ARM_GCC_541\Debug\probe_rs232c.o
                0x00004c5c                ProbeRS232_TxISRHandler
 .text.ProbeRS232_Tx1
                0x00004c68       0x20 .\ARM_GCC_541\Debug\probe_rs232c.o
                0x00004c68                ProbeRS232_Tx1
 .text.ProbeRS232_TxIntDis
                0x00004c88        0xc .\ARM_GCC_541\Debug\probe_rs232c.o
                0x00004c88                ProbeRS232_TxIntDis
 .text.ProbeRS232_TxIntEn
                0x00004c94        0xc .\ARM_GCC_541\Debug\probe_rs232c.o
                0x00004c94                ProbeRS232_TxIntEn
 .text.ProbeRS232_OS_Init
                0x00004ca0       0x78 .\ARM_GCC_541\Debug\probe_rs232_os.o
                0x00004ca0                ProbeRS232_OS_Init
 .text.ProbeRS232_OS_Pend
                0x00004d18       0x24 .\ARM_GCC_541\Debug\probe_rs232_os.o
                0x00004d18                ProbeRS232_OS_Pend
 .text.ProbeRS232_OS_Post
                0x00004d3c       0x20 .\ARM_GCC_541\Debug\probe_rs232_os.o
                0x00004d3c                ProbeRS232_OS_Post
 .text.ProbeRS232_OS_Task
                0x00004d5c       0x14 .\ARM_GCC_541\Debug\probe_rs232_os.o
 .text.ProbeRS232_Init
                0x00004d70       0x70 .\ARM_GCC_541\Debug\probe_rs232.o
                0x00004d70                ProbeRS232_Init
 .text.ProbeRS232_Task
                0x00004de0       0x28 .\ARM_GCC_541\Debug\probe_rs232.o
                0x00004de0                ProbeRS232_Task
 .text.ProbeRS232_RxHandler
                0x00004e08      0x168 .\ARM_GCC_541\Debug\probe_rs232.o
                0x00004e08                ProbeRS232_RxHandler
 .text.ProbeRS232_TxHandler
                0x00004f70      0x19c .\ARM_GCC_541\Debug\probe_rs232.o
                0x00004f70                ProbeRS232_TxHandler
 .text.ProbeRS232_ParseRxPkt
                0x0000510c       0x44 .\ARM_GCC_541\Debug\probe_rs232.o
 .text.ProbeRS232_RxPkt
                0x00005150        0xc .\ARM_GCC_541\Debug\probe_rs232.o
 .text.ProbeRS232_RxStoINT8U
                0x0000515c       0x38 .\ARM_GCC_541\Debug\probe_rs232.o
 .text.ProbeRS232_RxBufClr
                0x00005194       0x18 .\ARM_GCC_541\Debug\probe_rs232.o
 .text.ProbeRS232_TxStart
                0x000051ac       0x1c .\ARM_GCC_541\Debug\probe_rs232.o
 .text.ProbeCom_Init
                0x000051c8       0x64 .\ARM_GCC_541\Debug\probe_com.o
                0x000051c8                ProbeCom_Init
 .text.ProbeCom_ParseRxPkt
                0x0000522c       0xf0 .\ARM_GCC_541\Debug\probe_com.o
                0x0000522c                ProbeCom_ParseRxPkt
 .text.ProbeCom_PktModifier
                0x0000531c       0x18 .\ARM_GCC_541\Debug\probe_com.o
 .text.ProbeCom_ReqErr
                0x00005334       0x54 .\ARM_GCC_541\Debug\probe_com.o
 .text.ProbeCom_ReqQuery
                0x00005388      0x1c4 .\ARM_GCC_541\Debug\probe_com.o
 .text.ProbeCom_ReqRd
                0x0000554c       0xc0 .\ARM_GCC_541\Debug\probe_com.o
 .text.ProbeCom_ReqRdMulti
                0x0000560c      0x118 .\ARM_GCC_541\Debug\probe_com.o
 .text.ProbeCom_ReqWr
                0x00005724       0xd0 .\ARM_GCC_541\Debug\probe_com.o
 .text.ProbeCom_ReqWrMulti
                0x000057f4      0x128 .\ARM_GCC_541\Debug\probe_com.o
 .text.ProbeCom_GetINT08U
                0x0000591c       0x20 .\ARM_GCC_541\Debug\probe_com.o
 .text.ProbeCom_GetINT16U
                0x0000593c       0x30 .\ARM_GCC_541\Debug\probe_com.o
 .text.ProbeCom_GetINT32U
                0x0000596c       0x2c .\ARM_GCC_541\Debug\probe_com.o
 .text.ProbeCom_StoINT08U
                0x00005998       0x24 .\ARM_GCC_541\Debug\probe_com.o
 .text.ProbeCom_StoINT16U
                0x000059bc       0x30 .\ARM_GCC_541\Debug\probe_com.o
 .text.CYMEMZERO
                0x000059ec       0x1c .\ARM_GCC_541\Debug\cyfitter_cfg.o
 .text.CYCONFIGCPY
                0x00005a08       0x20 .\ARM_GCC_541\Debug\cyfitter_cfg.o
 .text.CyClockStartupError
                0x00005a28        0xc .\ARM_GCC_541\Debug\cyfitter_cfg.o
 .text.cfg_write_bytes32
                0x00005a34       0x74 .\ARM_GCC_541\Debug\cyfitter_cfg.o
 .text.ClockSetup
                0x00005aa8      0x100 .\ARM_GCC_541\Debug\cyfitter_cfg.o
 .text.AnalogSetDefault
                0x00005ba8       0x44 .\ARM_GCC_541\Debug\cyfitter_cfg.o
 .text.cyfitter_cfg
                0x00005bec      0x198 .\ARM_GCC_541\Debug\cyfitter_cfg.o
                0x00005bec                cyfitter_cfg
 .text.IntDefaultHandler
                0x00005d84       0x14 .\ARM_GCC_541\Debug\Cm3Start.o
                0x00005d84                IntDefaultHandler
 .text.Start_c  0x00005d98       0x98 .\ARM_GCC_541\Debug\Cm3Start.o
                0x00005d98                Start_c
 .text.initialize_psoc
                0x00005e30       0x90 .\ARM_GCC_541\Debug\Cm3Start.o
                0x00005e30                initialize_psoc
 .text          0x00005ec0       0x34 .\ARM_GCC_541\Debug\cpu_a.o
                0x00005ec0                CPU_IntDis
                0x00005ec4                CPU_IntEn
                0x00005ec8                CPU_SR_Save
                0x00005ed0                CPU_SR_Restore
                0x00005ed6                CPU_WaitForInt
                0x00005eda                CPU_WaitForExcept
                0x00005ede                CPU_CntLeadZeros
                0x00005ee4                CPU_CntTrailZeros
                0x00005eee                CPU_RevBits
 .text.LED_Status_Write
                0x00005ef4       0x20 .\ARM_GCC_541\Debug\uCOS-III-Probe.a(LED_Status.o)
                0x00005ef4                LED_Status_Write
 .text.LED_Status_Read
                0x00005f14       0x18 .\ARM_GCC_541\Debug\uCOS-III-Probe.a(LED_Status.o)
                0x00005f14                LED_Status_Read
 .text.LCD_Disp_Init
                0x00005f2c       0x70 .\ARM_GCC_541\Debug\uCOS-III-Probe.a(LCD_Disp.o)
                0x00005f2c                LCD_Disp_Init
 .text.LCD_Disp_Enable
                0x00005f9c       0x18 .\ARM_GCC_541\Debug\uCOS-III-Probe.a(LCD_Disp.o)
                0x00005f9c                LCD_Disp_Enable
 .text.LCD_Disp_Start
                0x00005fb4       0x24 .\ARM_GCC_541\Debug\uCOS-III-Probe.a(LCD_Disp.o)
                0x00005fb4                LCD_Disp_Start
 .text.LCD_Disp_Position
                0x00005fd8       0x70 .\ARM_GCC_541\Debug\uCOS-III-Probe.a(LCD_Disp.o)
                0x00005fd8                LCD_Disp_Position
 .text.LCD_Disp_PrintString
                0x00006048       0x3c .\ARM_GCC_541\Debug\uCOS-III-Probe.a(LCD_Disp.o)
                0x00006048                LCD_Disp_PrintString
 .text.LCD_Disp_WriteData
                0x00006084       0x34 .\ARM_GCC_541\Debug\uCOS-III-Probe.a(LCD_Disp.o)
                0x00006084                LCD_Disp_WriteData
 .text.LCD_Disp_WriteControl
                0x000060b8       0x34 .\ARM_GCC_541\Debug\uCOS-III-Probe.a(LCD_Disp.o)
                0x000060b8                LCD_Disp_WriteControl
 .text.LCD_Disp_IsReady
                0x000060ec      0x178 .\ARM_GCC_541\Debug\uCOS-III-Probe.a(LCD_Disp.o)
                0x000060ec                LCD_Disp_IsReady
 .text.LCD_Disp_WrDatNib
                0x00006264       0x78 .\ARM_GCC_541\Debug\uCOS-III-Probe.a(LCD_Disp.o)
 .text.LCD_Disp_WrCntrlNib
                0x000062dc       0x64 .\ARM_GCC_541\Debug\uCOS-III-Probe.a(LCD_Disp.o)
 .text.CyDelay  0x00006340       0x44 .\ARM_GCC_541\Debug\uCOS-III-Probe.a(CyLib.o)
                0x00006340                CyDelay
 .text.CyDelayUs
                0x00006384       0x28 .\ARM_GCC_541\Debug\uCOS-III-Probe.a(CyLib.o)
                0x00006384                CyDelayUs
 .text.ProbeUART_Start
                0x000063ac       0x24 .\ARM_GCC_541\Debug\uCOS-III-Probe.a(ProbeUART.o)
                0x000063ac                ProbeUART_Start
 .text.ProbeUART_Init
                0x000063d0       0x40 .\ARM_GCC_541\Debug\uCOS-III-Probe.a(ProbeUART.o)
                0x000063d0                ProbeUART_Init
 .text.ProbeUART_Enable
                0x00006410       0x60 .\ARM_GCC_541\Debug\uCOS-III-Probe.a(ProbeUART.o)
                0x00006410                ProbeUART_Enable
 .text.ProbeUART_ReadRxData
                0x00006470       0x1c .\ARM_GCC_541\Debug\uCOS-III-Probe.a(ProbeUART.o)
                0x00006470                ProbeUART_ReadRxData
 .text.ProbeUART_ReadRxStatus
                0x0000648c       0x24 .\ARM_GCC_541\Debug\uCOS-III-Probe.a(ProbeUART.o)
                0x0000648c                ProbeUART_ReadRxStatus
 .text.ProbeUART_GetByte
                0x000064b0       0x20 .\ARM_GCC_541\Debug\uCOS-III-Probe.a(ProbeUART.o)
                0x000064b0                ProbeUART_GetByte
 .text.ProbeUART_PutChar
                0x000064d0       0x34 .\ARM_GCC_541\Debug\uCOS-III-Probe.a(ProbeUART.o)
                0x000064d0                ProbeUART_PutChar
 .text.ProbeUART_TxISR_Start
                0x00006504       0x20 .\ARM_GCC_541\Debug\uCOS-III-Probe.a(ProbeUART_TxISR.o)
                0x00006504                ProbeUART_TxISR_Start
 .text.ProbeUART_TxISR_Interrupt
                0x00006524        0xc .\ARM_GCC_541\Debug\uCOS-III-Probe.a(ProbeUART_TxISR.o)
                0x00006524                ProbeUART_TxISR_Interrupt
 .text.ProbeUART_TxISR_SetVector
                0x00006530       0x24 .\ARM_GCC_541\Debug\uCOS-III-Probe.a(ProbeUART_TxISR.o)
                0x00006530                ProbeUART_TxISR_SetVector
 .text.ProbeUART_TxISR_SetPriority
                0x00006554       0x24 .\ARM_GCC_541\Debug\uCOS-III-Probe.a(ProbeUART_TxISR.o)
                0x00006554                ProbeUART_TxISR_SetPriority
 .text.ProbeUART_TxISR_Enable
                0x00006578       0x18 .\ARM_GCC_541\Debug\uCOS-III-Probe.a(ProbeUART_TxISR.o)
                0x00006578                ProbeUART_TxISR_Enable
 .text.ProbeUART_TxISR_Disable
                0x00006590       0x18 .\ARM_GCC_541\Debug\uCOS-III-Probe.a(ProbeUART_TxISR.o)
                0x00006590                ProbeUART_TxISR_Disable
 .text.ProbeUART_TxISR_ClearPending
                0x000065a8       0x18 .\ARM_GCC_541\Debug\uCOS-III-Probe.a(ProbeUART_TxISR.o)
                0x000065a8                ProbeUART_TxISR_ClearPending
 .text.ProbeUART_RxISR_Start
                0x000065c0       0x20 .\ARM_GCC_541\Debug\uCOS-III-Probe.a(ProbeUART_RxISR.o)
                0x000065c0                ProbeUART_RxISR_Start
 .text.ProbeUART_RxISR_Interrupt
                0x000065e0        0xc .\ARM_GCC_541\Debug\uCOS-III-Probe.a(ProbeUART_RxISR.o)
                0x000065e0                ProbeUART_RxISR_Interrupt
 .text.ProbeUART_RxISR_SetVector
                0x000065ec       0x24 .\ARM_GCC_541\Debug\uCOS-III-Probe.a(ProbeUART_RxISR.o)
                0x000065ec                ProbeUART_RxISR_SetVector
 .text.ProbeUART_RxISR_SetPriority
                0x00006610       0x24 .\ARM_GCC_541\Debug\uCOS-III-Probe.a(ProbeUART_RxISR.o)
                0x00006610                ProbeUART_RxISR_SetPriority
 .text.ProbeUART_RxISR_Enable
                0x00006634       0x18 .\ARM_GCC_541\Debug\uCOS-III-Probe.a(ProbeUART_RxISR.o)
                0x00006634                ProbeUART_RxISR_Enable
 .text.ProbeUART_RxISR_Disable
                0x0000664c       0x18 .\ARM_GCC_541\Debug\uCOS-III-Probe.a(ProbeUART_RxISR.o)
                0x0000664c                ProbeUART_RxISR_Disable
 .text.ProbeUART_RxISR_ClearPending
                0x00006664       0x18 .\ARM_GCC_541\Debug\uCOS-III-Probe.a(ProbeUART_RxISR.o)
                0x00006664                ProbeUART_RxISR_ClearPending
 .text.PB_2_Read
                0x0000667c       0x20 .\ARM_GCC_541\Debug\uCOS-III-Probe.a(PB_2.o)
                0x0000667c                PB_2_Read
 .text.PB_3_Read
                0x0000669c       0x20 .\ARM_GCC_541\Debug\uCOS-III-Probe.a(PB_3.o)
                0x0000669c                PB_3_Read
 .text.ProbeUART_IntClock_Start
                0x000066bc       0x34 .\ARM_GCC_541\Debug\uCOS-III-Probe.a(ProbeUART_IntClock.o)
                0x000066bc                ProbeUART_IntClock_Start
 .text          0x000066f0       0x20 .\ARM_GCC_541\Debug\uCOS-III-Probe.a(CyBootAsmGnu.o)
                0x000066f0                CyDelayCycles
                0x00006700                CyEnterCriticalSection
                0x00006708                CyExitCriticalSection
 .text          0x00006710       0x98 ..\..\..\..\..\..\uCOS-III\Lib\ARM-Cortex-M3\PSoC_GNU/uCOS-III-ARM-Cortex-M3.a(os_cpu_a.o)
                0x00006710                OSStartHighRdy
                0x0000672e                OSCtxSw
                0x00006736                OSIntCtxSw
                0x0000673e                OS_CPU_PendSVHandler
 .text.OSIdleTaskHook
                0x000067a8       0x1c ..\..\..\..\..\..\uCOS-III\Lib\ARM-Cortex-M3\PSoC_GNU/uCOS-III-ARM-Cortex-M3.a(os_cpu_c.o)
                0x000067a8                OSIdleTaskHook
 .text.OSInitHook
                0x000067c4       0x64 ..\..\..\..\..\..\uCOS-III\Lib\ARM-Cortex-M3\PSoC_GNU/uCOS-III-ARM-Cortex-M3.a(os_cpu_c.o)
                0x000067c4                OSInitHook
 .text.OSStatTaskHook
                0x00006828       0x1c ..\..\..\..\..\..\uCOS-III\Lib\ARM-Cortex-M3\PSoC_GNU/uCOS-III-ARM-Cortex-M3.a(os_cpu_c.o)
                0x00006828                OSStatTaskHook
 .text.OSTaskCreateHook
                0x00006844       0x24 ..\..\..\..\..\..\uCOS-III\Lib\ARM-Cortex-M3\PSoC_GNU/uCOS-III-ARM-Cortex-M3.a(os_cpu_c.o)
                0x00006844                OSTaskCreateHook
 .text.OSTaskDelHook
                0x00006868       0x24 ..\..\..\..\..\..\uCOS-III\Lib\ARM-Cortex-M3\PSoC_GNU/uCOS-III-ARM-Cortex-M3.a(os_cpu_c.o)
                0x00006868                OSTaskDelHook
 .text.OSTaskReturnHook
                0x0000688c       0x24 ..\..\..\..\..\..\uCOS-III\Lib\ARM-Cortex-M3\PSoC_GNU/uCOS-III-ARM-Cortex-M3.a(os_cpu_c.o)
                0x0000688c                OSTaskReturnHook
 .text.OSTaskStkInit
                0x000068b0      0x130 ..\..\..\..\..\..\uCOS-III\Lib\ARM-Cortex-M3\PSoC_GNU/uCOS-III-ARM-Cortex-M3.a(os_cpu_c.o)
                0x000068b0                OSTaskStkInit
 .text.OSTaskSwHook
                0x000069e0       0x80 ..\..\..\..\..\..\uCOS-III\Lib\ARM-Cortex-M3\PSoC_GNU/uCOS-III-ARM-Cortex-M3.a(os_cpu_c.o)
                0x000069e0                OSTaskSwHook
 .text.OSTimeTickHook
                0x00006a60       0x1c ..\..\..\..\..\..\uCOS-III\Lib\ARM-Cortex-M3\PSoC_GNU/uCOS-III-ARM-Cortex-M3.a(os_cpu_c.o)
                0x00006a60                OSTimeTickHook
 .text.OS_CPU_SysTickHandler
                0x00006a7c       0x3c ..\..\..\..\..\..\uCOS-III\Lib\ARM-Cortex-M3\PSoC_GNU/uCOS-III-ARM-Cortex-M3.a(os_cpu_c.o)
                0x00006a7c                OS_CPU_SysTickHandler
 .text.OS_CPU_SysTickInit
                0x00006ab8       0x54 ..\..\..\..\..\..\uCOS-III\Lib\ARM-Cortex-M3\PSoC_GNU/uCOS-III-ARM-Cortex-M3.a(os_cpu_c.o)
                0x00006ab8                OS_CPU_SysTickInit
 .text.__errno  0x00006b0c        0xc c:/program files (x86)/cypress/psoc creator/4.4/psoc creator/import/gnu/arm/5.4.1/bin/../lib/gcc/arm-none-eabi/5.4.1/../../../../arm-none-eabi/lib/armv7-m\libg_nano.a(lib_a-errno.o)
                0x00006b0c                __errno
 .text.__libc_init_array
                0x00006b18       0x4c c:/program files (x86)/cypress/psoc creator/4.4/psoc creator/import/gnu/arm/5.4.1/bin/../lib/gcc/arm-none-eabi/5.4.1/../../../../arm-none-eabi/lib/armv7-m\libg_nano.a(lib_a-init.o)
                0x00006b18                __libc_init_array
 .text.memcpy   0x00006b64       0x16 c:/program files (x86)/cypress/psoc creator/4.4/psoc creator/import/gnu/arm/5.4.1/bin/../lib/gcc/arm-none-eabi/5.4.1/../../../../arm-none-eabi/lib/armv7-m\libg_nano.a(lib_a-memcpy-stub.o)
                0x00006b64                memcpy
 .text.memset   0x00006b7a       0x10 c:/program files (x86)/cypress/psoc creator/4.4/psoc creator/import/gnu/arm/5.4.1/bin/../lib/gcc/arm-none-eabi/5.4.1/../../../../arm-none-eabi/lib/armv7-m\libg_nano.a(lib_a-memset.o)
                0x00006b7a                memset
 *(.plt)
 *(.gnu.warning)
 *(.glue_7t)
 .glue_7t       0x00006b8a        0x0 linker stubs
 *(.glue_7)
 .glue_7        0x00006b8a        0x0 linker stubs
 *(.vfp11_veneer)
 .vfp11_veneer  0x00006b8a        0x0 linker stubs
 *(.bootloader)
 *(.ARM.extab* .gnu.linkonce.armextab.*)
 *(.gcc_except_table)

.v4_bx          0x00006b8c        0x0
 .v4_bx         0x00006b8c        0x0 linker stubs

.iplt           0x00006b8c        0x0
 .iplt          0x00006b8c        0x0 c:/program files (x86)/cypress/psoc creator/4.4/psoc creator/import/gnu/arm/5.4.1/bin/../lib/gcc/arm-none-eabi/5.4.1/armv7-m/crtbegin.o

.eh_frame_hdr
 *(.eh_frame_hdr)

.eh_frame       0x00006b8c        0x4
 *(.eh_frame)
 .eh_frame      0x00006b8c        0x0 c:/program files (x86)/cypress/psoc creator/4.4/psoc creator/import/gnu/arm/5.4.1/bin/../lib/gcc/arm-none-eabi/5.4.1/armv7-m/crtbegin.o
 .eh_frame      0x00006b8c        0x4 c:/program files (x86)/cypress/psoc creator/4.4/psoc creator/import/gnu/arm/5.4.1/bin/../lib/gcc/arm-none-eabi/5.4.1/armv7-m/crtend.o
                [!provide]                PROVIDE (__exidx_start, .)

.ARM.exidx
 *(.ARM.exidx* .gnu.linkonce.armexidx.*)
                0x00006b90                __exidx_end = .

.rodata         0x00006b90      0x428
 *(.rodata .rodata.* .gnu.linkonce.r.*)
 .rodata        0x00006b90       0xfd .\ARM_GCC_541\Debug\app.o
 *fill*         0x00006c8d        0x3 
 .rodata        0x00006c90      0x16c .\ARM_GCC_541\Debug\os_dbg.o
                0x00006c90                OSDbg_DbgEn
                0x00006c91                OSDbg_ArgChkEn
                0x00006c92                OSDbg_AppHooksEn
                0x00006c94                OSDbg_EndiannessTest
                0x00006c98                OSDbg_CalledFromISRChkEn
                0x00006c99                OSDbg_FlagEn
                0x00006c9c                OSDbg_FlagGrp
                0x00006cc4                OSDbg_FlagDelEn
                0x00006cc5                OSDbg_FlagModeClrEn
                0x00006cc6                OSDbg_FlagPendAbortEn
                0x00006cc8                OSDbg_FlagGrpSize
                0x00006cca                OSDbg_FlagWidth
                0x00006ccc                OSDbg_IntQ
                0x00006cce                OSDbg_ISRPostDeferredEn
                0x00006cd0                OSDbg_Mem
                0x00006cf0                OSDbg_MemEn
                0x00006cf2                OSDbg_MemSize
                0x00006cf4                OSDbg_MsgEn
                0x00006cf6                OSDbg_MsgSize
                0x00006cf8                OSDbg_MsgPoolSize
                0x00006cfa                OSDbg_MsgQSize
                0x00006cfc                OSDbg_Mutex
                0x00006d28                OSDbg_MutexEn
                0x00006d29                OSDbg_MutexDelEn
                0x00006d2a                OSDbg_MutexPendAbortEn
                0x00006d2c                OSDbg_MutexSize
                0x00006d2e                OSDbg_ObjTypeChkEn
                0x00006d2f                OSDbg_PendMultiEn
                0x00006d30                OSDbg_PendDataSize
                0x00006d32                OSDbg_PendListSize
                0x00006d34                OSDbg_PendObjSize
                0x00006d36                OSDbg_PrioMax
                0x00006d38                OSDbg_PrioTblSize
                0x00006d3a                OSDbg_PtrSize
                0x00006d3c                OSDbg_Q
                0x00006d6c                OSDbg_QEn
                0x00006d6d                OSDbg_QDelEn
                0x00006d6e                OSDbg_QFlushEn
                0x00006d6f                OSDbg_QPendAbortEn
                0x00006d70                OSDbg_QSize
                0x00006d72                OSDbg_SchedRoundRobinEn
                0x00006d74                OSDbg_Sem
                0x00006d9c                OSDbg_SemEn
                0x00006d9d                OSDbg_SemDelEn
                0x00006d9e                OSDbg_SemPendAbortEn
                0x00006d9f                OSDbg_SemSetEn
                0x00006da0                OSDbg_SemSize
                0x00006da2                OSDbg_RdyList
                0x00006da4                OSDbg_RdyListSize
                0x00006da8                OSDbg_StkWidth
                0x00006da9                OSDbg_StatTaskEn
                0x00006daa                OSDbg_StatTaskStkChkEn
                0x00006dab                OSDbg_TaskChangePrioEn
                0x00006dac                OSDbg_TaskDelEn
                0x00006dad                OSDbg_TaskQEn
                0x00006dae                OSDbg_TaskQPendAbortEn
                0x00006daf                OSDbg_TaskProfileEn
                0x00006db0                OSDbg_TaskRegTblSize
                0x00006db2                OSDbg_TaskSemPendAbortEn
                0x00006db3                OSDbg_TaskSuspendEn
                0x00006db4                OSDbg_TCBSize
                0x00006db6                OSDbg_TickSpokeSize
                0x00006db8                OSDbg_TimeDlyHMSMEn
                0x00006db9                OSDbg_TimeDlyResumeEn
                0x00006dba                OSDbg_TLS_TblSize
                0x00006dbc                OSDbg_Tmr
                0x00006df0                OSDbg_TmrEn
                0x00006df1                OSDbg_TmrDelEn
                0x00006df2                OSDbg_TmrSize
                0x00006df4                OSDbg_TmrSpokeSize
                0x00006df6                OSDbg_VersionNbr
                0x00006df8                OSDbg_DataSize
 .rodata        0x00006dfc       0x2a .\ARM_GCC_541\Debug\os_core.o
 *fill*         0x00006e26        0x2 
 .rodata        0x00006e28        0xa .\ARM_GCC_541\Debug\os_sem.o
 *fill*         0x00006e32        0x2 
 .rodata        0x00006e34       0x14 .\ARM_GCC_541\Debug\os_stat.o
 .rodata        0x00006e48        0xa .\ARM_GCC_541\Debug\os_task.o
 *fill*         0x00006e52        0x2 
 .rodata        0x00006e54       0x14 .\ARM_GCC_541\Debug\os_tick.o
 .rodata        0x00006e68       0x1d .\ARM_GCC_541\Debug\os_tmr.o
 *fill*         0x00006e85        0x3 
 .rodata        0x00006e88       0xa4 .\ARM_GCC_541\Debug\os_cfg_app.o
                0x00006e88                OSCfg_IdleTaskStkBasePtr
                0x00006e8c                OSCfg_IdleTaskStkLimit
                0x00006e90                OSCfg_IdleTaskStkSize
                0x00006e94                OSCfg_IdleTaskStkSizeRAM
                0x00006e98                OSCfg_IntQBasePtr
                0x00006e9c                OSCfg_IntQSize
                0x00006ea0                OSCfg_IntQSizeRAM
                0x00006ea4                OSCfg_IntQTaskStkBasePtr
                0x00006ea8                OSCfg_IntQTaskStkLimit
                0x00006eac                OSCfg_IntQTaskStkSize
                0x00006eb0                OSCfg_IntQTaskStkSizeRAM
                0x00006eb4                OSCfg_ISRStkBasePtr
                0x00006eb8                OSCfg_ISRStkSize
                0x00006ebc                OSCfg_ISRStkSizeRAM
                0x00006ec0                OSCfg_MsgPoolSize
                0x00006ec4                OSCfg_MsgPoolSizeRAM
                0x00006ec8                OSCfg_MsgPoolBasePtr
                0x00006ecc                OSCfg_StatTaskPrio
                0x00006ed0                OSCfg_StatTaskRate_Hz
                0x00006ed4                OSCfg_StatTaskStkBasePtr
                0x00006ed8                OSCfg_StatTaskStkLimit
                0x00006edc                OSCfg_StatTaskStkSize
                0x00006ee0                OSCfg_StatTaskStkSizeRAM
                0x00006ee4                OSCfg_StkSizeMin
                0x00006ee8                OSCfg_TickRate_Hz
                0x00006eec                OSCfg_TickTaskPrio
                0x00006ef0                OSCfg_TickTaskStkBasePtr
                0x00006ef4                OSCfg_TickTaskStkLimit
                0x00006ef8                OSCfg_TickTaskStkSize
                0x00006efc                OSCfg_TickTaskStkSizeRAM
                0x00006f00                OSCfg_TickWheelSize
                0x00006f04                OSCfg_TickWheelSizeRAM
                0x00006f08                OSCfg_TmrTaskPrio
                0x00006f0c                OSCfg_TmrTaskRate_Hz
                0x00006f10                OSCfg_TmrTaskStkBasePtr
                0x00006f14                OSCfg_TmrTaskStkLimit
                0x00006f18                OSCfg_TmrTaskStkSize
                0x00006f1c                OSCfg_TmrTaskStkSizeRAM
                0x00006f20                OSCfg_TmrWheelSize
                0x00006f24                OSCfg_TmrWheelSizeRAM
                0x00006f28                OSCfg_DataSizeRAM
 .rodata        0x00006f2c       0x1c .\ARM_GCC_541\Debug\probe_rs232_os.o
 .rodata        0x00006f48       0x3a .\ARM_GCC_541\Debug\cyfitter_cfg.o
 .rodata.str1.1
                0x00006f82        0x2 c:/program files (x86)/cypress/psoc creator/4.4/psoc creator/import/gnu/arm/5.4.1/bin/../lib/gcc/arm-none-eabi/5.4.1/../../../../arm-none-eabi/lib/armv7-m\libg_nano.a(lib_a-impure.o)
                0x00006f84                . = ALIGN (0x4)
 *(.init)
 .init          0x00006f84        0x4 c:/program files (x86)/cypress/psoc creator/4.4/psoc creator/import/gnu/arm/5.4.1/bin/../lib/gcc/arm-none-eabi/5.4.1/armv7-m/crti.o
                0x00006f84                _init
 .init          0x00006f88        0x8 c:/program files (x86)/cypress/psoc creator/4.4/psoc creator/import/gnu/arm/5.4.1/bin/../lib/gcc/arm-none-eabi/5.4.1/armv7-m/crtn.o
                0x00006f90                . = ALIGN (0x4)
                0x00006f90                __preinit_array_start = .
 *(.preinit_array)
                0x00006f90                __preinit_array_end = .
                0x00006f90                . = ALIGN (0x4)
                0x00006f90                __init_array_start = .
 *(SORT(.init_array.*))
 *(.init_array)
 .init_array    0x00006f90        0x4 c:/program files (x86)/cypress/psoc creator/4.4/psoc creator/import/gnu/arm/5.4.1/bin/../lib/gcc/arm-none-eabi/5.4.1/armv7-m/crtbegin.o
 .init_array    0x00006f94        0x4 .\ARM_GCC_541\Debug\Cm3Start.o
                0x00006f98                __init_array_end = .
                0x00006f98                . = ALIGN (0x4)
 *(.fini)
 .fini          0x00006f98        0x4 c:/program files (x86)/cypress/psoc creator/4.4/psoc creator/import/gnu/arm/5.4.1/bin/../lib/gcc/arm-none-eabi/5.4.1/armv7-m/crti.o
                0x00006f98                _fini
 .fini          0x00006f9c        0x8 c:/program files (x86)/cypress/psoc creator/4.4/psoc creator/import/gnu/arm/5.4.1/bin/../lib/gcc/arm-none-eabi/5.4.1/armv7-m/crtn.o
                0x00006fa4                . = ALIGN (0x4)
                0x00006fa4                __fini_array_start = .
 *(.fini_array)
 .fini_array    0x00006fa4        0x4 c:/program files (x86)/cypress/psoc creator/4.4/psoc creator/import/gnu/arm/5.4.1/bin/../lib/gcc/arm-none-eabi/5.4.1/armv7-m/crtbegin.o
 *(SORT(.fini_array.*))
                0x00006fa8                __fini_array_end = .
                0x00006fa8                . = ALIGN (0x4)
 *crtbegin.o(.ctors)
 *(EXCLUDE_FILE(*crtend.o) .ctors)
 *(SORT(.ctors.*))
 *crtend.o(.ctors)
                0x00006fa8                . = ALIGN (0x4)
 *crtbegin.o(.dtors)
 *(EXCLUDE_FILE(*crtend.o) .dtors)
 *(SORT(.dtors.*))
 *crtend.o(.dtors)
                0x00006fa8                . = ALIGN (0x4)
                0x00006fa8                __cy_regions = .
                0x00006fa8        0x4 LONG 0x6fb8 __cy_region_init_ram
                0x00006fac        0x4 LONG 0x1fff80c8 __cy_region_start_data
                0x00006fb0        0x4 LONG 0x80 __cy_region_init_size_ram
                0x00006fb4        0x4 LONG 0x4028 __cy_region_zero_size_ram
                0x00006fb8                __cy_regions_end = .
                0x00006fb8                . = ALIGN (0x8)
                0x00006fb8                _etext = .

.cy_checksum_exclude
                0x00006fb8        0x0
 *(.cy_checksum_exclude)

.ramvectors     0x1fff8000       0xc0
                0x1fff8000                __cy_region_start_ram = .
 *(.ramvectors)
 .ramvectors    0x1fff8000       0xc0 .\ARM_GCC_541\Debug\Cm3Start.o
                0x1fff8000                CyRamVectors

.noinit         0x1fff80c0        0x5
 *(.noinit)
 .noinit        0x1fff80c0        0x4 .\ARM_GCC_541\Debug\Cm3Start.o
 .noinit        0x1fff80c4        0x1 .\ARM_GCC_541\Debug\uCOS-III-Probe.a(CyLib.o)
                0x1fff80c4                CyResetStatus

.data           0x1fff80c8       0x80 load address 0x00006fb8
                0x1fff80c8                __cy_region_start_data = .
 *(.jcr)
 .jcr           0x1fff80c8        0x0 c:/program files (x86)/cypress/psoc creator/4.4/psoc creator/import/gnu/arm/5.4.1/bin/../lib/gcc/arm-none-eabi/5.4.1/armv7-m/crtbegin.o
 .jcr           0x1fff80c8        0x4 c:/program files (x86)/cypress/psoc creator/4.4/psoc creator/import/gnu/arm/5.4.1/bin/../lib/gcc/arm-none-eabi/5.4.1/armv7-m/crtend.o
 *(.got.plt)
 *(.got)
 *(.shdata)
 *(.data .data.* .gnu.linkonce.d.*)
 .data          0x1fff80cc        0x4 .\ARM_GCC_541\Debug\app.o
                0x1fff80cc                t_qtde3
                0x1fff80ce                t_qtde4
 .data          0x1fff80d0       0x10 .\ARM_GCC_541\Debug\uCOS-III-Probe.a(CyLib.o)
                0x1fff80d0                cydelay_freq_hz
                0x1fff80d4                cydelay_freq_khz
                0x1fff80d8                cydelay_freq_mhz
                0x1fff80dc                cydelay_32k_ms
 .data.impure_data
                0x1fff80e0       0x60 c:/program files (x86)/cypress/psoc creator/4.4/psoc creator/import/gnu/arm/5.4.1/bin/../lib/gcc/arm-none-eabi/5.4.1/../../../../arm-none-eabi/lib/armv7-m\libg_nano.a(lib_a-impure.o)
 .data._impure_ptr
                0x1fff8140        0x4 c:/program files (x86)/cypress/psoc creator/4.4/psoc creator/import/gnu/arm/5.4.1/bin/../lib/gcc/arm-none-eabi/5.4.1/../../../../arm-none-eabi/lib/armv7-m\libg_nano.a(lib_a-impure.o)
                0x1fff8140                _impure_ptr
                0x1fff8148                . = ALIGN (0x8)
 *fill*         0x1fff8144        0x4 
 *(.ram)
                0x1fff8148                _edata = .

.igot.plt       0x1fff8148        0x0 load address 0x00007038
 .igot.plt      0x1fff8148        0x0 c:/program files (x86)/cypress/psoc creator/4.4/psoc creator/import/gnu/arm/5.4.1/bin/../lib/gcc/arm-none-eabi/5.4.1/armv7-m/crtbegin.o

.bss            0x1fff8148     0x4028 load address 0x00007038
                0x1fff8148                PROVIDE (__bss_start__, .)
 *(.shbss)
 *(.bss .bss.* .gnu.linkonce.b.*)
 .bss           0x1fff8148       0x1c c:/program files (x86)/cypress/psoc creator/4.4/psoc creator/import/gnu/arm/5.4.1/bin/../lib/gcc/arm-none-eabi/5.4.1/armv7-m/crtbegin.o
 .bss           0x1fff8164     0x2346 .\ARM_GCC_541\Debug\app.o
                0x1fffa4a4                bp01Msg
                0x1fffa4a5                bp02Msg
                0x1fffa4a6                t_qtde1
                0x1fffa4a8                t_qtde2
 *fill*         0x1fffa4aa        0x2 
 .bss           0x1fffa4ac      0x2e8 .\ARM_GCC_541\Debug\probe_rs232_os.o
 .bss           0x1fffa794      0x424 .\ARM_GCC_541\Debug\probe_rs232.o
 .bss           0x1fffabb8        0x4 .\ARM_GCC_541\Debug\probe_com.o
 .bss           0x1fffabbc        0x2 .\ARM_GCC_541\Debug\uCOS-III-Probe.a(LCD_Disp.o)
                0x1fffabbc                LCD_Disp_enableState
                0x1fffabbd                LCD_Disp_initVar
 .bss           0x1fffabbe        0x2 .\ARM_GCC_541\Debug\uCOS-III-Probe.a(ProbeUART.o)
                0x1fffabbe                ProbeUART_initVar
 *(COMMON)
 COMMON         0x1fffabc0        0x1 .\ARM_GCC_541\Debug\bsp.o
                0x1fffabc0                LED_REG_VAL
 *fill*         0x1fffabc1        0x3 
 COMMON         0x1fffabc4       0x14 .\ARM_GCC_541\Debug\cpu_core.o
                0x1fffabc4                CPU_TS_TmrFreq_Hz
                0x1fffabc8                CPU_Name
 COMMON         0x1fffabd8        0x4 .\ARM_GCC_541\Debug\os_prio.o
                0x1fffabd8                OSPrioTbl
 COMMON         0x1fffabdc      0x418 .\ARM_GCC_541\Debug\os_var.o
                0x1fffabdc                OSSchedLockNestingCtr
                0x1fffabe0                OS_AppTaskReturnHookPtr
                0x1fffabe4                OSStatTaskTimeMax
                0x1fffabe8                OSStatTaskCtr
                0x1fffabec                OSTaskRegNextAvailID
                0x1fffabed                OSRunning
                0x1fffabf0                OSRdyList
                0x1fffac50                OSPrioHighRdy
                0x1fffac51                OSStatTaskRdy
                0x1fffac54                OSSemDbgListPtr
                0x1fffac58                OS_AppTaskCreateHookPtr
                0x1fffac5c                OSPrioCur
                0x1fffac60                OSTickTaskTCB
                0x1fffad20                OSTmrTickCtr
                0x1fffad24                OSTCBCurPtr
                0x1fffad28                OSQQty
                0x1fffad2a                OSStatTaskCPUUsageMax
                0x1fffad2c                OSPrioSaved
                0x1fffad30                OSTCBHighRdyPtr
                0x1fffad34                OSTaskDbgListPtr
                0x1fffad38                OSTmrTaskTimeMax
                0x1fffad3c                OS_AppTaskDelHookPtr
                0x1fffad40                OS_AppTimeTickHookPtr
                0x1fffad44                OSTaskCtxSwCtr
                0x1fffad48                OSStatTaskCPUUsage
                0x1fffad4a                OSIntNestingCtr
                0x1fffad4c                OSTaskQty
                0x1fffad50                OSTmrTaskTCB
                0x1fffae10                OSMsgPool
                0x1fffae1c                OSIdleTaskTCB
                0x1fffaedc                OSQDbgListPtr
                0x1fffaee0                OSSemQty
                0x1fffaee4                OSMemDbgListPtr
                0x1fffaee8                OSSchedRoundRobinDfltTimeQuanta
                0x1fffaeec                OS_AppIdleTaskHookPtr
                0x1fffaef0                OSStatTaskCtrMax
                0x1fffaef4                OSTickCtr
                0x1fffaef8                OS_AppTaskSwHookPtr
                0x1fffaefc                OSTmrQty
                0x1fffaf00                OSIdleTaskCtr
                0x1fffaf04                OSStatTaskCtrRun
                0x1fffaf08                OS_AppStatTaskHookPtr
                0x1fffaf0c                OSFlagQty
                0x1fffaf10                OSFlagDbgListPtr
                0x1fffaf14                OSStatResetFlag
                0x1fffaf16                OSMemQty
                0x1fffaf18                OSMutexQty
                0x1fffaf1c                OSStatTaskTCB
                0x1fffafdc                OSTmrDbgListPtr
                0x1fffafe0                OSTickTaskTimeMax
                0x1fffafe4                OSTmrUpdateCnt
                0x1fffafe8                OSSchedRoundRobinEn
                0x1fffafec                OSMutexDbgListPtr
                0x1fffaff0                OSTmrUpdateCtr
 COMMON         0x1fffaff4     0x1150 .\ARM_GCC_541\Debug\os_cfg_app.o
                0x1fffaff4                OSCfg_StatTaskStk
                0x1fffb1f4                OSCfg_TickWheel
                0x1fffb27c                OSCfg_MsgPool
                0x1fffb8bc                OSCfg_TmrTaskStk
                0x1fffbabc                OSCfg_TmrWheel
                0x1fffbb44                OSCfg_ISRStk
                0x1fffbd44                OSCfg_TickTaskStk
                0x1fffbf44                OSCfg_IdleTaskStk
 COMMON         0x1fffc144        0x8 .\ARM_GCC_541\Debug\probe_rs232.o
                0x1fffc144                ProbeRS232_TxCtr
                0x1fffc148                ProbeRS232_RxCtr
 COMMON         0x1fffc14c       0x1c .\ARM_GCC_541\Debug\probe_com.o
                0x1fffc14c                ProbeCom_RxPktCtr
                0x1fffc150                ProbeCom_TxPktCtr
                0x1fffc154                ProbeCom_RxSymByteCtr
                0x1fffc158                ProbeCom_RxSymCtr
                0x1fffc15c                ProbeCom_ErrPktCtr
                0x1fffc160                ProbeCom_TxSymCtr
                0x1fffc164                ProbeCom_TxSymByteCtr
 COMMON         0x1fffc168        0x4 ..\..\..\..\..\..\uCOS-III\Lib\ARM-Cortex-M3\PSoC_GNU/uCOS-III-ARM-Cortex-M3.a(os_cpu_c.o)
                0x1fffc168                OS_CPU_ExceptStkBase
                0x1fffc170                . = ALIGN (0x8)
 *fill*         0x1fffc16c        0x4 
 *(.ram.b)
                0x1fffc170                _end = .
                0x1fffc170                __end = .
                0x1fffc170                PROVIDE (end, .)
                0x1fffc170                PROVIDE (__bss_end__, .)
                0x00006fb8                __cy_region_init_ram = LOADADDR (.data)
                0x00000080                __cy_region_init_size_ram = (_edata - ADDR (.data))
                0x00004028                __cy_region_zero_size_ram = (_end - _edata)

.heap           0x1fffc170       0x80 load address 0x00007038
                0x1fffc170                . = _end
                0x1fffc1f0                . = (. + 0x80)
 *fill*         0x1fffc170       0x80 
                0x1fffc1f0                __cy_heap_limit = .

.stack          0x20007800      0x800
                0x20007800                __cy_stack_limit = .
                0x20008000                . = (. + 0x800)
 *fill*         0x20007800      0x800 
                0x00000001                ASSERT ((__cy_stack_limit >= __cy_heap_limit), region RAM overflowed with stack)
                0x00000000                cy_checksum_exclude_size = (CY_APPL_LOADABLE == 0x1)?SIZEOF (.cy_checksum_exclude):0x0
                0x00000001                ASSERT ((cy_checksum_exclude_size <= CY_CHECKSUM_EXCLUDE_SIZE), CY_BOOT: Section .cy_checksum_exclude size exceedes specified limit.)

.cyloadermeta
 *(.cyloadermeta)

.cyloadablemeta
 *(.cyloadablemeta)

.cyconfigecc    0x80000000      0x390
 *(.cyconfigecc)
 .cyconfigecc   0x80000000      0x390 .\ARM_GCC_541\Debug\cymetadata.o
                0x80000000                cy_meta_configecc

.cycustnvl      0x90000000        0x4
 *(.cycustnvl)
 .cycustnvl     0x90000000        0x4 .\ARM_GCC_541\Debug\cymetadata.o
                0x90000000                cy_meta_custnvl

.cywolatch      0x90100000        0x4
 *(.cywolatch)
 .cywolatch     0x90100000        0x4 .\ARM_GCC_541\Debug\cymetadata.o
                0x90100000                cy_meta_wonvl

.cyeeprom       0x90200000        0x0
 *(.cyeeprom)
                0x00000001                ASSERT ((. <= ((0x90200000 + ee_offset) + ee_size)), .cyeeprom data will not fit in EEPROM)

.cyflashprotect
                0x90400000      0x100
 *(.cyflashprotect)
 .cyflashprotect
                0x90400000      0x100 .\ARM_GCC_541\Debug\cymetadata.o
                0x90400000                cy_meta_flashprotect

.cymeta         0x90500000        0xc
 *(.cymeta)
 .cymeta        0x90500000        0xc .\ARM_GCC_541\Debug\cymetadata.o
                0x90500000                cy_metadata

.rel.dyn        0x00007038        0x0 load address 0x9050000c
 .rel.iplt      0x00007038        0x0 c:/program files (x86)/cypress/psoc creator/4.4/psoc creator/import/gnu/arm/5.4.1/bin/../lib/gcc/arm-none-eabi/5.4.1/armv7-m/crtbegin.o

.stab
 *(.stab)

.stabstr
 *(.stabstr)

.debug
 *(.debug)

.line
 *(.line)

.debug_srcinfo
 *(.debug_srcinfo)

.debug_sfnames
 *(.debug_sfnames)

.debug_aranges  0x00000000     0x15a0
 *(.debug_aranges)
 .debug_aranges
                0x00000000       0x20 .\ARM_GCC_541\Debug\app_probe.o
 .debug_aranges
                0x00000020       0x88 .\ARM_GCC_541\Debug\app.o
 .debug_aranges
                0x000000a8       0x68 .\ARM_GCC_541\Debug\os_app_hooks.o
 .debug_aranges
                0x00000110       0x38 .\ARM_GCC_541\Debug\bsp_os.o
 .debug_aranges
                0x00000148       0x58 .\ARM_GCC_541\Debug\bsp.o
 .debug_aranges
                0x000001a0       0x30 .\ARM_GCC_541\Debug\cpu_bsp.o
 .debug_aranges
                0x000001d0       0xb0 .\ARM_GCC_541\Debug\cpu_core.o
 .debug_aranges
                0x00000280       0x98 .\ARM_GCC_541\Debug\lib_ascii.o
 .debug_aranges
                0x00000318       0x38 .\ARM_GCC_541\Debug\lib_math.o
 .debug_aranges
                0x00000350       0x48 .\ARM_GCC_541\Debug\lib_mem.o
 .debug_aranges
                0x00000398       0xd8 .\ARM_GCC_541\Debug\lib_str.o
 .debug_aranges
                0x00000470       0x20 .\ARM_GCC_541\Debug\os_dbg.o
 .debug_aranges
                0x00000490      0x140 .\ARM_GCC_541\Debug\os_core.o
 .debug_aranges
                0x000005d0       0x80 .\ARM_GCC_541\Debug\os_flag.o
 .debug_aranges
                0x00000650       0x18 .\ARM_GCC_541\Debug\os_int.o
 .debug_aranges
                0x00000668       0x40 .\ARM_GCC_541\Debug\os_mem.o
 .debug_aranges
                0x000006a8       0x40 .\ARM_GCC_541\Debug\os_msg.o
 .debug_aranges
                0x000006e8       0x60 .\ARM_GCC_541\Debug\os_mutex.o
 .debug_aranges
                0x00000748       0x38 .\ARM_GCC_541\Debug\os_pend_multi.o
 .debug_aranges
                0x00000780       0x38 .\ARM_GCC_541\Debug\os_prio.o
 .debug_aranges
                0x000007b8       0x70 .\ARM_GCC_541\Debug\os_q.o
 .debug_aranges
                0x00000828       0x70 .\ARM_GCC_541\Debug\os_sem.o
 .debug_aranges
                0x00000898       0x38 .\ARM_GCC_541\Debug\os_stat.o
 .debug_aranges
                0x000008d0       0xf0 .\ARM_GCC_541\Debug\os_task.o
 .debug_aranges
                0x000009c0       0x50 .\ARM_GCC_541\Debug\os_tick.o
 .debug_aranges
                0x00000a10       0x48 .\ARM_GCC_541\Debug\os_time.o
 .debug_aranges
                0x00000a58       0x88 .\ARM_GCC_541\Debug\os_tmr.o
 .debug_aranges
                0x00000ae0       0x18 .\ARM_GCC_541\Debug\os_var.o
 .debug_aranges
                0x00000af8       0x20 .\ARM_GCC_541\Debug\os_cfg_app.o
 .debug_aranges
                0x00000b18       0x18 .\ARM_GCC_541\Debug\probe_com_os.o
 .debug_aranges
                0x00000b30       0x60 .\ARM_GCC_541\Debug\probe_rs232c.o
 .debug_aranges
                0x00000b90       0x38 .\ARM_GCC_541\Debug\probe_rs232_os.o
 .debug_aranges
                0x00000bc8       0x60 .\ARM_GCC_541\Debug\probe_rs232.o
 .debug_aranges
                0x00000c28       0x88 .\ARM_GCC_541\Debug\probe_com.o
 .debug_aranges
                0x00000cb0       0x60 .\ARM_GCC_541\Debug\cyfitter_cfg.o
 .debug_aranges
                0x00000d10       0x48 .\ARM_GCC_541\Debug\Cm3Start.o
 .debug_aranges
                0x00000d58       0x18 .\ARM_GCC_541\Debug\cymetadata.o
 .debug_aranges
                0x00000d70       0x20 .\ARM_GCC_541\Debug\cpu_a.o
 .debug_aranges
                0x00000d90       0x28 .\ARM_GCC_541\Debug\uCOS-III-Probe.a(LED_Status.o)
 .debug_aranges
                0x00000db8       0x98 .\ARM_GCC_541\Debug\uCOS-III-Probe.a(LCD_Disp.o)
 .debug_aranges
                0x00000e50      0x2a0 .\ARM_GCC_541\Debug\uCOS-III-Probe.a(CyLib.o)
 .debug_aranges
                0x000010f0       0x98 .\ARM_GCC_541\Debug\uCOS-III-Probe.a(cyPm.o)
 .debug_aranges
                0x00001188       0xf0 .\ARM_GCC_541\Debug\uCOS-III-Probe.a(ProbeUART.o)
 .debug_aranges
                0x00001278       0x80 .\ARM_GCC_541\Debug\uCOS-III-Probe.a(ProbeUART_TxISR.o)
 .debug_aranges
                0x000012f8       0x80 .\ARM_GCC_541\Debug\uCOS-III-Probe.a(ProbeUART_RxISR.o)
 .debug_aranges
                0x00001378       0x38 .\ARM_GCC_541\Debug\uCOS-III-Probe.a(PB_2.o)
 .debug_aranges
                0x000013b0       0x38 .\ARM_GCC_541\Debug\uCOS-III-Probe.a(PB_3.o)
 .debug_aranges
                0x000013e8       0x70 .\ARM_GCC_541\Debug\uCOS-III-Probe.a(ProbeUART_IntClock.o)
 .debug_aranges
                0x00001458       0x20 .\ARM_GCC_541\Debug\uCOS-III-Probe.a(CyBootAsmGnu.o)
 .debug_aranges
                0x00001478       0x88 .\ARM_GCC_541\Debug\uCOS-III-Probe.a(CyFlash.o)
 .debug_aranges
                0x00001500       0x80 .\ARM_GCC_541\Debug\uCOS-III-Probe.a(CySpc.o)
 .debug_aranges
                0x00001580       0x20 ..\..\..\..\..\..\uCOS-III\Lib\ARM-Cortex-M3\PSoC_GNU/uCOS-III-ARM-Cortex-M3.a(os_cpu_a.o)

.debug_pubnames
 *(.debug_pubnames)

.debug_info     0x00000000    0x19b0b
 *(.debug_info .gnu.linkonce.wi.*)
 .debug_info    0x00000000       0xe9 .\ARM_GCC_541\Debug\app_probe.o
 .debug_info    0x000000e9     0x1475 .\ARM_GCC_541\Debug\app.o
 .debug_info    0x0000155e      0x844 .\ARM_GCC_541\Debug\os_app_hooks.o
 .debug_info    0x00001da2      0xd23 .\ARM_GCC_541\Debug\bsp_os.o
 .debug_info    0x00002ac5      0x2e8 .\ARM_GCC_541\Debug\bsp.o
 .debug_info    0x00002dad      0x135 .\ARM_GCC_541\Debug\cpu_bsp.o
 .debug_info    0x00002ee2      0x52f .\ARM_GCC_541\Debug\cpu_core.o
 .debug_info    0x00003411      0x421 .\ARM_GCC_541\Debug\lib_ascii.o
 .debug_info    0x00003832      0x166 .\ARM_GCC_541\Debug\lib_math.o
 .debug_info    0x00003998      0x45d .\ARM_GCC_541\Debug\lib_mem.o
 .debug_info    0x00003df5      0xd53 .\ARM_GCC_541\Debug\lib_str.o
 .debug_info    0x00004b48     0x136d .\ARM_GCC_541\Debug\os_dbg.o
 .debug_info    0x00005eb5     0x17b1 .\ARM_GCC_541\Debug\os_core.o
 .debug_info    0x00007666     0x1173 .\ARM_GCC_541\Debug\os_flag.o
 .debug_info    0x000087d9       0x72 .\ARM_GCC_541\Debug\os_int.o
 .debug_info    0x0000884b      0x7fe .\ARM_GCC_541\Debug\os_mem.o
 .debug_info    0x00009049      0x85c .\ARM_GCC_541\Debug\os_msg.o
 .debug_info    0x000098a5      0xf8d .\ARM_GCC_541\Debug\os_mutex.o
 .debug_info    0x0000a832      0xe9e .\ARM_GCC_541\Debug\os_pend_multi.o
 .debug_info    0x0000b6d0      0x1bf .\ARM_GCC_541\Debug\os_prio.o
 .debug_info    0x0000b88f     0x1095 .\ARM_GCC_541\Debug\os_q.o
 .debug_info    0x0000c924     0x1072 .\ARM_GCC_541\Debug\os_sem.o
 .debug_info    0x0000d996      0xf16 .\ARM_GCC_541\Debug\os_stat.o
 .debug_info    0x0000e8ac     0x15e4 .\ARM_GCC_541\Debug\os_task.o
 .debug_info    0x0000fe90      0xe44 .\ARM_GCC_541\Debug\os_tick.o
 .debug_info    0x00010cd4      0xe3e .\ARM_GCC_541\Debug\os_time.o
 .debug_info    0x00011b12     0x129e .\ARM_GCC_541\Debug\os_tmr.o
 .debug_info    0x00012db0      0xf37 .\ARM_GCC_541\Debug\os_var.o
 .debug_info    0x00013ce7      0xbc5 .\ARM_GCC_541\Debug\os_cfg_app.o
 .debug_info    0x000148ac       0x72 .\ARM_GCC_541\Debug\probe_com_os.o
 .debug_info    0x0001491e      0x179 .\ARM_GCC_541\Debug\probe_rs232c.o
 .debug_info    0x00014a97      0xc9a .\ARM_GCC_541\Debug\probe_rs232_os.o
 .debug_info    0x00015731      0x2dd .\ARM_GCC_541\Debug\probe_rs232.o
 .debug_info    0x00015a0e      0x6c0 .\ARM_GCC_541\Debug\probe_com.o
 .debug_info    0x000160ce      0x452 .\ARM_GCC_541\Debug\cyfitter_cfg.o
 .debug_info    0x00016520      0x32b .\ARM_GCC_541\Debug\Cm3Start.o
 .debug_info    0x0001684b      0x135 .\ARM_GCC_541\Debug\cymetadata.o
 .debug_info    0x00016980       0xdd .\ARM_GCC_541\Debug\cpu_a.o
 .debug_info    0x00016a5d       0xd7 .\ARM_GCC_541\Debug\uCOS-III-Probe.a(LED_Status.o)
 .debug_info    0x00016b34      0x3cf .\ARM_GCC_541\Debug\uCOS-III-Probe.a(LCD_Disp.o)
 .debug_info    0x00016f03      0xe51 .\ARM_GCC_541\Debug\uCOS-III-Probe.a(CyLib.o)
 .debug_info    0x00017d54      0x57a .\ARM_GCC_541\Debug\uCOS-III-Probe.a(cyPm.o)
 .debug_info    0x000182ce      0x50a .\ARM_GCC_541\Debug\uCOS-III-Probe.a(ProbeUART.o)
 .debug_info    0x000187d8      0x253 .\ARM_GCC_541\Debug\uCOS-III-Probe.a(ProbeUART_TxISR.o)
 .debug_info    0x00018a2b      0x253 .\ARM_GCC_541\Debug\uCOS-III-Probe.a(ProbeUART_RxISR.o)
 .debug_info    0x00018c7e      0x11e .\ARM_GCC_541\Debug\uCOS-III-Probe.a(PB_2.o)
 .debug_info    0x00018d9c      0x11e .\ARM_GCC_541\Debug\uCOS-III-Probe.a(PB_3.o)
 .debug_info    0x00018eba      0x25d .\ARM_GCC_541\Debug\uCOS-III-Probe.a(ProbeUART_IntClock.o)
 .debug_info    0x00019117       0xd0 .\ARM_GCC_541\Debug\uCOS-III-Probe.a(CyBootAsmGnu.o)
 .debug_info    0x000191e7      0x3b9 .\ARM_GCC_541\Debug\uCOS-III-Probe.a(CyFlash.o)
 .debug_info    0x000195a0      0x4c0 .\ARM_GCC_541\Debug\uCOS-III-Probe.a(CySpc.o)
 .debug_info    0x00019a60       0xab ..\..\..\..\..\..\uCOS-III\Lib\ARM-Cortex-M3\PSoC_GNU/uCOS-III-ARM-Cortex-M3.a(os_cpu_a.o)

.debug_abbrev   0x00000000     0x3d59
 *(.debug_abbrev)
 .debug_abbrev  0x00000000       0x98 .\ARM_GCC_541\Debug\app_probe.o
 .debug_abbrev  0x00000098      0x23f .\ARM_GCC_541\Debug\app.o
 .debug_abbrev  0x000002d7      0x125 .\ARM_GCC_541\Debug\os_app_hooks.o
 .debug_abbrev  0x000003fc      0x150 .\ARM_GCC_541\Debug\bsp_os.o
 .debug_abbrev  0x0000054c      0x18d .\ARM_GCC_541\Debug\bsp.o
 .debug_abbrev  0x000006d9       0xbb .\ARM_GCC_541\Debug\cpu_bsp.o
 .debug_abbrev  0x00000794      0x1af .\ARM_GCC_541\Debug\cpu_core.o
 .debug_abbrev  0x00000943       0xd4 .\ARM_GCC_541\Debug\lib_ascii.o
 .debug_abbrev  0x00000a17       0xfb .\ARM_GCC_541\Debug\lib_math.o
 .debug_abbrev  0x00000b12      0x10f .\ARM_GCC_541\Debug\lib_mem.o
 .debug_abbrev  0x00000c21      0x130 .\ARM_GCC_541\Debug\lib_str.o
 .debug_abbrev  0x00000d51       0xfc .\ARM_GCC_541\Debug\os_dbg.o
 .debug_abbrev  0x00000e4d      0x1c8 .\ARM_GCC_541\Debug\os_core.o
 .debug_abbrev  0x00001015      0x1d5 .\ARM_GCC_541\Debug\os_flag.o
 .debug_abbrev  0x000011ea       0x26 .\ARM_GCC_541\Debug\os_int.o
 .debug_abbrev  0x00001210      0x132 .\ARM_GCC_541\Debug\os_mem.o
 .debug_abbrev  0x00001342      0x157 .\ARM_GCC_541\Debug\os_msg.o
 .debug_abbrev  0x00001499      0x1d5 .\ARM_GCC_541\Debug\os_mutex.o
 .debug_abbrev  0x0000166e      0x183 .\ARM_GCC_541\Debug\os_pend_multi.o
 .debug_abbrev  0x000017f1       0xc6 .\ARM_GCC_541\Debug\os_prio.o
 .debug_abbrev  0x000018b7      0x1d5 .\ARM_GCC_541\Debug\os_q.o
 .debug_abbrev  0x00001a8c      0x1d5 .\ARM_GCC_541\Debug\os_sem.o
 .debug_abbrev  0x00001c61      0x16c .\ARM_GCC_541\Debug\os_stat.o
 .debug_abbrev  0x00001dcd      0x1a2 .\ARM_GCC_541\Debug\os_task.o
 .debug_abbrev  0x00001f6f      0x1b4 .\ARM_GCC_541\Debug\os_tick.o
 .debug_abbrev  0x00002123      0x188 .\ARM_GCC_541\Debug\os_time.o
 .debug_abbrev  0x000022ab      0x1e1 .\ARM_GCC_541\Debug\os_tmr.o
 .debug_abbrev  0x0000248c       0xb7 .\ARM_GCC_541\Debug\os_var.o
 .debug_abbrev  0x00002543       0xdc .\ARM_GCC_541\Debug\os_cfg_app.o
 .debug_abbrev  0x0000261f       0x26 .\ARM_GCC_541\Debug\probe_com_os.o
 .debug_abbrev  0x00002645       0xe0 .\ARM_GCC_541\Debug\probe_rs232c.o
 .debug_abbrev  0x00002725      0x132 .\ARM_GCC_541\Debug\probe_rs232_os.o
 .debug_abbrev  0x00002857      0x148 .\ARM_GCC_541\Debug\probe_rs232.o
 .debug_abbrev  0x0000299f      0x13b .\ARM_GCC_541\Debug\probe_com.o
 .debug_abbrev  0x00002ada      0x1b7 .\ARM_GCC_541\Debug\cyfitter_cfg.o
 .debug_abbrev  0x00002c91      0x1d6 .\ARM_GCC_541\Debug\Cm3Start.o
 .debug_abbrev  0x00002e67       0x66 .\ARM_GCC_541\Debug\cymetadata.o
 .debug_abbrev  0x00002ecd       0x14 .\ARM_GCC_541\Debug\cpu_a.o
 .debug_abbrev  0x00002ee1       0x81 .\ARM_GCC_541\Debug\uCOS-III-Probe.a(LED_Status.o)
 .debug_abbrev  0x00002f62      0x120 .\ARM_GCC_541\Debug\uCOS-III-Probe.a(LCD_Disp.o)
 .debug_abbrev  0x00003082      0x217 .\ARM_GCC_541\Debug\uCOS-III-Probe.a(CyLib.o)
 .debug_abbrev  0x00003299      0x161 .\ARM_GCC_541\Debug\uCOS-III-Probe.a(cyPm.o)
 .debug_abbrev  0x000033fa      0x163 .\ARM_GCC_541\Debug\uCOS-III-Probe.a(ProbeUART.o)
 .debug_abbrev  0x0000355d      0x170 .\ARM_GCC_541\Debug\uCOS-III-Probe.a(ProbeUART_TxISR.o)
 .debug_abbrev  0x000036cd      0x170 .\ARM_GCC_541\Debug\uCOS-III-Probe.a(ProbeUART_RxISR.o)
 .debug_abbrev  0x0000383d       0x90 .\ARM_GCC_541\Debug\uCOS-III-Probe.a(PB_2.o)
 .debug_abbrev  0x000038cd       0x90 .\ARM_GCC_541\Debug\uCOS-III-Probe.a(PB_3.o)
 .debug_abbrev  0x0000395d      0x11d .\ARM_GCC_541\Debug\uCOS-III-Probe.a(ProbeUART_IntClock.o)
 .debug_abbrev  0x00003a7a       0x14 .\ARM_GCC_541\Debug\uCOS-III-Probe.a(CyBootAsmGnu.o)
 .debug_abbrev  0x00003a8e      0x14b .\ARM_GCC_541\Debug\uCOS-III-Probe.a(CyFlash.o)
 .debug_abbrev  0x00003bd9      0x16c .\ARM_GCC_541\Debug\uCOS-III-Probe.a(CySpc.o)
 .debug_abbrev  0x00003d45       0x14 ..\..\..\..\..\..\uCOS-III\Lib\ARM-Cortex-M3\PSoC_GNU/uCOS-III-ARM-Cortex-M3.a(os_cpu_a.o)

.debug_line     0x00000000     0x6abd
 *(.debug_line)
 .debug_line    0x00000000      0x175 .\ARM_GCC_541\Debug\app_probe.o
 .debug_line    0x00000175      0x431 .\ARM_GCC_541\Debug\app.o
 .debug_line    0x000005a6      0x181 .\ARM_GCC_541\Debug\os_app_hooks.o
 .debug_line    0x00000727      0x142 .\ARM_GCC_541\Debug\bsp_os.o
 .debug_line    0x00000869      0x188 .\ARM_GCC_541\Debug\bsp.o
 .debug_line    0x000009f1       0xc9 .\ARM_GCC_541\Debug\cpu_bsp.o
 .debug_line    0x00000aba      0x26a .\ARM_GCC_541\Debug\cpu_core.o
 .debug_line    0x00000d24      0x40d .\ARM_GCC_541\Debug\lib_ascii.o
 .debug_line    0x00001131       0xd8 .\ARM_GCC_541\Debug\lib_math.o
 .debug_line    0x00001209      0x1f5 .\ARM_GCC_541\Debug\lib_mem.o
 .debug_line    0x000013fe      0x51a .\ARM_GCC_541\Debug\lib_str.o
 .debug_line    0x00001918      0x113 .\ARM_GCC_541\Debug\os_dbg.o
 .debug_line    0x00001a2b      0x622 .\ARM_GCC_541\Debug\os_core.o
 .debug_line    0x0000204d      0x346 .\ARM_GCC_541\Debug\os_flag.o
 .debug_line    0x00002393       0x1d .\ARM_GCC_541\Debug\os_int.o
 .debug_line    0x000023b0      0x15b .\ARM_GCC_541\Debug\os_mem.o
 .debug_line    0x0000250b      0x19b .\ARM_GCC_541\Debug\os_msg.o
 .debug_line    0x000026a6      0x28a .\ARM_GCC_541\Debug\os_mutex.o
 .debug_line    0x00002930      0x1b6 .\ARM_GCC_541\Debug\os_pend_multi.o
 .debug_line    0x00002ae6       0xf4 .\ARM_GCC_541\Debug\os_prio.o
 .debug_line    0x00002bda      0x290 .\ARM_GCC_541\Debug\os_q.o
 .debug_line    0x00002e6a      0x294 .\ARM_GCC_541\Debug\os_sem.o
 .debug_line    0x000030fe      0x1c9 .\ARM_GCC_541\Debug\os_stat.o
 .debug_line    0x000032c7      0x5c7 .\ARM_GCC_541\Debug\os_task.o
 .debug_line    0x0000388e      0x21f .\ARM_GCC_541\Debug\os_tick.o
 .debug_line    0x00003aad      0x1e0 .\ARM_GCC_541\Debug\os_time.o
 .debug_line    0x00003c8d      0x364 .\ARM_GCC_541\Debug\os_tmr.o
 .debug_line    0x00003ff1       0xaf .\ARM_GCC_541\Debug\os_var.o
 .debug_line    0x000040a0       0xd2 .\ARM_GCC_541\Debug\os_cfg_app.o
 .debug_line    0x00004172       0x1d .\ARM_GCC_541\Debug\probe_com_os.o
 .debug_line    0x0000418f      0x161 .\ARM_GCC_541\Debug\probe_rs232c.o
 .debug_line    0x000042f0      0x163 .\ARM_GCC_541\Debug\probe_rs232_os.o
 .debug_line    0x00004453      0x1fc .\ARM_GCC_541\Debug\probe_rs232.o
 .debug_line    0x0000464f      0x288 .\ARM_GCC_541\Debug\probe_com.o
 .debug_line    0x000048d7      0x219 .\ARM_GCC_541\Debug\cyfitter_cfg.o
 .debug_line    0x00004af0      0x1dc .\ARM_GCC_541\Debug\Cm3Start.o
 .debug_line    0x00004ccc      0x141 .\ARM_GCC_541\Debug\cymetadata.o
 .debug_line    0x00004e0d       0x82 .\ARM_GCC_541\Debug\cpu_a.o
 .debug_line    0x00004e8f       0x73 .\ARM_GCC_541\Debug\uCOS-III-Probe.a(LED_Status.o)
 .debug_line    0x00004f02      0x1e6 .\ARM_GCC_541\Debug\uCOS-III-Probe.a(LCD_Disp.o)
 .debug_line    0x000050e8      0x883 .\ARM_GCC_541\Debug\uCOS-III-Probe.a(CyLib.o)
 .debug_line    0x0000596b      0x38e .\ARM_GCC_541\Debug\uCOS-III-Probe.a(cyPm.o)
 .debug_line    0x00005cf9      0x2e7 .\ARM_GCC_541\Debug\uCOS-III-Probe.a(ProbeUART.o)
 .debug_line    0x00005fe0      0x159 .\ARM_GCC_541\Debug\uCOS-III-Probe.a(ProbeUART_TxISR.o)
 .debug_line    0x00006139      0x149 .\ARM_GCC_541\Debug\uCOS-III-Probe.a(ProbeUART_RxISR.o)
 .debug_line    0x00006282       0x94 .\ARM_GCC_541\Debug\uCOS-III-Probe.a(PB_2.o)
 .debug_line    0x00006316       0x94 .\ARM_GCC_541\Debug\uCOS-III-Probe.a(PB_3.o)
 .debug_line    0x000063aa      0x1b1 .\ARM_GCC_541\Debug\uCOS-III-Probe.a(ProbeUART_IntClock.o)
 .debug_line    0x0000655b       0x66 .\ARM_GCC_541\Debug\uCOS-III-Probe.a(CyBootAsmGnu.o)
 .debug_line    0x000065c1      0x22f .\ARM_GCC_541\Debug\uCOS-III-Probe.a(CyFlash.o)
 .debug_line    0x000067f0      0x231 .\ARM_GCC_541\Debug\uCOS-III-Probe.a(CySpc.o)
 .debug_line    0x00006a21       0x9c ..\..\..\..\..\..\uCOS-III\Lib\ARM-Cortex-M3\PSoC_GNU/uCOS-III-ARM-Cortex-M3.a(os_cpu_a.o)

.debug_frame    0x00000000     0x53b8
 *(.debug_frame)
 .debug_frame   0x00000000       0x2c .\ARM_GCC_541\Debug\app_probe.o
 .debug_frame   0x0000002c      0x1f4 .\ARM_GCC_541\Debug\app.o
 .debug_frame   0x00000220      0x18c .\ARM_GCC_541\Debug\os_app_hooks.o
 .debug_frame   0x000003ac       0xb0 .\ARM_GCC_541\Debug\bsp_os.o
 .debug_frame   0x0000045c      0x148 .\ARM_GCC_541\Debug\bsp.o
 .debug_frame   0x000005a4       0x8c .\ARM_GCC_541\Debug\cpu_bsp.o
 .debug_frame   0x00000630      0x2f8 .\ARM_GCC_541\Debug\cpu_core.o
 .debug_frame   0x00000928      0x290 .\ARM_GCC_541\Debug\lib_ascii.o
 .debug_frame   0x00000bb8       0xa4 .\ARM_GCC_541\Debug\lib_math.o
 .debug_frame   0x00000c5c       0xfc .\ARM_GCC_541\Debug\lib_mem.o
 .debug_frame   0x00000d58      0x3d4 .\ARM_GCC_541\Debug\lib_str.o
 .debug_frame   0x0000112c       0x38 .\ARM_GCC_541\Debug\os_dbg.o
 .debug_frame   0x00001164      0x5cc .\ARM_GCC_541\Debug\os_core.o
 .debug_frame   0x00001730      0x218 .\ARM_GCC_541\Debug\os_flag.o
 .debug_frame   0x00001948       0xd8 .\ARM_GCC_541\Debug\os_mem.o
 .debug_frame   0x00001a20       0xd8 .\ARM_GCC_541\Debug\os_msg.o
 .debug_frame   0x00001af8      0x178 .\ARM_GCC_541\Debug\os_mutex.o
 .debug_frame   0x00001c70       0xb0 .\ARM_GCC_541\Debug\os_pend_multi.o
 .debug_frame   0x00001d20       0xb0 .\ARM_GCC_541\Debug\os_prio.o
 .debug_frame   0x00001dd0      0x1c8 .\ARM_GCC_541\Debug\os_q.o
 .debug_frame   0x00001f98      0x1c8 .\ARM_GCC_541\Debug\os_sem.o
 .debug_frame   0x00002160       0xac .\ARM_GCC_541\Debug\os_stat.o
 .debug_frame   0x0000220c      0x450 .\ARM_GCC_541\Debug\os_task.o
 .debug_frame   0x0000265c      0x124 .\ARM_GCC_541\Debug\os_tick.o
 .debug_frame   0x00002780      0x100 .\ARM_GCC_541\Debug\os_time.o
 .debug_frame   0x00002880      0x23c .\ARM_GCC_541\Debug\os_tmr.o
 .debug_frame   0x00002abc       0x34 .\ARM_GCC_541\Debug\os_cfg_app.o
 .debug_frame   0x00002af0      0x138 .\ARM_GCC_541\Debug\probe_rs232c.o
 .debug_frame   0x00002c28       0xb0 .\ARM_GCC_541\Debug\probe_rs232_os.o
 .debug_frame   0x00002cd8      0x154 .\ARM_GCC_541\Debug\probe_rs232.o
 .debug_frame   0x00002e2c      0x240 .\ARM_GCC_541\Debug\probe_com.o
 .debug_frame   0x0000306c      0x16c .\ARM_GCC_541\Debug\cyfitter_cfg.o
 .debug_frame   0x000031d8       0xd8 .\ARM_GCC_541\Debug\Cm3Start.o
 .debug_frame   0x000032b0       0x5c .\ARM_GCC_541\Debug\uCOS-III-Probe.a(LED_Status.o)
 .debug_frame   0x0000330c      0x260 .\ARM_GCC_541\Debug\uCOS-III-Probe.a(LCD_Disp.o)
 .debug_frame   0x0000356c      0xc0c .\ARM_GCC_541\Debug\uCOS-III-Probe.a(CyLib.o)
 .debug_frame   0x00004178      0x234 .\ARM_GCC_541\Debug\uCOS-III-Probe.a(cyPm.o)
 .debug_frame   0x000043ac      0x42c .\ARM_GCC_541\Debug\uCOS-III-Probe.a(ProbeUART.o)
 .debug_frame   0x000047d8      0x1e0 .\ARM_GCC_541\Debug\uCOS-III-Probe.a(ProbeUART_TxISR.o)
 .debug_frame   0x000049b8      0x1e0 .\ARM_GCC_541\Debug\uCOS-III-Probe.a(ProbeUART_RxISR.o)
 .debug_frame   0x00004b98       0xa8 .\ARM_GCC_541\Debug\uCOS-III-Probe.a(PB_2.o)
 .debug_frame   0x00004c40       0xa8 .\ARM_GCC_541\Debug\uCOS-III-Probe.a(PB_3.o)
 .debug_frame   0x00004ce8      0x1b4 .\ARM_GCC_541\Debug\uCOS-III-Probe.a(ProbeUART_IntClock.o)
 .debug_frame   0x00004e9c      0x238 .\ARM_GCC_541\Debug\uCOS-III-Probe.a(CyFlash.o)
 .debug_frame   0x000050d4      0x228 .\ARM_GCC_541\Debug\uCOS-III-Probe.a(CySpc.o)
 .debug_frame   0x000052fc       0x20 c:/program files (x86)/cypress/psoc creator/4.4/psoc creator/import/gnu/arm/5.4.1/bin/../lib/gcc/arm-none-eabi/5.4.1/../../../../arm-none-eabi/lib/armv7-m\libg_nano.a(lib_a-errno.o)
 .debug_frame   0x0000531c       0x28 c:/program files (x86)/cypress/psoc creator/4.4/psoc creator/import/gnu/arm/5.4.1/bin/../lib/gcc/arm-none-eabi/5.4.1/../../../../arm-none-eabi/lib/armv7-m\libg_nano.a(lib_a-exit.o)
 .debug_frame   0x00005344       0x2c c:/program files (x86)/cypress/psoc creator/4.4/psoc creator/import/gnu/arm/5.4.1/bin/../lib/gcc/arm-none-eabi/5.4.1/../../../../arm-none-eabi/lib/armv7-m\libg_nano.a(lib_a-init.o)
 .debug_frame   0x00005370       0x28 c:/program files (x86)/cypress/psoc creator/4.4/psoc creator/import/gnu/arm/5.4.1/bin/../lib/gcc/arm-none-eabi/5.4.1/../../../../arm-none-eabi/lib/armv7-m\libg_nano.a(lib_a-memcpy-stub.o)
 .debug_frame   0x00005398       0x20 c:/program files (x86)/cypress/psoc creator/4.4/psoc creator/import/gnu/arm/5.4.1/bin/../lib/gcc/arm-none-eabi/5.4.1/../../../../arm-none-eabi/lib/armv7-m\libg_nano.a(lib_a-memset.o)

.debug_str      0x00000000     0x6300
 *(.debug_str)
 .debug_str     0x00000000      0x1b6 .\ARM_GCC_541\Debug\app_probe.o
                                0x1fe (size before relaxing)
 .debug_str     0x000001b6     0x1474 .\ARM_GCC_541\Debug\app.o
                               0x16d4 (size before relaxing)
 .debug_str     0x0000162a      0x1a5 .\ARM_GCC_541\Debug\os_app_hooks.o
                                0x77c (size before relaxing)
 .debug_str     0x000017cf       0xaa .\ARM_GCC_541\Debug\bsp_os.o
                               0x1307 (size before relaxing)
 .debug_str     0x00001879      0x101 .\ARM_GCC_541\Debug\bsp.o
                                0x2ff (size before relaxing)
 .debug_str     0x0000197a       0x7a .\ARM_GCC_541\Debug\cpu_bsp.o
                                0x237 (size before relaxing)
 .debug_str     0x000019f4      0x22a .\ARM_GCC_541\Debug\cpu_core.o
                                0x42b (size before relaxing)
 .debug_str     0x00001c1e      0x157 .\ARM_GCC_541\Debug\lib_ascii.o
                                0x30f (size before relaxing)
 .debug_str     0x00001d75       0x7f .\ARM_GCC_541\Debug\lib_math.o
                                0x223 (size before relaxing)
 .debug_str     0x00001df4      0x18a .\ARM_GCC_541\Debug\lib_mem.o
                                0x364 (size before relaxing)
 .debug_str     0x00001f7e      0x484 .\ARM_GCC_541\Debug\lib_str.o
                                0x698 (size before relaxing)
 .debug_str     0x00002402      0x8e3 .\ARM_GCC_541\Debug\os_dbg.o
                                0xfdf (size before relaxing)
 .debug_str     0x00002ce5      0x38c .\ARM_GCC_541\Debug\os_core.o
                               0x181e (size before relaxing)
 .debug_str     0x00003071      0x137 .\ARM_GCC_541\Debug\os_flag.o
                               0x1437 (size before relaxing)
 .debug_str     0x000031a8       0x2b .\ARM_GCC_541\Debug\os_int.o
                                0x1bf (size before relaxing)
 .debug_str     0x000031d3       0x9f .\ARM_GCC_541\Debug\os_mem.o
                                0xfa2 (size before relaxing)
 .debug_str     0x00003272       0xbc .\ARM_GCC_541\Debug\os_msg.o
                                0xfc5 (size before relaxing)
 .debug_str     0x0000332e       0xdf .\ARM_GCC_541\Debug\os_mutex.o
                               0x13ff (size before relaxing)
 .debug_str     0x0000340d       0x83 .\ARM_GCC_541\Debug\os_pend_multi.o
                               0x1363 (size before relaxing)
 .debug_str     0x00003490       0x74 .\ARM_GCC_541\Debug\os_prio.o
                                0x23e (size before relaxing)
 .debug_str     0x00003504       0xc7 .\ARM_GCC_541\Debug\os_q.o
                               0x13cb (size before relaxing)
 .debug_str     0x000035cb       0xbc .\ARM_GCC_541\Debug\os_sem.o
                               0x13be (size before relaxing)
 .debug_str     0x00003687      0x149 .\ARM_GCC_541\Debug\os_stat.o
                               0x14fb (size before relaxing)
 .debug_str     0x000037d0      0x229 .\ARM_GCC_541\Debug\os_task.o
                               0x15ba (size before relaxing)
 .debug_str     0x000039f9      0x155 .\ARM_GCC_541\Debug\os_tick.o
                               0x142c (size before relaxing)
 .debug_str     0x00003b4e       0xb5 .\ARM_GCC_541\Debug\os_time.o
                               0x13db (size before relaxing)
 .debug_str     0x00003c03      0x203 .\ARM_GCC_541\Debug\os_tmr.o
                               0x157e (size before relaxing)
 .debug_str     0x00003e06       0x2b .\ARM_GCC_541\Debug\os_var.o
                                0xafc (size before relaxing)
 .debug_str     0x00003e31      0x20b .\ARM_GCC_541\Debug\os_cfg_app.o
                                0xa8b (size before relaxing)
 .debug_str     0x0000403c       0x53 .\ARM_GCC_541\Debug\probe_com_os.o
                                0x1e7 (size before relaxing)
 .debug_str     0x0000408f      0x131 .\ARM_GCC_541\Debug\probe_rs232c.o
                                0x302 (size before relaxing)
 .debug_str     0x000041c0       0xe6 .\ARM_GCC_541\Debug\probe_rs232_os.o
                               0x1333 (size before relaxing)
 .debug_str     0x000042a6      0x21d .\ARM_GCC_541\Debug\probe_rs232.o
                                0x3f9 (size before relaxing)
 .debug_str     0x000044c3      0x2c4 .\ARM_GCC_541\Debug\probe_com.o
                                0x4b1 (size before relaxing)
 .debug_str     0x00004787      0x197 .\ARM_GCC_541\Debug\cyfitter_cfg.o
                                0x378 (size before relaxing)
 .debug_str     0x0000491e      0x11d .\ARM_GCC_541\Debug\Cm3Start.o
                                0x317 (size before relaxing)
 .debug_str     0x00004a3b       0x7f .\ARM_GCC_541\Debug\cymetadata.o
                                0x224 (size before relaxing)
 .debug_str     0x00004aba       0x2c .\ARM_GCC_541\Debug\uCOS-III-Probe.a(LED_Status.o)
                                0x1fe (size before relaxing)
 .debug_str     0x00004ae6      0x1db .\ARM_GCC_541\Debug\uCOS-III-Probe.a(LCD_Disp.o)
                                0x3bd (size before relaxing)
 .debug_str     0x00004cc1      0x7e2 .\ARM_GCC_541\Debug\uCOS-III-Probe.a(CyLib.o)
                                0xa2a (size before relaxing)
 .debug_str     0x000054a3      0x371 .\ARM_GCC_541\Debug\uCOS-III-Probe.a(cyPm.o)
                                0x583 (size before relaxing)
 .debug_str     0x00005814      0x2fc .\ARM_GCC_541\Debug\uCOS-III-Probe.a(ProbeUART.o)
                                0x4f2 (size before relaxing)
 .debug_str     0x00005b10      0x172 .\ARM_GCC_541\Debug\uCOS-III-Probe.a(ProbeUART_TxISR.o)
                                0x38a (size before relaxing)
 .debug_str     0x00005c82      0x172 .\ARM_GCC_541\Debug\uCOS-III-Probe.a(ProbeUART_RxISR.o)
                                0x38a (size before relaxing)
 .debug_str     0x00005df4       0x57 .\ARM_GCC_541\Debug\uCOS-III-Probe.a(PB_2.o)
                                0x21d (size before relaxing)
 .debug_str     0x00005e4b       0x4c .\ARM_GCC_541\Debug\uCOS-III-Probe.a(PB_3.o)
                                0x21d (size before relaxing)
 .debug_str     0x00005e97      0x1e6 .\ARM_GCC_541\Debug\uCOS-III-Probe.a(ProbeUART_IntClock.o)
                                0x3b2 (size before relaxing)
 .debug_str     0x0000607d      0x156 .\ARM_GCC_541\Debug\uCOS-III-Probe.a(CyFlash.o)
                                0x347 (size before relaxing)
 .debug_str     0x000061d3      0x12d .\ARM_GCC_541\Debug\uCOS-III-Probe.a(CySpc.o)
                                0x341 (size before relaxing)

.debug_loc
 *(.debug_loc)

.debug_macinfo
 *(.debug_macinfo)

.debug_ranges   0x00000000     0x1210
 *(.debug_ranges)
 .debug_ranges  0x00000000       0x10 .\ARM_GCC_541\Debug\app_probe.o
 .debug_ranges  0x00000010       0x78 .\ARM_GCC_541\Debug\app.o
 .debug_ranges  0x00000088       0x58 .\ARM_GCC_541\Debug\os_app_hooks.o
 .debug_ranges  0x000000e0       0x28 .\ARM_GCC_541\Debug\bsp_os.o
 .debug_ranges  0x00000108       0x48 .\ARM_GCC_541\Debug\bsp.o
 .debug_ranges  0x00000150       0x20 .\ARM_GCC_541\Debug\cpu_bsp.o
 .debug_ranges  0x00000170       0xa0 .\ARM_GCC_541\Debug\cpu_core.o
 .debug_ranges  0x00000210       0x88 .\ARM_GCC_541\Debug\lib_ascii.o
 .debug_ranges  0x00000298       0x28 .\ARM_GCC_541\Debug\lib_math.o
 .debug_ranges  0x000002c0       0x38 .\ARM_GCC_541\Debug\lib_mem.o
 .debug_ranges  0x000002f8       0xc8 .\ARM_GCC_541\Debug\lib_str.o
 .debug_ranges  0x000003c0       0x10 .\ARM_GCC_541\Debug\os_dbg.o
 .debug_ranges  0x000003d0      0x130 .\ARM_GCC_541\Debug\os_core.o
 .debug_ranges  0x00000500       0x70 .\ARM_GCC_541\Debug\os_flag.o
 .debug_ranges  0x00000570       0x30 .\ARM_GCC_541\Debug\os_mem.o
 .debug_ranges  0x000005a0       0x30 .\ARM_GCC_541\Debug\os_msg.o
 .debug_ranges  0x000005d0       0x50 .\ARM_GCC_541\Debug\os_mutex.o
 .debug_ranges  0x00000620       0x28 .\ARM_GCC_541\Debug\os_pend_multi.o
 .debug_ranges  0x00000648       0x28 .\ARM_GCC_541\Debug\os_prio.o
 .debug_ranges  0x00000670       0x60 .\ARM_GCC_541\Debug\os_q.o
 .debug_ranges  0x000006d0       0x60 .\ARM_GCC_541\Debug\os_sem.o