ARM GAS  C:\Users\Aluno\AppData\Local\Temp\ccfdD2vB.s 			page 1


   1              		.syntax unified
   2              		.cpu cortex-m3
   3              		.fpu softvfp
   4              		.eabi_attribute 20, 1
   5              		.eabi_attribute 21, 1
   6              		.eabi_attribute 23, 3
   7              		.eabi_attribute 24, 1
   8              		.eabi_attribute 25, 1
   9              		.eabi_attribute 26, 1
  10              		.eabi_attribute 30, 6
  11              		.eabi_attribute 34, 1
  12              		.eabi_attribute 18, 4
  13              		.thumb
  14              		.syntax unified
  15              		.file	"app_probe.c"
  16              		.text
  17              	.Ltext0:
  18              		.cfi_sections	.debug_frame
  19              		.section	.text.App_ProbeInit,"ax",%progbits
  20              		.align	2
  21              		.global	App_ProbeInit
  22              		.thumb
  23              		.thumb_func
  24              		.type	App_ProbeInit, %function
  25              	App_ProbeInit:
  26              	.LFB63:
  27              		.file 1 "..\\app_probe.c"
   1:..\app_probe.c **** /*
   2:..\app_probe.c **** ***************************************************************************************************
   3:..\app_probe.c **** *                                              EXAMPLE CODE
   4:..\app_probe.c **** *
   5:..\app_probe.c **** *                          (c) Copyright 2003-2009; Micrium, Inc.; Weston, FL
   6:..\app_probe.c **** *
   7:..\app_probe.c **** *               All rights reserved.  Protected by international copyright laws.
   8:..\app_probe.c **** *               Knowledge of the source code may NOT be used to develop a similar product.
   9:..\app_probe.c **** *               Please help us continue to provide the Embedded community with the finest
  10:..\app_probe.c **** *               software available.  Your honesty is greatly appreciated.
  11:..\app_probe.c **** ***************************************************************************************************
  12:..\app_probe.c **** */
  13:..\app_probe.c **** 
  14:..\app_probe.c **** /*
  15:..\app_probe.c **** ***************************************************************************************************
  16:..\app_probe.c **** *
  17:..\app_probe.c **** *                                           uC/Probe
  18:..\app_probe.c **** *                                      Application Code
  19:..\app_probe.c **** *
  20:..\app_probe.c **** *                                           CYPRESS PSoC5
  21:..\app_probe.c **** *                                              with the
  22:..\app_probe.c **** *                                     CY8CKIT-050 Development Kit
  23:..\app_probe.c **** *
  24:..\app_probe.c **** *
  25:..\app_probe.c **** * Filename      : app_probe.c
  26:..\app_probe.c **** * Version       : V1.00
  27:..\app_probe.c **** * Programmer(s) : DC
  28:..\app_probe.c **** ***************************************************************************************************
  29:..\app_probe.c **** */
  30:..\app_probe.c **** 
ARM GAS  C:\Users\Aluno\AppData\Local\Temp\ccfdD2vB.s 			page 2


  31:..\app_probe.c **** /*
  32:..\app_probe.c **** ***************************************************************************************************
  33:..\app_probe.c **** *                                             INCLUDE FILES
  34:..\app_probe.c **** ***************************************************************************************************
  35:..\app_probe.c **** */            
  36:..\app_probe.c **** 
  37:..\app_probe.c **** 
  38:..\app_probe.c **** #define  APP_PROBE_MODULE
  39:..\app_probe.c **** #include <app_probe.h>
  40:..\app_probe.c **** #include <device.h>
  41:..\app_probe.c **** 
  42:..\app_probe.c **** 
  43:..\app_probe.c **** /*
  44:..\app_probe.c **** ***************************************************************************************************
  45:..\app_probe.c **** *                                                 ENABLE
  46:..\app_probe.c **** ***************************************************************************************************
  47:..\app_probe.c **** */
  48:..\app_probe.c **** 
  49:..\app_probe.c **** #if (APP_CFG_PROBE_COM_EN == DEF_ENABLED)
  50:..\app_probe.c **** 
  51:..\app_probe.c **** /*
  52:..\app_probe.c **** ***************************************************************************************************
  53:..\app_probe.c **** *                                       LOCAL GLOBAL VARIABLES
  54:..\app_probe.c **** ***************************************************************************************************
  55:..\app_probe.c **** */
  56:..\app_probe.c **** 
  57:..\app_probe.c **** 
  58:..\app_probe.c **** /*
  59:..\app_probe.c **** ***************************************************************************************************
  60:..\app_probe.c **** *                                          FUNCTION PROTOTYPES
  61:..\app_probe.c **** ***************************************************************************************************
  62:..\app_probe.c **** */
  63:..\app_probe.c **** 
  64:..\app_probe.c **** 
  65:..\app_probe.c **** /*
  66:..\app_probe.c **** ***************************************************************************************************
  67:..\app_probe.c **** *                                    LOCAL CONFIGURATION ERRORS
  68:..\app_probe.c **** ***************************************************************************************************
  69:..\app_probe.c **** */
  70:..\app_probe.c **** 
  71:..\app_probe.c **** 
  72:..\app_probe.c **** /*
  73:..\app_probe.c **** ***************************************************************************************************
  74:..\app_probe.c **** *                                         App_ProbeInit()
  75:..\app_probe.c **** *
  76:..\app_probe.c **** * Description : Initialize all uC/Probe modules.
  77:..\app_probe.c **** *
  78:..\app_probe.c **** * Argument(s) : none.
  79:..\app_probe.c **** *
  80:..\app_probe.c **** * Return(s)   : none.
  81:..\app_probe.c **** *
  82:..\app_probe.c **** * Note(s)     : none
  83:..\app_probe.c **** ***************************************************************************************************
  84:..\app_probe.c **** */
  85:..\app_probe.c **** 
  86:..\app_probe.c **** 
  87:..\app_probe.c **** void  App_ProbeInit (void)
ARM GAS  C:\Users\Aluno\AppData\Local\Temp\ccfdD2vB.s 			page 3


  88:..\app_probe.c **** {
  28              		.loc 1 88 0
  29              		.cfi_startproc
  30              		@ args = 0, pretend = 0, frame = 0
  31              		@ frame_needed = 1, uses_anonymous_args = 0
  32 0000 80B5     		push	{r7, lr}
  33              		.cfi_def_cfa_offset 8
  34              		.cfi_offset 7, -8
  35              		.cfi_offset 14, -4
  36 0002 00AF     		add	r7, sp, #0
  37              		.cfi_def_cfa_register 7
  89:..\app_probe.c **** #if (PROBE_COM_CFG_SERIAL_EN == DEF_ENABLED)
  90:..\app_probe.c ****     SERIAL_IF_CFG  uart_cfg;
  91:..\app_probe.c **** #endif    
  92:..\app_probe.c ****     
  93:..\app_probe.c ****     
  94:..\app_probe.c ****     APP_TRACE_INFO(("Initializing uC/Probe ... \n\r"));    
  95:..\app_probe.c ****     ProbeCom_Init();                                            /* Initialize the uC/Probe communic
  38              		.loc 1 95 0
  39 0004 FFF7FEFF 		bl	ProbeCom_Init
  96:..\app_probe.c **** 
  97:..\app_probe.c **** #if (PROBE_COM_CFG_RS232_EN == DEF_ENABLED)
  98:..\app_probe.c ****     ProbeRS232_Init(9600);
  40              		.loc 1 98 0
  41 0008 4FF41650 		mov	r0, #9600
  42 000c FFF7FEFF 		bl	ProbeRS232_Init
  99:..\app_probe.c ****     ProbeRS232_RxIntEn();
  43              		.loc 1 99 0
  44 0010 FFF7FEFF 		bl	ProbeRS232_RxIntEn
 100:..\app_probe.c **** 
 101:..\app_probe.c **** #endif
 102:..\app_probe.c **** 
 103:..\app_probe.c **** #if (PROBE_COM_CFG_SERIAL_EN == DEF_ENABLED)
 104:..\app_probe.c ****     uart_cfg.Baudrate = SERIAL_BAUDRATE_57600;
 105:..\app_probe.c ****     uart_cfg.DataBits = SERIAL_DATABITS_8;
 106:..\app_probe.c ****     uart_cfg.StopBits = SERIAL_STOPBITS_1;
 107:..\app_probe.c ****     uart_cfg.Parity   = SERIAL_PARITY_NONE;
 108:..\app_probe.c ****     uart_cfg.FlowCtrl = SERIAL_FLOW_CTRL_NONE;
 109:..\app_probe.c **** 
 110:..\app_probe.c ****     ProbeSerial_Init((CPU_CHAR      *)APP_CFG_PROBE_SERIAL_PORT_NAME,
 111:..\app_probe.c ****                      (SERIAL_IF_CFG *)&uart_cfg);
 112:..\app_probe.c **** #endif
 113:..\app_probe.c ****     
 114:..\app_probe.c ****     
 115:..\app_probe.c **** #if (PROBE_COM_CFG_TCPIP_EN == DEF_ENABLED)
 116:..\app_probe.c ****     ProbeTCPIP_Init();
 117:..\app_probe.c **** #endif
 118:..\app_probe.c **** }
  45              		.loc 1 118 0
  46 0014 00BF     		nop
  47 0016 80BD     		pop	{r7, pc}
  48              		.cfi_endproc
  49              	.LFE63:
  50              		.size	App_ProbeInit, .-App_ProbeInit
  51              		.text
  52              	.Letext0:
  53              		.file 2 "c:\\program files (x86)\\cypress\\psoc creator\\4.4\\psoc creator\\import\\gnu\\arm\\5.4.
ARM GAS  C:\Users\Aluno\AppData\Local\Temp\ccfdD2vB.s 			page 4


  54              		.file 3 "c:\\program files (x86)\\cypress\\psoc creator\\4.4\\psoc creator\\import\\gnu\\arm\\5.4.
  55              		.file 4 "<built-in>"
  56              		.file 5 "Generated_Source\\PSoC5/core_cm3.h"
  57              		.section	.debug_info,"",%progbits
  58              	.Ldebug_info0:
  59 0000 E5000000 		.4byte	0xe5
  60 0004 0400     		.2byte	0x4
  61 0006 00000000 		.4byte	.Ldebug_abbrev0
  62 000a 04       		.byte	0x4
  63 000b 01       		.uleb128 0x1
  64 000c 07010000 		.4byte	.LASF16
  65 0010 0C       		.byte	0xc
  66 0011 00020000 		.4byte	.LASF17
  67 0015 6B000000 		.4byte	.LASF18
  68 0019 00000000 		.4byte	.Ldebug_ranges0+0
  69 001d 00000000 		.4byte	0
  70 0021 00000000 		.4byte	.Ldebug_line0
  71 0025 02       		.uleb128 0x2
  72 0026 01       		.byte	0x1
  73 0027 08       		.byte	0x8
  74 0028 A3010000 		.4byte	.LASF0
  75 002c 02       		.uleb128 0x2
  76 002d 01       		.byte	0x1
  77 002e 08       		.byte	0x8
  78 002f 95010000 		.4byte	.LASF1
  79 0033 02       		.uleb128 0x2
  80 0034 01       		.byte	0x1
  81 0035 06       		.byte	0x6
  82 0036 2E000000 		.4byte	.LASF2
  83 003a 02       		.uleb128 0x2
  84 003b 02       		.byte	0x2
  85 003c 07       		.byte	0x7
  86 003d 0E000000 		.4byte	.LASF3
  87 0041 02       		.uleb128 0x2
  88 0042 02       		.byte	0x2
  89 0043 05       		.byte	0x5
  90 0044 E8010000 		.4byte	.LASF4
  91 0048 02       		.uleb128 0x2
  92 0049 04       		.byte	0x4
  93 004a 07       		.byte	0x7
  94 004b 21000000 		.4byte	.LASF5
  95 004f 03       		.uleb128 0x3
  96 0050 04       		.byte	0x4
  97 0051 05       		.byte	0x5
  98 0052 696E7400 		.ascii	"int\000"
  99 0056 02       		.uleb128 0x2
 100 0057 08       		.byte	0x8
 101 0058 07       		.byte	0x7
 102 0059 54000000 		.4byte	.LASF6
 103 005d 02       		.uleb128 0x2
 104 005e 08       		.byte	0x8
 105 005f 05       		.byte	0x5
 106 0060 00000000 		.4byte	.LASF7
 107 0064 02       		.uleb128 0x2
 108 0065 04       		.byte	0x4
 109 0066 04       		.byte	0x4
 110 0067 E2010000 		.4byte	.LASF8
ARM GAS  C:\Users\Aluno\AppData\Local\Temp\ccfdD2vB.s 			page 5


 111 006b 02       		.uleb128 0x2
 112 006c 08       		.byte	0x8
 113 006d 04       		.byte	0x4
 114 006e B1010000 		.4byte	.LASF9
 115 0072 04       		.uleb128 0x4
 116 0073 D8010000 		.4byte	.LASF12
 117 0077 02       		.byte	0x2
 118 0078 3F       		.byte	0x3f
 119 0079 7D000000 		.4byte	0x7d
 120 007d 02       		.uleb128 0x2
 121 007e 04       		.byte	0x4
 122 007f 05       		.byte	0x5
 123 0080 A8010000 		.4byte	.LASF10
 124 0084 02       		.uleb128 0x2
 125 0085 04       		.byte	0x4
 126 0086 07       		.byte	0x7
 127 0087 42000000 		.4byte	.LASF11
 128 008b 04       		.uleb128 0x4
 129 008c 3A000000 		.4byte	.LASF13
 130 0090 03       		.byte	0x3
 131 0091 2C       		.byte	0x2c
 132 0092 72000000 		.4byte	0x72
 133 0096 02       		.uleb128 0x2
 134 0097 08       		.byte	0x8
 135 0098 04       		.byte	0x4
 136 0099 CC010000 		.4byte	.LASF14
 137 009d 02       		.uleb128 0x2
 138 009e 04       		.byte	0x4
 139 009f 07       		.byte	0x7
 140 00a0 0F020000 		.4byte	.LASF15
 141 00a4 05       		.uleb128 0x5
 142 00a5 04       		.byte	0x4
 143 00a6 AA000000 		.4byte	0xaa
 144 00aa 06       		.uleb128 0x6
 145 00ab 25000000 		.4byte	0x25
 146 00af 07       		.uleb128 0x7
 147 00b0 F2010000 		.4byte	.LASF19
 148 00b4 01       		.byte	0x1
 149 00b5 57       		.byte	0x57
 150 00b6 00000000 		.4byte	.LFB63
 151 00ba 18000000 		.4byte	.LFE63-.LFB63
 152 00be 01       		.uleb128 0x1
 153 00bf 9C       		.byte	0x9c
 154 00c0 D7000000 		.4byte	0xd7
 155 00c4 08       		.uleb128 0x8
 156 00c5 C5010000 		.4byte	.LASF20
 157 00c9 04       		.byte	0x4
 158 00ca 00       		.byte	0
 159 00cb 4F000000 		.4byte	0x4f
 160 00cf 09       		.uleb128 0x9
 161 00d0 A4000000 		.4byte	0xa4
 162 00d4 0A       		.uleb128 0xa
 163 00d5 00       		.byte	0
 164 00d6 00       		.byte	0
 165 00d7 0B       		.uleb128 0xb
 166 00d8 B8010000 		.4byte	.LASF21
 167 00dc 05       		.byte	0x5
ARM GAS  C:\Users\Aluno\AppData\Local\Temp\ccfdD2vB.s 			page 6


 168 00dd 1207     		.2byte	0x712
 169 00df E3000000 		.4byte	0xe3
 170 00e3 0C       		.uleb128 0xc
 171 00e4 8B000000 		.4byte	0x8b
 172 00e8 00       		.byte	0
 173              		.section	.debug_abbrev,"",%progbits
 174              	.Ldebug_abbrev0:
 175 0000 01       		.uleb128 0x1
 176 0001 11       		.uleb128 0x11
 177 0002 01       		.byte	0x1
 178 0003 25       		.uleb128 0x25
 179 0004 0E       		.uleb128 0xe
 180 0005 13       		.uleb128 0x13
 181 0006 0B       		.uleb128 0xb
 182 0007 03       		.uleb128 0x3
 183 0008 0E       		.uleb128 0xe
 184 0009 1B       		.uleb128 0x1b
 185 000a 0E       		.uleb128 0xe
 186 000b 55       		.uleb128 0x55
 187 000c 17       		.uleb128 0x17
 188 000d 11       		.uleb128 0x11
 189 000e 01       		.uleb128 0x1
 190 000f 10       		.uleb128 0x10
 191 0010 17       		.uleb128 0x17
 192 0011 00       		.byte	0
 193 0012 00       		.byte	0
 194 0013 02       		.uleb128 0x2
 195 0014 24       		.uleb128 0x24
 196 0015 00       		.byte	0
 197 0016 0B       		.uleb128 0xb
 198 0017 0B       		.uleb128 0xb
 199 0018 3E       		.uleb128 0x3e
 200 0019 0B       		.uleb128 0xb
 201 001a 03       		.uleb128 0x3
 202 001b 0E       		.uleb128 0xe
 203 001c 00       		.byte	0
 204 001d 00       		.byte	0
 205 001e 03       		.uleb128 0x3
 206 001f 24       		.uleb128 0x24
 207 0020 00       		.byte	0
 208 0021 0B       		.uleb128 0xb
 209 0022 0B       		.uleb128 0xb
 210 0023 3E       		.uleb128 0x3e
 211 0024 0B       		.uleb128 0xb
 212 0025 03       		.uleb128 0x3
 213 0026 08       		.uleb128 0x8
 214 0027 00       		.byte	0
 215 0028 00       		.byte	0
 216 0029 04       		.uleb128 0x4
 217 002a 16       		.uleb128 0x16
 218 002b 00       		.byte	0
 219 002c 03       		.uleb128 0x3
 220 002d 0E       		.uleb128 0xe
 221 002e 3A       		.uleb128 0x3a
 222 002f 0B       		.uleb128 0xb
 223 0030 3B       		.uleb128 0x3b
 224 0031 0B       		.uleb128 0xb
ARM GAS  C:\Users\Aluno\AppData\Local\Temp\ccfdD2vB.s 			page 7


 225 0032 49       		.uleb128 0x49
 226 0033 13       		.uleb128 0x13
 227 0034 00       		.byte	0
 228 0035 00       		.byte	0
 229 0036 05       		.uleb128 0x5
 230 0037 0F       		.uleb128 0xf
 231 0038 00       		.byte	0
 232 0039 0B       		.uleb128 0xb
 233 003a 0B       		.uleb128 0xb
 234 003b 49       		.uleb128 0x49
 235 003c 13       		.uleb128 0x13
 236 003d 00       		.byte	0
 237 003e 00       		.byte	0
 238 003f 06       		.uleb128 0x6
 239 0040 26       		.uleb128 0x26
 240 0041 00       		.byte	0
 241 0042 49       		.uleb128 0x49
 242 0043 13       		.uleb128 0x13
 243 0044 00       		.byte	0
 244 0045 00       		.byte	0
 245 0046 07       		.uleb128 0x7
 246 0047 2E       		.uleb128 0x2e
 247 0048 01       		.byte	0x1
 248 0049 3F       		.uleb128 0x3f
 249 004a 19       		.uleb128 0x19
 250 004b 03       		.uleb128 0x3
 251 004c 0E       		.uleb128 0xe
 252 004d 3A       		.uleb128 0x3a
 253 004e 0B       		.uleb128 0xb
 254 004f 3B       		.uleb128 0x3b
 255 0050 0B       		.uleb128 0xb
 256 0051 27       		.uleb128 0x27
 257 0052 19       		.uleb128 0x19
 258 0053 11       		.uleb128 0x11
 259 0054 01       		.uleb128 0x1
 260 0055 12       		.uleb128 0x12
 261 0056 06       		.uleb128 0x6
 262 0057 40       		.uleb128 0x40
 263 0058 18       		.uleb128 0x18
 264 0059 9642     		.uleb128 0x2116
 265 005b 19       		.uleb128 0x19
 266 005c 01       		.uleb128 0x1
 267 005d 13       		.uleb128 0x13
 268 005e 00       		.byte	0
 269 005f 00       		.byte	0
 270 0060 08       		.uleb128 0x8
 271 0061 2E       		.uleb128 0x2e
 272 0062 01       		.byte	0x1
 273 0063 3F       		.uleb128 0x3f
 274 0064 19       		.uleb128 0x19
 275 0065 03       		.uleb128 0x3
 276 0066 0E       		.uleb128 0xe
 277 0067 3A       		.uleb128 0x3a
 278 0068 0B       		.uleb128 0xb
 279 0069 3B       		.uleb128 0x3b
 280 006a 0B       		.uleb128 0xb
 281 006b 27       		.uleb128 0x27
ARM GAS  C:\Users\Aluno\AppData\Local\Temp\ccfdD2vB.s 			page 8


 282 006c 19       		.uleb128 0x19
 283 006d 49       		.uleb128 0x49
 284 006e 13       		.uleb128 0x13
 285 006f 3C       		.uleb128 0x3c
 286 0070 19       		.uleb128 0x19
 287 0071 00       		.byte	0
 288 0072 00       		.byte	0
 289 0073 09       		.uleb128 0x9
 290 0074 05       		.uleb128 0x5
 291 0075 00       		.byte	0
 292 0076 49       		.uleb128 0x49
 293 0077 13       		.uleb128 0x13
 294 0078 00       		.byte	0
 295 0079 00       		.byte	0
 296 007a 0A       		.uleb128 0xa
 297 007b 18       		.uleb128 0x18
 298 007c 00       		.byte	0
 299 007d 00       		.byte	0
 300 007e 00       		.byte	0
 301 007f 0B       		.uleb128 0xb
 302 0080 34       		.uleb128 0x34
 303 0081 00       		.byte	0
 304 0082 03       		.uleb128 0x3
 305 0083 0E       		.uleb128 0xe
 306 0084 3A       		.uleb128 0x3a
 307 0085 0B       		.uleb128 0xb
 308 0086 3B       		.uleb128 0x3b
 309 0087 05       		.uleb128 0x5
 310 0088 49       		.uleb128 0x49
 311 0089 13       		.uleb128 0x13
 312 008a 3F       		.uleb128 0x3f
 313 008b 19       		.uleb128 0x19
 314 008c 3C       		.uleb128 0x3c
 315 008d 19       		.uleb128 0x19
 316 008e 00       		.byte	0
 317 008f 00       		.byte	0
 318 0090 0C       		.uleb128 0xc
 319 0091 35       		.uleb128 0x35
 320 0092 00       		.byte	0
 321 0093 49       		.uleb128 0x49
 322 0094 13       		.uleb128 0x13
 323 0095 00       		.byte	0
 324 0096 00       		.byte	0
 325 0097 00       		.byte	0
 326              		.section	.debug_aranges,"",%progbits
 327 0000 1C000000 		.4byte	0x1c
 328 0004 0200     		.2byte	0x2
 329 0006 00000000 		.4byte	.Ldebug_info0
 330 000a 04       		.byte	0x4
 331 000b 00       		.byte	0
 332 000c 0000     		.2byte	0
 333 000e 0000     		.2byte	0
 334 0010 00000000 		.4byte	.LFB63
 335 0014 18000000 		.4byte	.LFE63-.LFB63
 336 0018 00000000 		.4byte	0
 337 001c 00000000 		.4byte	0
 338              		.section	.debug_ranges,"",%progbits
ARM GAS  C:\Users\Aluno\AppData\Local\Temp\ccfdD2vB.s 			page 9


 339              	.Ldebug_ranges0:
 340 0000 00000000 		.4byte	.LFB63
 341 0004 18000000 		.4byte	.LFE63
 342 0008 00000000 		.4byte	0
 343 000c 00000000 		.4byte	0
 344              		.section	.debug_line,"",%progbits
 345              	.Ldebug_line0:
 346 0000 71010000 		.section	.debug_str,"MS",%progbits,1
 346      02005501 
 346      00000201 
 346      FB0E0D00 
 346      01010101 
 347              	.LASF7:
 348 0000 6C6F6E67 		.ascii	"long long int\000"
 348      206C6F6E 
 348      6720696E 
 348      7400
 349              	.LASF3:
 350 000e 73686F72 		.ascii	"short unsigned int\000"
 350      7420756E 
 350      7369676E 
 350      65642069 
 350      6E7400
 351              	.LASF5:
 352 0021 756E7369 		.ascii	"unsigned int\000"
 352      676E6564 
 352      20696E74 
 352      00
 353              	.LASF2:
 354 002e 7369676E 		.ascii	"signed char\000"
 354      65642063 
 354      68617200 
 355              	.LASF13:
 356 003a 696E7433 		.ascii	"int32_t\000"
 356      325F7400 
 357              	.LASF11:
 358 0042 6C6F6E67 		.ascii	"long unsigned int\000"
 358      20756E73 
 358      69676E65 
 358      6420696E 
 358      7400
 359              	.LASF6:
 360 0054 6C6F6E67 		.ascii	"long long unsigned int\000"
 360      206C6F6E 
 360      6720756E 
 360      7369676E 
 360      65642069 
 361              	.LASF18:
 362 006b 433A5C55 		.ascii	"C:\\Users\\Aluno\\Documents\\PSoC Creator\\BCC722-P"
 362      73657273 
 362      5C416C75 
 362      6E6F5C44 
 362      6F63756D 
 363 0099 52415449 		.ascii	"RATICA-03\\UCoS\\Micrium_2\\Software\\EvalBoards\\C"
 363      43412D30 
 363      335C5543 
 363      6F535C4D 
ARM GAS  C:\Users\Aluno\AppData\Local\Temp\ccfdD2vB.s 			page 10


 363      69637269 
 364 00c7 79707265 		.ascii	"ypress\\CY8CKIT-050\\PSoC\\uCOS-III-Probe\\Pratica0"
 364      73735C43 
 364      5938434B 
 364      49542D30 
 364      35305C50 
 365 00f6 332D7543 		.ascii	"3-uCOS-III.cydsn\000"
 365      4F532D49 
 365      49492E63 
 365      7964736E 
 365      00
 366              	.LASF16:
 367 0107 474E5520 		.ascii	"GNU C11 5.4.1 20160609 (release) [ARM/embedded-5-br"
 367      43313120 
 367      352E342E 
 367      31203230 
 367      31363036 
 368 013a 616E6368 		.ascii	"anch revision 237715] -mcpu=cortex-m3 -mthumb -g -O"
 368      20726576 
 368      6973696F 
 368      6E203233 
 368      37373135 
 369 016d 30202D66 		.ascii	"0 -ffunction-sections -ffat-lto-objects\000"
 369      66756E63 
 369      74696F6E 
 369      2D736563 
 369      74696F6E 
 370              	.LASF1:
 371 0195 756E7369 		.ascii	"unsigned char\000"
 371      676E6564 
 371      20636861 
 371      7200
 372              	.LASF0:
 373 01a3 63686172 		.ascii	"char\000"
 373      00
 374              	.LASF10:
 375 01a8 6C6F6E67 		.ascii	"long int\000"
 375      20696E74 
 375      00
 376              	.LASF9:
 377 01b1 646F7562 		.ascii	"double\000"
 377      6C6500
 378              	.LASF21:
 379 01b8 49544D5F 		.ascii	"ITM_RxBuffer\000"
 379      52784275 
 379      66666572 
 379      00
 380              	.LASF20:
 381 01c5 7072696E 		.ascii	"printf\000"
 381      746600
 382              	.LASF14:
 383 01cc 6C6F6E67 		.ascii	"long double\000"
 383      20646F75 
 383      626C6500 
 384              	.LASF12:
 385 01d8 5F5F696E 		.ascii	"__int32_t\000"
 385      7433325F 
ARM GAS  C:\Users\Aluno\AppData\Local\Temp\ccfdD2vB.s 			page 11


 385      7400
 386              	.LASF8:
 387 01e2 666C6F61 		.ascii	"float\000"
 387      7400
 388              	.LASF4:
 389 01e8 73686F72 		.ascii	"short int\000"
 389      7420696E 
 389      7400
 390              	.LASF19:
 391 01f2 4170705F 		.ascii	"App_ProbeInit\000"
 391      50726F62 
 391      65496E69 
 391      7400
 392              	.LASF17:
 393 0200 2E2E5C61 		.ascii	"..\\app_probe.c\000"
 393      70705F70 
 393      726F6265 
 393      2E6300
 394              	.LASF15:
 395 020f 73697A65 		.ascii	"sizetype\000"
 395      74797065 
 395      00
 396              		.ident	"GCC: (GNU Tools for ARM Embedded Processors) 5.4.1 20160609 (release) [ARM/embedded-5-bran
