Archive member included to satisfy reference by file (symbol)

.\CortexM0\ARM_GCC_Generic\Debug\OS3.a(PWM_Blue.o)
                              .\CortexM0\ARM_GCC_Generic\Debug\bsp.o (PWM_Blue_WriteCompare)
.\CortexM0\ARM_GCC_Generic\Debug\OS3.a(PWM_Green.o)
                              .\CortexM0\ARM_GCC_Generic\Debug\bsp.o (PWM_Green_WriteCompare)
.\CortexM0\ARM_GCC_Generic\Debug\OS3.a(PWM_Red.o)
                              .\CortexM0\ARM_GCC_Generic\Debug\bsp.o (PWM_Red_WriteCompare)
.\CortexM0\ARM_GCC_Generic\Debug\OS3.a(Accel_Pin.o)
                              .\CortexM0\ARM_GCC_Generic\Debug\bsp.o (Accel_Pin_ClearInterrupt)
.\CortexM0\ARM_GCC_Generic\Debug\OS3.a(I2C.o)
                              .\CortexM0\ARM_GCC_Generic\Debug\bsp.o (I2C_Start)
.\CortexM0\ARM_GCC_Generic\Debug\OS3.a(I2C_I2C.o)
                              .\CortexM0\ARM_GCC_Generic\Debug\OS3.a(I2C.o) (I2C_I2CInit)
.\CortexM0\ARM_GCC_Generic\Debug\OS3.a(I2C_I2C_MASTER.o)
                              .\CortexM0\ARM_GCC_Generic\Debug\bsp.o (I2C_I2CMasterSendStart)
.\CortexM0\ARM_GCC_Generic\Debug\OS3.a(SW2.o)
                              .\CortexM0\ARM_GCC_Generic\Debug\bsp.o (SW2_Read)
.\CortexM0\ARM_GCC_Generic\Debug\OS3.a(Accel_ISR.o)
                              .\CortexM0\ARM_GCC_Generic\Debug\bsp.o (Accel_ISR_StartEx)
.\CortexM0\ARM_GCC_Generic\Debug\OS3.a(Temp_Sensor.o)
                              .\CortexM0\ARM_GCC_Generic\Debug\bsp.o (Temp_Sensor_Start)
.\CortexM0\ARM_GCC_Generic\Debug\OS3.a(Temp_Sensor_INT.o)
                              .\CortexM0\ARM_GCC_Generic\Debug\OS3.a(Temp_Sensor.o) (Temp_Sensor_EOC_ISR_Int)
.\CortexM0\ARM_GCC_Generic\Debug\OS3.a(Opamp.o)
                              .\CortexM0\ARM_GCC_Generic\Debug\bsp.o (Opamp_Start)
.\CortexM0\ARM_GCC_Generic\Debug\OS3.a(ADC.o)
                              .\CortexM0\ARM_GCC_Generic\Debug\bsp.o (ADC_Start)
.\CortexM0\ARM_GCC_Generic\Debug\OS3.a(ADC_INT.o)
                              .\CortexM0\ARM_GCC_Generic\Debug\OS3.a(ADC.o) (ADC_ISR)
.\CortexM0\ARM_GCC_Generic\Debug\OS3.a(I2C_sda.o)
                              .\CortexM0\ARM_GCC_Generic\Debug\OS3.a(I2C_I2C_MASTER.o) (I2C_sda_Read)
.\CortexM0\ARM_GCC_Generic\Debug\OS3.a(I2C_scl.o)
                              .\CortexM0\ARM_GCC_Generic\Debug\OS3.a(I2C_I2C_MASTER.o) (I2C_scl_Write)
.\CortexM0\ARM_GCC_Generic\Debug\OS3.a(Temp_Sensor_EOC_ISR.o)
                              .\CortexM0\ARM_GCC_Generic\Debug\OS3.a(Temp_Sensor.o) (Temp_Sensor_EOC_ISR_Enable)
.\CortexM0\ARM_GCC_Generic\Debug\OS3.a(CyLib.o)
                              .\CortexM0\ARM_GCC_Generic\Debug\cyfitter_cfg.o (CyIntEnable)
.\CortexM0\ARM_GCC_Generic\Debug\OS3.a(CyLFClk.o)
                              .\CortexM0\ARM_GCC_Generic\Debug\cyfitter_cfg.o (CySysWdtIsr)
.\CortexM0\ARM_GCC_Generic\Debug\OS3.a(CyBootAsmGnu.o)
                              .\CortexM0\ARM_GCC_Generic\Debug\OS3.a(CyLib.o) (CyDelayCycles)
.\CortexM0\ARM_GCC_Generic\Debug\OS3.a(I2C_I2C_INT.o)
                              .\CortexM0\ARM_GCC_Generic\Debug\OS3.a(I2C_I2C.o) (I2C_I2C_ISR)
c:/program files (x86)/gnu tools arm embedded/8 2018-q4-major/bin/../lib/gcc/arm-none-eabi/8.2.1/thumb/v6-m/nofp\libgcc.a(_udivsi3.o)
                              .\CortexM0\ARM_GCC_Generic\Debug\bsp_os.o (__aeabi_uidiv)
c:/program files (x86)/gnu tools arm embedded/8 2018-q4-major/bin/../lib/gcc/arm-none-eabi/8.2.1/thumb/v6-m/nofp\libgcc.a(_divsi3.o)
                              .\CortexM0\ARM_GCC_Generic\Debug\OS3.a(Temp_Sensor.o) (__aeabi_idiv)
c:/program files (x86)/gnu tools arm embedded/8 2018-q4-major/bin/../lib/gcc/arm-none-eabi/8.2.1/thumb/v6-m/nofp\libgcc.a(_dvmd_tls.o)
                              c:/program files (x86)/gnu tools arm embedded/8 2018-q4-major/bin/../lib/gcc/arm-none-eabi/8.2.1/thumb/v6-m/nofp\libgcc.a(_udivsi3.o) (__aeabi_idiv0)
c:/program files (x86)/gnu tools arm embedded/8 2018-q4-major/bin/../lib/gcc/arm-none-eabi/8.2.1/thumb/v6-m/nofp\libgcc.a(_aeabi_ldivmod.o)
                              .\CortexM0\ARM_GCC_Generic\Debug\OS3.a(ADC.o) (__aeabi_ldivmod)
c:/program files (x86)/gnu tools arm embedded/8 2018-q4-major/bin/../lib/gcc/arm-none-eabi/8.2.1/thumb/v6-m/nofp\libgcc.a(_aeabi_uldivmod.o)
                              .\CortexM0\ARM_GCC_Generic\Debug\cpu_bsp.o (__aeabi_uldivmod)
c:/program files (x86)/gnu tools arm embedded/8 2018-q4-major/bin/../lib/gcc/arm-none-eabi/8.2.1/thumb/v6-m/nofp\libgcc.a(_muldi3.o)
                              .\CortexM0\ARM_GCC_Generic\Debug\OS3.a(ADC.o) (__aeabi_lmul)
c:/program files (x86)/gnu tools arm embedded/8 2018-q4-major/bin/../lib/gcc/arm-none-eabi/8.2.1/thumb/v6-m/nofp\libgcc.a(_udivmoddi4.o)
                              c:/program files (x86)/gnu tools arm embedded/8 2018-q4-major/bin/../lib/gcc/arm-none-eabi/8.2.1/thumb/v6-m/nofp\libgcc.a(_aeabi_uldivmod.o) (__udivmoddi4)
[...]
Memory Configuration

Name             Origin             Length             Attributes
rom              0x00000000         0x00008000         xr
ram              0x20000000         0x00001000         xrw
*default*        0x00000000         0xffffffff

Linker script and memory map

LOAD c:/program files (x86)/gnu tools arm embedded/8 2018-q4-major/bin/../lib/gcc/arm-none-eabi/8.2.1/thumb/v6-m/nofp/crti.o
LOAD c:/program files (x86)/gnu tools arm embedded/8 2018-q4-major/bin/../lib/gcc/arm-none-eabi/8.2.1/thumb/v6-m/nofp/crtbegin.o
LOAD c:/program files (x86)/gnu tools arm embedded/8 2018-q4-major/bin/../lib/gcc/arm-none-eabi/8.2.1/../../../../arm-none-eabi/lib/thumb/v6-m/nofp/crt0.o
START GROUP
LOAD .\CortexM0\ARM_GCC_Generic\Debug\app.o
LOAD .\CortexM0\ARM_GCC_Generic\Debug\os_app_hooks.o
LOAD .\CortexM0\ARM_GCC_Generic\Debug\bsp_os.o
LOAD .\CortexM0\ARM_GCC_Generic\Debug\cpu_bsp.o
LOAD .\CortexM0\ARM_GCC_Generic\Debug\bsp.o
LOAD .\CortexM0\ARM_GCC_Generic\Debug\cpu_c.o
LOAD .\CortexM0\ARM_GCC_Generic\Debug\cpu_core.o
LOAD .\CortexM0\ARM_GCC_Generic\Debug\os_cpu_c.o
LOAD .\CortexM0\ARM_GCC_Generic\Debug\os_cfg_app.o
LOAD .\CortexM0\ARM_GCC_Generic\Debug\os_core.o
LOAD .\CortexM0\ARM_GCC_Generic\Debug\os_dbg.o
LOAD .\CortexM0\ARM_GCC_Generic\Debug\os_flag.o
LOAD .\CortexM0\ARM_GCC_Generic\Debug\os_int.o
LOAD .\CortexM0\ARM_GCC_Generic\Debug\os_mem.o
LOAD .\CortexM0\ARM_GCC_Generic\Debug\os_mon.o
LOAD .\CortexM0\ARM_GCC_Generic\Debug\os_msg.o
LOAD .\CortexM0\ARM_GCC_Generic\Debug\os_mutex.o
LOAD .\CortexM0\ARM_GCC_Generic\Debug\os_pend_multi.o
LOAD .\CortexM0\ARM_GCC_Generic\Debug\os_prio.o
LOAD .\CortexM0\ARM_GCC_Generic\Debug\os_q.o
LOAD .\CortexM0\ARM_GCC_Generic\Debug\os_sem.o
LOAD .\CortexM0\ARM_GCC_Generic\Debug\os_stat.o
LOAD .\CortexM0\ARM_GCC_Generic\Debug\os_task.o
LOAD .\CortexM0\ARM_GCC_Generic\Debug\os_tick.o
LOAD .\CortexM0\ARM_GCC_Generic\Debug\os_time.o
LOAD .\CortexM0\ARM_GCC_Generic\Debug\os_tmr.o
LOAD .\CortexM0\ARM_GCC_Generic\Debug\os_var.o
LOAD .\CortexM0\ARM_GCC_Generic\Debug\lib_ascii.o
LOAD .\CortexM0\ARM_GCC_Generic\Debug\lib_math.o
LOAD .\CortexM0\ARM_GCC_Generic\Debug\lib_mem.o
LOAD .\CortexM0\ARM_GCC_Generic\Debug\lib_str.o
LOAD .\CortexM0\ARM_GCC_Generic\Debug\cyfitter_cfg.o
LOAD .\CortexM0\ARM_GCC_Generic\Debug\cymetadata.o
LOAD .\CortexM0\ARM_GCC_Generic\Debug\Cm0Start.o
LOAD .\CortexM0\ARM_GCC_Generic\Debug\cpu_a.o
LOAD .\CortexM0\ARM_GCC_Generic\Debug\os_cpu_a.o
LOAD .\CortexM0\ARM_GCC_Generic\Debug\OS3.a
END GROUP
START GROUP
LOAD c:/program files (x86)/gnu tools arm embedded/8 2018-q4-major/bin/../lib/gcc/arm-none-eabi/8.2.1/thumb/v6-m/nofp\libgcc.a
LOAD c:/program files (x86)/gnu tools arm embedded/8 2018-q4-major/bin/../lib/gcc/arm-none-eabi/8.2.1/../../../../arm-none-eabi/lib/thumb/v6-m/nofp\libg_nano.a
LOAD c:/program files (x86)/gnu tools arm embedded/8 2018-q4-major/bin/../lib/gcc/arm-none-eabi/8.2.1/../../../../arm-none-eabi/lib/thumb/v6-m/nofp\libc_nano.a
END GROUP
START GROUP
LOAD c:/program files (x86)/gnu tools arm embedded/8 2018-q4-major/bin/../lib/gcc/arm-none-eabi/8.2.1/thumb/v6-m/nofp\libgcc.a
LOAD c:/program files (x86)/gnu tools arm embedded/8 2018-q4-major/bin/../lib/gcc/arm-none-eabi/8.2.1/../../../../arm-none-eabi/lib/thumb/v6-m/nofp\libc_nano.a
END GROUP
LOAD c:/program files (x86)/gnu tools arm embedded/8 2018-q4-major/bin/../lib/gcc/arm-none-eabi/8.2.1/thumb/v6-m/nofp/crtend.o
LOAD c:/program files (x86)/gnu tools arm embedded/8 2018-q4-major/bin/../lib/gcc/arm-none-eabi/8.2.1/thumb/v6-m/nofp/crtn.o
START GROUP
LOAD c:/program files (x86)/gnu tools arm embedded/8 2018-q4-major/bin/../lib/gcc/arm-none-eabi/8.2.1/thumb/v6-m/nofp\libgcc.a
LOAD c:/program files (x86)/gnu tools arm embedded/8 2018-q4-major/bin/../lib/gcc/arm-none-eabi/8.2.1/../../../../arm-none-eabi/lib/thumb/v6-m/nofp\libc.a
LOAD c:/program files (x86)/gnu tools arm embedded/8 2018-q4-major/bin/../lib/gcc/arm-none-eabi/8.2.1/../../../../arm-none-eabi/lib/thumb/v6-m/nofp\libnosys.a
END GROUP
                0x00000000                CY_APPL_ORIGIN = 0x0
                0x00000080                CY_FLASH_ROW_SIZE = 0x80
                0x00000001                CY_APPL_NUM = 0x1
                0x00000001                CY_APPL_MAX = 0x1
                0x00000040                CY_METADATA_SIZE = 0x40
                0x00000000                CY_APPL_LOADABLE = 0x0
                0x00000000                CY_CHECKSUM_EXCLUDE_SIZE = ALIGN (0x0, CY_FLASH_ROW_SIZE)
                0x00000000                CY_APP_FOR_STACK_AND_COPIER = 0x0
                [!provide]                PROVIDE (__cy_heap_start = _end)
                0x00000001                PROVIDE (__cy_region_num = ((__cy_regions_end - __cy_regions) / 0x10))
                0x20001000                PROVIDE (__cy_stack = (ORIGIN (ram) + LENGTH (ram)))
                [!provide]                PROVIDE (__cy_heap_end = (__cy_stack - 0x800))

.cybootloader   0x00000000        0x0
 *(.cybootloader)
                0x00000000                appl1_start = CY_APPL_ORIGIN?CY_APPL_ORIGIN:ALIGN (CY_FLASH_ROW_SIZE)
                0x00003f80                appl2_start = (appl1_start + ALIGN ((((LENGTH (rom) - appl1_start) - (0x2 * CY_FLASH_ROW_SIZE)) / 0x2), CY_FLASH_ROW_SIZE))
                0x00000000                appl_start = (CY_APPL_NUM == 0x1)?appl1_start:appl2_start
                0x00000001                cy_project_type_bootloader = (appl_start == 0x0)?0x1:0x0
                0x00000000                cy_project_type_app_for_stack_and_copier = (CY_APP_FOR_STACK_AND_COPIER == 0x1)?0x1:0x0

.text           0x00000000     0x40e8
 CREATE_OBJECT_SYMBOLS
                0x00000000                PROVIDE (__cy_interrupt_vector = RomVectors)
 *(.romvectors)
 .romvectors    0x00000000       0x10 .\CortexM0\ARM_GCC_Generic\Debug\Cm0Start.o
                0x00000000                RomVectors
                0x00000001                ASSERT ((. != __cy_interrupt_vector), No interrupt vector)
                0x00000001                ASSERT (CY_APPL_ORIGIN?(SIZEOF (.cybootloader) <= CY_APPL_ORIGIN):0x1, Wrong image location)
                0x00000010                PROVIDE (__cy_reset = Reset)
 *(.text.Reset)
 .text.Reset    0x00000010        0x6 .\CortexM0\ARM_GCC_Generic\Debug\Cm0Start.o
                0x00000010                Reset
                0x00000001                ASSERT ((. != __cy_reset), No reset code)
 *(.psocinit)
 *fill*         0x00000016        0x2 
 .psocinit      0x00000018      0x288 .\CortexM0\ARM_GCC_Generic\Debug\cyfitter_cfg.o
                0x000000dc                cyfitter_cfg
                0x000002a0                . = MAX (., 0x100)
 *(.text .text.* .gnu.linkonce.t.*)
 .text          0x000002a0       0x48 c:/program files (x86)/gnu tools arm embedded/8 2018-q4-major/bin/../lib/gcc/arm-none-eabi/8.2.1/thumb/v6-m/nofp/crtbegin.o
 .text.App_TaskCreate
                0x000002e8       0x44 .\CortexM0\ARM_GCC_Generic\Debug\app.o
 .text.App_TaskStart
                0x0000032c       0x9c .\CortexM0\ARM_GCC_Generic\Debug\app.o
 .text.App_Demo_SensorTask
                0x000003c8       0x1c .\CortexM0\ARM_GCC_Generic\Debug\app.o
 .text.main     0x000003e4       0x60 .\CortexM0\ARM_GCC_Generic\Debug\app.o
                0x000003e4                main
 .text.BSP_OS_TimeDlyMs
                0x00000444       0x54 .\CortexM0\ARM_GCC_Generic\Debug\bsp_os.o
                0x00000444                BSP_OS_TimeDlyMs
 .text.CPU_TS_TmrInit
                0x00000498       0x2c .\CortexM0\ARM_GCC_Generic\Debug\cpu_bsp.o
                0x00000498                CPU_TS_TmrInit
 .text.CPU_TS_TmrRd
                0x000004c4        0xc .\CortexM0\ARM_GCC_Generic\Debug\cpu_bsp.o
                0x000004c4                CPU_TS_TmrRd
 .text.BSP_Accel_RegRdWr
                0x000004d0       0x62 .\CortexM0\ARM_GCC_Generic\Debug\bsp.o
 .text.BSP_Accel_InitSelfTst
                0x00000532       0xa2 .\CortexM0\ARM_GCC_Generic\Debug\bsp.o
 .text.BSP_Accel_ISR_Handler
                0x000005d4       0x18 .\CortexM0\ARM_GCC_Generic\Debug\bsp.o
                0x000005d4                BSP_Accel_ISR_Handler
 .text.BSP_Init
                0x000005ec       0x40 .\CortexM0\ARM_GCC_Generic\Debug\bsp.o
                0x000005ec                BSP_Init
 .text.BSP_CPU_ClkFreq
                0x0000062c        0x8 .\CortexM0\ARM_GCC_Generic\Debug\bsp.o
                0x0000062c                BSP_CPU_ClkFreq
 .text.BSP_CPU_TickInit
                0x00000634        0xc .\CortexM0\ARM_GCC_Generic\Debug\bsp.o
                0x00000634                BSP_CPU_TickInit
 .text.BSP_RGB_ColorSet
                0x00000640       0x5c .\CortexM0\ARM_GCC_Generic\Debug\bsp.o
                0x00000640                BSP_RGB_ColorSet
 .text.BSP_RGB_On
                0x0000069c       0x10 .\CortexM0\ARM_GCC_Generic\Debug\bsp.o
                0x0000069c                BSP_RGB_On
 .text.BSP_RGB_ColorRead
                0x000006ac       0x50 .\CortexM0\ARM_GCC_Generic\Debug\bsp.o
                0x000006ac                BSP_RGB_ColorRead
 .text.BSP_RGB_Off
                0x000006fc       0x18 .\CortexM0\ARM_GCC_Generic\Debug\bsp.o
                0x000006fc                BSP_RGB_Off
 .text.BSP_PB_StatusGet
                0x00000714       0x12 .\CortexM0\ARM_GCC_Generic\Debug\bsp.o
                0x00000714                BSP_PB_StatusGet
 *fill*         0x00000726        0x2 
 .text.BSP_Accel_Init
                0x00000728       0xb4 .\CortexM0\ARM_GCC_Generic\Debug\bsp.o
                0x00000728                BSP_Accel_Init
 .text.CPU_IntDisMeasMaxCalc
                0x000007dc       0x14 .\CortexM0\ARM_GCC_Generic\Debug\cpu_core.o
 .text.CPU_TS_Init
                0x000007f0       0x14 .\CortexM0\ARM_GCC_Generic\Debug\cpu_core.o
 .text.CPU_TS_TmrFreqSet
                0x00000804        0xc .\CortexM0\ARM_GCC_Generic\Debug\cpu_core.o
                0x00000804                CPU_TS_TmrFreqSet
 .text.CPU_IntDisMeasMaxCurGet
                0x00000810       0x1c .\CortexM0\ARM_GCC_Generic\Debug\cpu_core.o
                0x00000810                CPU_IntDisMeasMaxCurGet
 .text.CPU_IntDisMeasMaxCurReset
                0x0000082c       0x20 .\CortexM0\ARM_GCC_Generic\Debug\cpu_core.o
                0x0000082c                CPU_IntDisMeasMaxCurReset
 .text.CPU_IntDisMeasMaxGet
                0x0000084c       0x1c .\CortexM0\ARM_GCC_Generic\Debug\cpu_core.o
                0x0000084c                CPU_IntDisMeasMaxGet
 .text.CPU_IntDisMeasStart
                0x00000868       0x34 .\CortexM0\ARM_GCC_Generic\Debug\cpu_core.o
                0x00000868                CPU_IntDisMeasStart
 .text.CPU_IntDisMeasStop
                0x0000089c       0x50 .\CortexM0\ARM_GCC_Generic\Debug\cpu_core.o
                0x0000089c                CPU_IntDisMeasStop
 .text.CPU_IntDisMeasInit
                0x000008ec       0x78 .\CortexM0\ARM_GCC_Generic\Debug\cpu_core.o
 .text.CPU_NameClr
                0x00000964       0x24 .\CortexM0\ARM_GCC_Generic\Debug\cpu_core.o
                0x00000964                CPU_NameClr
 .text.CPU_NameInit
                0x00000988        0x8 .\CortexM0\ARM_GCC_Generic\Debug\cpu_core.o
 .text.CPU_Init
                0x00000990       0x10 .\CortexM0\ARM_GCC_Generic\Debug\cpu_core.o
                0x00000990                CPU_Init
 .text.CPU_CntLeadZeros32
                0x000009a0       0x40 .\CortexM0\ARM_GCC_Generic\Debug\cpu_core.o
                0x000009a0                CPU_CntLeadZeros32
 .text.CPU_CntLeadZeros
                0x000009e0        0x8 .\CortexM0\ARM_GCC_Generic\Debug\cpu_core.o
                0x000009e0                CPU_CntLeadZeros
 .text.OSIdleTaskHook
                0x000009e8        0x2 .\CortexM0\ARM_GCC_Generic\Debug\os_cpu_c.o
                0x000009e8                OSIdleTaskHook
 *fill*         0x000009ea        0x2 
 .text.OSInitHook
                0x000009ec       0x24 .\CortexM0\ARM_GCC_Generic\Debug\os_cpu_c.o
                0x000009ec                OSInitHook
 .text.OSStatTaskHook
                0x00000a10        0x2 .\CortexM0\ARM_GCC_Generic\Debug\os_cpu_c.o
                0x00000a10                OSStatTaskHook
 .text.OSTaskCreateHook
                0x00000a12        0x2 .\CortexM0\ARM_GCC_Generic\Debug\os_cpu_c.o
                0x00000a12                OSTaskCreateHook
 .text.OSTaskReturnHook
                0x00000a14        0x2 .\CortexM0\ARM_GCC_Generic\Debug\os_cpu_c.o
                0x00000a14                OSTaskReturnHook
 *fill*         0x00000a16        0x2 
 .text.OSTaskStkInit
                0x00000a18       0xa8 .\CortexM0\ARM_GCC_Generic\Debug\os_cpu_c.o
                0x00000a18                OSTaskStkInit
 .text.OSTaskSwHook
                0x00000ac0       0x18 .\CortexM0\ARM_GCC_Generic\Debug\os_cpu_c.o
                0x00000ac0                OSTaskSwHook
 .text.OSTimeTickHook
                0x00000ad8        0x2 .\CortexM0\ARM_GCC_Generic\Debug\os_cpu_c.o
                0x00000ad8                OSTimeTickHook
 .text.SysTick_Handler
                0x00000ada       0x24 .\CortexM0\ARM_GCC_Generic\Debug\os_cpu_c.o
                0x00000ada                SysTick_Handler
 *fill*         0x00000afe        0x2 
 .text.OS_CPU_SysTickInit
                0x00000b00       0x40 .\CortexM0\ARM_GCC_Generic\Debug\os_cpu_c.o
                0x00000b00                OS_CPU_SysTickInit
 .text.OSCfg_Init
                0x00000b40        0x2 .\CortexM0\ARM_GCC_Generic\Debug\os_cfg_app.o
                0x00000b40                OSCfg_Init
 *fill*         0x00000b42        0x2 
 .text.OS_IdleTask
                0x00000b44       0x34 .\CortexM0\ARM_GCC_Generic\Debug\os_core.o
                0x00000b44                OS_IdleTask
 .text.OSIntEnter
                0x00000b78       0x20 .\CortexM0\ARM_GCC_Generic\Debug\os_core.o
                0x00000b78                OSIntEnter
 .text.OSIntExit
                0x00000b98       0x9c .\CortexM0\ARM_GCC_Generic\Debug\os_core.o
                0x00000b98                OSIntExit
 .text.OSSched  0x00000c34       0x70 .\CortexM0\ARM_GCC_Generic\Debug\os_core.o
                0x00000c34                OSSched
 .text.OSSchedLock
                0x00000ca4       0x68 .\CortexM0\ARM_GCC_Generic\Debug\os_core.o
                0x00000ca4                OSSchedLock
 .text.OSSchedUnlock
                0x00000d0c       0x88 .\CortexM0\ARM_GCC_Generic\Debug\os_core.o
                0x00000d0c                OSSchedUnlock
 .text.OSStart  0x00000d94       0x60 .\CortexM0\ARM_GCC_Generic\Debug\os_core.o
                0x00000d94                OSStart
 .text.OS_IdleTaskInit
                0x00000df4       0x58 .\CortexM0\ARM_GCC_Generic\Debug\os_core.o
                0x00000df4                OS_IdleTaskInit
 .text.OS_PendDataInit
                0x00000e4c       0x26 .\CortexM0\ARM_GCC_Generic\Debug\os_core.o
                0x00000e4c                OS_PendDataInit
 *fill*         0x00000e72        0x2 
 .text.OS_PendDbgNameAdd
                0x00000e74       0x3c .\CortexM0\ARM_GCC_Generic\Debug\os_core.o
                0x00000e74                OS_PendDbgNameAdd
 .text.OS_PendDbgNameRemove
                0x00000eb0       0x1c .\CortexM0\ARM_GCC_Generic\Debug\os_core.o
                0x00000eb0                OS_PendDbgNameRemove
 .text.OS_PendListInsertPrio
                0x00000ecc       0x60 .\CortexM0\ARM_GCC_Generic\Debug\os_core.o
                0x00000ecc                OS_PendListInsertPrio
 .text.OS_PendListRemove1
                0x00000f2c       0x3c .\CortexM0\ARM_GCC_Generic\Debug\os_core.o
                0x00000f2c                OS_PendListRemove1
 .text.OS_PendListChangePrio
                0x00000f68       0x36 .\CortexM0\ARM_GCC_Generic\Debug\os_core.o
                0x00000f68                OS_PendListChangePrio
 .text.OS_PendListRemove
                0x00000f9e       0x26 .\CortexM0\ARM_GCC_Generic\Debug\os_core.o
                0x00000f9e                OS_PendListRemove
 .text.OS_Post1
                0x00000fc4       0x24 .\CortexM0\ARM_GCC_Generic\Debug\os_core.o
                0x00000fc4                OS_Post1
 .text.OS_RdyListInit
                0x00000fe8       0x2c .\CortexM0\ARM_GCC_Generic\Debug\os_core.o
                0x00000fe8                OS_RdyListInit
 .text.OSInit   0x00001014       0xd4 .\CortexM0\ARM_GCC_Generic\Debug\os_core.o
                0x00001014                OSInit
 .text.OS_RdyListInsertHead
                0x000010e8       0x5c .\CortexM0\ARM_GCC_Generic\Debug\os_core.o
                0x000010e8                OS_RdyListInsertHead
 .text.OS_RdyListInsertTail
                0x00001144       0x58 .\CortexM0\ARM_GCC_Generic\Debug\os_core.o
                0x00001144                OS_RdyListInsertTail
 .text.OS_RdyListInsert
                0x0000119c       0x2c .\CortexM0\ARM_GCC_Generic\Debug\os_core.o
                0x0000119c                OS_RdyListInsert
 .text.OS_RdyListRemove
                0x000011c8       0x7c .\CortexM0\ARM_GCC_Generic\Debug\os_core.o
                0x000011c8                OS_RdyListRemove
 .text.OS_TaskBlock
                0x00001244       0x3c .\CortexM0\ARM_GCC_Generic\Debug\os_core.o
                0x00001244                OS_TaskBlock
 .text.OS_Pend  0x00001280       0x54 .\CortexM0\ARM_GCC_Generic\Debug\os_core.o
                0x00001280                OS_Pend
 .text.OS_TaskRdy
                0x000012d4       0x1a .\CortexM0\ARM_GCC_Generic\Debug\os_core.o
                0x000012d4                OS_TaskRdy
 .text.OS_Post  0x000012ee       0xa0 .\CortexM0\ARM_GCC_Generic\Debug\os_core.o
                0x000012ee                OS_Post
 .text.OS_Dbg_Init
                0x0000138e        0x2 .\CortexM0\ARM_GCC_Generic\Debug\os_dbg.o
                0x0000138e                OS_Dbg_Init
 .text.OS_PrioInit
                0x00001390       0x18 .\CortexM0\ARM_GCC_Generic\Debug\os_prio.o
                0x00001390                OS_PrioInit
 .text.OS_PrioGetHighest
                0x000013a8       0x24 .\CortexM0\ARM_GCC_Generic\Debug\os_prio.o
                0x000013a8                OS_PrioGetHighest
 .text.OS_PrioInsert
                0x000013cc       0x1c .\CortexM0\ARM_GCC_Generic\Debug\os_prio.o
                0x000013cc                OS_PrioInsert
 .text.OS_PrioRemove
                0x000013e8       0x1c .\CortexM0\ARM_GCC_Generic\Debug\os_prio.o
                0x000013e8                OS_PrioRemove
 .text.OS_SemInit
                0x00001404       0x18 .\CortexM0\ARM_GCC_Generic\Debug\os_sem.o
                0x00001404                OS_SemInit
 .text.OSStatReset
                0x0000141c       0x8c .\CortexM0\ARM_GCC_Generic\Debug\os_stat.o
                0x0000141c                OSStatReset
 .text.OS_StatTask
                0x000014a8      0x1a8 .\CortexM0\ARM_GCC_Generic\Debug\os_stat.o
                0x000014a8                OS_StatTask
 .text.OSStatTaskCPUUsageInit
                0x00001650       0xd4 .\CortexM0\ARM_GCC_Generic\Debug\os_stat.o
                0x00001650                OSStatTaskCPUUsageInit
 .text.OS_StatTaskInit
                0x00001724       0xb4 .\CortexM0\ARM_GCC_Generic\Debug\os_stat.o
                0x00001724                OS_StatTaskInit
 .text.OSTaskChangePrio
                0x000017d8       0xe8 .\CortexM0\ARM_GCC_Generic\Debug\os_task.o
                0x000017d8                OSTaskChangePrio
 .text.OSTaskSemPend
                0x000018c0      0x13c .\CortexM0\ARM_GCC_Generic\Debug\os_task.o
                0x000018c0                OSTaskSemPend
 .text.OSTaskStkChk
                0x000019fc       0xbc .\CortexM0\ARM_GCC_Generic\Debug\os_task.o
                0x000019fc                OSTaskStkChk
 .text.OS_TaskDbgListAdd
                0x00001ab8       0x20 .\CortexM0\ARM_GCC_Generic\Debug\os_task.o
                0x00001ab8                OS_TaskDbgListAdd
 .text.OS_TaskInit
                0x00001ad8       0x20 .\CortexM0\ARM_GCC_Generic\Debug\os_task.o
                0x00001ad8                OS_TaskInit
 .text.OS_TaskInitTCB
                0x00001af8       0x80 .\CortexM0\ARM_GCC_Generic\Debug\os_task.o
                0x00001af8                OS_TaskInitTCB
 .text.OSTaskCreate
                0x00001b78      0x194 .\CortexM0\ARM_GCC_Generic\Debug\os_task.o
                0x00001b78                OSTaskCreate
 .text.OS_TaskResume
                0x00001d0c       0xdc .\CortexM0\ARM_GCC_Generic\Debug\os_task.o
                0x00001d0c                OS_TaskResume
 .text.OSTaskResume
                0x00001de8       0x60 .\CortexM0\ARM_GCC_Generic\Debug\os_task.o
                0x00001de8                OSTaskResume
 .text.OS_TaskReturn
                0x00001e48       0x24 .\CortexM0\ARM_GCC_Generic\Debug\os_task.o
                0x00001e48                OS_TaskReturn
 .text.OS_TaskSemPost
                0x00001e6c       0xe0 .\CortexM0\ARM_GCC_Generic\Debug\os_task.o
                0x00001e6c                OS_TaskSemPost
 .text.OSTaskSemPost
                0x00001f4c       0x34 .\CortexM0\ARM_GCC_Generic\Debug\os_task.o
                0x00001f4c                OSTaskSemPost
 .text.OS_TaskSuspend
                0x00001f80       0xf0 .\CortexM0\ARM_GCC_Generic\Debug\os_task.o
                0x00001f80                OS_TaskSuspend
 .text.OSTaskSuspend
                0x00002070       0x34 .\CortexM0\ARM_GCC_Generic\Debug\os_task.o
                0x00002070                OSTaskSuspend
 .text.OS_TickListInit
                0x000020a4       0x28 .\CortexM0\ARM_GCC_Generic\Debug\os_tick.o
                0x000020a4                OS_TickListInit
 .text.OS_TickTaskInit
                0x000020cc       0xa0 .\CortexM0\ARM_GCC_Generic\Debug\os_tick.o
                0x000020cc                OS_TickTaskInit
 .text.OS_TickListInsert
                0x0000216c      0x120 .\CortexM0\ARM_GCC_Generic\Debug\os_tick.o
                0x0000216c                OS_TickListInsert
 .text.OS_TickListRemove
                0x0000228c       0x3c .\CortexM0\ARM_GCC_Generic\Debug\os_tick.o
                0x0000228c                OS_TickListRemove
 .text.OS_TickListResetPeak
                0x000022c8       0x24 .\CortexM0\ARM_GCC_Generic\Debug\os_tick.o
                0x000022c8                OS_TickListResetPeak
 .text.OS_TickListUpdate
                0x000022ec      0x114 .\CortexM0\ARM_GCC_Generic\Debug\os_tick.o
                0x000022ec                OS_TickListUpdate
 .text.OS_TickTask
                0x00002400       0x30 .\CortexM0\ARM_GCC_Generic\Debug\os_tick.o
                0x00002400                OS_TickTask
 .text.OSTimeDly
                0x00002430       0xb0 .\CortexM0\ARM_GCC_Generic\Debug\os_time.o
                0x00002430                OSTimeDly
 .text.OSTimeDlyHMSM
                0x000024e0      0x188 .\CortexM0\ARM_GCC_Generic\Debug\os_time.o
                0x000024e0                OSTimeDlyHMSM
 .text.OSTimeTick
                0x00002668       0x4c .\CortexM0\ARM_GCC_Generic\Debug\os_time.o
                0x00002668                OSTimeTick
 .text.OS_TmrInit
                0x000026b4      0x108 .\CortexM0\ARM_GCC_Generic\Debug\os_tmr.o
                0x000026b4                OS_TmrInit
 .text.OS_TmrLink
                0x000027bc       0xe0 .\CortexM0\ARM_GCC_Generic\Debug\os_tmr.o
                0x000027bc                OS_TmrLink
 .text.OS_TmrResetPeak
                0x0000289c       0x24 .\CortexM0\ARM_GCC_Generic\Debug\os_tmr.o
                0x0000289c                OS_TmrResetPeak
 .text.OS_TmrUnlink
                0x000028c0       0x5c .\CortexM0\ARM_GCC_Generic\Debug\os_tmr.o
                0x000028c0                OS_TmrUnlink
 .text.OS_TmrTask
                0x0000291c       0xa4 .\CortexM0\ARM_GCC_Generic\Debug\os_tmr.o
                0x0000291c                OS_TmrTask
 .text.Math_RandSetSeed
                0x000029c0       0x24 .\CortexM0\ARM_GCC_Generic\Debug\lib_math.o
                0x000029c0                Math_RandSetSeed
 .text.Math_Init
                0x000029e4        0xa .\CortexM0\ARM_GCC_Generic\Debug\lib_math.o
                0x000029e4                Math_Init
 .text.Mem_Init
                0x000029ee        0x2 .\CortexM0\ARM_GCC_Generic\Debug\lib_mem.o
                0x000029ee                Mem_Init
 .text.Mem_Set  0x000029f0       0x40 .\CortexM0\ARM_GCC_Generic\Debug\lib_mem.o
                0x000029f0                Mem_Set
 .text.Mem_Clr  0x00002a30        0xc .\CortexM0\ARM_GCC_Generic\Debug\lib_mem.o
                0x00002a30                Mem_Clr
 .text.cfg_write_bytes32
                0x00002a3c       0x32 .\CortexM0\ARM_GCC_Generic\Debug\cyfitter_cfg.o
 .text.CYMEMZERO
                0x00002a6e        0xc .\CortexM0\ARM_GCC_Generic\Debug\cyfitter_cfg.o
 *fill*         0x00002a7a        0x2 
 .text.SetAnalogRoutingPumps
                0x00002a7c       0x20 .\CortexM0\ARM_GCC_Generic\Debug\cyfitter_cfg.o
                0x00002a7c                SetAnalogRoutingPumps
 .text.AnalogSetDefault
                0x00002a9c       0x28 .\CortexM0\ARM_GCC_Generic\Debug\cyfitter_cfg.o
 .text.IntDefaultHandler
                0x00002ac4       0x10 .\CortexM0\ARM_GCC_Generic\Debug\Cm0Start.o
                0x00002ac4                IntDefaultHandler
 .text.Start_c  0x00002ad4       0x48 .\CortexM0\ARM_GCC_Generic\Debug\Cm0Start.o
                0x00002ad4                Start_c
 .text.initialize_psoc
                0x00002b1c       0x40 .\CortexM0\ARM_GCC_Generic\Debug\Cm0Start.o
                0x00002b1c                initialize_psoc
 .text          0x00002b5c       0x20 .\CortexM0\ARM_GCC_Generic\Debug\cpu_a.o
                0x00002b5c                CPU_IntDis
                0x00002b60                CPU_IntEn
                0x00002b64                CPU_SR_Save
                0x00002b6c                CPU_SR_Restore
                0x00002b72                CPU_WaitForInt
                0x00002b76                CPU_WaitForExcept
 .text          0x00002b7c       0xac .\CortexM0\ARM_GCC_Generic\Debug\os_cpu_a.o
                0x00002b7c                OSStartHighRdy
                0x00002ba0                OSCtxSw
                0x00002ba8                OSIntCtxSw
                0x00002bb0                PendSV_Handler
 .text.PWM_Blue_WriteCounter
                0x00002c28       0x10 .\CortexM0\ARM_GCC_Generic\Debug\OS3.a(PWM_Blue.o)
                0x00002c28                PWM_Blue_WriteCounter
 .text.PWM_Blue_WritePeriod
                0x00002c38       0x10 .\CortexM0\ARM_GCC_Generic\Debug\OS3.a(PWM_Blue.o)
                0x00002c38                PWM_Blue_WritePeriod
 .text.PWM_Blue_WriteCompare
                0x00002c48       0x10 .\CortexM0\ARM_GCC_Generic\Debug\OS3.a(PWM_Blue.o)
                0x00002c48                PWM_Blue_WriteCompare
 .text.PWM_Blue_ReadCompare
                0x00002c58       0x10 .\CortexM0\ARM_GCC_Generic\Debug\OS3.a(PWM_Blue.o)
                0x00002c58                PWM_Blue_ReadCompare
 .text.PWM_Blue_TriggerCommand
                0x00002c68       0x1c .\CortexM0\ARM_GCC_Generic\Debug\OS3.a(PWM_Blue.o)
                0x00002c68                PWM_Blue_TriggerCommand
 .text.PWM_Blue_Enable
                0x00002c84       0x24 .\CortexM0\ARM_GCC_Generic\Debug\OS3.a(PWM_Blue.o)
                0x00002c84                PWM_Blue_Enable
 .text.PWM_Blue_SetInterruptMode
                0x00002ca8        0xc .\CortexM0\ARM_GCC_Generic\Debug\OS3.a(PWM_Blue.o)
                0x00002ca8                PWM_Blue_SetInterruptMode
 .text.PWM_Blue_Init
                0x00002cb4       0x48 .\CortexM0\ARM_GCC_Generic\Debug\OS3.a(PWM_Blue.o)
                0x00002cb4                PWM_Blue_Init
 .text.PWM_Blue_Start
                0x00002cfc       0x20 .\CortexM0\ARM_GCC_Generic\Debug\OS3.a(PWM_Blue.o)
                0x00002cfc                PWM_Blue_Start
 .text.PWM_Green_WriteCounter
                0x00002d1c       0x10 .\CortexM0\ARM_GCC_Generic\Debug\OS3.a(PWM_Green.o)
                0x00002d1c                PWM_Green_WriteCounter
 .text.PWM_Green_WritePeriod
                0x00002d2c       0x10 .\CortexM0\ARM_GCC_Generic\Debug\OS3.a(PWM_Green.o)
                0x00002d2c                PWM_Green_WritePeriod
 .text.PWM_Green_WriteCompare
                0x00002d3c       0x10 .\CortexM0\ARM_GCC_Generic\Debug\OS3.a(PWM_Green.o)
                0x00002d3c                PWM_Green_WriteCompare
 .text.PWM_Green_ReadCompare
                0x00002d4c       0x10 .\CortexM0\ARM_GCC_Generic\Debug\OS3.a(PWM_Green.o)
                0x00002d4c                PWM_Green_ReadCompare
 .text.PWM_Green_TriggerCommand
                0x00002d5c       0x1c .\CortexM0\ARM_GCC_Generic\Debug\OS3.a(PWM_Green.o)
                0x00002d5c                PWM_Green_TriggerCommand
 .text.PWM_Green_Enable
                0x00002d78       0x24 .\CortexM0\ARM_GCC_Generic\Debug\OS3.a(PWM_Green.o)
                0x00002d78                PWM_Green_Enable
 .text.PWM_Green_SetInterruptMode
                0x00002d9c        0xc .\CortexM0\ARM_GCC_Generic\Debug\OS3.a(PWM_Green.o)
                0x00002d9c                PWM_Green_SetInterruptMode
 .text.PWM_Green_Init
                0x00002da8       0x48 .\CortexM0\ARM_GCC_Generic\Debug\OS3.a(PWM_Green.o)
                0x00002da8                PWM_Green_Init
 .text.PWM_Green_Start
                0x00002df0       0x20 .\CortexM0\ARM_GCC_Generic\Debug\OS3.a(PWM_Green.o)
                0x00002df0                PWM_Green_Start
 .text.PWM_Red_WriteCounter
                0x00002e10       0x10 .\CortexM0\ARM_GCC_Generic\Debug\OS3.a(PWM_Red.o)
                0x00002e10                PWM_Red_WriteCounter
 .text.PWM_Red_WritePeriod
                0x00002e20       0x10 .\CortexM0\ARM_GCC_Generic\Debug\OS3.a(PWM_Red.o)
                0x00002e20                PWM_Red_WritePeriod
 .text.PWM_Red_WriteCompare
                0x00002e30       0x10 .\CortexM0\ARM_GCC_Generic\Debug\OS3.a(PWM_Red.o)
                0x00002e30                PWM_Red_WriteCompare
 .text.PWM_Red_ReadCompare
                0x00002e40       0x10 .\CortexM0\ARM_GCC_Generic\Debug\OS3.a(PWM_Red.o)
                0x00002e40                PWM_Red_ReadCompare
 .text.PWM_Red_TriggerCommand
                0x00002e50       0x1c .\CortexM0\ARM_GCC_Generic\Debug\OS3.a(PWM_Red.o)
                0x00002e50                PWM_Red_TriggerCommand
 .text.PWM_Red_Enable
                0x00002e6c       0x24 .\CortexM0\ARM_GCC_Generic\Debug\OS3.a(PWM_Red.o)
                0x00002e6c                PWM_Red_Enable
 .text.PWM_Red_SetInterruptMode
                0x00002e90        0xc .\CortexM0\ARM_GCC_Generic\Debug\OS3.a(PWM_Red.o)
                0x00002e90                PWM_Red_SetInterruptMode
 .text.PWM_Red_Init
                0x00002e9c       0x48 .\CortexM0\ARM_GCC_Generic\Debug\OS3.a(PWM_Red.o)
                0x00002e9c                PWM_Red_Init
 .text.PWM_Red_Start
                0x00002ee4       0x20 .\CortexM0\ARM_GCC_Generic\Debug\OS3.a(PWM_Red.o)
                0x00002ee4                PWM_Red_Start
 .text.Accel_Pin_ClearInterrupt
                0x00002f04       0x14 .\CortexM0\ARM_GCC_Generic\Debug\OS3.a(Accel_Pin.o)
                0x00002f04                Accel_Pin_ClearInterrupt
 .text.I2C_ScbEnableIntr
                0x00002f18        0xa .\CortexM0\ARM_GCC_Generic\Debug\OS3.a(I2C.o)
 .text.I2C_Init
                0x00002f22        0x8 .\CortexM0\ARM_GCC_Generic\Debug\OS3.a(I2C.o)
                0x00002f22                I2C_Init
 *fill*         0x00002f2a        0x2 
 .text.I2C_Enable
                0x00002f2c       0x18 .\CortexM0\ARM_GCC_Generic\Debug\OS3.a(I2C.o)
                0x00002f2c                I2C_Enable
 .text.I2C_Start
                0x00002f44       0x20 .\CortexM0\ARM_GCC_Generic\Debug\OS3.a(I2C.o)
                0x00002f44                I2C_Start
 .text.I2C_I2CInit
                0x00002f64       0xc4 .\CortexM0\ARM_GCC_Generic\Debug\OS3.a(I2C_I2C.o)
                0x00002f64                I2C_I2CInit
 .text.I2C_I2CFwBlockReset
                0x00003028       0x94 .\CortexM0\ARM_GCC_Generic\Debug\OS3.a(I2C_I2C.o)
                0x00003028                I2C_I2CFwBlockReset
 .text.I2C_I2CMasterWaitOneUnit
                0x000030bc       0x26 .\CortexM0\ARM_GCC_Generic\Debug\OS3.a(I2C_I2C_MASTER.o)
 *fill*         0x000030e2        0x2 
 .text.I2C_I2CMasterHandleStatus
                0x000030e4       0xb0 .\CortexM0\ARM_GCC_Generic\Debug\OS3.a(I2C_I2C_MASTER.o)
 .text.I2C_I2CMasterSendStart
                0x00003194       0xc4 .\CortexM0\ARM_GCC_Generic\Debug\OS3.a(I2C_I2C_MASTER.o)
                0x00003194                I2C_I2CMasterSendStart
 .text.I2C_I2CMasterSendStop
                0x00003258       0x5c .\CortexM0\ARM_GCC_Generic\Debug\OS3.a(I2C_I2C_MASTER.o)
                0x00003258                I2C_I2CMasterSendStop
 .text.I2C_I2CMasterWriteByte
                0x000032b4       0x48 .\CortexM0\ARM_GCC_Generic\Debug\OS3.a(I2C_I2C_MASTER.o)
                0x000032b4                I2C_I2CMasterWriteByte
 .text.I2C_I2CMasterReadByte
                0x000032fc       0x80 .\CortexM0\ARM_GCC_Generic\Debug\OS3.a(I2C_I2C_MASTER.o)
                0x000032fc                I2C_I2CMasterReadByte
 .text.I2C_I2CReStartGeneration
                0x0000337c       0xc4 .\CortexM0\ARM_GCC_Generic\Debug\OS3.a(I2C_I2C_MASTER.o)
                0x0000337c                I2C_I2CReStartGeneration
 .text.I2C_I2CMasterSendRestart
                0x00003440       0x68 .\CortexM0\ARM_GCC_Generic\Debug\OS3.a(I2C_I2C_MASTER.o)
                0x00003440                I2C_I2CMasterSendRestart
 .text.SW2_Read
                0x000034a8       0x10 .\CortexM0\ARM_GCC_Generic\Debug\OS3.a(SW2.o)
                0x000034a8                SW2_Read
 .text.Accel_ISR_SetVector
                0x000034b8        0xc .\CortexM0\ARM_GCC_Generic\Debug\OS3.a(Accel_ISR.o)
                0x000034b8                Accel_ISR_SetVector
 .text.Accel_ISR_SetPriority
                0x000034c4       0x24 .\CortexM0\ARM_GCC_Generic\Debug\OS3.a(Accel_ISR.o)
                0x000034c4                Accel_ISR_SetPriority
 .text.Accel_ISR_Enable
                0x000034e8        0xc .\CortexM0\ARM_GCC_Generic\Debug\OS3.a(Accel_ISR.o)
                0x000034e8                Accel_ISR_Enable
 .text.Accel_ISR_Disable
                0x000034f4        0xc .\CortexM0\ARM_GCC_Generic\Debug\OS3.a(Accel_ISR.o)
                0x000034f4                Accel_ISR_Disable
 .text.Accel_ISR_StartEx
                0x00003500       0x1a .\CortexM0\ARM_GCC_Generic\Debug\OS3.a(Accel_ISR.o)
                0x00003500                Accel_ISR_StartEx
 *fill*         0x0000351a        0x2 
 .text.Temp_Sensor_Init
                0x0000351c       0x14 .\CortexM0\ARM_GCC_Generic\Debug\OS3.a(Temp_Sensor.o)
                0x0000351c                Temp_Sensor_Init
 .text.Temp_Sensor_Enable
                0x00003530       0x4c .\CortexM0\ARM_GCC_Generic\Debug\OS3.a(Temp_Sensor.o)
                0x00003530                Temp_Sensor_Enable
 .text.Temp_Sensor_Start
                0x0000357c       0x20 .\CortexM0\ARM_GCC_Generic\Debug\OS3.a(Temp_Sensor.o)
                0x0000357c                Temp_Sensor_Start
 .text.Temp_Sensor_Trigger
                0x0000359c       0x30 .\CortexM0\ARM_GCC_Generic\Debug\OS3.a(Temp_Sensor.o)
                0x0000359c                Temp_Sensor_Trigger
 .text.Temp_Sensor_EOC_ISR_Int
                0x000035cc       0x78 .\CortexM0\ARM_GCC_Generic\Debug\OS3.a(Temp_Sensor_INT.o)
                0x000035cc                Temp_Sensor_EOC_ISR_Int
 .text.Opamp_Init
                0x00003644       0x2c .\CortexM0\ARM_GCC_Generic\Debug\OS3.a(Opamp.o)
                0x00003644                Opamp_Init
 .text.Opamp_Enable
                0x00003670       0x1c .\CortexM0\ARM_GCC_Generic\Debug\OS3.a(Opamp.o)
                0x00003670                Opamp_Enable
 .text.Opamp_Start
                0x0000368c       0x20 .\CortexM0\ARM_GCC_Generic\Debug\OS3.a(Opamp.o)
                0x0000368c                Opamp_Start
 .text.ADC_Init
                0x000036ac       0xf8 .\CortexM0\ARM_GCC_Generic\Debug\OS3.a(ADC.o)
                0x000036ac                ADC_Init
 .text.ADC_Enable
                0x000037a4       0x24 .\CortexM0\ARM_GCC_Generic\Debug\OS3.a(ADC.o)
                0x000037a4                ADC_Enable
 .text.ADC_Start
                0x000037c8       0x20 .\CortexM0\ARM_GCC_Generic\Debug\OS3.a(ADC.o)
                0x000037c8                ADC_Start
 .text.ADC_ISR  0x000037e8        0xc .\CortexM0\ARM_GCC_Generic\Debug\OS3.a(ADC_INT.o)
                0x000037e8                ADC_ISR
 .text.I2C_sda_Read
                0x000037f4       0x10 .\CortexM0\ARM_GCC_Generic\Debug\OS3.a(I2C_sda.o)
                0x000037f4                I2C_sda_Read
 .text.I2C_scl_Write
                0x00003804       0x18 .\CortexM0\ARM_GCC_Generic\Debug\OS3.a(I2C_scl.o)
                0x00003804                I2C_scl_Write
 .text.I2C_scl_Read
                0x0000381c       0x10 .\CortexM0\ARM_GCC_Generic\Debug\OS3.a(I2C_scl.o)
                0x0000381c                I2C_scl_Read
 .text.Temp_Sensor_EOC_ISR_SetVector
                0x0000382c        0xc .\CortexM0\ARM_GCC_Generic\Debug\OS3.a(Temp_Sensor_EOC_ISR.o)
                0x0000382c                Temp_Sensor_EOC_ISR_SetVector
 .text.Temp_Sensor_EOC_ISR_SetPriority
                0x00003838       0x20 .\CortexM0\ARM_GCC_Generic\Debug\OS3.a(Temp_Sensor_EOC_ISR.o)
                0x00003838                Temp_Sensor_EOC_ISR_SetPriority
 .text.Temp_Sensor_EOC_ISR_Enable
                0x00003858        0xc .\CortexM0\ARM_GCC_Generic\Debug\OS3.a(Temp_Sensor_EOC_ISR.o)
                0x00003858                Temp_Sensor_EOC_ISR_Enable
 .text.Temp_Sensor_EOC_ISR_Disable
                0x00003864        0xc .\CortexM0\ARM_GCC_Generic\Debug\OS3.a(Temp_Sensor_EOC_ISR.o)
                0x00003864                Temp_Sensor_EOC_ISR_Disable
 .text.Temp_Sensor_EOC_ISR_StartEx
                0x00003870       0x1a .\CortexM0\ARM_GCC_Generic\Debug\OS3.a(Temp_Sensor_EOC_ISR.o)
                0x00003870                Temp_Sensor_EOC_ISR_StartEx
 *fill*         0x0000388a        0x2 
 .text.CyIntEnable
                0x0000388c       0x14 .\CortexM0\ARM_GCC_Generic\Debug\OS3.a(CyLib.o)
                0x0000388c                CyIntEnable
 .text.CyIntDisable
                0x000038a0       0x14 .\CortexM0\ARM_GCC_Generic\Debug\OS3.a(CyLib.o)
                0x000038a0                CyIntDisable
 .text.CyHalt   0x000038b4        0x4 .\CortexM0\ARM_GCC_Generic\Debug\OS3.a(CyLib.o)
                0x000038b4                CyHalt
 .text.CyIntSetVector
                0x000038b8       0x24 .\CortexM0\ARM_GCC_Generic\Debug\OS3.a(CyLib.o)
                0x000038b8                CyIntSetVector
 .text.CyIntSetPriority
                0x000038dc       0x50 .\CortexM0\ARM_GCC_Generic\Debug\OS3.a(CyLib.o)
                0x000038dc                CyIntSetPriority
 .text.CyDelayUs
                0x0000392c       0x14 .\CortexM0\ARM_GCC_Generic\Debug\OS3.a(CyLib.o)
                0x0000392c                CyDelayUs
 .text.CySysClkWriteImoFreq
                0x00003940      0x16c .\CortexM0\ARM_GCC_Generic\Debug\OS3.a(CyLib.o)
                0x00003940                CySysClkWriteImoFreq
 .text.CySysWdtLocked
                0x00003aac       0x18 .\CortexM0\ARM_GCC_Generic\Debug\OS3.a(CyLFClk.o)
 .text.CySysWdtLock
                0x00003ac4       0x1c .\CortexM0\ARM_GCC_Generic\Debug\OS3.a(CyLFClk.o)
                0x00003ac4                CySysWdtLock
 .text.CySysWdtUnlock
                0x00003ae0       0x30 .\CortexM0\ARM_GCC_Generic\Debug\OS3.a(CyLFClk.o)
                0x00003ae0                CySysWdtUnlock
 .text.CySysWdtClearInterrupt
                0x00003b10       0x4c .\CortexM0\ARM_GCC_Generic\Debug\OS3.a(CyLFClk.o)
                0x00003b10                CySysWdtClearInterrupt
 .text.CySysWdtIsr
                0x00003b5c       0xa4 .\CortexM0\ARM_GCC_Generic\Debug\OS3.a(CyLFClk.o)
                0x00003b5c                CySysWdtIsr
 .text          0x00003c00       0x24 .\CortexM0\ARM_GCC_Generic\Debug\OS3.a(CyBootAsmGnu.o)
                0x00003c00                CyDelayCycles
                0x00003c14                CyEnterCriticalSection
                0x00003c1c                CyExitCriticalSection
 .text.I2C_I2C_ISR
                0x00003c24      0x348 .\CortexM0\ARM_GCC_Generic\Debug\OS3.a(I2C_I2C_INT.o)
                0x00003c24                I2C_I2C_ISR
 .text          0x00003f6c      0x114 c:/program files (x86)/gnu tools arm embedded/8 2018-q4-major/bin/../lib/gcc/arm-none-eabi/8.2.1/thumb/v6-m/nofp\libgcc.a(_udivsi3.o)
                0x00003f6c                __aeabi_uidiv
                0x00003f6c                __udivsi3
                0x00004078                __aeabi_uidivmod
 .text          0x00004080        0x4 c:/program files (x86)/gnu tools arm embedded/8 2018-q4-major/bin/../lib/gcc/arm-none-eabi/8.2.1/thumb/v6-m/nofp\libgcc.a(_dvmd_tls.o)
                0x00004080                __aeabi_idiv0
                0x00004080                __aeabi_ldiv0
 .text.__errno  0x00004084        0xc c:/program files (x86)/gnu tools arm embedded/8 2018-q4-major/bin/../lib/gcc/arm-none-eabi/8.2.1/../../../../arm-none-eabi/lib/thumb/v6-m/nofp\libg_nano.a(lib_a-errno.o)
                0x00004084                __errno
 .text.__libc_init_array
                0x00004090       0x48 c:/program files (x86)/gnu tools arm embedded/8 2018-q4-major/bin/../lib/gcc/arm-none-eabi/8.2.1/../../../../arm-none-eabi/lib/thumb/v6-m/nofp\libg_nano.a(lib_a-init.o)
                0x00004090                __libc_init_array
 .text.memset   0x000040d8       0x10 c:/program files (x86)/gnu tools arm embedded/8 2018-q4-major/bin/../lib/gcc/arm-none-eabi/8.2.1/../../../../arm-none-eabi/lib/thumb/v6-m/nofp\libg_nano.a(lib_a-memset.o)
                0x000040d8                memset
 *(.plt)
 *(.gnu.warning)
 *(.glue_7t)
 .glue_7t       0x000040e8        0x0 linker stubs
 *(.glue_7)
 .glue_7        0x000040e8        0x0 linker stubs
 *(.vfp11_veneer)
 .vfp11_veneer  0x000040e8        0x0 linker stubs
 *(.bootloader)
 *(.ARM.extab* .gnu.linkonce.armextab.*)
 *(.gcc_except_table)

.v4_bx          0x000040e8        0x0
 .v4_bx         0x000040e8        0x0 linker stubs

.iplt           0x000040e8        0x0
 .iplt          0x000040e8        0x0 c:/program files (x86)/gnu tools arm embedded/8 2018-q4-major/bin/../lib/gcc/arm-none-eabi/8.2.1/thumb/v6-m/nofp/crtbegin.o

.eh_frame_hdr
 *(.eh_frame_hdr)

.eh_frame       0x000040e8        0x4
 *(.eh_frame)
 .eh_frame      0x000040e8        0x0 c:/program files (x86)/gnu tools arm embedded/8 2018-q4-major/bin/../lib/gcc/arm-none-eabi/8.2.1/thumb/v6-m/nofp/crtbegin.o
 .eh_frame      0x000040e8        0x4 c:/program files (x86)/gnu tools arm embedded/8 2018-q4-major/bin/../lib/gcc/arm-none-eabi/8.2.1/thumb/v6-m/nofp/crtend.o
                [!provide]                PROVIDE (__exidx_start = .)

.ARM.exidx
 *(.ARM.exidx* .gnu.linkonce.armexidx.*)
                0x000040ec                __exidx_end = .

.rodata         0x000040ec      0x514
 *(.rodata .rodata.* .gnu.linkonce.r.*)
 .rodata.str1.4
                0x000040ec       0x23 .\CortexM0\ARM_GCC_Generic\Debug\app.o
 *fill*         0x0000410f        0x1 
 .rodata        0x00004110      0x100 .\CortexM0\ARM_GCC_Generic\Debug\cpu_core.o
 .rodata        0x00004210       0xa4 .\CortexM0\ARM_GCC_Generic\Debug\os_cfg_app.o
                0x00004210                OSCfg_DataSizeRAM
                0x00004214                OSCfg_TmrWheelSizeRAM
                0x00004218                OSCfg_TmrWheelSize
                0x0000421c                OSCfg_TmrTaskStkSizeRAM
                0x00004220                OSCfg_TmrTaskStkSize
                0x00004224                OSCfg_TmrTaskStkLimit
                0x00004228                OSCfg_TmrTaskStkBasePtr
                0x0000422c                OSCfg_TmrTaskRate_Hz
                0x00004230                OSCfg_TmrTaskPrio
                0x00004234                OSCfg_TickWheelSizeRAM
                0x00004238                OSCfg_TickWheelSize
                0x0000423c                OSCfg_TickTaskStkSizeRAM
                0x00004240                OSCfg_TickTaskStkSize
                0x00004244                OSCfg_TickTaskStkLimit
                0x00004248                OSCfg_TickTaskStkBasePtr
                0x0000424c                OSCfg_TickTaskPrio
                0x00004250                OSCfg_TickRate_Hz
                0x00004254                OSCfg_StkSizeMin
                0x00004258                OSCfg_StatTaskStkSizeRAM
                0x0000425c                OSCfg_StatTaskStkSize
                0x00004260                OSCfg_StatTaskStkLimit
                0x00004264                OSCfg_StatTaskStkBasePtr
                0x00004268                OSCfg_StatTaskRate_Hz
                0x0000426c                OSCfg_StatTaskPrio
                0x00004270                OSCfg_MsgPoolBasePtr
                0x00004274                OSCfg_MsgPoolSizeRAM
                0x00004278                OSCfg_MsgPoolSize
                0x0000427c                OSCfg_ISRStkSizeRAM
                0x00004280                OSCfg_ISRStkSize
                0x00004284                OSCfg_ISRStkBasePtr
                0x00004288                OSCfg_IntQTaskStkSizeRAM
                0x0000428c                OSCfg_IntQTaskStkSize
                0x00004290                OSCfg_IntQTaskStkLimit
                0x00004294                OSCfg_IntQTaskStkBasePtr
                0x00004298                OSCfg_IntQSizeRAM
                0x0000429c                OSCfg_IntQSize
                0x000042a0                OSCfg_IntQBasePtr
                0x000042a4                OSCfg_IdleTaskStkSizeRAM
                0x000042a8                OSCfg_IdleTaskStkSize
                0x000042ac                OSCfg_IdleTaskStkLimit
                0x000042b0                OSCfg_IdleTaskStkBasePtr
 .rodata.str1.4
                0x000042b4       0x2a .\CortexM0\ARM_GCC_Generic\Debug\os_core.o
 *fill*         0x000042de        0x2 
 .rodata.str1.4
                0x000042e0       0x14 .\CortexM0\ARM_GCC_Generic\Debug\os_stat.o
 .rodata        0x000042f4       0xa0 .\CortexM0\ARM_GCC_Generic\Debug\os_task.o
 .rodata.str1.4
                0x00004394        0x6 .\CortexM0\ARM_GCC_Generic\Debug\os_task.o
                                  0xa (size before relaxing)
 *fill*         0x0000439a        0x2 
 .rodata.str1.4
                0x0000439c       0x14 .\CortexM0\ARM_GCC_Generic\Debug\os_tick.o
 .rodata.str1.4
                0x000043b0       0x20 .\CortexM0\ARM_GCC_Generic\Debug\os_tmr.o
                                 0x1d (size before relaxing)
 .rodata        0x000043d0      0x1ca .\CortexM0\ARM_GCC_Generic\Debug\cyfitter_cfg.o
 *fill*         0x0000459a        0x2 
 .rodata        0x0000459c       0x2e .\CortexM0\ARM_GCC_Generic\Debug\OS3.a(CyLib.o)
                0x0000459c                cyImoFreqMhz2Reg
                0x000045cc                . = ALIGN (0x4)
 *fill*         0x000045ca        0x2 
 *(.init)
 .init          0x000045cc        0x4 c:/program files (x86)/gnu tools arm embedded/8 2018-q4-major/bin/../lib/gcc/arm-none-eabi/8.2.1/thumb/v6-m/nofp/crti.o
                0x000045cc                _init
 .init          0x000045d0        0x8 c:/program files (x86)/gnu tools arm embedded/8 2018-q4-major/bin/../lib/gcc/arm-none-eabi/8.2.1/thumb/v6-m/nofp/crtn.o
                0x000045d8                . = ALIGN (0x4)
                0x000045d8                __preinit_array_start = .
 *(.preinit_array)
                0x000045d8                __preinit_array_end = .
                0x000045d8                . = ALIGN (0x4)
                0x000045d8                __init_array_start = .
 *(SORT_BY_NAME(.init_array.*))
 *(.init_array)
 .init_array    0x000045d8        0x4 c:/program files (x86)/gnu tools arm embedded/8 2018-q4-major/bin/../lib/gcc/arm-none-eabi/8.2.1/thumb/v6-m/nofp/crtbegin.o
 .init_array    0x000045dc        0x4 .\CortexM0\ARM_GCC_Generic\Debug\Cm0Start.o
                0x000045e0                __init_array_end = .
                0x000045e0                . = ALIGN (0x4)
 *(.fini)
 .fini          0x000045e0        0x4 c:/program files (x86)/gnu tools arm embedded/8 2018-q4-major/bin/../lib/gcc/arm-none-eabi/8.2.1/thumb/v6-m/nofp/crti.o
                0x000045e0                _fini
 .fini          0x000045e4        0x8 c:/program files (x86)/gnu tools arm embedded/8 2018-q4-major/bin/../lib/gcc/arm-none-eabi/8.2.1/thumb/v6-m/nofp/crtn.o
                0x000045ec                . = ALIGN (0x4)
                0x000045ec                __fini_array_start = .
 *(.fini_array)
 .fini_array    0x000045ec        0x4 c:/program files (x86)/gnu tools arm embedded/8 2018-q4-major/bin/../lib/gcc/arm-none-eabi/8.2.1/thumb/v6-m/nofp/crtbegin.o
 *(SORT_BY_NAME(.fini_array.*))
                0x000045f0                __fini_array_end = .
                0x000045f0                . = ALIGN (0x4)
 *crtbegin.o(.ctors)
 *(EXCLUDE_FILE(*crtend.o) .ctors)
 *(SORT_BY_NAME(.ctors.*))
 *crtend.o(.ctors)
                0x000045f0                . = ALIGN (0x4)
 *crtbegin.o(.dtors)
 *(EXCLUDE_FILE(*crtend.o) .dtors)
 *(SORT_BY_NAME(.dtors.*))
 *crtend.o(.dtors)
                0x000045f0                . = ALIGN (0x4)
                0x000045f0                __cy_regions = .
                0x000045f0        0x4 LONG 0x4600 __cy_region_init_ram
                0x000045f4        0x4 LONG 0x200000c0 __cy_region_start_data
                0x000045f8        0x4 LONG 0x80 __cy_region_init_size_ram
                0x000045fc        0x4 LONG 0xdc8 __cy_region_zero_size_ram
                0x00004600                __cy_regions_end = .
                0x00004600                . = ALIGN (0x8)
                0x00004600                _etext = .

.cy_checksum_exclude
                0x00004600        0x0
 *(.cy_checksum_exclude)

.ramvectors     0x20000000       0xc0
                0x20000000                __cy_region_start_ram = .
 *(.ramvectors)
 .ramvectors    0x20000000       0xc0 .\CortexM0\ARM_GCC_Generic\Debug\Cm0Start.o
                0x20000000                CyRamVectors

.noinit
 *(.noinit)

.data           0x200000c0       0x80 load address 0x00004600
                0x200000c0                __cy_region_start_data = .
 *(.jcr)
 *(.got.plt)
 *(.got)
 *(.shdata)
 *(.data .data.* .gnu.linkonce.d.*)
 .data          0x200000c0        0x4 .\CortexM0\ARM_GCC_Generic\Debug\bsp.o
                0x200000c0                RGB_PrevVal
 .data          0x200000c4       0x14 .\CortexM0\ARM_GCC_Generic\Debug\OS3.a(CyLib.o)
                0x200000c4                CySysClkPumpConfig
                0x200000c8                cydelay32kMs
                0x200000cc                cydelayFreqKhz
                0x200000d0                cydelayFreqMhz
                0x200000d4                cydelayFreqHz
 .data          0x200000d8        0x4 .\CortexM0\ARM_GCC_Generic\Debug\OS3.a(CyLFClk.o)
 .data._impure_ptr
                0x200000dc        0x4 c:/program files (x86)/gnu tools arm embedded/8 2018-q4-major/bin/../lib/gcc/arm-none-eabi/8.2.1/../../../../arm-none-eabi/lib/thumb/v6-m/nofp\libg_nano.a(lib_a-impure.o)
                0x200000dc                _impure_ptr
 .data.impure_data
                0x200000e0       0x60 c:/program files (x86)/gnu tools arm embedded/8 2018-q4-major/bin/../lib/gcc/arm-none-eabi/8.2.1/../../../../arm-none-eabi/lib/thumb/v6-m/nofp\libg_nano.a(lib_a-impure.o)
                0x20000140                . = ALIGN (0x8)
 *(.ram)
                0x20000140                _edata = .

.igot.plt       0x20000140        0x0 load address 0x00004680
 .igot.plt      0x20000140        0x0 c:/program files (x86)/gnu tools arm embedded/8 2018-q4-major/bin/../lib/gcc/arm-none-eabi/8.2.1/thumb/v6-m/nofp/crtbegin.o

.bss            0x20000140      0xdc8 load address 0x00004680
                0x20000140                PROVIDE (__bss_start__ = .)
 *(.shbss)
 *(.bss .bss.* .gnu.linkonce.b.*)
 .bss           0x20000140       0x1c c:/program files (x86)/gnu tools arm embedded/8 2018-q4-major/bin/../lib/gcc/arm-none-eabi/8.2.1/thumb/v6-m/nofp/crtbegin.o
 .bss           0x2000015c      0x27c .\CortexM0\ARM_GCC_Generic\Debug\app.o
                0x200001d8                uC_Probe_PB_Trigger
 .bss           0x200003d8        0x1 .\CortexM0\ARM_GCC_Generic\Debug\OS3.a(PWM_Blue.o)
                0x200003d8                PWM_Blue_initVar
 .bss           0x200003d9        0x1 .\CortexM0\ARM_GCC_Generic\Debug\OS3.a(PWM_Green.o)
                0x200003d9                PWM_Green_initVar
 .bss           0x200003da        0x1 .\CortexM0\ARM_GCC_Generic\Debug\OS3.a(PWM_Red.o)
                0x200003da                PWM_Red_initVar
 *fill*         0x200003db        0x1 
 .bss           0x200003dc        0x8 .\CortexM0\ARM_GCC_Generic\Debug\OS3.a(I2C.o)
                0x200003dc                I2C_initVar
                0x200003e0                I2C_customIntrHandler
 .bss           0x200003e4        0x1 .\CortexM0\ARM_GCC_Generic\Debug\OS3.a(Temp_Sensor.o)
                0x200003e4                Temp_Sensor_initVar
 *fill*         0x200003e5        0x3 
 .bss           0x200003e8        0x5 .\CortexM0\ARM_GCC_Generic\Debug\OS3.a(Opamp.o)
                0x200003ec                Opamp_initVar
 .bss           0x200003ed        0x1 .\CortexM0\ARM_GCC_Generic\Debug\OS3.a(ADC.o)
                0x200003ed                ADC_initVar
 *fill*         0x200003ee        0x2 
 .bss           0x200003f0       0x20 .\CortexM0\ARM_GCC_Generic\Debug\OS3.a(CyLFClk.o)
 *(COMMON)
 COMMON         0x20000410       0x10 .\CortexM0\ARM_GCC_Generic\Debug\app.o
                0x20000410                uC_Probe_Temp_Val
                0x20000414                uC_Probe_Accel_X_Axis
                0x20000416                uC_Probe_AmbientLight
                0x20000418                uC_Probe_Accel_Z_Axis
                0x2000041a                uC_Probe_Accel_Y_Axis
                0x2000041c                uC_Probe_RGB_Val
 COMMON         0x20000420       0x30 .\CortexM0\ARM_GCC_Generic\Debug\cpu_core.o
                0x20000420                CPU_IntDisMeasMax_cnts
                0x20000424                CPU_TS_TmrFreq_Hz
                0x20000428                CPU_IntDisMeasStart_cnts
                0x2000042c                CPU_IntDisNestCtr
                0x20000430                CPU_IntDisMeasStop_cnts
                0x20000434                CPU_IntDisMeasMaxCur_cnts
                0x20000438                CPU_IntDisMeasCtr
                0x2000043c                CPU_IntDisMeasOvrhd_cnts
                0x20000440                CPU_Name
 COMMON         0x20000450        0x4 .\CortexM0\ARM_GCC_Generic\Debug\os_cpu_c.o
                0x20000450                OS_CPU_ExceptStkBase
 COMMON         0x20000454      0x690 .\CortexM0\ARM_GCC_Generic\Debug\os_cfg_app.o
                0x20000454                OSCfg_StatTaskStk
                0x20000554                OSCfg_TickWheel
                0x200005d4                OSCfg_TmrTaskStk
                0x200006d4                OSCfg_TmrWheel
                0x20000754                OSCfg_ISRStk
                0x200008e4                OSCfg_TickTaskStk
                0x200009e4                OSCfg_IdleTaskStk
 COMMON         0x20000ae4        0x4 .\CortexM0\ARM_GCC_Generic\Debug\os_prio.o
                0x20000ae4                OSPrioTbl
 COMMON         0x20000ae8      0x3e0 .\CortexM0\ARM_GCC_Generic\Debug\os_var.o
                0x20000ae8                OSSchedLockNestingCtr
                0x20000aec                OSStatTaskTimeMax
                0x20000af0                OSStatTaskCtr
                0x20000af4                OSTaskRegNextAvailID
                0x20000af5                OSRunning
                0x20000af8                OSRdyList
                0x20000c78                OSPrioHighRdy
                0x20000c79                OSStatTaskRdy
                0x20000c7c                OSSemDbgListPtr
                0x20000c80                OSPrioCur
                0x20000c84                OSTickTaskTCB
                0x20000d00                OSTmrTickCtr
                0x20000d04                OSTCBCurPtr
                0x20000d08                OSStatTaskCPUUsageMax
                0x20000d0a                OSPrioSaved
                0x20000d0c                OSTCBHighRdyPtr
                0x20000d10                OSTaskDbgListPtr
                0x20000d14                OSTmrTaskTimeMax
                0x20000d18                OSStatTaskCPUUsage
                0x20000d1c                OSTaskCtxSwCtr
                0x20000d20                OSIntNestingCtr
                0x20000d22                OSTaskQty
                0x20000d24                OSTmrTaskTCB
                0x20000da0                OSIdleTaskTCB
                0x20000e1c                OSSemQty
                0x20000e20                OSStatTaskCtrMax
                0x20000e24                OSTickCtr
                0x20000e28                OSTmrQty
                0x20000e2c                OSIntDisTimeMax
                0x20000e30                OSIdleTaskCtr
                0x20000e34                OSStatTaskCtrRun
                0x20000e38                OSStatResetFlag
                0x20000e3c                OSStatTaskTCB
                0x20000eb8                OSTmrDbgListPtr
                0x20000ebc                OSTickTaskTimeMax
                0x20000ec0                OSTmrUpdateCnt
                0x20000ec4                OSTmrUpdateCtr
 COMMON         0x20000ec8        0x4 .\CortexM0\ARM_GCC_Generic\Debug\lib_math.o
                0x20000ec8                Math_RandSeedCur
 COMMON         0x20000ecc        0x1 .\CortexM0\ARM_GCC_Generic\Debug\OS3.a(I2C_I2C.o)
                0x20000ecc                I2C_state
 *fill*         0x20000ecd        0x3 
 COMMON         0x20000ed0       0x24 .\CortexM0\ARM_GCC_Generic\Debug\OS3.a(I2C_I2C_MASTER.o)
                0x20000ed0                I2C_mstrWrBufIndexTmp
                0x20000ed4                I2C_mstrWrBufIndex
                0x20000ed8                I2C_mstrWrBufSize
                0x20000edc                I2C_mstrStatus
                0x20000ee0                I2C_mstrRdBufPtr
                0x20000ee4                I2C_mstrControl
                0x20000ee8                I2C_mstrRdBufSize
                0x20000eec                I2C_mstrRdBufIndex
                0x20000ef0                I2C_mstrWrBufPtr
 COMMON         0x20000ef4        0x7 .\CortexM0\ARM_GCC_Generic\Debug\OS3.a(Temp_Sensor.o)
                0x20000ef4                Temp_Sensor_lo
                0x20000ef6                Temp_Sensor_contMode
                0x20000ef8                Temp_Sensor_hi
                0x20000efa                Temp_Sensor_busyFlag
 *fill*         0x20000efb        0x1 
 COMMON         0x20000efc        0x6 .\CortexM0\ARM_GCC_Generic\Debug\OS3.a(ADC.o)
                0x20000efc                ADC_countsPer10Volt
                0x20000f00                ADC_offset
                0x20000f08                . = ALIGN (0x8)
 *fill*         0x20000f02        0x6 
 *(.ram.b)
                0x20000f08                _end = .
                0x20000f08                __end = .
                0x20000f08                PROVIDE (end = .)
                0x20000f08                PROVIDE (__bss_end__ = .)
                0x00004600                __cy_region_init_ram = LOADADDR (.data)
                0x00000080                __cy_region_init_size_ram = (_edata - ADDR (.data))
                0x00000dc8                __cy_region_zero_size_ram = (_end - _edata)

.heap           0x20000f08       0x80 load address 0x00004680
                0x20000f08                . = _end
                0x20000f88                . = (. + 0x80)
 *fill*         0x20000f08       0x80 
                0x20000f88                __cy_heap_limit = .

.stack          0x20000800      0x800
                0x20000800                __cy_stack_limit = .
                0x20001000                . = (. + 0x800)
 *fill*         0x20000800      0x800 
                0x00000000                ASSERT ((__cy_stack_limit >= __cy_heap_limit), region RAM overflowed with stack)
                0x00000000                cy_checksum_exclude_size = (CY_APPL_LOADABLE == 0x1)?SIZEOF (.cy_checksum_exclude):0x0
                0x00000001                ASSERT ((cy_checksum_exclude_size <= CY_CHECKSUM_EXCLUDE_SIZE), CY_BOOT: Section .cy_checksum_exclude size exceedes specified limit.)
                0x00007fc0                cyloadermeta_start = (cy_project_type_bootloader || cy_project_type_app_for_stack_and_copier)?(LENGTH (rom) - CY_METADATA_SIZE):0xf0000000

.cyloadermeta
 *(.cyloadermeta)
                0x00007fc0                cyloadablemeta_start = cy_project_type_app_for_stack_and_copier?((LENGTH (rom) - CY_FLASH_ROW_SIZE) - CY_METADATA_SIZE):((LENGTH (rom) - (CY_FLASH_ROW_SIZE * (CY_APPL_NUM - 0x1))) - CY_METADATA_SIZE)

.cyloadablemeta
 *(.cyloadablemeta)

.cyflashprotect
                0x90400000       0x20
 *(.cyflashprotect)
 .cyflashprotect
                0x90400000       0x20 .\CortexM0\ARM_GCC_Generic\Debug\cymetadata.o
                0x90400000                cy_meta_flashprotect

.cymeta         0x90500000        0xc
 *(.cymeta)
 .cymeta        0x90500000        0xc .\CortexM0\ARM_GCC_Generic\Debug\cymetadata.o
                0x90500000                cy_metadata

.cychipprotect  0x90600000        0x1
 *(.cychipprotect)
 .cychipprotect
                0x90600000        0x1 .\CortexM0\ARM_GCC_Generic\Debug\cymetadata.o
                0x90600000                cy_meta_chipprotect

.rel.dyn        0x00004680        0x0 load address 0x90600004
 .rel.iplt      0x00004680        0x0 c:/program files (x86)/gnu tools arm embedded/8 2018-q4-major/bin/../lib/gcc/arm-none-eabi/8.2.1/thumb/v6-m/nofp/crtbegin.o

.stab
 *(.stab)

.stabstr
 *(.stabstr)

.debug
 *(.debug)

.line
 *(.line)

.debug_srcinfo
 *(.debug_srcinfo)

.debug_sfnames
 *(.debug_sfnames)

.debug_aranges  0x00000000     0x13f0
 *(.debug_aranges)
 .debug_aranges
                0x00000000       0x38 .\CortexM0\ARM_GCC_Generic\Debug\app.o
 .debug_aranges
                0x00000038       0x40 .\CortexM0\ARM_GCC_Generic\Debug\bsp_os.o
 .debug_aranges
                0x00000078       0x30 .\CortexM0\ARM_GCC_Generic\Debug\cpu_bsp.o
 .debug_aranges
                0x000000a8       0x80 .\CortexM0\ARM_GCC_Generic\Debug\bsp.o
 .debug_aranges
                0x00000128       0xf8 .\CortexM0\ARM_GCC_Generic\Debug\cpu_core.o
 .debug_aranges
                0x00000220       0x70 .\CortexM0\ARM_GCC_Generic\Debug\os_cpu_c.o
 .debug_aranges
                0x00000290       0x20 .\CortexM0\ARM_GCC_Generic\Debug\os_cfg_app.o
 .debug_aranges
                0x000002b0      0x128 .\CortexM0\ARM_GCC_Generic\Debug\os_core.o
 .debug_aranges
                0x000003d8       0x20 .\CortexM0\ARM_GCC_Generic\Debug\os_dbg.o
 .debug_aranges
                0x000003f8       0x38 .\CortexM0\ARM_GCC_Generic\Debug\os_prio.o
 .debug_aranges
                0x00000430       0x68 .\CortexM0\ARM_GCC_Generic\Debug\os_sem.o
 .debug_aranges
                0x00000498       0x38 .\CortexM0\ARM_GCC_Generic\Debug\os_stat.o
 .debug_aranges
                0x000004d0       0xb0 .\CortexM0\ARM_GCC_Generic\Debug\os_task.o
 .debug_aranges
                0x00000580       0x50 .\CortexM0\ARM_GCC_Generic\Debug\os_tick.o
 .debug_aranges
                0x000005d0       0x40 .\CortexM0\ARM_GCC_Generic\Debug\os_time.o
 .debug_aranges
                0x00000610       0x80 .\CortexM0\ARM_GCC_Generic\Debug\os_tmr.o
 .debug_aranges
                0x00000690       0x18 .\CortexM0\ARM_GCC_Generic\Debug\os_var.o
 .debug_aranges
                0x000006a8       0x38 .\CortexM0\ARM_GCC_Generic\Debug\lib_math.o
 .debug_aranges
                0x000006e0       0x48 .\CortexM0\ARM_GCC_Generic\Debug\lib_mem.o
 .debug_aranges
                0x00000728       0x48 .\CortexM0\ARM_GCC_Generic\Debug\cyfitter_cfg.o
 .debug_aranges
                0x00000770       0x18 .\CortexM0\ARM_GCC_Generic\Debug\cymetadata.o
 .debug_aranges
                0x00000788       0x48 .\CortexM0\ARM_GCC_Generic\Debug\Cm0Start.o
 .debug_aranges
                0x000007d0       0x20 .\CortexM0\ARM_GCC_Generic\Debug\cpu_a.o
 .debug_aranges
                0x000007f0       0x20 .\CortexM0\ARM_GCC_Generic\Debug\os_cpu_a.o
 .debug_aranges
                0x00000810      0x158 .\CortexM0\ARM_GCC_Generic\Debug\OS3.a(PWM_Blue.o)
 .debug_aranges
                0x00000968      0x158 .\CortexM0\ARM_GCC_Generic\Debug\OS3.a(PWM_Green.o)
 .debug_aranges
                0x00000ac0      0x158 .\CortexM0\ARM_GCC_Generic\Debug\OS3.a(PWM_Red.o)
 .debug_aranges
                0x00000c18       0x48 .\CortexM0\ARM_GCC_Generic\Debug\OS3.a(Accel_Pin.o)
 .debug_aranges
                0x00000c60       0x68 .\CortexM0\ARM_GCC_Generic\Debug\OS3.a(I2C.o)
 .debug_aranges
                0x00000cc8       0x30 .\CortexM0\ARM_GCC_Generic\Debug\OS3.a(I2C_I2C.o)
 .debug_aranges
                0x00000cf8       0x98 .\CortexM0\ARM_GCC_Generic\Debug\OS3.a(I2C_I2C_MASTER.o)
 .debug_aranges
                0x00000d90       0x48 .\CortexM0\ARM_GCC_Generic\Debug\OS3.a(SW2.o)
 .debug_aranges
                0x00000dd8       0x80 .\CortexM0\ARM_GCC_Generic\Debug\OS3.a(Accel_ISR.o)
 .debug_aranges
                0x00000e58       0x60 .\CortexM0\ARM_GCC_Generic\Debug\OS3.a(Temp_Sensor.o)
 .debug_aranges
                0x00000eb8       0x20 .\CortexM0\ARM_GCC_Generic\Debug\OS3.a(Temp_Sensor_INT.o)
 .debug_aranges
                0x00000ed8       0x48 .\CortexM0\ARM_GCC_Generic\Debug\OS3.a(Opamp.o)
 .debug_aranges
                0x00000f20       0xa8 .\CortexM0\ARM_GCC_Generic\Debug\OS3.a(ADC.o)
 .debug_aranges
                0x00000fc8       0x20 .\CortexM0\ARM_GCC_Generic\Debug\OS3.a(ADC_INT.o)
 .debug_aranges
                0x00000fe8       0x48 .\CortexM0\ARM_GCC_Generic\Debug\OS3.a(I2C_sda.o)
 .debug_aranges
                0x00001030       0x48 .\CortexM0\ARM_GCC_Generic\Debug\OS3.a(I2C_scl.o)
 .debug_aranges
                0x00001078       0x80 .\CortexM0\ARM_GCC_Generic\Debug\OS3.a(Temp_Sensor_EOC_ISR.o)
 .debug_aranges
                0x000010f8      0x180 .\CortexM0\ARM_GCC_Generic\Debug\OS3.a(CyLib.o)
 .debug_aranges
                0x00001278      0x138 .\CortexM0\ARM_GCC_Generic\Debug\OS3.a(CyLFClk.o)
 .debug_aranges
                0x000013b0       0x20 .\CortexM0\ARM_GCC_Generic\Debug\OS3.a(CyBootAsmGnu.o)
 .debug_aranges
                0x000013d0       0x20 .\CortexM0\ARM_GCC_Generic\Debug\OS3.a(I2C_I2C_INT.o)

.debug_pubnames
 *(.debug_pubnames)

.debug_info     0x00000000    0x333d6
 *(.debug_info .gnu.linkonce.wi.*)
 .debug_info    0x00000000     0x2122 .\CortexM0\ARM_GCC_Generic\Debug\app.o
 .debug_info    0x00002122     0x1ee8 .\CortexM0\ARM_GCC_Generic\Debug\bsp_os.o
 .debug_info    0x0000400a     0x18b3 .\CortexM0\ARM_GCC_Generic\Debug\cpu_bsp.o
 .debug_info    0x000058bd     0x2190 .\CortexM0\ARM_GCC_Generic\Debug\bsp.o
 .debug_info    0x00007a4d     0x153c .\CortexM0\ARM_GCC_Generic\Debug\cpu_core.o
 .debug_info    0x00008f89     0x193b .\CortexM0\ARM_GCC_Generic\Debug\os_cpu_c.o
 .debug_info    0x0000a8c4     0x1908 .\CortexM0\ARM_GCC_Generic\Debug\os_cfg_app.o
 .debug_info    0x0000c1cc     0x2c4e .\CortexM0\ARM_GCC_Generic\Debug\os_core.o
 .debug_info    0x0000ee1a     0x1ed3 .\CortexM0\ARM_GCC_Generic\Debug\os_dbg.o
 .debug_info    0x00010ced     0x17b0 .\CortexM0\ARM_GCC_Generic\Debug\os_prio.o
 .debug_info    0x0001249d     0x230e .\CortexM0\ARM_GCC_Generic\Debug\os_sem.o
 .debug_info    0x000147ab     0x203f .\CortexM0\ARM_GCC_Generic\Debug\os_stat.o
 .debug_info    0x000167ea     0x2bdd .\CortexM0\ARM_GCC_Generic\Debug\os_task.o
 .debug_info    0x000193c7     0x1f94 .\CortexM0\ARM_GCC_Generic\Debug\os_tick.o
 .debug_info    0x0001b35b     0x1f27 .\CortexM0\ARM_GCC_Generic\Debug\os_time.o
 .debug_info    0x0001d282     0x246b .\CortexM0\ARM_GCC_Generic\Debug\os_tmr.o
 .debug_info    0x0001f6ed     0x1724 .\CortexM0\ARM_GCC_Generic\Debug\os_var.o
 .debug_info    0x00020e11      0xba0 .\CortexM0\ARM_GCC_Generic\Debug\lib_math.o
 .debug_info    0x000219b1      0xf13 .\CortexM0\ARM_GCC_Generic\Debug\lib_mem.o
 .debug_info    0x000228c4      0xd75 .\CortexM0\ARM_GCC_Generic\Debug\cyfitter_cfg.o
 .debug_info    0x00023639       0xf6 .\CortexM0\ARM_GCC_Generic\Debug\cymetadata.o
 .debug_info    0x0002372f      0xd21 .\CortexM0\ARM_GCC_Generic\Debug\Cm0Start.o
 .debug_info    0x00024450       0x26 .\CortexM0\ARM_GCC_Generic\Debug\cpu_a.o
 .debug_info    0x00024476       0x26 .\CortexM0\ARM_GCC_Generic\Debug\os_cpu_a.o
 .debug_info    0x0002449c     0x1329 .\CortexM0\ARM_GCC_Generic\Debug\OS3.a(PWM_Blue.o)
 .debug_info    0x000257c5     0x1329 .\CortexM0\ARM_GCC_Generic\Debug\OS3.a(PWM_Green.o)
 .debug_info    0x00026aee     0x1329 .\CortexM0\ARM_GCC_Generic\Debug\OS3.a(PWM_Red.o)
 .debug_info    0x00027e17      0x1c8 .\CortexM0\ARM_GCC_Generic\Debug\OS3.a(Accel_Pin.o)
 .debug_info    0x00027fdf      0xcbf .\CortexM0\ARM_GCC_Generic\Debug\OS3.a(I2C.o)
 .debug_info    0x00028c9e      0xb62 .\CortexM0\ARM_GCC_Generic\Debug\OS3.a(I2C_I2C.o)
 .debug_info    0x00029800     0x13c8 .\CortexM0\ARM_GCC_Generic\Debug\OS3.a(I2C_I2C_MASTER.o)
 .debug_info    0x0002abc8      0x1c8 .\CortexM0\ARM_GCC_Generic\Debug\OS3.a(SW2.o)
 .debug_info    0x0002ad90      0xc3d .\CortexM0\ARM_GCC_Generic\Debug\OS3.a(Accel_ISR.o)
 .debug_info    0x0002b9cd      0xd21 .\CortexM0\ARM_GCC_Generic\Debug\OS3.a(Temp_Sensor.o)
 .debug_info    0x0002c6ee      0xaba .\CortexM0\ARM_GCC_Generic\Debug\OS3.a(Temp_Sensor_INT.o)
 .debug_info    0x0002d1a8      0x19c .\CortexM0\ARM_GCC_Generic\Debug\OS3.a(Opamp.o)
 .debug_info    0x0002d344      0xf2c .\CortexM0\ARM_GCC_Generic\Debug\OS3.a(ADC.o)
 .debug_info    0x0002e270      0xa68 .\CortexM0\ARM_GCC_Generic\Debug\OS3.a(ADC_INT.o)
 .debug_info    0x0002ecd8      0x1c8 .\CortexM0\ARM_GCC_Generic\Debug\OS3.a(I2C_sda.o)
 .debug_info    0x0002eea0      0x1bc .\CortexM0\ARM_GCC_Generic\Debug\OS3.a(I2C_scl.o)
 .debug_info    0x0002f05c      0xc3d .\CortexM0\ARM_GCC_Generic\Debug\OS3.a(Temp_Sensor_EOC_ISR.o)
 .debug_info    0x0002fc99     0x14fb .\CortexM0\ARM_GCC_Generic\Debug\OS3.a(CyLib.o)
 .debug_info    0x00031194     0x170f .\CortexM0\ARM_GCC_Generic\Debug\OS3.a(CyLFClk.o)
 .debug_info    0x000328a3       0x26 .\CortexM0\ARM_GCC_Generic\Debug\OS3.a(CyBootAsmGnu.o)
 .debug_info    0x000328c9      0xb0d .\CortexM0\ARM_GCC_Generic\Debug\OS3.a(I2C_I2C_INT.o)

.debug_abbrev   0x00000000     0x6c78
 *(.debug_abbrev)
 .debug_abbrev  0x00000000      0x33e .\CortexM0\ARM_GCC_Generic\Debug\app.o
 .debug_abbrev  0x0000033e      0x31d .\CortexM0\ARM_GCC_Generic\Debug\bsp_os.o
 .debug_abbrev  0x0000065b      0x293 .\CortexM0\ARM_GCC_Generic\Debug\cpu_bsp.o
 .debug_abbrev  0x000008ee      0x374 .\CortexM0\ARM_GCC_Generic\Debug\bsp.o
 .debug_abbrev  0x00000c62      0x363 .\CortexM0\ARM_GCC_Generic\Debug\cpu_core.o
 .debug_abbrev  0x00000fc5      0x31d .\CortexM0\ARM_GCC_Generic\Debug\os_cpu_c.o
 .debug_abbrev  0x000012e2      0x207 .\CortexM0\ARM_GCC_Generic\Debug\os_cfg_app.o
 .debug_abbrev  0x000014e9      0x382 .\CortexM0\ARM_GCC_Generic\Debug\os_core.o
 .debug_abbrev  0x0000186b      0x21d .\CortexM0\ARM_GCC_Generic\Debug\os_dbg.o
 .debug_abbrev  0x00001a88      0x26e .\CortexM0\ARM_GCC_Generic\Debug\os_prio.o
 .debug_abbrev  0x00001cf6      0x338 .\CortexM0\ARM_GCC_Generic\Debug\os_sem.o
 .debug_abbrev  0x0000202e      0x33e .\CortexM0\ARM_GCC_Generic\Debug\os_stat.o
 .debug_abbrev  0x0000236c      0x324 .\CortexM0\ARM_GCC_Generic\Debug\os_task.o
 .debug_abbrev  0x00002690      0x35e .\CortexM0\ARM_GCC_Generic\Debug\os_tick.o
 .debug_abbrev  0x000029ee      0x31b .\CortexM0\ARM_GCC_Generic\Debug\os_time.o
 .debug_abbrev  0x00002d09      0x36e .\CortexM0\ARM_GCC_Generic\Debug\os_tmr.o
 .debug_abbrev  0x00003077      0x1da .\CortexM0\ARM_GCC_Generic\Debug\os_var.o
 .debug_abbrev  0x00003251      0x2a5 .\CortexM0\ARM_GCC_Generic\Debug\lib_math.o
 .debug_abbrev  0x000034f6      0x2be .\CortexM0\ARM_GCC_Generic\Debug\lib_mem.o
 .debug_abbrev  0x000037b4      0x30f .\CortexM0\ARM_GCC_Generic\Debug\cyfitter_cfg.o
 .debug_abbrev  0x00003ac3       0x61 .\CortexM0\ARM_GCC_Generic\Debug\cymetadata.o
 .debug_abbrev  0x00003b24      0x332 .\CortexM0\ARM_GCC_Generic\Debug\Cm0Start.o
 .debug_abbrev  0x00003e56       0x14 .\CortexM0\ARM_GCC_Generic\Debug\cpu_a.o
 .debug_abbrev  0x00003e6a       0x14 .\CortexM0\ARM_GCC_Generic\Debug\os_cpu_a.o
 .debug_abbrev  0x00003e7e      0x2b3 .\CortexM0\ARM_GCC_Generic\Debug\OS3.a(PWM_Blue.o)
 .debug_abbrev  0x00004131      0x2b3 .\CortexM0\ARM_GCC_Generic\Debug\OS3.a(PWM_Green.o)
 .debug_abbrev  0x000043e4      0x2b3 .\CortexM0\ARM_GCC_Generic\Debug\OS3.a(PWM_Red.o)
 .debug_abbrev  0x00004697       0xe9 .\CortexM0\ARM_GCC_Generic\Debug\OS3.a(Accel_Pin.o)
 .debug_abbrev  0x00004780      0x2b2 .\CortexM0\ARM_GCC_Generic\Debug\OS3.a(I2C.o)
 .debug_abbrev  0x00004a32      0x23d .\CortexM0\ARM_GCC_Generic\Debug\OS3.a(I2C_I2C.o)
 .debug_abbrev  0x00004c6f      0x341 .\CortexM0\ARM_GCC_Generic\Debug\OS3.a(I2C_I2C_MASTER.o)
 .debug_abbrev  0x00004fb0       0xe9 .\CortexM0\ARM_GCC_Generic\Debug\OS3.a(SW2.o)
 .debug_abbrev  0x00005099      0x30d .\CortexM0\ARM_GCC_Generic\Debug\OS3.a(Accel_ISR.o)
 .debug_abbrev  0x000053a6      0x2fc .\CortexM0\ARM_GCC_Generic\Debug\OS3.a(Temp_Sensor.o)
 .debug_abbrev  0x000056a2      0x20f .\CortexM0\ARM_GCC_Generic\Debug\OS3.a(Temp_Sensor_INT.o)
 .debug_abbrev  0x000058b1       0xed .\CortexM0\ARM_GCC_Generic\Debug\OS3.a(Opamp.o)
 .debug_abbrev  0x0000599e      0x31e .\CortexM0\ARM_GCC_Generic\Debug\OS3.a(ADC.o)
 .debug_abbrev  0x00005cbc      0x1ef .\CortexM0\ARM_GCC_Generic\Debug\OS3.a(ADC_INT.o)
 .debug_abbrev  0x00005eab       0xe9 .\CortexM0\ARM_GCC_Generic\Debug\OS3.a(I2C_sda.o)
 .debug_abbrev  0x00005f94       0xe9 .\CortexM0\ARM_GCC_Generic\Debug\OS3.a(I2C_scl.o)
 .debug_abbrev  0x0000607d      0x30d .\CortexM0\ARM_GCC_Generic\Debug\OS3.a(Temp_Sensor_EOC_ISR.o)
 .debug_abbrev  0x0000638a      0x354 .\CortexM0\ARM_GCC_Generic\Debug\OS3.a(CyLib.o)
 .debug_abbrev  0x000066de      0x377 .\CortexM0\ARM_GCC_Generic\Debug\OS3.a(CyLFClk.o)
 .debug_abbrev  0x00006a55       0x14 .\CortexM0\ARM_GCC_Generic\Debug\OS3.a(CyBootAsmGnu.o)
 .debug_abbrev  0x00006a69      0x20f .\CortexM0\ARM_GCC_Generic\Debug\OS3.a(I2C_I2C_INT.o)

.debug_line     0x00000000     0xeab4
 *(.debug_line)
 .debug_line    0x00000000      0x48f .\CortexM0\ARM_GCC_Generic\Debug\app.o
 .debug_line    0x0000048f      0x42a .\CortexM0\ARM_GCC_Generic\Debug\bsp_os.o
 .debug_line    0x000008b9      0x391 .\CortexM0\ARM_GCC_Generic\Debug\cpu_bsp.o
 .debug_line    0x00000c4a      0x7e3 .\CortexM0\ARM_GCC_Generic\Debug\bsp.o
 .debug_line    0x0000142d      0x96f .\CortexM0\ARM_GCC_Generic\Debug\cpu_core.o
 .debug_line    0x00001d9c      0x48f .\CortexM0\ARM_GCC_Generic\Debug\os_cpu_c.o
 .debug_line    0x0000222b      0x24c .\CortexM0\ARM_GCC_Generic\Debug\os_cfg_app.o
 .debug_line    0x00002477     0x1262 .\CortexM0\ARM_GCC_Generic\Debug\os_core.o
 .debug_line    0x000036d9      0x263 .\CortexM0\ARM_GCC_Generic\Debug\os_dbg.o
 .debug_line    0x0000393c      0x30e .\CortexM0\ARM_GCC_Generic\Debug\os_prio.o
 .debug_line    0x00003c4a      0x874 .\CortexM0\ARM_GCC_Generic\Debug\os_sem.o
 .debug_line    0x000044be      0x569 .\CortexM0\ARM_GCC_Generic\Debug\os_stat.o
 .debug_line    0x00004a27      0xf82 .\CortexM0\ARM_GCC_Generic\Debug\os_task.o
 .debug_line    0x000059a9      0x7a6 .\CortexM0\ARM_GCC_Generic\Debug\os_tick.o
 .debug_line    0x0000614f      0x53d .\CortexM0\ARM_GCC_Generic\Debug\os_time.o
 .debug_line    0x0000668c      0xc21 .\CortexM0\ARM_GCC_Generic\Debug\os_tmr.o
 .debug_line    0x000072ad      0x201 .\CortexM0\ARM_GCC_Generic\Debug\os_var.o
 .debug_line    0x000074ae      0x25e .\CortexM0\ARM_GCC_Generic\Debug\lib_math.o
 .debug_line    0x0000770c      0x5d0 .\CortexM0\ARM_GCC_Generic\Debug\lib_mem.o
 .debug_line    0x00007cdc      0x34b .\CortexM0\ARM_GCC_Generic\Debug\cyfitter_cfg.o
 .debug_line    0x00008027      0x119 .\CortexM0\ARM_GCC_Generic\Debug\cymetadata.o
 .debug_line    0x00008140      0x3c2 .\CortexM0\ARM_GCC_Generic\Debug\Cm0Start.o
 .debug_line    0x00008502       0x7e .\CortexM0\ARM_GCC_Generic\Debug\cpu_a.o
 .debug_line    0x00008580       0xd3 .\CortexM0\ARM_GCC_Generic\Debug\os_cpu_a.o
 .debug_line    0x00008653      0x883 .\CortexM0\ARM_GCC_Generic\Debug\OS3.a(PWM_Blue.o)
 .debug_line    0x00008ed6      0x885 .\CortexM0\ARM_GCC_Generic\Debug\OS3.a(PWM_Green.o)
 .debug_line    0x0000975b      0x881 .\CortexM0\ARM_GCC_Generic\Debug\OS3.a(PWM_Red.o)
 .debug_line    0x00009fdc      0x144 .\CortexM0\ARM_GCC_Generic\Debug\OS3.a(Accel_Pin.o)
 .debug_line    0x0000a120      0x360 .\CortexM0\ARM_GCC_Generic\Debug\OS3.a(I2C.o)
 .debug_line    0x0000a480      0x2e8 .\CortexM0\ARM_GCC_Generic\Debug\OS3.a(I2C_I2C.o)
 .debug_line    0x0000a768      0xa4d .\CortexM0\ARM_GCC_Generic\Debug\OS3.a(I2C_I2C_MASTER.o)
 .debug_line    0x0000b1b5      0x13c .\CortexM0\ARM_GCC_Generic\Debug\OS3.a(SW2.o)
 .debug_line    0x0000b2f1      0x344 .\CortexM0\ARM_GCC_Generic\Debug\OS3.a(Accel_ISR.o)
 .debug_line    0x0000b635      0x3f5 .\CortexM0\ARM_GCC_Generic\Debug\OS3.a(Temp_Sensor.o)
 .debug_line    0x0000ba2a      0x276 .\CortexM0\ARM_GCC_Generic\Debug\OS3.a(Temp_Sensor_INT.o)
 .debug_line    0x0000bca0      0x154 .\CortexM0\ARM_GCC_Generic\Debug\OS3.a(Opamp.o)
 .debug_line    0x0000bdf4      0x6b4 .\CortexM0\ARM_GCC_Generic\Debug\OS3.a(ADC.o)
 .debug_line    0x0000c4a8      0x1ce .\CortexM0\ARM_GCC_Generic\Debug\OS3.a(ADC_INT.o)
 .debug_line    0x0000c676      0x142 .\CortexM0\ARM_GCC_Generic\Debug\OS3.a(I2C_sda.o)
 .debug_line    0x0000c7b8      0x135 .\CortexM0\ARM_GCC_Generic\Debug\OS3.a(I2C_scl.o)
 .debug_line    0x0000c8ed      0x347 .\CortexM0\ARM_GCC_Generic\Debug\OS3.a(Temp_Sensor_EOC_ISR.o)
 .debug_line    0x0000cc34      0xb23 .\CortexM0\ARM_GCC_Generic\Debug\OS3.a(CyLib.o)
 .debug_line    0x0000d757      0xdc9 .\CortexM0\ARM_GCC_Generic\Debug\OS3.a(CyLFClk.o)
 .debug_line    0x0000e520       0x69 .\CortexM0\ARM_GCC_Generic\Debug\OS3.a(CyBootAsmGnu.o)
 .debug_line    0x0000e589      0x52b .\CortexM0\ARM_GCC_Generic\Debug\OS3.a(I2C_I2C_INT.o)

.debug_frame    0x00000000     0x3298
 *(.debug_frame)
 .debug_frame   0x00000000       0x88 .\CortexM0\ARM_GCC_Generic\Debug\app.o
 .debug_frame   0x00000088       0xa8 .\CortexM0\ARM_GCC_Generic\Debug\bsp_os.o
 .debug_frame   0x00000130       0x58 .\CortexM0\ARM_GCC_Generic\Debug\cpu_bsp.o
 .debug_frame   0x00000188      0x194 .\CortexM0\ARM_GCC_Generic\Debug\bsp.o
 .debug_frame   0x0000031c      0x2d8 .\CortexM0\ARM_GCC_Generic\Debug\cpu_core.o
 .debug_frame   0x000005f4       0xf0 .\CortexM0\ARM_GCC_Generic\Debug\os_cpu_c.o
 .debug_frame   0x000006e4       0x20 .\CortexM0\ARM_GCC_Generic\Debug\os_cfg_app.o
 .debug_frame   0x00000704      0x3a8 .\CortexM0\ARM_GCC_Generic\Debug\os_core.o
 .debug_frame   0x00000aac       0x20 .\CortexM0\ARM_GCC_Generic\Debug\os_dbg.o
 .debug_frame   0x00000acc       0x5c .\CortexM0\ARM_GCC_Generic\Debug\os_prio.o
 .debug_frame   0x00000b28      0x148 .\CortexM0\ARM_GCC_Generic\Debug\os_sem.o
 .debug_frame   0x00000c70       0x98 .\CortexM0\ARM_GCC_Generic\Debug\os_stat.o
 .debug_frame   0x00000d08      0x278 .\CortexM0\ARM_GCC_Generic\Debug\os_task.o
 .debug_frame   0x00000f80       0xc0 .\CortexM0\ARM_GCC_Generic\Debug\os_tick.o
 .debug_frame   0x00001040       0xbc .\CortexM0\ARM_GCC_Generic\Debug\os_time.o
 .debug_frame   0x000010fc      0x184 .\CortexM0\ARM_GCC_Generic\Debug\os_tmr.o
 .debug_frame   0x00001280       0x7c .\CortexM0\ARM_GCC_Generic\Debug\lib_math.o
 .debug_frame   0x000012fc       0xb0 .\CortexM0\ARM_GCC_Generic\Debug\lib_mem.o
 .debug_frame   0x000013ac       0xbc .\CortexM0\ARM_GCC_Generic\Debug\cyfitter_cfg.o
 .debug_frame   0x00001468       0xbc .\CortexM0\ARM_GCC_Generic\Debug\Cm0Start.o
 .debug_frame   0x00001524      0x390 .\CortexM0\ARM_GCC_Generic\Debug\OS3.a(PWM_Blue.o)
 .debug_frame   0x000018b4      0x390 .\CortexM0\ARM_GCC_Generic\Debug\OS3.a(PWM_Green.o)
 .debug_frame   0x00001c44      0x390 .\CortexM0\ARM_GCC_Generic\Debug\OS3.a(PWM_Red.o)
 .debug_frame   0x00001fd4       0x70 .\CortexM0\ARM_GCC_Generic\Debug\OS3.a(Accel_Pin.o)
 .debug_frame   0x00002044       0xf8 .\CortexM0\ARM_GCC_Generic\Debug\OS3.a(I2C.o)
 .debug_frame   0x0000213c       0x58 .\CortexM0\ARM_GCC_Generic\Debug\OS3.a(I2C_I2C.o)
 .debug_frame   0x00002194      0x1e8 .\CortexM0\ARM_GCC_Generic\Debug\OS3.a(I2C_I2C_MASTER.o)
 .debug_frame   0x0000237c       0x70 .\CortexM0\ARM_GCC_Generic\Debug\OS3.a(SW2.o)
 .debug_frame   0x000023ec      0x110 .\CortexM0\ARM_GCC_Generic\Debug\OS3.a(Accel_ISR.o)
 .debug_frame   0x000024fc       0xec .\CortexM0\ARM_GCC_Generic\Debug\OS3.a(Temp_Sensor.o)
 .debug_frame   0x000025e8       0x2c .\CortexM0\ARM_GCC_Generic\Debug\OS3.a(Temp_Sensor_INT.o)
 .debug_frame   0x00002614       0x7c .\CortexM0\ARM_GCC_Generic\Debug\OS3.a(Opamp.o)
 .debug_frame   0x00002690      0x1b0 .\CortexM0\ARM_GCC_Generic\Debug\OS3.a(ADC.o)
 .debug_frame   0x00002840       0x20 .\CortexM0\ARM_GCC_Generic\Debug\OS3.a(ADC_INT.o)
 .debug_frame   0x00002860       0x70 .\CortexM0\ARM_GCC_Generic\Debug\OS3.a(I2C_sda.o)
 .debug_frame   0x000028d0       0x70 .\CortexM0\ARM_GCC_Generic\Debug\OS3.a(I2C_scl.o)
 .debug_frame   0x00002940      0x110 .\CortexM0\ARM_GCC_Generic\Debug\OS3.a(Temp_Sensor_EOC_ISR.o)
 .debug_frame   0x00002a50      0x3e0 .\CortexM0\ARM_GCC_Generic\Debug\OS3.a(CyLib.o)
 .debug_frame   0x00002e30      0x3ac .\CortexM0\ARM_GCC_Generic\Debug\OS3.a(CyLFClk.o)
 .debug_frame   0x000031dc       0x30 .\CortexM0\ARM_GCC_Generic\Debug\OS3.a(I2C_I2C_INT.o)
 .debug_frame   0x0000320c       0x20 c:/program files (x86)/gnu tools arm embedded/8 2018-q4-major/bin/../lib/gcc/arm-none-eabi/8.2.1/thumb/v6-m/nofp\libgcc.a(_udivsi3.o)
 .debug_frame   0x0000322c       0x20 c:/program files (x86)/gnu tools arm embedded/8 2018-q4-major/bin/../lib/gcc/arm-none-eabi/8.2.1/../../../../arm-none-eabi/lib/thumb/v6-m/nofp\libg_nano.a(lib_a-errno.o)
 .debug_frame   0x0000324c       0x2c c:/program files (x86)/gnu tools arm embedded/8 2018-q4-major/bin/../lib/gcc/arm-none-eabi/8.2.1/../../../../arm-none-eabi/lib/thumb/v6-m/nofp\libg_nano.a(lib_a-init.o)
 .debug_frame   0x00003278       0x20 c:/program files (x86)/gnu tools arm embedded/8 2018-q4-major/bin/../lib/gcc/arm-none-eabi/8.2.1/../../../../arm-none-eabi/lib/thumb/v6-m/nofp\libg_nano.a(lib_a-memset.o)

.debug_str      0x00000000     0x5f66
 *(.debug_str)
 .debug_str     0x00000000     0x1f89 .\CortexM0\ARM_GCC_Generic\Debug\app.o
                               0x2098 (size before relaxing)
 .debug_str     0x00001f89       0xe8 .\CortexM0\ARM_GCC_Generic\Debug\bsp_os.o
                               0x1f17 (size before relaxing)
 .debug_str     0x00002071       0x9f .\CortexM0\ARM_GCC_Generic\Debug\cpu_bsp.o
                               0x126a (size before relaxing)
 .debug_str     0x00002110      0x336 .\CortexM0\ARM_GCC_Generic\Debug\bsp.o
                               0x15ba (size before relaxing)
 .debug_str     0x00002446      0x325 .\CortexM0\ARM_GCC_Generic\Debug\cpu_core.o
                                0xa2d (size before relaxing)
 .debug_str     0x0000276b      0x150 .\CortexM0\ARM_GCC_Generic\Debug\os_cpu_c.o
                               0x1290 (size before relaxing)
 .debug_str     0x000028bb       0x6b .\CortexM0\ARM_GCC_Generic\Debug\os_cfg_app.o
                               0x1119 (size before relaxing)
 .debug_str     0x00002926      0x3ab .\CortexM0\ARM_GCC_Generic\Debug\os_core.o
                               0x2177 (size before relaxing)
 .debug_str     0x00002cd1      0x5ec .\CortexM0\ARM_GCC_Generic\Debug\os_dbg.o
                               0x16b1 (size before relaxing)
 .debug_str     0x000032bd       0x43 .\CortexM0\ARM_GCC_Generic\Debug\os_prio.o
                               0x1141 (size before relaxing)
 .debug_str     0x00003300       0xa0 .\CortexM0\ARM_GCC_Generic\Debug\os_sem.o
                               0x1ec0 (size before relaxing)
 .debug_str     0x000033a0       0xc3 .\CortexM0\ARM_GCC_Generic\Debug\os_stat.o
                               0x1ea3 (size before relaxing)
 .debug_str     0x00003463      0x15c .\CortexM0\ARM_GCC_Generic\Debug\os_task.o
                               0x2041 (size before relaxing)
 .debug_str     0x000035bf       0x9d .\CortexM0\ARM_GCC_Generic\Debug\os_tick.o
                               0x1ed0 (size before relaxing)
 .debug_str     0x0000365c       0x8b .\CortexM0\ARM_GCC_Generic\Debug\os_time.o
                               0x1e5e (size before relaxing)
 .debug_str     0x000036e7      0x13c .\CortexM0\ARM_GCC_Generic\Debug\os_tmr.o
                               0x1f34 (size before relaxing)
 .debug_str     0x00003823       0x34 .\CortexM0\ARM_GCC_Generic\Debug\os_var.o
                               0x10e2 (size before relaxing)
 .debug_str     0x00003857       0x79 .\CortexM0\ARM_GCC_Generic\Debug\lib_math.o
                                0x75e (size before relaxing)
 .debug_str     0x000038d0      0x18d .\CortexM0\ARM_GCC_Generic\Debug\lib_mem.o
                                0x85d (size before relaxing)
 .debug_str     0x00003a5d      0x148 .\CortexM0\ARM_GCC_Generic\Debug\cyfitter_cfg.o
                                0x78e (size before relaxing)
 .debug_str     0x00003ba5       0x63 .\CortexM0\ARM_GCC_Generic\Debug\cymetadata.o
                                0x203 (size before relaxing)
 .debug_str     0x00003c08      0x146 .\CortexM0\ARM_GCC_Generic\Debug\Cm0Start.o
                                0x792 (size before relaxing)
 .debug_str     0x00003d4e       0x4b .\CortexM0\ARM_GCC_Generic\Debug\cpu_a.o
                                 0xb9 (size before relaxing)
 .debug_str     0x00003d99       0x4f .\CortexM0\ARM_GCC_Generic\Debug\os_cpu_a.o
                                 0xcc (size before relaxing)
 .debug_str     0x00003de8      0x444 .\CortexM0\ARM_GCC_Generic\Debug\OS3.a(PWM_Blue.o)
                                0xaa9 (size before relaxing)
 .debug_str     0x0000422c      0x380 .\CortexM0\ARM_GCC_Generic\Debug\OS3.a(PWM_Green.o)
                                0xad3 (size before relaxing)
 .debug_str     0x000045ac      0x334 .\CortexM0\ARM_GCC_Generic\Debug\OS3.a(PWM_Red.o)
                                0xa7f (size before relaxing)
 .debug_str     0x000048e0       0xae .\CortexM0\ARM_GCC_Generic\Debug\OS3.a(Accel_Pin.o)
                                0x296 (size before relaxing)
 .debug_str     0x0000498e      0x20e .\CortexM0\ARM_GCC_Generic\Debug\OS3.a(I2C.o)
                                0x851 (size before relaxing)
 .debug_str     0x00004b9c       0x46 .\CortexM0\ARM_GCC_Generic\Debug\OS3.a(I2C_I2C.o)
                                0x78c (size before relaxing)
 .debug_str     0x00004be2      0x1f8 .\CortexM0\ARM_GCC_Generic\Debug\OS3.a(I2C_I2C_MASTER.o)
                                0x9be (size before relaxing)
 .debug_str     0x00004dda       0x70 .\CortexM0\ARM_GCC_Generic\Debug\OS3.a(SW2.o)
                                0x26c (size before relaxing)
 .debug_str     0x00004e4a      0x133 .\CortexM0\ARM_GCC_Generic\Debug\OS3.a(Accel_ISR.o)
                                0x79c (size before relaxing)
 .debug_str     0x00004f7d      0x184 .\CortexM0\ARM_GCC_Generic\Debug\OS3.a(Temp_Sensor.o)
                                0x836 (size before relaxing)
 .debug_str     0x00005101       0x4a .\CortexM0\ARM_GCC_Generic\Debug\OS3.a(Temp_Sensor_INT.o)
                                0x6f8 (size before relaxing)
 .debug_str     0x0000514b       0x83 .\CortexM0\ARM_GCC_Generic\Debug\OS3.a(Opamp.o)
                                0x25a (size before relaxing)
 .debug_str     0x000051ce      0x195 .\CortexM0\ARM_GCC_Generic\Debug\OS3.a(ADC.o)
                                0x83e (size before relaxing)
 .debug_str     0x00005363       0x35 .\CortexM0\ARM_GCC_Generic\Debug\OS3.a(ADC_INT.o)
                                0x674 (size before relaxing)
 .debug_str     0x00005398       0x88 .\CortexM0\ARM_GCC_Generic\Debug\OS3.a(I2C_sda.o)
                                0x288 (size before relaxing)
 .debug_str     0x00005420       0x7a .\CortexM0\ARM_GCC_Generic\Debug\OS3.a(I2C_scl.o)
                                0x288 (size before relaxing)
 .debug_str     0x0000549a      0x157 .\CortexM0\ARM_GCC_Generic\Debug\OS3.a(Temp_Sensor_EOC_ISR.o)
                                0x828 (size before relaxing)
 .debug_str     0x000055f1      0x3e6 .\CortexM0\ARM_GCC_Generic\Debug\OS3.a(CyLib.o)
                                0xad5 (size before relaxing)
 .debug_str     0x000059d7      0x522 .\CortexM0\ARM_GCC_Generic\Debug\OS3.a(CyLFClk.o)
                                0xba9 (size before relaxing)
 .debug_str     0x00005ef9       0x26 .\CortexM0\ARM_GCC_Generic\Debug\OS3.a(CyBootAsmGnu.o)
                                 0xa3 (size before relaxing)
 .debug_str     0x00005f1f       0x47 .\CortexM0\ARM_GCC_Generic\Debug\OS3.a(I2C_I2C_INT.o)
                                0x76d (size before relaxing)

.debug_loc      0x00000000     0xb276
 *(.debug_loc)
 .debug_loc     0x00000000      0x10e .\CortexM0\ARM_GCC_Generic\Debug\app.o
 .debug_loc     0x0000010e      0x1d0 .\CortexM0\ARM_GCC_Generic\Debug\bsp_os.o
 .debug_loc     0x000002de       0x76 .\CortexM0\ARM_GCC_Generic\Debug\cpu_bsp.o
 .debug_loc     0x00000354      0x68c .\CortexM0\ARM_GCC_Generic\Debug\bsp.o
 .debug_loc     0x000009e0      0xc03 .\CortexM0\ARM_GCC_Generic\Debug\cpu_core.o
 .debug_loc     0x000015e3      0x340 .\CortexM0\ARM_GCC_Generic\Debug\os_cpu_c.o
 .debug_loc     0x00001923     0x10d8 .\CortexM0\ARM_GCC_Generic\Debug\os_core.o
 .debug_loc     0x000029fb       0x74 .\CortexM0\ARM_GCC_Generic\Debug\os_dbg.o
 .debug_loc     0x00002a6f      0x16b .\CortexM0\ARM_GCC_Generic\Debug\os_prio.o
 .debug_loc     0x00002bda      0xa10 .\CortexM0\ARM_GCC_Generic\Debug\os_sem.o
 .debug_loc     0x000035ea      0x388 .\CortexM0\ARM_GCC_Generic\Debug\os_stat.o
 .debug_loc     0x00003972     0x13f9 .\CortexM0\ARM_GCC_Generic\Debug\os_task.o
 .debug_loc     0x00004d6b      0x4b9 .\CortexM0\ARM_GCC_Generic\Debug\os_tick.o
 .debug_loc     0x00005224      0x703 .\CortexM0\ARM_GCC_Generic\Debug\os_time.o
 .debug_loc     0x00005927      0xbdb .\CortexM0\ARM_GCC_Generic\Debug\os_tmr.o
 .debug_loc     0x00006502      0x114 .\CortexM0\ARM_GCC_Generic\Debug\lib_math.o
 .debug_loc     0x00006616      0xb27 .\CortexM0\ARM_GCC_Generic\Debug\lib_mem.o
 .debug_loc     0x0000713d      0x176 .\CortexM0\ARM_GCC_Generic\Debug\cyfitter_cfg.o
 .debug_loc     0x000072b3      0x1cd .\CortexM0\ARM_GCC_Generic\Debug\Cm0Start.o
 .debug_loc     0x00007480      0x5cc .\CortexM0\ARM_GCC_Generic\Debug\OS3.a(PWM_Blue.o)
 .debug_loc     0x00007a4c      0x5cc .\CortexM0\ARM_GCC_Generic\Debug\OS3.a(PWM_Green.o)
 .debug_loc     0x00008018      0x5cc .\CortexM0\ARM_GCC_Generic\Debug\OS3.a(PWM_Red.o)
 .debug_loc     0x000085e4       0xcb .\CortexM0\ARM_GCC_Generic\Debug\OS3.a(Accel_Pin.o)
 .debug_loc     0x000086af       0x44 .\CortexM0\ARM_GCC_Generic\Debug\OS3.a(I2C.o)
 .debug_loc     0x000086f3      0xb9b .\CortexM0\ARM_GCC_Generic\Debug\OS3.a(I2C_I2C_MASTER.o)
 .debug_loc     0x0000928e       0xcb .\CortexM0\ARM_GCC_Generic\Debug\OS3.a(SW2.o)
 .debug_loc     0x00009359       0x92 .\CortexM0\ARM_GCC_Generic\Debug\OS3.a(Accel_ISR.o)
 .debug_loc     0x000093eb      0x126 .\CortexM0\ARM_GCC_Generic\Debug\OS3.a(Temp_Sensor.o)
 .debug_loc     0x00009511       0x5f .\CortexM0\ARM_GCC_Generic\Debug\OS3.a(Temp_Sensor_INT.o)
 .debug_loc     0x00009570       0x3a .\CortexM0\ARM_GCC_Generic\Debug\OS3.a(Opamp.o)
 .debug_loc     0x000095aa      0x4dc .\CortexM0\ARM_GCC_Generic\Debug\OS3.a(ADC.o)
 .debug_loc     0x00009a86       0x15 .\CortexM0\ARM_GCC_Generic\Debug\OS3.a(ADC_INT.o)
 .debug_loc     0x00009a9b       0xcb .\CortexM0\ARM_GCC_Generic\Debug\OS3.a(I2C_sda.o)
 .debug_loc     0x00009b66       0x71 .\CortexM0\ARM_GCC_Generic\Debug\OS3.a(I2C_scl.o)
 .debug_loc     0x00009bd7       0x92 .\CortexM0\ARM_GCC_Generic\Debug\OS3.a(Temp_Sensor_EOC_ISR.o)
 .debug_loc     0x00009c69      0x7e8 .\CortexM0\ARM_GCC_Generic\Debug\OS3.a(CyLib.o)
 .debug_loc     0x0000a451      0xcb8 .\CortexM0\ARM_GCC_Generic\Debug\OS3.a(CyLFClk.o)
 .debug_loc     0x0000b109      0x16d .\CortexM0\ARM_GCC_Generic\Debug\OS3.a(I2C_I2C_INT.o)

.debug_macinfo
 *(.debug_macinfo)

.debug_ranges   0x00000000     0x1140
 *(.debug_ranges)
 .debug_ranges  0x00000000       0x28 .\CortexM0\ARM_GCC_Generic\Debug\app.o
 .debug_ranges  0x00000028       0x30 .\CortexM0\ARM_GCC_Generic\Debug\bsp_os.o
 .debug_ranges  0x00000058       0x20 .\CortexM0\ARM_GCC_Generic\Debug\cpu_bsp.o
 .debug_ranges  0x00000078       0x70 .\CortexM0\ARM_GCC_Generic\Debug\bsp.o