ARM GAS  C:\Users\daniel01\AppData\Local\Temp\ccfZHk7c.s 			page 1


   1              		.syntax unified
   2              		.cpu cortex-m3
   3              		.fpu softvfp
   4              		.eabi_attribute 20, 1
   5              		.eabi_attribute 21, 1
   6              		.eabi_attribute 23, 3
   7              		.eabi_attribute 24, 1
   8              		.eabi_attribute 25, 1
   9              		.eabi_attribute 26, 1
  10              		.eabi_attribute 30, 6
  11              		.eabi_attribute 18, 4
  12              		.thumb
  13              		.file	"app_probe.c"
  14              		.section	.debug_abbrev,"",%progbits
  15              	.Ldebug_abbrev0:
  16              		.section	.debug_info,"",%progbits
  17              	.Ldebug_info0:
  18              		.section	.debug_line,"",%progbits
  19              	.Ldebug_line0:
  20 0000 68000000 		.text
  20      02004C00 
  20      00000201 
  20      FB0E0D00 
  20      01010101 
  21              	.Ltext0:
  22              		.cfi_sections	.debug_frame
  23              		.section	.text.App_ProbeInit,"ax",%progbits
  24              		.align	2
  25              		.global	App_ProbeInit
  26              		.thumb
  27              		.thumb_func
  28              		.type	App_ProbeInit, %function
  29              	App_ProbeInit:
  30              	.LFB29:
  31              		.file 1 "..\\app_probe.c"
   1:..\app_probe.c **** /*
   2:..\app_probe.c **** ***************************************************************************************************
   3:..\app_probe.c **** *                                              EXAMPLE CODE
   4:..\app_probe.c **** *
   5:..\app_probe.c **** *                          (c) Copyright 2003-2009; Micrium, Inc.; Weston, FL
   6:..\app_probe.c **** *
   7:..\app_probe.c **** *               All rights reserved.  Protected by international copyright laws.
   8:..\app_probe.c **** *               Knowledge of the source code may NOT be used to develop a similar product.
   9:..\app_probe.c **** *               Please help us continue to provide the Embedded community with the finest
  10:..\app_probe.c **** *               software available.  Your honesty is greatly appreciated.
  11:..\app_probe.c **** ***************************************************************************************************
  12:..\app_probe.c **** */
  13:..\app_probe.c **** 
  14:..\app_probe.c **** /*
  15:..\app_probe.c **** ***************************************************************************************************
  16:..\app_probe.c **** *
  17:..\app_probe.c **** *                                           uC/Probe
  18:..\app_probe.c **** *                                      Application Code
  19:..\app_probe.c **** *
  20:..\app_probe.c **** *                                           CYPRESS PSoC5
  21:..\app_probe.c **** *                                              with the
  22:..\app_probe.c **** *                                     CY8CKIT-050 Development Kit
ARM GAS  C:\Users\daniel01\AppData\Local\Temp\ccfZHk7c.s 			page 2


  23:..\app_probe.c **** *
  24:..\app_probe.c **** *
  25:..\app_probe.c **** * Filename      : app_probe.c
  26:..\app_probe.c **** * Version       : V1.00
  27:..\app_probe.c **** * Programmer(s) : DC
  28:..\app_probe.c **** ***************************************************************************************************
  29:..\app_probe.c **** */
  30:..\app_probe.c **** 
  31:..\app_probe.c **** /*
  32:..\app_probe.c **** ***************************************************************************************************
  33:..\app_probe.c **** *                                             INCLUDE FILES
  34:..\app_probe.c **** ***************************************************************************************************
  35:..\app_probe.c **** */            
  36:..\app_probe.c **** 
  37:..\app_probe.c **** 
  38:..\app_probe.c **** #define  APP_PROBE_MODULE
  39:..\app_probe.c **** #include <app_probe.h>
  40:..\app_probe.c **** #include <device.h>
  41:..\app_probe.c **** 
  42:..\app_probe.c **** 
  43:..\app_probe.c **** /*
  44:..\app_probe.c **** ***************************************************************************************************
  45:..\app_probe.c **** *                                                 ENABLE
  46:..\app_probe.c **** ***************************************************************************************************
  47:..\app_probe.c **** */
  48:..\app_probe.c **** 
  49:..\app_probe.c **** #if (APP_CFG_PROBE_COM_EN == DEF_ENABLED)
  50:..\app_probe.c **** 
  51:..\app_probe.c **** /*
  52:..\app_probe.c **** ***************************************************************************************************
  53:..\app_probe.c **** *                                       LOCAL GLOBAL VARIABLES
  54:..\app_probe.c **** ***************************************************************************************************
  55:..\app_probe.c **** */
  56:..\app_probe.c **** 
  57:..\app_probe.c **** 
  58:..\app_probe.c **** /*
  59:..\app_probe.c **** ***************************************************************************************************
  60:..\app_probe.c **** *                                          FUNCTION PROTOTYPES
  61:..\app_probe.c **** ***************************************************************************************************
  62:..\app_probe.c **** */
  63:..\app_probe.c **** 
  64:..\app_probe.c **** 
  65:..\app_probe.c **** /*
  66:..\app_probe.c **** ***************************************************************************************************
  67:..\app_probe.c **** *                                    LOCAL CONFIGURATION ERRORS
  68:..\app_probe.c **** ***************************************************************************************************
  69:..\app_probe.c **** */
  70:..\app_probe.c **** 
  71:..\app_probe.c **** 
  72:..\app_probe.c **** /*
  73:..\app_probe.c **** ***************************************************************************************************
  74:..\app_probe.c **** *                                         App_ProbeInit()
  75:..\app_probe.c **** *
  76:..\app_probe.c **** * Description : Initialize all uC/Probe modules.
  77:..\app_probe.c **** *
  78:..\app_probe.c **** * Argument(s) : none.
  79:..\app_probe.c **** *
ARM GAS  C:\Users\daniel01\AppData\Local\Temp\ccfZHk7c.s 			page 3


  80:..\app_probe.c **** * Return(s)   : none.
  81:..\app_probe.c **** *
  82:..\app_probe.c **** * Note(s)     : none
  83:..\app_probe.c **** ***************************************************************************************************
  84:..\app_probe.c **** */
  85:..\app_probe.c **** 
  86:..\app_probe.c **** 
  87:..\app_probe.c **** void  App_ProbeInit (void)
  88:..\app_probe.c **** {
  32              		.loc 1 88 0
  33              		.cfi_startproc
  34              		@ args = 0, pretend = 0, frame = 0
  35              		@ frame_needed = 1, uses_anonymous_args = 0
  36 0000 80B5     		push	{r7, lr}
  37              	.LCFI0:
  38              		.cfi_def_cfa_offset 8
  39 0002 00AF     		add	r7, sp, #0
  40              		.cfi_offset 14, -4
  41              		.cfi_offset 7, -8
  42              	.LCFI1:
  43              		.cfi_def_cfa_register 7
  89:..\app_probe.c **** #if (PROBE_COM_CFG_SERIAL_EN == DEF_ENABLED)
  90:..\app_probe.c ****     SERIAL_IF_CFG  uart_cfg;
  91:..\app_probe.c **** #endif    
  92:..\app_probe.c ****     
  93:..\app_probe.c ****     
  94:..\app_probe.c ****     APP_TRACE_INFO(("Initializing uC/Probe ... \n\r"));    
  95:..\app_probe.c ****     ProbeCom_Init();                                            /* Initialize the uC/Probe communic
  44              		.loc 1 95 0
  45 0004 FFF7FEFF 		bl	ProbeCom_Init
  96:..\app_probe.c **** 
  97:..\app_probe.c **** #if (PROBE_COM_CFG_RS232_EN == DEF_ENABLED)
  98:..\app_probe.c ****     ProbeRS232_Init(9600);
  46              		.loc 1 98 0
  47 0008 4FF41650 		mov	r0, #9600
  48 000c FFF7FEFF 		bl	ProbeRS232_Init
  99:..\app_probe.c ****     ProbeRS232_RxIntEn();
  49              		.loc 1 99 0
  50 0010 FFF7FEFF 		bl	ProbeRS232_RxIntEn
 100:..\app_probe.c **** 
 101:..\app_probe.c **** #endif
 102:..\app_probe.c **** 
 103:..\app_probe.c **** #if (PROBE_COM_CFG_SERIAL_EN == DEF_ENABLED)
 104:..\app_probe.c ****     uart_cfg.Baudrate = SERIAL_BAUDRATE_57600;
 105:..\app_probe.c ****     uart_cfg.DataBits = SERIAL_DATABITS_8;
 106:..\app_probe.c ****     uart_cfg.StopBits = SERIAL_STOPBITS_1;
 107:..\app_probe.c ****     uart_cfg.Parity   = SERIAL_PARITY_NONE;
 108:..\app_probe.c ****     uart_cfg.FlowCtrl = SERIAL_FLOW_CTRL_NONE;
 109:..\app_probe.c **** 
 110:..\app_probe.c ****     ProbeSerial_Init((CPU_CHAR      *)APP_CFG_PROBE_SERIAL_PORT_NAME,
 111:..\app_probe.c ****                      (SERIAL_IF_CFG *)&uart_cfg);
 112:..\app_probe.c **** #endif
 113:..\app_probe.c ****     
 114:..\app_probe.c ****     
 115:..\app_probe.c **** #if (PROBE_COM_CFG_TCPIP_EN == DEF_ENABLED)
 116:..\app_probe.c ****     ProbeTCPIP_Init();
 117:..\app_probe.c **** #endif
ARM GAS  C:\Users\daniel01\AppData\Local\Temp\ccfZHk7c.s 			page 4


 118:..\app_probe.c **** }
  51              		.loc 1 118 0
  52 0014 80BD     		pop	{r7, pc}
  53              		.cfi_endproc
  54              	.LFE29:
  55              		.size	App_ProbeInit, .-App_ProbeInit
  56 0016 00BF     		.text
  57              	.Letext0:
  58              		.section	.debug_loc,"",%progbits
  59              	.Ldebug_loc0:
  60              	.LLST0:
  61 0000 00000000 		.4byte	.LFB29
  62 0004 02000000 		.4byte	.LCFI0
  63 0008 0100     		.2byte	0x1
  64 000a 5D       		.byte	0x5d
  65 000b 02000000 		.4byte	.LCFI0
  66 000f 04000000 		.4byte	.LCFI1
  67 0013 0200     		.2byte	0x2
  68 0015 7D       		.byte	0x7d
  69 0016 08       		.sleb128 8
  70 0017 04000000 		.4byte	.LCFI1
  71 001b 16000000 		.4byte	.LFE29
  72 001f 0200     		.2byte	0x2
  73 0021 77       		.byte	0x77
  74 0022 08       		.sleb128 8
  75 0023 00000000 		.4byte	0x0
  76 0027 00000000 		.4byte	0x0
  77              		.file 2 "./Generated_Source/PSoC5/core_cm3.h"
  78              		.section	.debug_info
  79 0000 AC000000 		.4byte	0xac
  80 0004 0200     		.2byte	0x2
  81 0006 00000000 		.4byte	.Ldebug_abbrev0
  82 000a 04       		.byte	0x4
  83 000b 01       		.uleb128 0x1
  84 000c 57000000 		.4byte	.LASF12
  85 0010 01       		.byte	0x1
  86 0011 BD000000 		.4byte	.LASF13
  87 0015 CC000000 		.4byte	.LASF14
  88 0019 00000000 		.4byte	0x0
  89 001d 00000000 		.4byte	0x0
  90 0021 00000000 		.4byte	.Ldebug_ranges0+0x0
  91 0025 00000000 		.4byte	.Ldebug_line0
  92 0029 02       		.uleb128 0x2
  93 002a 01       		.byte	0x1
  94 002b 08       		.byte	0x8
  95 002c 71000000 		.4byte	.LASF0
  96 0030 02       		.uleb128 0x2
  97 0031 01       		.byte	0x1
  98 0032 08       		.byte	0x8
  99 0033 63000000 		.4byte	.LASF1
 100 0037 02       		.uleb128 0x2
 101 0038 01       		.byte	0x1
 102 0039 06       		.byte	0x6
 103 003a 93000000 		.4byte	.LASF2
 104 003e 02       		.uleb128 0x2
 105 003f 02       		.byte	0x2
 106 0040 07       		.byte	0x7
ARM GAS  C:\Users\daniel01\AppData\Local\Temp\ccfZHk7c.s 			page 5


 107 0041 0E000000 		.4byte	.LASF3
 108 0045 02       		.uleb128 0x2
 109 0046 02       		.byte	0x2
 110 0047 05       		.byte	0x5
 111 0048 A5000000 		.4byte	.LASF4
 112 004c 02       		.uleb128 0x2
 113 004d 04       		.byte	0x4
 114 004e 07       		.byte	0x7
 115 004f 21000000 		.4byte	.LASF5
 116 0053 03       		.uleb128 0x3
 117 0054 04       		.byte	0x4
 118 0055 05       		.byte	0x5
 119 0056 696E7400 		.ascii	"int\000"
 120 005a 02       		.uleb128 0x2
 121 005b 08       		.byte	0x8
 122 005c 07       		.byte	0x7
 123 005d 40000000 		.4byte	.LASF6
 124 0061 02       		.uleb128 0x2
 125 0062 08       		.byte	0x8
 126 0063 05       		.byte	0x5
 127 0064 00000000 		.4byte	.LASF7
 128 0068 02       		.uleb128 0x2
 129 0069 04       		.byte	0x4
 130 006a 04       		.byte	0x4
 131 006b 9F000000 		.4byte	.LASF8
 132 006f 02       		.uleb128 0x2
 133 0070 08       		.byte	0x8
 134 0071 04       		.byte	0x4
 135 0072 7F000000 		.4byte	.LASF9
 136 0076 02       		.uleb128 0x2
 137 0077 04       		.byte	0x4
 138 0078 05       		.byte	0x5
 139 0079 76000000 		.4byte	.LASF10
 140 007d 02       		.uleb128 0x2
 141 007e 04       		.byte	0x4
 142 007f 07       		.byte	0x7
 143 0080 2E000000 		.4byte	.LASF11
 144 0084 04       		.uleb128 0x4
 145 0085 04       		.byte	0x4
 146 0086 07       		.byte	0x7
 147 0087 05       		.uleb128 0x5
 148 0088 01       		.byte	0x1
 149 0089 AF000000 		.4byte	.LASF15
 150 008d 01       		.byte	0x1
 151 008e 57       		.byte	0x57
 152 008f 01       		.byte	0x1
 153 0090 00000000 		.4byte	.LFB29
 154 0094 16000000 		.4byte	.LFE29
 155 0098 00000000 		.4byte	.LLST0
 156 009c 06       		.uleb128 0x6
 157 009d 86000000 		.4byte	.LASF16
 158 00a1 02       		.byte	0x2
 159 00a2 CE06     		.2byte	0x6ce
 160 00a4 AA000000 		.4byte	0xaa
 161 00a8 01       		.byte	0x1
 162 00a9 01       		.byte	0x1
 163 00aa 07       		.uleb128 0x7
ARM GAS  C:\Users\daniel01\AppData\Local\Temp\ccfZHk7c.s 			page 6


 164 00ab 53000000 		.4byte	0x53
 165 00af 00       		.byte	0x0
 166              		.section	.debug_abbrev
 167 0000 01       		.uleb128 0x1
 168 0001 11       		.uleb128 0x11
 169 0002 01       		.byte	0x1
 170 0003 25       		.uleb128 0x25
 171 0004 0E       		.uleb128 0xe
 172 0005 13       		.uleb128 0x13
 173 0006 0B       		.uleb128 0xb
 174 0007 03       		.uleb128 0x3
 175 0008 0E       		.uleb128 0xe
 176 0009 1B       		.uleb128 0x1b
 177 000a 0E       		.uleb128 0xe
 178 000b 11       		.uleb128 0x11
 179 000c 01       		.uleb128 0x1
 180 000d 52       		.uleb128 0x52
 181 000e 01       		.uleb128 0x1
 182 000f 55       		.uleb128 0x55
 183 0010 06       		.uleb128 0x6
 184 0011 10       		.uleb128 0x10
 185 0012 06       		.uleb128 0x6
 186 0013 00       		.byte	0x0
 187 0014 00       		.byte	0x0
 188 0015 02       		.uleb128 0x2
 189 0016 24       		.uleb128 0x24
 190 0017 00       		.byte	0x0
 191 0018 0B       		.uleb128 0xb
 192 0019 0B       		.uleb128 0xb
 193 001a 3E       		.uleb128 0x3e
 194 001b 0B       		.uleb128 0xb
 195 001c 03       		.uleb128 0x3
 196 001d 0E       		.uleb128 0xe
 197 001e 00       		.byte	0x0
 198 001f 00       		.byte	0x0
 199 0020 03       		.uleb128 0x3
 200 0021 24       		.uleb128 0x24
 201 0022 00       		.byte	0x0
 202 0023 0B       		.uleb128 0xb
 203 0024 0B       		.uleb128 0xb
 204 0025 3E       		.uleb128 0x3e
 205 0026 0B       		.uleb128 0xb
 206 0027 03       		.uleb128 0x3
 207 0028 08       		.uleb128 0x8
 208 0029 00       		.byte	0x0
 209 002a 00       		.byte	0x0
 210 002b 04       		.uleb128 0x4
 211 002c 24       		.uleb128 0x24
 212 002d 00       		.byte	0x0
 213 002e 0B       		.uleb128 0xb
 214 002f 0B       		.uleb128 0xb
 215 0030 3E       		.uleb128 0x3e
 216 0031 0B       		.uleb128 0xb
 217 0032 00       		.byte	0x0
 218 0033 00       		.byte	0x0
 219 0034 05       		.uleb128 0x5
 220 0035 2E       		.uleb128 0x2e
ARM GAS  C:\Users\daniel01\AppData\Local\Temp\ccfZHk7c.s 			page 7


 221 0036 00       		.byte	0x0
 222 0037 3F       		.uleb128 0x3f
 223 0038 0C       		.uleb128 0xc
 224 0039 03       		.uleb128 0x3
 225 003a 0E       		.uleb128 0xe
 226 003b 3A       		.uleb128 0x3a
 227 003c 0B       		.uleb128 0xb
 228 003d 3B       		.uleb128 0x3b
 229 003e 0B       		.uleb128 0xb
 230 003f 27       		.uleb128 0x27
 231 0040 0C       		.uleb128 0xc
 232 0041 11       		.uleb128 0x11
 233 0042 01       		.uleb128 0x1
 234 0043 12       		.uleb128 0x12
 235 0044 01       		.uleb128 0x1
 236 0045 40       		.uleb128 0x40
 237 0046 06       		.uleb128 0x6
 238 0047 00       		.byte	0x0
 239 0048 00       		.byte	0x0
 240 0049 06       		.uleb128 0x6
 241 004a 34       		.uleb128 0x34
 242 004b 00       		.byte	0x0
 243 004c 03       		.uleb128 0x3
 244 004d 0E       		.uleb128 0xe
 245 004e 3A       		.uleb128 0x3a
 246 004f 0B       		.uleb128 0xb
 247 0050 3B       		.uleb128 0x3b
 248 0051 05       		.uleb128 0x5
 249 0052 49       		.uleb128 0x49
 250 0053 13       		.uleb128 0x13
 251 0054 3F       		.uleb128 0x3f
 252 0055 0C       		.uleb128 0xc
 253 0056 3C       		.uleb128 0x3c
 254 0057 0C       		.uleb128 0xc
 255 0058 00       		.byte	0x0
 256 0059 00       		.byte	0x0
 257 005a 07       		.uleb128 0x7
 258 005b 35       		.uleb128 0x35
 259 005c 00       		.byte	0x0
 260 005d 49       		.uleb128 0x49
 261 005e 13       		.uleb128 0x13
 262 005f 00       		.byte	0x0
 263 0060 00       		.byte	0x0
 264 0061 00       		.byte	0x0
 265              		.section	.debug_pubnames,"",%progbits
 266 0000 20000000 		.4byte	0x20
 267 0004 0200     		.2byte	0x2
 268 0006 00000000 		.4byte	.Ldebug_info0
 269 000a B0000000 		.4byte	0xb0
 270 000e 87000000 		.4byte	0x87
 271 0012 4170705F 		.ascii	"App_ProbeInit\000"
 271      50726F62 
 271      65496E69 
 271      7400
 272 0020 00000000 		.4byte	0x0
 273              		.section	.debug_aranges,"",%progbits
 274 0000 1C000000 		.4byte	0x1c
ARM GAS  C:\Users\daniel01\AppData\Local\Temp\ccfZHk7c.s 			page 8


 275 0004 0200     		.2byte	0x2
 276 0006 00000000 		.4byte	.Ldebug_info0
 277 000a 04       		.byte	0x4
 278 000b 00       		.byte	0x0
 279 000c 0000     		.2byte	0x0
 280 000e 0000     		.2byte	0x0
 281 0010 00000000 		.4byte	.LFB29
 282 0014 16000000 		.4byte	.LFE29-.LFB29
 283 0018 00000000 		.4byte	0x0
 284 001c 00000000 		.4byte	0x0
 285              		.section	.debug_ranges,"",%progbits
 286              	.Ldebug_ranges0:
 287 0000 00000000 		.4byte	.Ltext0
 288 0004 00000000 		.4byte	.Letext0
 289 0008 00000000 		.4byte	.LFB29
 290 000c 16000000 		.4byte	.LFE29
 291 0010 00000000 		.4byte	0x0
 292 0014 00000000 		.4byte	0x0
 293              		.section	.debug_str,"MS",%progbits,1
 294              	.LASF7:
 295 0000 6C6F6E67 		.ascii	"long long int\000"
 295      206C6F6E 
 295      6720696E 
 295      7400
 296              	.LASF3:
 297 000e 73686F72 		.ascii	"short unsigned int\000"
 297      7420756E 
 297      7369676E 
 297      65642069 
 297      6E7400
 298              	.LASF5:
 299 0021 756E7369 		.ascii	"unsigned int\000"
 299      676E6564 
 299      20696E74 
 299      00
 300              	.LASF11:
 301 002e 6C6F6E67 		.ascii	"long unsigned int\000"
 301      20756E73 
 301      69676E65 
 301      6420696E 
 301      7400
 302              	.LASF6:
 303 0040 6C6F6E67 		.ascii	"long long unsigned int\000"
 303      206C6F6E 
 303      6720756E 
 303      7369676E 
 303      65642069 
 304              	.LASF12:
 305 0057 474E5520 		.ascii	"GNU C 4.4.1\000"
 305      4320342E 
 305      342E3100 
 306              	.LASF1:
 307 0063 756E7369 		.ascii	"unsigned char\000"
 307      676E6564 
 307      20636861 
 307      7200
 308              	.LASF0:
ARM GAS  C:\Users\daniel01\AppData\Local\Temp\ccfZHk7c.s 			page 9


 309 0071 63686172 		.ascii	"char\000"
 309      00
 310              	.LASF10:
 311 0076 6C6F6E67 		.ascii	"long int\000"
 311      20696E74 
 311      00
 312              	.LASF9:
 313 007f 646F7562 		.ascii	"double\000"
 313      6C6500
 314              	.LASF16:
 315 0086 49544D5F 		.ascii	"ITM_RxBuffer\000"
 315      52784275 
 315      66666572 
 315      00
 316              	.LASF2:
 317 0093 7369676E 		.ascii	"signed char\000"
 317      65642063 
 317      68617200 
 318              	.LASF8:
 319 009f 666C6F61 		.ascii	"float\000"
 319      7400
 320              	.LASF4:
 321 00a5 73686F72 		.ascii	"short int\000"
 321      7420696E 
 321      7400
 322              	.LASF15:
 323 00af 4170705F 		.ascii	"App_ProbeInit\000"
 323      50726F62 
 323      65496E69 
 323      7400
 324              	.LASF13:
 325 00bd 2E2E5C61 		.ascii	"..\\app_probe.c\000"
 325      70705F70 
 325      726F6265 
 325      2E6300
 326              	.LASF14:
 327 00cc 433A5C55 		.ascii	"C:\\Users\\daniel01\\Desktop\\CY8CKIT-050_uCOS-III\\"
 327      73657273 
 327      5C64616E 
 327      69656C30 
 327      315C4465 
 328 00fb 43593843 		.ascii	"CY8CKIT-050_uCOS-III\\Micrium\\Software\\EvalBoards"
 328      4B49542D 
 328      3035305F 
 328      75434F53 
 328      2D494949 
 329 012b 5C437970 		.ascii	"\\Cypress\\CY8CKIT-050\\PSoC\\uCOS-III-Probe\\uCOS-"
 329      72657373 
 329      5C435938 
 329      434B4954 
 329      2D303530 
 330 0159 4949492D 		.ascii	"III-Probe.cydsn\000"
 330      50726F62 
 330      652E6379 
 330      64736E00 
 331              		.ident	"GCC: (Sourcery G++ Lite 2010q1-188) 4.4.1"
