Archive member included to satisfy reference by file (symbol)

.\CortexM0\ARM_GCC_541\Debug\OS3.a(PWM_Blue.o)
                              .\CortexM0\ARM_GCC_541\Debug\bsp.o (PWM_Blue_WriteCompare)
.\CortexM0\ARM_GCC_541\Debug\OS3.a(PWM_Green.o)
                              .\CortexM0\ARM_GCC_541\Debug\bsp.o (PWM_Green_WriteCompare)
.\CortexM0\ARM_GCC_541\Debug\OS3.a(PWM_Red.o)
                              .\CortexM0\ARM_GCC_541\Debug\bsp.o (PWM_Red_WriteCompare)
.\CortexM0\ARM_GCC_541\Debug\OS3.a(Accel_Pin.o)
                              .\CortexM0\ARM_GCC_541\Debug\bsp.o (Accel_Pin_ClearInterrupt)
.\CortexM0\ARM_GCC_541\Debug\OS3.a(I2C.o)
                              .\CortexM0\ARM_GCC_541\Debug\bsp.o (I2C_Start)
.\CortexM0\ARM_GCC_541\Debug\OS3.a(I2C_I2C.o)
                              .\CortexM0\ARM_GCC_541\Debug\OS3.a(I2C.o) (I2C_I2CInit)
.\CortexM0\ARM_GCC_541\Debug\OS3.a(I2C_I2C_MASTER.o)
                              .\CortexM0\ARM_GCC_541\Debug\OS3.a(I2C_I2C.o) (I2C_mstrStatus)
.\CortexM0\ARM_GCC_541\Debug\OS3.a(SW2.o)
                              .\CortexM0\ARM_GCC_541\Debug\bsp.o (SW2_Read)
.\CortexM0\ARM_GCC_541\Debug\OS3.a(Accel_ISR.o)
                              .\CortexM0\ARM_GCC_541\Debug\bsp.o (Accel_ISR_StartEx)
.\CortexM0\ARM_GCC_541\Debug\OS3.a(Temp_Sensor.o)
                              .\CortexM0\ARM_GCC_541\Debug\bsp.o (Temp_Sensor_Start)
.\CortexM0\ARM_GCC_541\Debug\OS3.a(Temp_Sensor_INT.o)
                              .\CortexM0\ARM_GCC_541\Debug\OS3.a(Temp_Sensor.o) (Temp_Sensor_EOC_ISR_Int)
.\CortexM0\ARM_GCC_541\Debug\OS3.a(Opamp.o)
                              .\CortexM0\ARM_GCC_541\Debug\bsp.o (Opamp_Start)
.\CortexM0\ARM_GCC_541\Debug\OS3.a(ADC.o)
                              .\CortexM0\ARM_GCC_541\Debug\bsp.o (ADC_Start)
.\CortexM0\ARM_GCC_541\Debug\OS3.a(ADC_INT.o)
                              .\CortexM0\ARM_GCC_541\Debug\OS3.a(ADC.o) (ADC_ISR)
.\CortexM0\ARM_GCC_541\Debug\OS3.a(I2C_sda.o)
                              .\CortexM0\ARM_GCC_541\Debug\OS3.a(I2C_I2C_MASTER.o) (I2C_sda_Read)
.\CortexM0\ARM_GCC_541\Debug\OS3.a(I2C_scl.o)
                              .\CortexM0\ARM_GCC_541\Debug\OS3.a(I2C_I2C_MASTER.o) (I2C_scl_Write)
.\CortexM0\ARM_GCC_541\Debug\OS3.a(Temp_Sensor_EOC_ISR.o)
                              .\CortexM0\ARM_GCC_541\Debug\OS3.a(Temp_Sensor.o) (Temp_Sensor_EOC_ISR_Disable)
.\CortexM0\ARM_GCC_541\Debug\OS3.a(CyLib.o)
                              .\CortexM0\ARM_GCC_541\Debug\cyfitter_cfg.o (CySysClkWriteImoFreq)
.\CortexM0\ARM_GCC_541\Debug\OS3.a(CyLFClk.o)
                              .\CortexM0\ARM_GCC_541\Debug\cyfitter_cfg.o (CySysWdtIsr)
.\CortexM0\ARM_GCC_541\Debug\OS3.a(CyBootAsmGnu.o)
                              .\CortexM0\ARM_GCC_541\Debug\OS3.a(CyLib.o) (CyDelayCycles)
.\CortexM0\ARM_GCC_541\Debug\OS3.a(I2C_I2C_INT.o)
                              .\CortexM0\ARM_GCC_541\Debug\OS3.a(I2C_I2C.o) (I2C_I2C_ISR)
c:/program files (x86)/cypress/psoc creator/4.2/psoc creator/import/gnu/arm/5.4.1/bin/../lib/gcc/arm-none-eabi/5.4.1/armv6-m\libgcc.a(_udivsi3.o)
                              .\CortexM0\ARM_GCC_541\Debug\bsp_os.o (__aeabi_uidiv)
c:/program files (x86)/cypress/psoc creator/4.2/psoc creator/import/gnu/arm/5.4.1/bin/../lib/gcc/arm-none-eabi/5.4.1/armv6-m\libgcc.a(_divsi3.o)
                              .\CortexM0\ARM_GCC_541\Debug\OS3.a(Temp_Sensor.o) (__aeabi_idiv)
c:/program files (x86)/cypress/psoc creator/4.2/psoc creator/import/gnu/arm/5.4.1/bin/../lib/gcc/arm-none-eabi/5.4.1/armv6-m\libgcc.a(_dvmd_tls.o)
                              c:/program files (x86)/cypress/psoc creator/4.2/psoc creator/import/gnu/arm/5.4.1/bin/../lib/gcc/arm-none-eabi/5.4.1/armv6-m\libgcc.a(_udivsi3.o) (__aeabi_idiv0)
c:/program files (x86)/cypress/psoc creator/4.2/psoc creator/import/gnu/arm/5.4.1/bin/../lib/gcc/arm-none-eabi/5.4.1/armv6-m\libgcc.a(_aeabi_ldivmod.o)
                              .\CortexM0\ARM_GCC_541\Debug\OS3.a(ADC.o) (__aeabi_ldivmod)
c:/program files (x86)/cypress/psoc creator/4.2/psoc creator/import/gnu/arm/5.4.1/bin/../lib/gcc/arm-none-eabi/5.4.1/armv6-m\libgcc.a(_aeabi_uldivmod.o)
                              .\CortexM0\ARM_GCC_541\Debug\cpu_bsp.o (__aeabi_uldivmod)
c:/program files (x86)/cypress/psoc creator/4.2/psoc creator/import/gnu/arm/5.4.1/bin/../lib/gcc/arm-none-eabi/5.4.1/armv6-m\libgcc.a(_muldi3.o)
                              .\CortexM0\ARM_GCC_541\Debug\OS3.a(ADC.o) (__aeabi_lmul)
c:/program files (x86)/cypress/psoc creator/4.2/psoc creator/import/gnu/arm/5.4.1/bin/../lib/gcc/arm-none-eabi/5.4.1/armv6-m\libgcc.a(_udivmoddi4.o)
                              c:/program files (x86)/cypress/psoc creator/4.2/psoc creator/import/gnu/arm/5.4.1/bin/../lib/gcc/arm-none-eabi/5.4.1/armv6-m\libgcc.a(_aeabi_uldivmod.o) (__udivmoddi4)
[...]
Memory Configuration

Name             Origin             Length             Attributes
rom              0x00000000         0x00008000         xr
ram              0x20000000         0x00001000         xrw
*default*        0x00000000         0xffffffff

Linker script and memory map

LOAD c:/program files (x86)/cypress/psoc creator/4.2/psoc creator/import/gnu/arm/5.4.1/bin/../lib/gcc/arm-none-eabi/5.4.1/armv6-m/crti.o
LOAD c:/program files (x86)/cypress/psoc creator/4.2/psoc creator/import/gnu/arm/5.4.1/bin/../lib/gcc/arm-none-eabi/5.4.1/armv6-m/crtbegin.o
LOAD c:/program files (x86)/cypress/psoc creator/4.2/psoc creator/import/gnu/arm/5.4.1/bin/../lib/gcc/arm-none-eabi/5.4.1/../../../../arm-none-eabi/lib/armv6-m/crt0.o
START GROUP
LOAD .\CortexM0\ARM_GCC_541\Debug\app.o
LOAD .\CortexM0\ARM_GCC_541\Debug\os_app_hooks.o
LOAD .\CortexM0\ARM_GCC_541\Debug\bsp_os.o
LOAD .\CortexM0\ARM_GCC_541\Debug\cpu_bsp.o
LOAD .\CortexM0\ARM_GCC_541\Debug\bsp.o
LOAD .\CortexM0\ARM_GCC_541\Debug\cpu_c.o
LOAD .\CortexM0\ARM_GCC_541\Debug\cpu_core.o
LOAD .\CortexM0\ARM_GCC_541\Debug\os_cpu_c.o
LOAD .\CortexM0\ARM_GCC_541\Debug\os_cfg_app.o
LOAD .\CortexM0\ARM_GCC_541\Debug\os_core.o
LOAD .\CortexM0\ARM_GCC_541\Debug\os_dbg.o
LOAD .\CortexM0\ARM_GCC_541\Debug\os_flag.o
LOAD .\CortexM0\ARM_GCC_541\Debug\os_int.o
LOAD .\CortexM0\ARM_GCC_541\Debug\os_mem.o
LOAD .\CortexM0\ARM_GCC_541\Debug\os_mon.o
LOAD .\CortexM0\ARM_GCC_541\Debug\os_msg.o
LOAD .\CortexM0\ARM_GCC_541\Debug\os_mutex.o
LOAD .\CortexM0\ARM_GCC_541\Debug\os_pend_multi.o
LOAD .\CortexM0\ARM_GCC_541\Debug\os_prio.o
LOAD .\CortexM0\ARM_GCC_541\Debug\os_q.o
LOAD .\CortexM0\ARM_GCC_541\Debug\os_sem.o
LOAD .\CortexM0\ARM_GCC_541\Debug\os_stat.o
LOAD .\CortexM0\ARM_GCC_541\Debug\os_task.o
LOAD .\CortexM0\ARM_GCC_541\Debug\os_tick.o
LOAD .\CortexM0\ARM_GCC_541\Debug\os_time.o
LOAD .\CortexM0\ARM_GCC_541\Debug\os_tmr.o
LOAD .\CortexM0\ARM_GCC_541\Debug\os_var.o
LOAD .\CortexM0\ARM_GCC_541\Debug\lib_ascii.o
LOAD .\CortexM0\ARM_GCC_541\Debug\lib_math.o
LOAD .\CortexM0\ARM_GCC_541\Debug\lib_mem.o
LOAD .\CortexM0\ARM_GCC_541\Debug\lib_str.o
LOAD .\CortexM0\ARM_GCC_541\Debug\cyfitter_cfg.o
LOAD .\CortexM0\ARM_GCC_541\Debug\cymetadata.o
LOAD .\CortexM0\ARM_GCC_541\Debug\Cm0Start.o
LOAD .\CortexM0\ARM_GCC_541\Debug\cpu_a.o
LOAD .\CortexM0\ARM_GCC_541\Debug\os_cpu_a.o
LOAD .\CortexM0\ARM_GCC_541\Debug\OS3.a
END GROUP
START GROUP
LOAD c:/program files (x86)/cypress/psoc creator/4.2/psoc creator/import/gnu/arm/5.4.1/bin/../lib/gcc/arm-none-eabi/5.4.1/armv6-m\libgcc.a
LOAD c:/program files (x86)/cypress/psoc creator/4.2/psoc creator/import/gnu/arm/5.4.1/bin/../lib/gcc/arm-none-eabi/5.4.1/../../../../arm-none-eabi/lib/armv6-m\libg_nano.a
LOAD c:/program files (x86)/cypress/psoc creator/4.2/psoc creator/import/gnu/arm/5.4.1/bin/../lib/gcc/arm-none-eabi/5.4.1/../../../../arm-none-eabi/lib/armv6-m\libc_nano.a
END GROUP
START GROUP
LOAD c:/program files (x86)/cypress/psoc creator/4.2/psoc creator/import/gnu/arm/5.4.1/bin/../lib/gcc/arm-none-eabi/5.4.1/armv6-m\libgcc.a
LOAD c:/program files (x86)/cypress/psoc creator/4.2/psoc creator/import/gnu/arm/5.4.1/bin/../lib/gcc/arm-none-eabi/5.4.1/../../../../arm-none-eabi/lib/armv6-m\libc_nano.a
END GROUP
LOAD c:/program files (x86)/cypress/psoc creator/4.2/psoc creator/import/gnu/arm/5.4.1/bin/../lib/gcc/arm-none-eabi/5.4.1/armv6-m/crtend.o
LOAD c:/program files (x86)/cypress/psoc creator/4.2/psoc creator/import/gnu/arm/5.4.1/bin/../lib/gcc/arm-none-eabi/5.4.1/armv6-m/crtn.o
START GROUP
LOAD c:/program files (x86)/cypress/psoc creator/4.2/psoc creator/import/gnu/arm/5.4.1/bin/../lib/gcc/arm-none-eabi/5.4.1/armv6-m\libgcc.a
LOAD c:/program files (x86)/cypress/psoc creator/4.2/psoc creator/import/gnu/arm/5.4.1/bin/../lib/gcc/arm-none-eabi/5.4.1/../../../../arm-none-eabi/lib/armv6-m\libc.a
LOAD c:/program files (x86)/cypress/psoc creator/4.2/psoc creator/import/gnu/arm/5.4.1/bin/../lib/gcc/arm-none-eabi/5.4.1/../../../../arm-none-eabi/lib/armv6-m\libnosys.a
END GROUP
                0x00000000                CY_APPL_ORIGIN = 0x0
                0x00000080                CY_FLASH_ROW_SIZE = 0x80
                0x00000001                CY_APPL_NUM = 0x1
                0x00000001                CY_APPL_MAX = 0x1
                0x00000040                CY_METADATA_SIZE = 0x40
                0x00000000                CY_APPL_LOADABLE = 0x0
                0x00000000                CY_CHECKSUM_EXCLUDE_SIZE = ALIGN (0x0, CY_FLASH_ROW_SIZE)
                0x00000000                CY_APP_FOR_STACK_AND_COPIER = 0x0
                [!provide]                PROVIDE (__cy_heap_start, _end)
                0x00000001                PROVIDE (__cy_region_num, ((__cy_regions_end - __cy_regions) / 0x10))
                0x20001000                PROVIDE (__cy_stack, (ORIGIN (ram) + LENGTH (ram)))
                [!provide]                PROVIDE (__cy_heap_end, (__cy_stack - 0x800))

.cybootloader   0x00000000        0x0
 *(.cybootloader)
                0x00000000                appl1_start = CY_APPL_ORIGIN?CY_APPL_ORIGIN:ALIGN (CY_FLASH_ROW_SIZE)
                0x00003f80                appl2_start = (appl1_start + ALIGN ((((LENGTH (rom) - appl1_start) - (0x2 * CY_FLASH_ROW_SIZE)) / 0x2), CY_FLASH_ROW_SIZE))
                0x00000000                appl_start = (CY_APPL_NUM == 0x1)?appl1_start:appl2_start
                0x00000001                cy_project_type_bootloader = (appl_start == 0x0)?0x1:0x0
                0x00000000                cy_project_type_app_for_stack_and_copier = (CY_APP_FOR_STACK_AND_COPIER == 0x1)?0x1:0x0

.text           0x00000000     0xe30a
 CREATE_OBJECT_SYMBOLS
                0x00000000                PROVIDE (__cy_interrupt_vector, RomVectors)
 *(.romvectors)
 .romvectors    0x00000000       0x10 .\CortexM0\ARM_GCC_541\Debug\Cm0Start.o
                0x00000000                RomVectors
                0x00000001                ASSERT ((. != __cy_interrupt_vector), No interrupt vector)
                0x00000001                ASSERT (CY_APPL_ORIGIN?(SIZEOF (.cybootloader) <= CY_APPL_ORIGIN):0x1, Wrong image location)
                0x00000010                PROVIDE (__cy_reset, Reset)
 *(.text.Reset)
 .text.Reset    0x00000010        0x8 .\CortexM0\ARM_GCC_541\Debug\Cm0Start.o
                0x00000010                Reset
                0x00000001                ASSERT ((. != __cy_reset), No reset code)
 *(.psocinit)
 .psocinit      0x00000018      0x2fc .\CortexM0\ARM_GCC_541\Debug\cyfitter_cfg.o
                0x000000f0                cyfitter_cfg
                0x00000314                . = MAX (., 0x100)
 *(.text .text.* .gnu.linkonce.t.*)
 .text          0x00000314        0x0 c:/program files (x86)/cypress/psoc creator/4.2/psoc creator/import/gnu/arm/5.4.1/bin/../lib/gcc/arm-none-eabi/5.4.1/armv6-m/crti.o
 .text          0x00000314       0x60 c:/program files (x86)/cypress/psoc creator/4.2/psoc creator/import/gnu/arm/5.4.1/bin/../lib/gcc/arm-none-eabi/5.4.1/armv6-m/crtbegin.o
 .text          0x00000374       0x78 c:/program files (x86)/cypress/psoc creator/4.2/psoc creator/import/gnu/arm/5.4.1/bin/../lib/gcc/arm-none-eabi/5.4.1/../../../../arm-none-eabi/lib/armv6-m/crt0.o
                0x00000374                _start
                0x00000374                _mainCRTStartup
 .text          0x000003ec        0x0 .\CortexM0\ARM_GCC_541\Debug\app.o
 .text.main     0x000003ec       0x6c .\CortexM0\ARM_GCC_541\Debug\app.o
                0x000003ec                main
 .text.App_TaskStart
                0x00000458       0xe0 .\CortexM0\ARM_GCC_541\Debug\app.o
 .text.App_TaskCreate
                0x00000538       0x50 .\CortexM0\ARM_GCC_541\Debug\app.o
 .text.App_ObjCreate
                0x00000588        0xc .\CortexM0\ARM_GCC_541\Debug\app.o
 .text.App_Demo_SensorTask
                0x00000594       0x20 .\CortexM0\ARM_GCC_541\Debug\app.o
 .text          0x000005b4        0x0 .\CortexM0\ARM_GCC_541\Debug\os_app_hooks.o
 .text.App_OS_SetAllHooks
                0x000005b4        0xc .\CortexM0\ARM_GCC_541\Debug\os_app_hooks.o
                0x000005b4                App_OS_SetAllHooks
 .text.App_OS_ClrAllHooks
                0x000005c0        0xc .\CortexM0\ARM_GCC_541\Debug\os_app_hooks.o
                0x000005c0                App_OS_ClrAllHooks
 .text.App_OS_IdleTaskHook
                0x000005cc        0xc .\CortexM0\ARM_GCC_541\Debug\os_app_hooks.o
                0x000005cc                App_OS_IdleTaskHook
 .text.App_OS_StatTaskHook
                0x000005d8        0xc .\CortexM0\ARM_GCC_541\Debug\os_app_hooks.o
                0x000005d8                App_OS_StatTaskHook
 .text.App_OS_TaskCreateHook
                0x000005e4       0x10 .\CortexM0\ARM_GCC_541\Debug\os_app_hooks.o
                0x000005e4                App_OS_TaskCreateHook
 .text.App_OS_TaskDelHook
                0x000005f4       0x10 .\CortexM0\ARM_GCC_541\Debug\os_app_hooks.o
                0x000005f4                App_OS_TaskDelHook
 .text.App_OS_TaskReturnHook
                0x00000604       0x10 .\CortexM0\ARM_GCC_541\Debug\os_app_hooks.o
                0x00000604                App_OS_TaskReturnHook
 .text.App_OS_TaskSwHook
                0x00000614        0xc .\CortexM0\ARM_GCC_541\Debug\os_app_hooks.o
                0x00000614                App_OS_TaskSwHook
 .text.App_OS_TimeTickHook
                0x00000620        0xc .\CortexM0\ARM_GCC_541\Debug\os_app_hooks.o
                0x00000620                App_OS_TimeTickHook
 .text          0x0000062c        0x0 .\CortexM0\ARM_GCC_541\Debug\bsp_os.o
 .text.BSP_OS_SemCreate
                0x0000062c       0x34 .\CortexM0\ARM_GCC_541\Debug\bsp_os.o
                0x0000062c                BSP_OS_SemCreate
 .text.BSP_OS_SemWait
                0x00000660       0x50 .\CortexM0\ARM_GCC_541\Debug\bsp_os.o
                0x00000660                BSP_OS_SemWait
 .text.BSP_OS_SemPost
                0x000006b0       0x30 .\CortexM0\ARM_GCC_541\Debug\bsp_os.o
                0x000006b0                BSP_OS_SemPost
 .text.BSP_OS_TimeDlyMs
                0x000006e0       0x8c .\CortexM0\ARM_GCC_541\Debug\bsp_os.o
                0x000006e0                BSP_OS_TimeDlyMs
 .text.BSP_OS_TimeDly
                0x0000076c       0x20 .\CortexM0\ARM_GCC_541\Debug\bsp_os.o
                0x0000076c                BSP_OS_TimeDly
 .text          0x0000078c        0x0 .\CortexM0\ARM_GCC_541\Debug\cpu_bsp.o
 .text.CPU_TS_TmrInit
                0x0000078c       0x40 .\CortexM0\ARM_GCC_541\Debug\cpu_bsp.o
                0x0000078c                CPU_TS_TmrInit
 .text.CPU_TS_TmrRd
                0x000007cc       0x1c .\CortexM0\ARM_GCC_541\Debug\cpu_bsp.o
                0x000007cc                CPU_TS_TmrRd
 .text.CPU_TS32_to_uSec
                0x000007e8       0x50 .\CortexM0\ARM_GCC_541\Debug\cpu_bsp.o
                0x000007e8                CPU_TS32_to_uSec
 .text          0x00000838        0x0 .\CortexM0\ARM_GCC_541\Debug\bsp.o
 .text.BSP_Init
                0x00000838       0x5c .\CortexM0\ARM_GCC_541\Debug\bsp.o
                0x00000838                BSP_Init
 .text.BSP_CPU_TickInit
                0x00000894       0x20 .\CortexM0\ARM_GCC_541\Debug\bsp.o
                0x00000894                BSP_CPU_TickInit
 .text.BSP_CPU_ClkFreq
                0x000008b4       0x10 .\CortexM0\ARM_GCC_541\Debug\bsp.o
                0x000008b4                BSP_CPU_ClkFreq
 .text.BSP_RGB_On
                0x000008c4       0x18 .\CortexM0\ARM_GCC_541\Debug\bsp.o
                0x000008c4                BSP_RGB_On
 .text.BSP_RGB_Off
                0x000008dc       0x24 .\CortexM0\ARM_GCC_541\Debug\bsp.o
                0x000008dc                BSP_RGB_Off
 .text.BSP_RGB_ColorSet
                0x00000900       0xe0 .\CortexM0\ARM_GCC_541\Debug\bsp.o
                0x00000900                BSP_RGB_ColorSet
 .text.BSP_RGB_ColorRead
                0x000009e0       0x9c .\CortexM0\ARM_GCC_541\Debug\bsp.o
                0x000009e0                BSP_RGB_ColorRead
 .text.BSP_PB_StatusGet
                0x00000a7c       0x30 .\CortexM0\ARM_GCC_541\Debug\bsp.o
                0x00000a7c                BSP_PB_StatusGet
 .text.BSP_Accel_Init
                0x00000aac       0xec .\CortexM0\ARM_GCC_541\Debug\bsp.o
                0x00000aac                BSP_Accel_Init
 .text.BSP_Accel_InitSelfTst
                0x00000b98       0xd0 .\CortexM0\ARM_GCC_541\Debug\bsp.o
 .text.BSP_Accel_RegRdWr
                0x00000c68       0xe4 .\CortexM0\ARM_GCC_541\Debug\bsp.o
 .text.BSP_Accel_Rd
                0x00000d4c      0x1b8 .\CortexM0\ARM_GCC_541\Debug\bsp.o
                0x00000d4c                BSP_Accel_Rd
 .text.BSP_Accel_ISR_Handler
                0x00000f04       0x20 .\CortexM0\ARM_GCC_541\Debug\bsp.o
                0x00000f04                BSP_Accel_ISR_Handler
 .text          0x00000f24        0x0 .\CortexM0\ARM_GCC_541\Debug\cpu_c.o
 .text.CPU_BitBandClr
                0x00000f24       0x88 .\CortexM0\ARM_GCC_541\Debug\cpu_c.o
                0x00000f24                CPU_BitBandClr
 .text.CPU_BitBandSet
                0x00000fac       0x88 .\CortexM0\ARM_GCC_541\Debug\cpu_c.o
                0x00000fac                CPU_BitBandSet
 .text.CPU_IntSrcDis
                0x00001034       0xfc .\CortexM0\ARM_GCC_541\Debug\cpu_c.o
                0x00001034                CPU_IntSrcDis
 .text.CPU_IntSrcEn
                0x00001130       0xfc .\CortexM0\ARM_GCC_541\Debug\cpu_c.o
                0x00001130                CPU_IntSrcEn
 .text.CPU_IntSrcPendClr
                0x0000122c       0xd4 .\CortexM0\ARM_GCC_541\Debug\cpu_c.o
                0x0000122c                CPU_IntSrcPendClr
 .text.CPU_IntSrcPrioSet
                0x00001300      0x1d0 .\CortexM0\ARM_GCC_541\Debug\cpu_c.o
                0x00001300                CPU_IntSrcPrioSet
 .text.CPU_IntSrcPrioGet
                0x000014d0      0x1ac .\CortexM0\ARM_GCC_541\Debug\cpu_c.o
                0x000014d0                CPU_IntSrcPrioGet
 .text.CPU_RevBits
                0x0000167c       0x68 .\CortexM0\ARM_GCC_541\Debug\cpu_c.o
                0x0000167c                CPU_RevBits
 .text          0x000016e4        0x0 .\CortexM0\ARM_GCC_541\Debug\cpu_core.o
 .text.CPU_Init
                0x000016e4       0x18 .\CortexM0\ARM_GCC_541\Debug\cpu_core.o
                0x000016e4                CPU_Init
 .text.CPU_SW_Exception
                0x000016fc        0x8 .\CortexM0\ARM_GCC_541\Debug\cpu_core.o
                0x000016fc                CPU_SW_Exception
 .text.CPU_NameClr
                0x00001704       0x38 .\CortexM0\ARM_GCC_541\Debug\cpu_core.o
                0x00001704                CPU_NameClr
 .text.CPU_NameGet
                0x0000173c       0x5c .\CortexM0\ARM_GCC_541\Debug\cpu_core.o
                0x0000173c                CPU_NameGet
 .text.CPU_NameSet
                0x00001798       0x78 .\CortexM0\ARM_GCC_541\Debug\cpu_core.o
                0x00001798                CPU_NameSet
 .text.CPU_TS_Get32
                0x00001810       0x18 .\CortexM0\ARM_GCC_541\Debug\cpu_core.o
                0x00001810                CPU_TS_Get32
 .text.CPU_TS_Update
                0x00001828        0xc .\CortexM0\ARM_GCC_541\Debug\cpu_core.o
                0x00001828                CPU_TS_Update
 .text.CPU_TS_TmrFreqGet
                0x00001834       0x38 .\CortexM0\ARM_GCC_541\Debug\cpu_core.o
                0x00001834                CPU_TS_TmrFreqGet
 .text.CPU_TS_TmrFreqSet
                0x0000186c       0x1c .\CortexM0\ARM_GCC_541\Debug\cpu_core.o
                0x0000186c                CPU_TS_TmrFreqSet
 .text.CPU_IntDisMeasMaxCurReset
                0x00001888       0x38 .\CortexM0\ARM_GCC_541\Debug\cpu_core.o
                0x00001888                CPU_IntDisMeasMaxCurReset
 .text.CPU_IntDisMeasMaxCurGet
                0x000018c0       0x3c .\CortexM0\ARM_GCC_541\Debug\cpu_core.o
                0x000018c0                CPU_IntDisMeasMaxCurGet
 .text.CPU_IntDisMeasMaxGet
                0x000018fc       0x3c .\CortexM0\ARM_GCC_541\Debug\cpu_core.o
                0x000018fc                CPU_IntDisMeasMaxGet
 .text.CPU_IntDisMeasStart
                0x00001938       0x40 .\CortexM0\ARM_GCC_541\Debug\cpu_core.o
                0x00001938                CPU_IntDisMeasStart
 .text.CPU_IntDisMeasStop
                0x00001978       0x6c .\CortexM0\ARM_GCC_541\Debug\cpu_core.o
                0x00001978                CPU_IntDisMeasStop
 .text.CPU_CntLeadZeros
                0x000019e4       0x20 .\CortexM0\ARM_GCC_541\Debug\cpu_core.o
                0x000019e4                CPU_CntLeadZeros
 .text.CPU_CntLeadZeros08
                0x00001a04       0x2c .\CortexM0\ARM_GCC_541\Debug\cpu_core.o
                0x00001a04                CPU_CntLeadZeros08
 .text.CPU_CntLeadZeros16
                0x00001a30       0x4c .\CortexM0\ARM_GCC_541\Debug\cpu_core.o
                0x00001a30                CPU_CntLeadZeros16
 .text.CPU_CntLeadZeros32
                0x00001a7c       0x80 .\CortexM0\ARM_GCC_541\Debug\cpu_core.o
                0x00001a7c                CPU_CntLeadZeros32
 .text.CPU_CntLeadZeros64
                0x00001afc      0x168 .\CortexM0\ARM_GCC_541\Debug\cpu_core.o
                0x00001afc                CPU_CntLeadZeros64
 .text.CPU_CntTrailZeros
                0x00001c64       0x3c .\CortexM0\ARM_GCC_541\Debug\cpu_core.o
                0x00001c64                CPU_CntTrailZeros
 .text.CPU_CntTrailZeros08
                0x00001ca0       0x50 .\CortexM0\ARM_GCC_541\Debug\cpu_core.o
                0x00001ca0                CPU_CntTrailZeros08
 .text.CPU_CntTrailZeros16
                0x00001cf0       0x50 .\CortexM0\ARM_GCC_541\Debug\cpu_core.o
                0x00001cf0                CPU_CntTrailZeros16
 .text.CPU_CntTrailZeros32
                0x00001d40       0x3c .\CortexM0\ARM_GCC_541\Debug\cpu_core.o
                0x00001d40                CPU_CntTrailZeros32
 .text.CPU_CntTrailZeros64
                0x00001d7c       0x50 .\CortexM0\ARM_GCC_541\Debug\cpu_core.o
                0x00001d7c                CPU_CntTrailZeros64
 .text.CPU_NameInit
                0x00001dcc       0x10 .\CortexM0\ARM_GCC_541\Debug\cpu_core.o
 .text.CPU_TS_Init
                0x00001ddc       0x18 .\CortexM0\ARM_GCC_541\Debug\cpu_core.o
 .text.CPU_IntDisMeasInit
                0x00001df4       0xb8 .\CortexM0\ARM_GCC_541\Debug\cpu_core.o
 .text.CPU_IntDisMeasMaxCalc
                0x00001eac       0x34 .\CortexM0\ARM_GCC_541\Debug\cpu_core.o
 .text          0x00001ee0        0x0 .\CortexM0\ARM_GCC_541\Debug\os_cpu_c.o
 .text.OSIdleTaskHook
                0x00001ee0        0xc .\CortexM0\ARM_GCC_541\Debug\os_cpu_c.o
                0x00001ee0                OSIdleTaskHook
 .text.OSInitHook
                0x00001eec       0x38 .\CortexM0\ARM_GCC_541\Debug\os_cpu_c.o
                0x00001eec                OSInitHook
 .text.OSStatTaskHook
                0x00001f24        0xc .\CortexM0\ARM_GCC_541\Debug\os_cpu_c.o
                0x00001f24                OSStatTaskHook
 .text.OSTaskCreateHook
                0x00001f30       0x10 .\CortexM0\ARM_GCC_541\Debug\os_cpu_c.o
                0x00001f30                OSTaskCreateHook
 .text.OSTaskDelHook
                0x00001f40       0x10 .\CortexM0\ARM_GCC_541\Debug\os_cpu_c.o
                0x00001f40                OSTaskDelHook
 .text.OSTaskReturnHook
                0x00001f50       0x10 .\CortexM0\ARM_GCC_541\Debug\os_cpu_c.o
                0x00001f50                OSTaskReturnHook
 .text.OSTaskStkInit
                0x00001f60      0x12c .\CortexM0\ARM_GCC_541\Debug\os_cpu_c.o
                0x00001f60                OSTaskStkInit
 .text.OSTaskSwHook
                0x0000208c       0x30 .\CortexM0\ARM_GCC_541\Debug\os_cpu_c.o
                0x0000208c                OSTaskSwHook
 .text.OSTimeTickHook
                0x000020bc        0xc .\CortexM0\ARM_GCC_541\Debug\os_cpu_c.o
                0x000020bc                OSTimeTickHook
 .text.SysTick_Handler
                0x000020c8       0x38 .\CortexM0\ARM_GCC_541\Debug\os_cpu_c.o
                0x000020c8                SysTick_Handler
 .text.OS_CPU_SysTickInit
                0x00002100       0x64 .\CortexM0\ARM_GCC_541\Debug\os_cpu_c.o
                0x00002100                OS_CPU_SysTickInit
 .text          0x00002164        0x0 .\CortexM0\ARM_GCC_541\Debug\os_cfg_app.o
 .text.OSCfg_Init
                0x00002164        0xc .\CortexM0\ARM_GCC_541\Debug\os_cfg_app.o
                0x00002164                OSCfg_Init
 .text          0x00002170        0x0 .\CortexM0\ARM_GCC_541\Debug\os_core.o
 .text.OSInit   0x00002170      0x130 .\CortexM0\ARM_GCC_541\Debug\os_core.o
                0x00002170                OSInit
 .text.OSIntEnter
                0x000022a0       0x34 .\CortexM0\ARM_GCC_541\Debug\os_core.o
                0x000022a0                OSIntEnter
 .text.OSIntExit
                0x000022d4       0xd4 .\CortexM0\ARM_GCC_541\Debug\os_core.o
                0x000022d4                OSIntExit
 .text.OSSched  0x000023a8       0x9c .\CortexM0\ARM_GCC_541\Debug\os_core.o
                0x000023a8                OSSched
 .text.OSSchedLock
                0x00002444       0x84 .\CortexM0\ARM_GCC_541\Debug\os_core.o
                0x00002444                OSSchedLock
 .text.OSSchedUnlock
                0x000024c8       0xa8 .\CortexM0\ARM_GCC_541\Debug\os_core.o
                0x000024c8                OSSchedUnlock
 .text.OSStart  0x00002570       0x84 .\CortexM0\ARM_GCC_541\Debug\os_core.o
                0x00002570                OSStart
 .text.OSVersion
                0x000025f4       0x1c .\CortexM0\ARM_GCC_541\Debug\os_core.o
                0x000025f4                OSVersion
 .text.OS_IdleTask
                0x00002610       0x48 .\CortexM0\ARM_GCC_541\Debug\os_core.o
                0x00002610                OS_IdleTask
 .text.OS_IdleTaskInit
                0x00002658       0x70 .\CortexM0\ARM_GCC_541\Debug\os_core.o
                0x00002658                OS_IdleTaskInit
 .text.OS_Pend  0x000026c8       0x8c .\CortexM0\ARM_GCC_541\Debug\os_core.o
                0x000026c8                OS_Pend
 .text.OS_PendAbort
                0x00002754       0xcc .\CortexM0\ARM_GCC_541\Debug\os_core.o
                0x00002754                OS_PendAbort
 .text.OS_PendAbort1
                0x00002820       0x5c .\CortexM0\ARM_GCC_541\Debug\os_core.o
                0x00002820                OS_PendAbort1
 .text.OS_PendDataInit
                0x0000287c       0x7c .\CortexM0\ARM_GCC_541\Debug\os_core.o
                0x0000287c                OS_PendDataInit
 .text.OS_PendDbgNameAdd
                0x000028f8       0x70 .\CortexM0\ARM_GCC_541\Debug\os_core.o
                0x000028f8                OS_PendDbgNameAdd
 .text.OS_PendDbgNameRemove
                0x00002968       0x44 .\CortexM0\ARM_GCC_541\Debug\os_core.o
                0x00002968                OS_PendDbgNameRemove
 .text.OS_PendListChangePrio
                0x000029ac       0x7c .\CortexM0\ARM_GCC_541\Debug\os_core.o
                0x000029ac                OS_PendListChangePrio
 .text.OS_PendListInit
                0x00002a28       0x24 .\CortexM0\ARM_GCC_541\Debug\os_core.o
                0x00002a28                OS_PendListInit
 .text.OS_PendListInsertHead
                0x00002a4c       0x54 .\CortexM0\ARM_GCC_541\Debug\os_core.o
                0x00002a4c                OS_PendListInsertHead
 .text.OS_PendListInsertPrio
                0x00002aa0       0xec .\CortexM0\ARM_GCC_541\Debug\os_core.o
                0x00002aa0                OS_PendListInsertPrio
 .text.OS_PendListRemove
                0x00002b8c       0x64 .\CortexM0\ARM_GCC_541\Debug\os_core.o
                0x00002b8c                OS_PendListRemove
 .text.OS_PendListRemove1
                0x00002bf0       0x90 .\CortexM0\ARM_GCC_541\Debug\os_core.o
                0x00002bf0                OS_PendListRemove1
 .text.OS_PendObjDel
                0x00002c80       0xc0 .\CortexM0\ARM_GCC_541\Debug\os_core.o
                0x00002c80                OS_PendObjDel
 .text.OS_PendObjDel1
                0x00002d40       0x5c .\CortexM0\ARM_GCC_541\Debug\os_core.o
                0x00002d40                OS_PendObjDel1
 .text.OS_Post  0x00002d9c       0xfc .\CortexM0\ARM_GCC_541\Debug\os_core.o
                0x00002d9c                OS_Post
 .text.OS_Post1
                0x00002e98       0x70 .\CortexM0\ARM_GCC_541\Debug\os_core.o
                0x00002e98                OS_Post1
 .text.OS_RdyListInit
                0x00002f08       0x50 .\CortexM0\ARM_GCC_541\Debug\os_core.o
                0x00002f08                OS_RdyListInit
 .text.OS_RdyListInsert
                0x00002f58       0x40 .\CortexM0\ARM_GCC_541\Debug\os_core.o
                0x00002f58                OS_RdyListInsert
 .text.OS_RdyListInsertHead
                0x00002f98       0x80 .\CortexM0\ARM_GCC_541\Debug\os_core.o
                0x00002f98                OS_RdyListInsertHead
 .text.OS_RdyListInsertTail
                0x00003018       0x7c .\CortexM0\ARM_GCC_541\Debug\os_core.o
                0x00003018                OS_RdyListInsertTail
 .text.OS_RdyListMoveHeadToTail
                0x00003094       0x8c .\CortexM0\ARM_GCC_541\Debug\os_core.o
                0x00003094                OS_RdyListMoveHeadToTail
 .text.OS_RdyListRemove
                0x00003120       0xb0 .\CortexM0\ARM_GCC_541\Debug\os_core.o
                0x00003120                OS_RdyListRemove
 .text.OS_TaskBlock
                0x000031d0       0x54 .\CortexM0\ARM_GCC_541\Debug\os_core.o
                0x000031d0                OS_TaskBlock
 .text.OS_TaskRdy
                0x00003224       0x30 .\CortexM0\ARM_GCC_541\Debug\os_core.o
                0x00003224                OS_TaskRdy
 .text          0x00003254        0x0 .\CortexM0\ARM_GCC_541\Debug\os_dbg.o
 .text.OS_Dbg_Init
                0x00003254      0x1c0 .\CortexM0\ARM_GCC_541\Debug\os_dbg.o
                0x00003254                OS_Dbg_Init
 .text          0x00003414        0x0 .\CortexM0\ARM_GCC_541\Debug\os_flag.o
 .text          0x00003414        0x0 .\CortexM0\ARM_GCC_541\Debug\os_int.o
 .text          0x00003414        0x0 .\CortexM0\ARM_GCC_541\Debug\os_mem.o
 .text          0x00003414        0x0 .\CortexM0\ARM_GCC_541\Debug\os_mon.o
 .text          0x00003414        0x0 .\CortexM0\ARM_GCC_541\Debug\os_msg.o
 .text          0x00003414        0x0 .\CortexM0\ARM_GCC_541\Debug\os_mutex.o
 .text          0x00003414        0x0 .\CortexM0\ARM_GCC_541\Debug\os_pend_multi.o
 .text          0x00003414        0x0 .\CortexM0\ARM_GCC_541\Debug\os_prio.o
 .text.OS_PrioInit
                0x00003414       0x30 .\CortexM0\ARM_GCC_541\Debug\os_prio.o
                0x00003414                OS_PrioInit
 .text.OS_PrioGetHighest
                0x00003444       0x54 .\CortexM0\ARM_GCC_541\Debug\os_prio.o
                0x00003444                OS_PrioGetHighest
 .text.OS_PrioInsert
                0x00003498       0x5c .\CortexM0\ARM_GCC_541\Debug\os_prio.o
                0x00003498                OS_PrioInsert
 .text.OS_PrioRemove
                0x000034f4       0x60 .\CortexM0\ARM_GCC_541\Debug\os_prio.o
                0x000034f4                OS_PrioRemove
 .text          0x00003554        0x0 .\CortexM0\ARM_GCC_541\Debug\os_q.o
 .text          0x00003554        0x0 .\CortexM0\ARM_GCC_541\Debug\os_sem.o
 .text.OSSemCreate
                0x00003554       0xa0 .\CortexM0\ARM_GCC_541\Debug\os_sem.o
                0x00003554                OSSemCreate
 .text.OSSemPend
                0x000035f4      0x1f0 .\CortexM0\ARM_GCC_541\Debug\os_sem.o
                0x000035f4                OSSemPend
 .text.OSSemPendAbort
                0x000037e4      0x134 .\CortexM0\ARM_GCC_541\Debug\os_sem.o
                0x000037e4                OSSemPendAbort
 .text.OSSemPost
                0x00003918       0x8c .\CortexM0\ARM_GCC_541\Debug\os_sem.o
                0x00003918                OSSemPost
 .text.OSSemSet
                0x000039a4       0x90 .\CortexM0\ARM_GCC_541\Debug\os_sem.o
                0x000039a4                OSSemSet
 .text.OS_SemClr
                0x00003a34       0x3c .\CortexM0\ARM_GCC_541\Debug\os_sem.o
                0x00003a34                OS_SemClr
 .text.OS_SemDbgListAdd
                0x00003a70       0x4c .\CortexM0\ARM_GCC_541\Debug\os_sem.o
                0x00003a70                OS_SemDbgListAdd
 .text.OS_SemDbgListRemove
                0x00003abc       0x6c .\CortexM0\ARM_GCC_541\Debug\os_sem.o
                0x00003abc                OS_SemDbgListRemove
 .text.OS_SemInit
                0x00003b28       0x2c .\CortexM0\ARM_GCC_541\Debug\os_sem.o
                0x00003b28                OS_SemInit
 .text.OS_SemPost
                0x00003b54      0x118 .\CortexM0\ARM_GCC_541\Debug\os_sem.o
                0x00003b54                OS_SemPost
 .text          0x00003c6c        0x0 .\CortexM0\ARM_GCC_541\Debug\os_stat.o
 .text.OSStatReset
                0x00003c6c       0xbc .\CortexM0\ARM_GCC_541\Debug\os_stat.o
                0x00003c6c                OSStatReset
 .text.OSStatTaskCPUUsageInit
                0x00003d28      0x134 .\CortexM0\ARM_GCC_541\Debug\os_stat.o
                0x00003d28                OSStatTaskCPUUsageInit
 .text.OS_StatTask
                0x00003e5c      0x23c .\CortexM0\ARM_GCC_541\Debug\os_stat.o
                0x00003e5c                OS_StatTask
 .text.OS_StatTaskInit
                0x00004098       0xe0 .\CortexM0\ARM_GCC_541\Debug\os_stat.o
                0x00004098                OS_StatTaskInit
 .text          0x00004178        0x0 .\CortexM0\ARM_GCC_541\Debug\os_task.o
 .text.OSTaskChangePrio
                0x00004178      0x160 .\CortexM0\ARM_GCC_541\Debug\os_task.o
                0x00004178                OSTaskChangePrio
 .text.OSTaskCreate
                0x000042d8      0x228 .\CortexM0\ARM_GCC_541\Debug\os_task.o
                0x000042d8                OSTaskCreate
 .text.OSTaskRegGet
                0x00004500       0x7c .\CortexM0\ARM_GCC_541\Debug\os_task.o
                0x00004500                OSTaskRegGet
 .text.OSTaskRegGetID
                0x0000457c       0x74 .\CortexM0\ARM_GCC_541\Debug\os_task.o
                0x0000457c                OSTaskRegGetID
 .text.OSTaskRegSet
                0x000045f0       0x78 .\CortexM0\ARM_GCC_541\Debug\os_task.o
                0x000045f0                OSTaskRegSet
 .text.OSTaskResume
                0x00004668       0x7c .\CortexM0\ARM_GCC_541\Debug\os_task.o
                0x00004668                OSTaskResume
 .text.OSTaskSemPend
                0x000046e4      0x1b0 .\CortexM0\ARM_GCC_541\Debug\os_task.o
                0x000046e4                OSTaskSemPend
 .text.OSTaskSemPost
                0x00004894       0x5c .\CortexM0\ARM_GCC_541\Debug\os_task.o
                0x00004894                OSTaskSemPost
 .text.OSTaskSemSet
                0x000048f0       0x70 .\CortexM0\ARM_GCC_541\Debug\os_task.o
                0x000048f0                OSTaskSemSet
 .text.OSTaskStkChk
                0x00004960      0x10c .\CortexM0\ARM_GCC_541\Debug\os_task.o
                0x00004960                OSTaskStkChk
 .text.OSTaskSuspend
                0x00004a6c       0x4c .\CortexM0\ARM_GCC_541\Debug\os_task.o
                0x00004a6c                OSTaskSuspend
 .text.OS_TaskDbgListAdd
                0x00004ab8       0x40 .\CortexM0\ARM_GCC_541\Debug\os_task.o
                0x00004ab8                OS_TaskDbgListAdd
 .text.OS_TaskDbgListRemove
                0x00004af8       0x6c .\CortexM0\ARM_GCC_541\Debug\os_task.o
                0x00004af8                OS_TaskDbgListRemove
 .text.OS_TaskInit
                0x00004b64       0x34 .\CortexM0\ARM_GCC_541\Debug\os_task.o
                0x00004b64                OS_TaskInit
 .text.OS_TaskInitTCB
                0x00004b98      0x11c .\CortexM0\ARM_GCC_541\Debug\os_task.o
                0x00004b98                OS_TaskInitTCB
 .text.OS_TaskResume
                0x00004cb4      0x13c .\CortexM0\ARM_GCC_541\Debug\os_task.o
                0x00004cb4                OS_TaskResume
 .text.OS_TaskReturn
                0x00004df0       0x28 .\CortexM0\ARM_GCC_541\Debug\os_task.o
                0x00004df0                OS_TaskReturn
 .text.OS_TaskSemPost
                0x00004e18      0x140 .\CortexM0\ARM_GCC_541\Debug\os_task.o
                0x00004e18                OS_TaskSemPost
 .text.OS_TaskSuspend
                0x00004f58      0x138 .\CortexM0\ARM_GCC_541\Debug\os_task.o
                0x00004f58                OS_TaskSuspend
 .text          0x00005090        0x0 .\CortexM0\ARM_GCC_541\Debug\os_tick.o
 .text.OS_TickTask
                0x00005090       0x34 .\CortexM0\ARM_GCC_541\Debug\os_tick.o
                0x00005090                OS_TickTask
 .text.OS_TickTaskInit
                0x000050c4       0xc8 .\CortexM0\ARM_GCC_541\Debug\os_tick.o
                0x000050c4                OS_TickTaskInit
 .text.OS_TickListInit
                0x0000518c       0x54 .\CortexM0\ARM_GCC_541\Debug\os_tick.o
                0x0000518c                OS_TickListInit
 .text.OS_TickListInsert
                0x000051e0      0x200 .\CortexM0\ARM_GCC_541\Debug\os_tick.o
                0x000051e0                OS_TickListInsert
 .text.OS_TickListRemove
                0x000053e0       0x88 .\CortexM0\ARM_GCC_541\Debug\os_tick.o
                0x000053e0                OS_TickListRemove
 .text.OS_TickListResetPeak
                0x00005468       0x48 .\CortexM0\ARM_GCC_541\Debug\os_tick.o
                0x00005468                OS_TickListResetPeak
 .text.OS_TickListUpdate
                0x000054b0      0x204 .\CortexM0\ARM_GCC_541\Debug\os_tick.o
                0x000054b0                OS_TickListUpdate
 .text          0x000056b4        0x0 .\CortexM0\ARM_GCC_541\Debug\os_time.o
 .text.OSTimeDly
                0x000056b4       0xf0 .\CortexM0\ARM_GCC_541\Debug\os_time.o
                0x000056b4                OSTimeDly
 .text.OSTimeDlyHMSM
                0x000057a4      0x26c .\CortexM0\ARM_GCC_541\Debug\os_time.o
                0x000057a4                OSTimeDlyHMSM
 .text.OSTimeGet
                0x00005a10       0x40 .\CortexM0\ARM_GCC_541\Debug\os_time.o
                0x00005a10                OSTimeGet
 .text.OSTimeSet
                0x00005a50       0x40 .\CortexM0\ARM_GCC_541\Debug\os_time.o
                0x00005a50                OSTimeSet
 .text.OSTimeTick
                0x00005a90       0x54 .\CortexM0\ARM_GCC_541\Debug\os_time.o
                0x00005a90                OSTimeTick
 .text          0x00005ae4        0x0 .\CortexM0\ARM_GCC_541\Debug\os_tmr.o
 .text.OSTmrCreate
                0x00005ae4      0x110 .\CortexM0\ARM_GCC_541\Debug\os_tmr.o
                0x00005ae4                OSTmrCreate
 .text.OSTmrRemainGet
                0x00005bf4      0x118 .\CortexM0\ARM_GCC_541\Debug\os_tmr.o
                0x00005bf4                OSTmrRemainGet
 .text.OSTmrStart
                0x00005d0c       0xf8 .\CortexM0\ARM_GCC_541\Debug\os_tmr.o
                0x00005d0c                OSTmrStart
 .text.OSTmrStateGet
                0x00005e04       0x90 .\CortexM0\ARM_GCC_541\Debug\os_tmr.o
                0x00005e04                OSTmrStateGet
 .text.OSTmrStop
                0x00005e94      0x168 .\CortexM0\ARM_GCC_541\Debug\os_tmr.o
                0x00005e94                OSTmrStop
 .text.OS_TmrClr
                0x00005ffc       0x64 .\CortexM0\ARM_GCC_541\Debug\os_tmr.o
                0x00005ffc                OS_TmrClr
 .text.OS_TmrDbgListAdd
                0x00006060       0x40 .\CortexM0\ARM_GCC_541\Debug\os_tmr.o
                0x00006060                OS_TmrDbgListAdd
 .text.OS_TmrDbgListRemove
                0x000060a0       0x6c .\CortexM0\ARM_GCC_541\Debug\os_tmr.o
                0x000060a0                OS_TmrDbgListRemove
 .text.OS_TmrInit
                0x0000610c      0x168 .\CortexM0\ARM_GCC_541\Debug\os_tmr.o
                0x0000610c                OS_TmrInit
 .text.OS_TmrLink
                0x00006274      0x174 .\CortexM0\ARM_GCC_541\Debug\os_tmr.o
                0x00006274                OS_TmrLink
 .text.OS_TmrResetPeak
                0x000063e8       0x48 .\CortexM0\ARM_GCC_541\Debug\os_tmr.o
                0x000063e8                OS_TmrResetPeak
 .text.OS_TmrUnlink
                0x00006430       0xa4 .\CortexM0\ARM_GCC_541\Debug\os_tmr.o
                0x00006430                OS_TmrUnlink
 .text.OS_TmrTask
                0x000064d4      0x11c .\CortexM0\ARM_GCC_541\Debug\os_tmr.o
                0x000064d4                OS_TmrTask
 .text          0x000065f0        0x0 .\CortexM0\ARM_GCC_541\Debug\os_var.o
 .text          0x000065f0        0x0 .\CortexM0\ARM_GCC_541\Debug\lib_ascii.o
 .text.ASCII_IsAlpha
                0x000065f0       0x48 .\CortexM0\ARM_GCC_541\Debug\lib_ascii.o
                0x000065f0                ASCII_IsAlpha
 .text.ASCII_IsAlphaNum
                0x00006638       0x58 .\CortexM0\ARM_GCC_541\Debug\lib_ascii.o
                0x00006638                ASCII_IsAlphaNum
 .text.ASCII_IsLower
                0x00006690       0x38 .\CortexM0\ARM_GCC_541\Debug\lib_ascii.o
                0x00006690                ASCII_IsLower
 .text.ASCII_IsUpper
                0x000066c8       0x38 .\CortexM0\ARM_GCC_541\Debug\lib_ascii.o
                0x000066c8                ASCII_IsUpper
 .text.ASCII_IsDig
                0x00006700       0x38 .\CortexM0\ARM_GCC_541\Debug\lib_ascii.o
                0x00006700                ASCII_IsDig
 .text.ASCII_IsDigOct
                0x00006738       0x38 .\CortexM0\ARM_GCC_541\Debug\lib_ascii.o
                0x00006738                ASCII_IsDigOct
 .text.ASCII_IsDigHex
                0x00006770       0x58 .\CortexM0\ARM_GCC_541\Debug\lib_ascii.o
                0x00006770                ASCII_IsDigHex
 .text.ASCII_IsBlank
                0x000067c8       0x38 .\CortexM0\ARM_GCC_541\Debug\lib_ascii.o
                0x000067c8                ASCII_IsBlank
 .text.ASCII_IsSpace
                0x00006800       0x58 .\CortexM0\ARM_GCC_541\Debug\lib_ascii.o
                0x00006800                ASCII_IsSpace
 .text.ASCII_IsPrint
                0x00006858       0x38 .\CortexM0\ARM_GCC_541\Debug\lib_ascii.o
                0x00006858                ASCII_IsPrint
 .text.ASCII_IsGraph
                0x00006890       0x38 .\CortexM0\ARM_GCC_541\Debug\lib_ascii.o
                0x00006890                ASCII_IsGraph
 .text.ASCII_IsPunct
                0x000068c8       0x98 .\CortexM0\ARM_GCC_541\Debug\lib_ascii.o
                0x000068c8                ASCII_IsPunct
 .text.ASCII_IsCtrl
                0x00006960       0x40 .\CortexM0\ARM_GCC_541\Debug\lib_ascii.o
                0x00006960                ASCII_IsCtrl
 .text.ASCII_ToLower
                0x000069a0       0x40 .\CortexM0\ARM_GCC_541\Debug\lib_ascii.o
                0x000069a0                ASCII_ToLower
 .text.ASCII_ToUpper
                0x000069e0       0x40 .\CortexM0\ARM_GCC_541\Debug\lib_ascii.o
                0x000069e0                ASCII_ToUpper
 .text.ASCII_Cmp
                0x00006a20       0x60 .\CortexM0\ARM_GCC_541\Debug\lib_ascii.o
                0x00006a20                ASCII_Cmp
 .text          0x00006a80        0x0 .\CortexM0\ARM_GCC_541\Debug\lib_math.o
 .text.Math_Init
                0x00006a80       0x10 .\CortexM0\ARM_GCC_541\Debug\lib_math.o
                0x00006a80                Math_Init
 .text.Math_RandSetSeed
                0x00006a90       0x38 .\CortexM0\ARM_GCC_541\Debug\lib_math.o
                0x00006a90                Math_RandSetSeed
 .text.Math_Rand
                0x00006ac8       0x48 .\CortexM0\ARM_GCC_541\Debug\lib_math.o
                0x00006ac8                Math_Rand
 .text.Math_RandSeed
                0x00006b10       0x2c .\CortexM0\ARM_GCC_541\Debug\lib_math.o
                0x00006b10                Math_RandSeed
 .text          0x00006b3c        0x0 .\CortexM0\ARM_GCC_541\Debug\lib_mem.o
 .text.Mem_Init
                0x00006b3c        0xc .\CortexM0\ARM_GCC_541\Debug\lib_mem.o
                0x00006b3c                Mem_Init
 .text.Mem_Clr  0x00006b48       0x20 .\CortexM0\ARM_GCC_541\Debug\lib_mem.o
                0x00006b48                Mem_Clr
 .text.Mem_Set  0x00006b68       0xc0 .\CortexM0\ARM_GCC_541\Debug\lib_mem.o
                0x00006b68                Mem_Set
 .text.Mem_Copy
                0x00006c28       0xdc .\CortexM0\ARM_GCC_541\Debug\lib_mem.o
                0x00006c28                Mem_Copy
 .text.Mem_Move
                0x00006d04      0x124 .\CortexM0\ARM_GCC_541\Debug\lib_mem.o
                0x00006d04                Mem_Move
 .text.Mem_Cmp  0x00006e28      0x15c .\CortexM0\ARM_GCC_541\Debug\lib_mem.o
                0x00006e28                Mem_Cmp
 .text          0x00006f84        0x0 .\CortexM0\ARM_GCC_541\Debug\lib_str.o
 .text.Str_Len  0x00006f84       0x24 .\CortexM0\ARM_GCC_541\Debug\lib_str.o
                0x00006f84                Str_Len
 .text.Str_Len_N
                0x00006fa8       0x40 .\CortexM0\ARM_GCC_541\Debug\lib_str.o
                0x00006fa8                Str_Len_N
 .text.Str_Copy
                0x00006fe8       0x28 .\CortexM0\ARM_GCC_541\Debug\lib_str.o
                0x00006fe8                Str_Copy
 .text.Str_Copy_N
                0x00007010       0x8c .\CortexM0\ARM_GCC_541\Debug\lib_str.o
                0x00007010                Str_Copy_N
 .text.Str_Cat  0x0000709c       0x28 .\CortexM0\ARM_GCC_541\Debug\lib_str.o
                0x0000709c                Str_Cat
 .text.Str_Cat_N
                0x000070c4       0xb0 .\CortexM0\ARM_GCC_541\Debug\lib_str.o
                0x000070c4                Str_Cat_N
 .text.Str_Cmp  0x00007174       0x30 .\CortexM0\ARM_GCC_541\Debug\lib_str.o
                0x00007174                Str_Cmp
 .text.Str_Cmp_N
                0x000071a4      0x148 .\CortexM0\ARM_GCC_541\Debug\lib_str.o
                0x000071a4                Str_Cmp_N
 .text.Str_CmpIgnoreCase
                0x000072ec       0x30 .\CortexM0\ARM_GCC_541\Debug\lib_str.o
                0x000072ec                Str_CmpIgnoreCase
 .text.Str_CmpIgnoreCase_N
                0x0000731c      0x1ec .\CortexM0\ARM_GCC_541\Debug\lib_str.o
                0x0000731c                Str_CmpIgnoreCase_N
 .text.Str_Char
                0x00007508       0x2c .\CortexM0\ARM_GCC_541\Debug\lib_str.o
                0x00007508                Str_Char
 .text.Str_Char_N
                0x00007534       0x8c .\CortexM0\ARM_GCC_541\Debug\lib_str.o
                0x00007534                Str_Char_N
 .text.Str_Char_Last
                0x000075c0       0x2c .\CortexM0\ARM_GCC_541\Debug\lib_str.o
                0x000075c0                Str_Char_Last
 .text.Str_Char_Last_N
                0x000075ec       0x84 .\CortexM0\ARM_GCC_541\Debug\lib_str.o
                0x000075ec                Str_Char_Last_N
 .text.Str_Char_Replace
                0x00007670       0x3c .\CortexM0\ARM_GCC_541\Debug\lib_str.o
                0x00007670                Str_Char_Replace
 .text.Str_Char_Replace_N
                0x000076ac       0x80 .\CortexM0\ARM_GCC_541\Debug\lib_str.o
                0x000076ac                Str_Char_Replace_N
 .text.Str_Str  0x0000772c       0x28 .\CortexM0\ARM_GCC_541\Debug\lib_str.o
                0x0000772c                Str_Str
 .text.Str_Str_N
                0x00007754      0x110 .\CortexM0\ARM_GCC_541\Debug\lib_str.o
                0x00007754                Str_Str_N
 .text.Str_FmtNbr_Int32U
                0x00007864       0x58 .\CortexM0\ARM_GCC_541\Debug\lib_str.o
                0x00007864                Str_FmtNbr_Int32U
 .text.Str_FmtNbr_Int32S
                0x000078bc       0x80 .\CortexM0\ARM_GCC_541\Debug\lib_str.o
                0x000078bc                Str_FmtNbr_Int32S
 .text.Str_ParseNbr_Int32U
                0x0000793c       0x30 .\CortexM0\ARM_GCC_541\Debug\lib_str.o
                0x0000793c                Str_ParseNbr_Int32U
 .text.Str_ParseNbr_Int32S
                0x0000796c       0x60 .\CortexM0\ARM_GCC_541\Debug\lib_str.o
                0x0000796c                Str_ParseNbr_Int32S
 .text.Str_FmtNbr_Int32
                0x000079cc      0x3a0 .\CortexM0\ARM_GCC_541\Debug\lib_str.o
 .text.Str_ParseNbr_Int32
                0x00007d6c      0x32c .\CortexM0\ARM_GCC_541\Debug\lib_str.o
 .text          0x00008098        0x0 .\CortexM0\ARM_GCC_541\Debug\cyfitter_cfg.o
 .text.CYMEMZERO
                0x00008098       0x20 .\CortexM0\ARM_GCC_541\Debug\cyfitter_cfg.o
 .text.CYCONFIGCPY
                0x000080b8       0x20 .\CortexM0\ARM_GCC_541\Debug\cyfitter_cfg.o
 .text.CYCONFIGCPYCODE
                0x000080d8       0x20 .\CortexM0\ARM_GCC_541\Debug\cyfitter_cfg.o
 .text.cfg_write_bytes32
                0x000080f8       0x84 .\CortexM0\ARM_GCC_541\Debug\cyfitter_cfg.o
 .text.AnalogSetDefault
                0x0000817c       0x2c .\CortexM0\ARM_GCC_541\Debug\cyfitter_cfg.o
 .text.SetAnalogRoutingPumps
                0x000081a8       0x40 .\CortexM0\ARM_GCC_541\Debug\cyfitter_cfg.o
                0x000081a8                SetAnalogRoutingPumps
 .text          0x000081e8        0x0 .\CortexM0\ARM_GCC_541\Debug\cymetadata.o
 .text          0x000081e8        0x0 .\CortexM0\ARM_GCC_541\Debug\Cm0Start.o
 .text.IntDefaultHandler
                0x000081e8       0x14 .\CortexM0\ARM_GCC_541\Debug\Cm0Start.o
                0x000081e8                IntDefaultHandler
 .text._exit    0x000081fc       0x14 .\CortexM0\ARM_GCC_541\Debug\Cm0Start.o
                0x000081fc                _exit
 .text._sbrk    0x00008210       0x50 .\CortexM0\ARM_GCC_541\Debug\Cm0Start.o
                0x00008210                _sbrk
 .text.Start_c  0x00008260       0x98 .\CortexM0\ARM_GCC_541\Debug\Cm0Start.o
                0x00008260                Start_c
 .text.initialize_psoc
                0x000082f8       0x64 .\CortexM0\ARM_GCC_541\Debug\Cm0Start.o
                0x000082f8                initialize_psoc
 .text          0x0000835c       0x20 .\CortexM0\ARM_GCC_541\Debug\cpu_a.o
                0x0000835c                CPU_IntDis
                0x00008360                CPU_IntEn
                0x00008364                CPU_SR_Save
                0x0000836c                CPU_SR_Restore
                0x00008372                CPU_WaitForInt
                0x00008376                CPU_WaitForExcept
 .text          0x0000837c       0xac .\CortexM0\ARM_GCC_541\Debug\os_cpu_a.o
                0x0000837c                OSStartHighRdy
                0x000083a0                OSCtxSw
                0x000083a8                OSIntCtxSw
                0x000083b0                PendSV_Handler
 .text          0x00008428        0x0 .\CortexM0\ARM_GCC_541\Debug\OS3.a(PWM_Blue.o)
 .text.PWM_Blue_Init
                0x00008428       0x58 .\CortexM0\ARM_GCC_541\Debug\OS3.a(PWM_Blue.o)
                0x00008428                PWM_Blue_Init
 .text.PWM_Blue_Enable
                0x00008480       0x3c .\CortexM0\ARM_GCC_541\Debug\OS3.a(PWM_Blue.o)
                0x00008480                PWM_Blue_Enable
 .text.PWM_Blue_Start
                0x000084bc       0x24 .\CortexM0\ARM_GCC_541\Debug\OS3.a(PWM_Blue.o)
                0x000084bc                PWM_Blue_Start
 .text.PWM_Blue_Stop
                0x000084e0       0x34 .\CortexM0\ARM_GCC_541\Debug\OS3.a(PWM_Blue.o)
                0x000084e0                PWM_Blue_Stop
 .text.PWM_Blue_SetMode
                0x00008514       0x48 .\CortexM0\ARM_GCC_541\Debug\OS3.a(PWM_Blue.o)
                0x00008514                PWM_Blue_SetMode
 .text.PWM_Blue_SetQDMode
                0x0000855c       0x48 .\CortexM0\ARM_GCC_541\Debug\OS3.a(PWM_Blue.o)
                0x0000855c                PWM_Blue_SetQDMode
 .text.PWM_Blue_SetPrescaler
                0x000085a4       0x48 .\CortexM0\ARM_GCC_541\Debug\OS3.a(PWM_Blue.o)
                0x000085a4                PWM_Blue_SetPrescaler
 .text.PWM_Blue_SetOneShot
                0x000085ec       0x50 .\CortexM0\ARM_GCC_541\Debug\OS3.a(PWM_Blue.o)
                0x000085ec                PWM_Blue_SetOneShot
 .text.PWM_Blue_SetPWMMode
                0x0000863c       0x20 .\CortexM0\ARM_GCC_541\Debug\OS3.a(PWM_Blue.o)
                0x0000863c                PWM_Blue_SetPWMMode
 .text.PWM_Blue_SetPWMSyncKill
                0x0000865c       0x4c .\CortexM0\ARM_GCC_541\Debug\OS3.a(PWM_Blue.o)
                0x0000865c                PWM_Blue_SetPWMSyncKill
 .text.PWM_Blue_SetPWMStopOnKill
                0x000086a8       0x4c .\CortexM0\ARM_GCC_541\Debug\OS3.a(PWM_Blue.o)
                0x000086a8                PWM_Blue_SetPWMStopOnKill
 .text.PWM_Blue_SetPWMDeadTime
                0x000086f4       0x50 .\CortexM0\ARM_GCC_541\Debug\OS3.a(PWM_Blue.o)
                0x000086f4                PWM_Blue_SetPWMDeadTime
 .text.PWM_Blue_SetPWMInvert
                0x00008744       0x48 .\CortexM0\ARM_GCC_541\Debug\OS3.a(PWM_Blue.o)
                0x00008744                PWM_Blue_SetPWMInvert
 .text.PWM_Blue_WriteCounter
                0x0000878c       0x20 .\CortexM0\ARM_GCC_541\Debug\OS3.a(PWM_Blue.o)
                0x0000878c                PWM_Blue_WriteCounter
 .text.PWM_Blue_ReadCounter
                0x000087ac       0x18 .\CortexM0\ARM_GCC_541\Debug\OS3.a(PWM_Blue.o)
                0x000087ac                PWM_Blue_ReadCounter
 .text.PWM_Blue_SetCounterMode
                0x000087c4       0x48 .\CortexM0\ARM_GCC_541\Debug\OS3.a(PWM_Blue.o)
                0x000087c4                PWM_Blue_SetCounterMode
 .text.PWM_Blue_WritePeriod
                0x0000880c       0x20 .\CortexM0\ARM_GCC_541\Debug\OS3.a(PWM_Blue.o)
                0x0000880c                PWM_Blue_WritePeriod
 .text.PWM_Blue_ReadPeriod
                0x0000882c       0x18 .\CortexM0\ARM_GCC_541\Debug\OS3.a(PWM_Blue.o)
                0x0000882c                PWM_Blue_ReadPeriod
 .text.PWM_Blue_SetCompareSwap
                0x00008844       0x48 .\CortexM0\ARM_GCC_541\Debug\OS3.a(PWM_Blue.o)
                0x00008844                PWM_Blue_SetCompareSwap
 .text.PWM_Blue_WritePeriodBuf
                0x0000888c       0x20 .\CortexM0\ARM_GCC_541\Debug\OS3.a(PWM_Blue.o)
                0x0000888c                PWM_Blue_WritePeriodBuf
 .text.PWM_Blue_ReadPeriodBuf
                0x000088ac       0x18 .\CortexM0\ARM_GCC_541\Debug\OS3.a(PWM_Blue.o)
                0x000088ac                PWM_Blue_ReadPeriodBuf
 .text.PWM_Blue_SetPeriodSwap
                0x000088c4       0x4c .\CortexM0\ARM_GCC_541\Debug\OS3.a(PWM_Blue.o)
                0x000088c4                PWM_Blue_SetPeriodSwap
 .text.PWM_Blue_WriteCompare
                0x00008910       0x20 .\CortexM0\ARM_GCC_541\Debug\OS3.a(PWM_Blue.o)
                0x00008910                PWM_Blue_WriteCompare
 .text.PWM_Blue_ReadCompare
                0x00008930       0x18 .\CortexM0\ARM_GCC_541\Debug\OS3.a(PWM_Blue.o)
                0x00008930                PWM_Blue_ReadCompare
 .text.PWM_Blue_WriteCompareBuf
                0x00008948       0x20 .\CortexM0\ARM_GCC_541\Debug\OS3.a(PWM_Blue.o)
                0x00008948                PWM_Blue_WriteCompareBuf
 .text.PWM_Blue_ReadCompareBuf
                0x00008968       0x18 .\CortexM0\ARM_GCC_541\Debug\OS3.a(PWM_Blue.o)
                0x00008968                PWM_Blue_ReadCompareBuf
 .text.PWM_Blue_ReadCapture
                0x00008980       0x18 .\CortexM0\ARM_GCC_541\Debug\OS3.a(PWM_Blue.o)
                0x00008980                PWM_Blue_ReadCapture
 .text.PWM_Blue_ReadCaptureBuf
                0x00008998       0x18 .\CortexM0\ARM_GCC_541\Debug\OS3.a(PWM_Blue.o)
                0x00008998                PWM_Blue_ReadCaptureBuf
 .text.PWM_Blue_SetCaptureMode
                0x000089b0       0x44 .\CortexM0\ARM_GCC_541\Debug\OS3.a(PWM_Blue.o)
                0x000089b0                PWM_Blue_SetCaptureMode
 .text.PWM_Blue_SetReloadMode
                0x000089f4       0x48 .\CortexM0\ARM_GCC_541\Debug\OS3.a(PWM_Blue.o)
                0x000089f4                PWM_Blue_SetReloadMode
 .text.PWM_Blue_SetStartMode
                0x00008a3c       0x4c .\CortexM0\ARM_GCC_541\Debug\OS3.a(PWM_Blue.o)
                0x00008a3c                PWM_Blue_SetStartMode
 .text.PWM_Blue_SetStopMode
                0x00008a88       0x48 .\CortexM0\ARM_GCC_541\Debug\OS3.a(PWM_Blue.o)
                0x00008a88                PWM_Blue_SetStopMode
 .text.PWM_Blue_SetCountMode
                0x00008ad0       0x48 .\CortexM0\ARM_GCC_541\Debug\OS3.a(PWM_Blue.o)
                0x00008ad0                PWM_Blue_SetCountMode
 .text.PWM_Blue_TriggerCommand
                0x00008b18       0x3c .\CortexM0\ARM_GCC_541\Debug\OS3.a(PWM_Blue.o)
                0x00008b18                PWM_Blue_TriggerCommand
 .text.PWM_Blue_ReadStatus
                0x00008b54       0x20 .\CortexM0\ARM_GCC_541\Debug\OS3.a(PWM_Blue.o)
                0x00008b54                PWM_Blue_ReadStatus
 .text.PWM_Blue_SetInterruptMode
                0x00008b74       0x1c .\CortexM0\ARM_GCC_541\Debug\OS3.a(PWM_Blue.o)
                0x00008b74                PWM_Blue_SetInterruptMode
 .text.PWM_Blue_GetInterruptSourceMasked
                0x00008b90       0x14 .\CortexM0\ARM_GCC_541\Debug\OS3.a(PWM_Blue.o)
                0x00008b90                PWM_Blue_GetInterruptSourceMasked
 .text.PWM_Blue_GetInterruptSource
                0x00008ba4       0x14 .\CortexM0\ARM_GCC_541\Debug\OS3.a(PWM_Blue.o)
                0x00008ba4                PWM_Blue_GetInterruptSource
 .text.PWM_Blue_ClearInterrupt
                0x00008bb8       0x1c .\CortexM0\ARM_GCC_541\Debug\OS3.a(PWM_Blue.o)
                0x00008bb8                PWM_Blue_ClearInterrupt
 .text.PWM_Blue_SetInterrupt
                0x00008bd4       0x1c .\CortexM0\ARM_GCC_541\Debug\OS3.a(PWM_Blue.o)
                0x00008bd4                PWM_Blue_SetInterrupt
 .text          0x00008bf0        0x0 .\CortexM0\ARM_GCC_541\Debug\OS3.a(PWM_Green.o)
 .text.PWM_Green_Init
                0x00008bf0       0x58 .\CortexM0\ARM_GCC_541\Debug\OS3.a(PWM_Green.o)
                0x00008bf0                PWM_Green_Init
 .text.PWM_Green_Enable
                0x00008c48       0x3c .\CortexM0\ARM_GCC_541\Debug\OS3.a(PWM_Green.o)
                0x00008c48                PWM_Green_Enable
 .text.PWM_Green_Start
                0x00008c84       0x24 .\CortexM0\ARM_GCC_541\Debug\OS3.a(PWM_Green.o)
                0x00008c84                PWM_Green_Start
 .text.PWM_Green_Stop
                0x00008ca8       0x34 .\CortexM0\ARM_GCC_541\Debug\OS3.a(PWM_Green.o)
                0x00008ca8                PWM_Green_Stop
 .text.PWM_Green_SetMode
                0x00008cdc       0x48 .\CortexM0\ARM_GCC_541\Debug\OS3.a(PWM_Green.o)
                0x00008cdc                PWM_Green_SetMode
 .text.PWM_Green_SetQDMode
                0x00008d24       0x48 .\CortexM0\ARM_GCC_541\Debug\OS3.a(PWM_Green.o)
                0x00008d24                PWM_Green_SetQDMode
 .text.PWM_Green_SetPrescaler
                0x00008d6c       0x48 .\CortexM0\ARM_GCC_541\Debug\OS3.a(PWM_Green.o)
                0x00008d6c                PWM_Green_SetPrescaler
 .text.PWM_Green_SetOneShot
                0x00008db4       0x50 .\CortexM0\ARM_GCC_541\Debug\OS3.a(PWM_Green.o)
                0x00008db4                PWM_Green_SetOneShot
 .text.PWM_Green_SetPWMMode
                0x00008e04       0x20 .\CortexM0\ARM_GCC_541\Debug\OS3.a(PWM_Green.o)
                0x00008e04                PWM_Green_SetPWMMode
 .text.PWM_Green_SetPWMSyncKill
                0x00008e24       0x4c .\CortexM0\ARM_GCC_541\Debug\OS3.a(PWM_Green.o)
                0x00008e24                PWM_Green_SetPWMSyncKill
 .text.PWM_Green_SetPWMStopOnKill
                0x00008e70       0x4c .\CortexM0\ARM_GCC_541\Debug\OS3.a(PWM_Green.o)
                0x00008e70                PWM_Green_SetPWMStopOnKill
 .text.PWM_Green_SetPWMDeadTime
                0x00008ebc       0x50 .\CortexM0\ARM_GCC_541\Debug\OS3.a(PWM_Green.o)
                0x00008ebc                PWM_Green_SetPWMDeadTime
 .text.PWM_Green_SetPWMInvert
                0x00008f0c       0x48 .\CortexM0\ARM_GCC_541\Debug\OS3.a(PWM_Green.o)
                0x00008f0c                PWM_Green_SetPWMInvert
 .text.PWM_Green_WriteCounter
                0x00008f54       0x20 .\CortexM0\ARM_GCC_541\Debug\OS3.a(PWM_Green.o)
                0x00008f54                PWM_Green_WriteCounter
 .text.PWM_Green_ReadCounter
                0x00008f74       0x18 .\CortexM0\ARM_GCC_541\Debug\OS3.a(PWM_Green.o)
                0x00008f74                PWM_Green_ReadCounter
 .text.PWM_Green_SetCounterMode
                0x00008f8c       0x48 .\CortexM0\ARM_GCC_541\Debug\OS3.a(PWM_Green.o)
                0x00008f8c                PWM_Green_SetCounterMode
 .text.PWM_Green_WritePeriod
                0x00008fd4       0x20 .\CortexM0\ARM_GCC_541\Debug\OS3.a(PWM_Green.o)
                0x00008fd4                PWM_Green_WritePeriod
 .text.PWM_Green_ReadPeriod
                0x00008ff4       0x18 .\CortexM0\ARM_GCC_541\Debug\OS3.a(PWM_Green.o)
                0x00008ff4                PWM_Green_ReadPeriod
 .text.PWM_Green_SetCompareSwap
                0x0000900c       0x48 .\CortexM0\ARM_GCC_541\Debug\OS3.a(PWM_Green.o)
                0x0000900c                PWM_Green_SetCompareSwap
 .text.PWM_Green_WritePeriodBuf
                0x00009054       0x20 .\CortexM0\ARM_GCC_541\Debug\OS3.a(PWM_Green.o)
                0x00009054                PWM_Green_WritePeriodBuf
 .text.PWM_Green_ReadPeriodBuf
                0x00009074       0x18 .\CortexM0\ARM_GCC_541\Debug\OS3.a(PWM_Green.o)
                0x00009074                PWM_Green_ReadPeriodBuf
 .text.PWM_Green_SetPeriodSwap
                0x0000908c       0x4c .\CortexM0\ARM_GCC_541\Debug\OS3.a(PWM_Green.o)
                0x0000908c                PWM_Green_SetPeriodSwap
 .text.PWM_Green_WriteCompare
                0x000090d8       0x20 .\CortexM0\ARM_GCC_541\Debug\OS3.a(PWM_Green.o)
                0x000090d8                PWM_Green_WriteCompare
 .text.PWM_Green_ReadCompare
                0x000090f8       0x18 .\CortexM0\ARM_GCC_541\Debug\OS3.a(PWM_Green.o)
                0x000090f8                PWM_Green_ReadCompare
 .text.PWM_Green_WriteCompareBuf
                0x00009110       0x20 .\CortexM0\ARM_GCC_541\Debug\OS3.a(PWM_Green.o)
                0x00009110                PWM_Green_WriteCompareBuf
 .text.PWM_Green_ReadCompareBuf
                0x00009130       0x18 .\CortexM0\ARM_GCC_541\Debug\OS3.a(PWM_Green.o)
                0x00009130                PWM_Green_ReadCompareBuf
 .text.PWM_Green_ReadCapture
                0x00009148       0x18 .\CortexM0\ARM_GCC_541\Debug\OS3.a(PWM_Green.o)
                0x00009148                PWM_Green_ReadCapture
 .text.PWM_Green_ReadCaptureBuf
                0x00009160       0x18 .\CortexM0\ARM_GCC_541\Debug\OS3.a(PWM_Green.o)
                0x00009160                PWM_Green_ReadCaptureBuf
 .text.PWM_Green_SetCaptureMode
                0x00009178       0x44 .\CortexM0\ARM_GCC_541\Debug\OS3.a(PWM_Green.o)
                0x00009178                PWM_Green_SetCaptureMode
 .text.PWM_Green_SetReloadMode
                0x000091bc       0x48 .\CortexM0\ARM_GCC_541\Debug\OS3.a(PWM_Green.o)
                0x000091bc                PWM_Green_SetReloadMode
 .text.PWM_Green_SetStartMode
                0x00009204       0x4c .\CortexM0\ARM_GCC_541\Debug\OS3.a(PWM_Green.o)
                0x00009204                PWM_Green_SetStartMode
 .text.PWM_Green_SetStopMode
                0x00009250       0x48 .\CortexM0\ARM_GCC_541\Debug\OS3.a(PWM_Green.o)
                0x00009250                PWM_Green_SetStopMode
 .text.PWM_Green_SetCountMode
                0x00009298       0x48 .\CortexM0\ARM_GCC_541\Debug\OS3.a(PWM_Green.o)
                0x00009298                PWM_Green_SetCountMode
 .text.PWM_Green_TriggerCommand
                0x000092e0       0x3c .\CortexM0\ARM_GCC_541\Debug\OS3.a(PWM_Green.o)
                0x000092e0                PWM_Green_TriggerCommand
 .text.PWM_Green_ReadStatus
                0x0000931c       0x20 .\CortexM0\ARM_GCC_541\Debug\OS3.a(PWM_Green.o)
                0x0000931c                PWM_Green_ReadStatus
 .text.PWM_Green_SetInterruptMode
                0x0000933c       0x1c .\CortexM0\ARM_GCC_541\Debug\OS3.a(PWM_Green.o)
                0x0000933c                PWM_Green_SetInterruptMode
 .text.PWM_Green_GetInterruptSourceMasked
                0x00009358       0x14 .\CortexM0\ARM_GCC_541\Debug\OS3.a(PWM_Green.o)
                0x00009358                PWM_Green_GetInterruptSourceMasked
 .text.PWM_Green_GetInterruptSource
                0x0000936c       0x14 .\CortexM0\ARM_GCC_541\Debug\OS3.a(PWM_Green.o)
                0x0000936c                PWM_Green_GetInterruptSource
 .text.PWM_Green_ClearInterrupt
                0x00009380       0x1c .\CortexM0\ARM_GCC_541\Debug\OS3.a(PWM_Green.o)
                0x00009380                PWM_Green_ClearInterrupt
 .text.PWM_Green_SetInterrupt
                0x0000939c       0x1c .\CortexM0\ARM_GCC_541\Debug\OS3.a(PWM_Green.o)
                0x0000939c                PWM_Green_SetInterrupt
 .text          0x000093b8        0x0 .\CortexM0\ARM_GCC_541\Debug\OS3.a(PWM_Red.o)
 .text.PWM_Red_Init
                0x000093b8       0x58 .\CortexM0\ARM_GCC_541\Debug\OS3.a(PWM_Red.o)
                0x000093b8                PWM_Red_Init
 .text.PWM_Red_Enable
                0x00009410       0x3c .\CortexM0\ARM_GCC_541\Debug\OS3.a(PWM_Red.o)
                0x00009410                PWM_Red_Enable
 .text.PWM_Red_Start
                0x0000944c       0x24 .\CortexM0\ARM_GCC_541\Debug\OS3.a(PWM_Red.o)
                0x0000944c                PWM_Red_Start
 .text.PWM_Red_Stop
                0x00009470       0x34 .\CortexM0\ARM_GCC_541\Debug\OS3.a(PWM_Red.o)
                0x00009470                PWM_Red_Stop
 .text.PWM_Red_SetMode
                0x000094a4       0x48 .\CortexM0\ARM_GCC_541\Debug\OS3.a(PWM_Red.o)
                0x000094a4                PWM_Red_SetMode
 .text.PWM_Red_SetQDMode
                0x000094ec       0x48 .\CortexM0\ARM_GCC_541\Debug\OS3.a(PWM_Red.o)
                0x000094ec                PWM_Red_SetQDMode
 .text.PWM_Red_SetPrescaler
                0x00009534       0x48 .\CortexM0\ARM_GCC_541\Debug\OS3.a(PWM_Red.o)
                0x00009534                PWM_Red_SetPrescaler
 .text.PWM_Red_SetOneShot
                0x0000957c       0x50 .\CortexM0\ARM_GCC_541\Debug\OS3.a(PWM_Red.o)
                0x0000957c                PWM_Red_SetOneShot
 .text.PWM_Red_SetPWMMode
                0x000095cc       0x20 .\CortexM0\ARM_GCC_541\Debug\OS3.a(PWM_Red.o)
                0x000095cc                PWM_Red_SetPWMMode
 .text.PWM_Red_SetPWMSyncKill
                0x000095ec       0x4c .\CortexM0\ARM_GCC_541\Debug\OS3.a(PWM_Red.o)
                0x000095ec                PWM_Red_SetPWMSyncKill
 .text.PWM_Red_SetPWMStopOnKill
                0x00009638       0x4c .\CortexM0\ARM_GCC_541\Debug\OS3.a(PWM_Red.o)
                0x00009638                PWM_Red_SetPWMStopOnKill
 .text.PWM_Red_SetPWMDeadTime
                0x00009684       0x50 .\CortexM0\ARM_GCC_541\Debug\OS3.a(PWM_Red.o)
                0x00009684                PWM_Red_SetPWMDeadTime
 .text.PWM_Red_SetPWMInvert
                0x000096d4       0x48 .\CortexM0\ARM_GCC_541\Debug\OS3.a(PWM_Red.o)
                0x000096d4                PWM_Red_SetPWMInvert
 .text.PWM_Red_WriteCounter
                0x0000971c       0x20 .\CortexM0\ARM_GCC_541\Debug\OS3.a(PWM_Red.o)
                0x0000971c                PWM_Red_WriteCounter
 .text.PWM_Red_ReadCounter
                0x0000973c       0x18 .\CortexM0\ARM_GCC_541\Debug\OS3.a(PWM_Red.o)
                0x0000973c                PWM_Red_ReadCounter
 .text.PWM_Red_SetCounterMode
                0x00009754       0x48 .\CortexM0\ARM_GCC_541\Debug\OS3.a(PWM_Red.o)
                0x00009754                PWM_Red_SetCounterMode
 .text.PWM_Red_WritePeriod
                0x0000979c       0x20 .\CortexM0\ARM_GCC_541\Debug\OS3.a(PWM_Red.o)
                0x0000979c                PWM_Red_WritePeriod
 .text.PWM_Red_ReadPeriod
                0x000097bc       0x18 .\CortexM0\ARM_GCC_541\Debug\OS3.a(PWM_Red.o)
                0x000097bc                PWM_Red_ReadPeriod
 .text.PWM_Red_SetCompareSwap
                0x000097d4       0x48 .\CortexM0\ARM_GCC_541\Debug\OS3.a(PWM_Red.o)
                0x000097d4                PWM_Red_SetCompareSwap
 .text.PWM_Red_WritePeriodBuf
                0x0000981c       0x20 .\CortexM0\ARM_GCC_541\Debug\OS3.a(PWM_Red.o)
                0x0000981c                PWM_Red_WritePeriodBuf
 .text.PWM_Red_ReadPeriodBuf
                0x0000983c       0x18 .\CortexM0\ARM_GCC_541\Debug\OS3.a(PWM_Red.o)
                0x0000983c                PWM_Red_ReadPeriodBuf
 .text.PWM_Red_SetPeriodSwap
                0x00009854       0x4c .\CortexM0\ARM_GCC_541\Debug\OS3.a(PWM_Red.o)
                0x00009854                PWM_Red_SetPeriodSwap
 .text.PWM_Red_WriteCompare
                0x000098a0       0x20 .\CortexM0\ARM_GCC_541\Debug\OS3.a(PWM_Red.o)
                0x000098a0                PWM_Red_WriteCompare
 .text.PWM_Red_ReadCompare
                0x000098c0       0x18 .\CortexM0\ARM_GCC_541\Debug\OS3.a(PWM_Red.o)
                0x000098c0                PWM_Red_ReadCompare
 .text.PWM_Red_WriteCompareBuf
                0x000098d8       0x20 .\CortexM0\ARM_GCC_541\Debug\OS3.a(PWM_Red.o)
                0x000098d8                PWM_Red_WriteCompareBuf
 .text.PWM_Red_ReadCompareBuf
                0x000098f8       0x18 .\CortexM0\ARM_GCC_541\Debug\OS3.a(PWM_Red.o)
                0x000098f8                PWM_Red_ReadCompareBuf
 .text.PWM_Red_ReadCapture
                0x00009910       0x18 .\CortexM0\ARM_GCC_541\Debug\OS3.a(PWM_Red.o)
                0x00009910                PWM_Red_ReadCapture
 .text.PWM_Red_ReadCaptureBuf
                0x00009928       0x18 .\CortexM0\ARM_GCC_541\Debug\OS3.a(PWM_Red.o)
                0x00009928                PWM_Red_ReadCaptureBuf
 .text.PWM_Red_SetCaptureMode
                0x00009940       0x44 .\CortexM0\ARM_GCC_541\Debug\OS3.a(PWM_Red.o)
                0x00009940                PWM_Red_SetCaptureMode
 .text.PWM_Red_SetReloadMode
                0x00009984       0x48 .\CortexM0\ARM_GCC_541\Debug\OS3.a(PWM_Red.o)
                0x00009984                PWM_Red_SetReloadMode
 .text.PWM_Red_SetStartMode
                0x000099cc       0x4c .\CortexM0\ARM_GCC_541\Debug\OS3.a(PWM_Red.o)
                0x000099cc                PWM_Red_SetStartMode
 .text.PWM_Red_SetStopMode
                0x00009a18       0x48 .\CortexM0\ARM_GCC_541\Debug\OS3.a(PWM_Red.o)
                0x00009a18                PWM_Red_SetStopMode
 .text.PWM_Red_SetCountMode
                0x00009a60       0x48 .\CortexM0\ARM_GCC_541\Debug\OS3.a(PWM_Red.o)
                0x00009a60                PWM_Red_SetCountMode
 .text.PWM_Red_TriggerCommand
                0x00009aa8       0x3c .\CortexM0\ARM_GCC_541\Debug\OS3.a(PWM_Red.o)
                0x00009aa8                PWM_Red_TriggerCommand
 .text.PWM_Red_ReadStatus
                0x00009ae4       0x20 .\CortexM0\ARM_GCC_541\Debug\OS3.a(PWM_Red.o)
                0x00009ae4                PWM_Red_ReadStatus
 .text.PWM_Red_SetInterruptMode
                0x00009b04       0x1c .\CortexM0\ARM_GCC_541\Debug\OS3.a(PWM_Red.o)
                0x00009b04                PWM_Red_SetInterruptMode
 .text.PWM_Red_GetInterruptSourceMasked
                0x00009b20       0x14 .\CortexM0\ARM_GCC_541\Debug\OS3.a(PWM_Red.o)
                0x00009b20                PWM_Red_GetInterruptSourceMasked
 .text.PWM_Red_GetInterruptSource
                0x00009b34       0x14 .\CortexM0\ARM_GCC_541\Debug\OS3.a(PWM_Red.o)
                0x00009b34                PWM_Red_GetInterruptSource
 .text.PWM_Red_ClearInterrupt
                0x00009b48       0x1c .\CortexM0\ARM_GCC_541\Debug\OS3.a(PWM_Red.o)
                0x00009b48                PWM_Red_ClearInterrupt
 .text.PWM_Red_SetInterrupt
                0x00009b64       0x1c .\CortexM0\ARM_GCC_541\Debug\OS3.a(PWM_Red.o)
                0x00009b64                PWM_Red_SetInterrupt
 .text          0x00009b80        0x0 .\CortexM0\ARM_GCC_541\Debug\OS3.a(Accel_Pin.o)
 .text.Accel_Pin_SetDriveMode
                0x00009b80       0x30 .\CortexM0\ARM_GCC_541\Debug\OS3.a(Accel_Pin.o)
                0x00009b80                Accel_Pin_SetDriveMode
 .text.Accel_Pin_Write
                0x00009bb0       0x50 .\CortexM0\ARM_GCC_541\Debug\OS3.a(Accel_Pin.o)
                0x00009bb0                Accel_Pin_Write
 .text.Accel_Pin_Read
                0x00009c00       0x1c .\CortexM0\ARM_GCC_541\Debug\OS3.a(Accel_Pin.o)
                0x00009c00                Accel_Pin_Read
 .text.Accel_Pin_ReadDataReg
                0x00009c1c       0x1c .\CortexM0\ARM_GCC_541\Debug\OS3.a(Accel_Pin.o)
                0x00009c1c                Accel_Pin_ReadDataReg
 .text.Accel_Pin_SetInterruptMode
                0x00009c38       0x44 .\CortexM0\ARM_GCC_541\Debug\OS3.a(Accel_Pin.o)
                0x00009c38                Accel_Pin_SetInterruptMode
 .text.Accel_Pin_ClearInterrupt
                0x00009c7c       0x30 .\CortexM0\ARM_GCC_541\Debug\OS3.a(Accel_Pin.o)
                0x00009c7c                Accel_Pin_ClearInterrupt
 .text          0x00009cac        0x0 .\CortexM0\ARM_GCC_541\Debug\OS3.a(I2C.o)
 .text.I2C_Init
                0x00009cac       0x10 .\CortexM0\ARM_GCC_541\Debug\OS3.a(I2C.o)
                0x00009cac                I2C_Init
 .text.I2C_Enable
                0x00009cbc       0x24 .\CortexM0\ARM_GCC_541\Debug\OS3.a(I2C.o)
                0x00009cbc                I2C_Enable
 .text.I2C_Start
                0x00009ce0       0x24 .\CortexM0\ARM_GCC_541\Debug\OS3.a(I2C.o)
                0x00009ce0                I2C_Start
 .text.I2C_Stop
                0x00009d04       0x34 .\CortexM0\ARM_GCC_541\Debug\OS3.a(I2C.o)
                0x00009d04                I2C_Stop
 .text.I2C_SetRxFifoLevel
                0x00009d38       0x34 .\CortexM0\ARM_GCC_541\Debug\OS3.a(I2C.o)
                0x00009d38                I2C_SetRxFifoLevel
 .text.I2C_SetTxFifoLevel
                0x00009d6c       0x34 .\CortexM0\ARM_GCC_541\Debug\OS3.a(I2C.o)
                0x00009d6c                I2C_SetTxFifoLevel
 .text.I2C_SetCustomInterruptHandler
                0x00009da0       0x1c .\CortexM0\ARM_GCC_541\Debug\OS3.a(I2C.o)
                0x00009da0                I2C_SetCustomInterruptHandler
 .text.I2C_ScbEnableIntr
                0x00009dbc       0x10 .\CortexM0\ARM_GCC_541\Debug\OS3.a(I2C.o)
 .text.I2C_ScbModePostEnable
                0x00009dcc        0xc .\CortexM0\ARM_GCC_541\Debug\OS3.a(I2C.o)
 .text.I2C_ScbModeStop
                0x00009dd8       0x10 .\CortexM0\ARM_GCC_541\Debug\OS3.a(I2C.o)
 .text.I2C_I2CSlaveNackGeneration
                0x00009de8       0x54 .\CortexM0\ARM_GCC_541\Debug\OS3.a(I2C.o)
                0x00009de8                I2C_I2CSlaveNackGeneration
 .text          0x00009e3c        0x0 .\CortexM0\ARM_GCC_541\Debug\OS3.a(I2C_I2C.o)
 .text.I2C_I2CInit
                0x00009e3c       0xe8 .\CortexM0\ARM_GCC_541\Debug\OS3.a(I2C_I2C.o)
                0x00009e3c                I2C_I2CInit
 .text.I2C_I2CStop
                0x00009f24       0x28 .\CortexM0\ARM_GCC_541\Debug\OS3.a(I2C_I2C.o)
                0x00009f24                I2C_I2CStop
 .text.I2C_I2CFwBlockReset
                0x00009f4c       0xa8 .\CortexM0\ARM_GCC_541\Debug\OS3.a(I2C_I2C.o)
                0x00009f4c                I2C_I2CFwBlockReset
 .text          0x00009ff4        0x0 .\CortexM0\ARM_GCC_541\Debug\OS3.a(I2C_I2C_MASTER.o)
 .text.I2C_I2CMasterWriteBuf
                0x00009ff4      0x128 .\CortexM0\ARM_GCC_541\Debug\OS3.a(I2C_I2C_MASTER.o)
                0x00009ff4                I2C_I2CMasterWriteBuf
 .text.I2C_I2CMasterReadBuf
                0x0000a11c      0x138 .\CortexM0\ARM_GCC_541\Debug\OS3.a(I2C_I2C_MASTER.o)
                0x0000a11c                I2C_I2CMasterReadBuf
 .text.I2C_I2CMasterSendStart
                0x0000a254       0xf4 .\CortexM0\ARM_GCC_541\Debug\OS3.a(I2C_I2C_MASTER.o)
                0x0000a254                I2C_I2CMasterSendStart
 .text.I2C_I2CMasterSendRestart
                0x0000a348       0xa0 .\CortexM0\ARM_GCC_541\Debug\OS3.a(I2C_I2C_MASTER.o)
                0x0000a348                I2C_I2CMasterSendRestart
 .text.I2C_I2CMasterSendStop
                0x0000a3e8       0x84 .\CortexM0\ARM_GCC_541\Debug\OS3.a(I2C_I2C_MASTER.o)
                0x0000a3e8                I2C_I2CMasterSendStop
 .text.I2C_I2CMasterWriteByte
                0x0000a46c       0x74 .\CortexM0\ARM_GCC_541\Debug\OS3.a(I2C_I2C_MASTER.o)
                0x0000a46c                I2C_I2CMasterWriteByte
 .text.I2C_I2CMasterReadByte
                0x0000a4e0       0xb4 .\CortexM0\ARM_GCC_541\Debug\OS3.a(I2C_I2C_MASTER.o)
                0x0000a4e0                I2C_I2CMasterReadByte
 .text.I2C_I2CMasterGetReadBufSize
                0x0000a594       0x14 .\CortexM0\ARM_GCC_541\Debug\OS3.a(I2C_I2C_MASTER.o)
                0x0000a594                I2C_I2CMasterGetReadBufSize
 .text.I2C_I2CMasterGetWriteBufSize
                0x0000a5a8       0x14 .\CortexM0\ARM_GCC_541\Debug\OS3.a(I2C_I2C_MASTER.o)
                0x0000a5a8                I2C_I2CMasterGetWriteBufSize
 .text.I2C_I2CMasterClearReadBuf
                0x0000a5bc       0x34 .\CortexM0\ARM_GCC_541\Debug\OS3.a(I2C_I2C_MASTER.o)
                0x0000a5bc                I2C_I2CMasterClearReadBuf
 .text.I2C_I2CMasterClearWriteBuf
                0x0000a5f0       0x34 .\CortexM0\ARM_GCC_541\Debug\OS3.a(I2C_I2C_MASTER.o)
                0x0000a5f0                I2C_I2CMasterClearWriteBuf
 .text.I2C_I2CMasterStatus
                0x0000a624       0x44 .\CortexM0\ARM_GCC_541\Debug\OS3.a(I2C_I2C_MASTER.o)
                0x0000a624                I2C_I2CMasterStatus
 .text.I2C_I2CMasterClearStatus
                0x0000a668       0x30 .\CortexM0\ARM_GCC_541\Debug\OS3.a(I2C_I2C_MASTER.o)
                0x0000a668                I2C_I2CMasterClearStatus
 .text.I2C_I2CReStartGeneration
                0x0000a698      0x100 .\CortexM0\ARM_GCC_541\Debug\OS3.a(I2C_I2C_MASTER.o)
                0x0000a698                I2C_I2CReStartGeneration
 .text.I2C_I2CMasterHandleStatus
                0x0000a798      0x104 .\CortexM0\ARM_GCC_541\Debug\OS3.a(I2C_I2C_MASTER.o)
 .text.I2C_I2CMasterWaitOneUnit
                0x0000a89c       0x4c .\CortexM0\ARM_GCC_541\Debug\OS3.a(I2C_I2C_MASTER.o)
 .text          0x0000a8e8        0x0 .\CortexM0\ARM_GCC_541\Debug\OS3.a(SW2.o)
 .text.SW2_SetDriveMode
                0x0000a8e8       0x30 .\CortexM0\ARM_GCC_541\Debug\OS3.a(SW2.o)
                0x0000a8e8                SW2_SetDriveMode
 .text.SW2_Write
                0x0000a918       0x48 .\CortexM0\ARM_GCC_541\Debug\OS3.a(SW2.o)
                0x0000a918                SW2_Write
 .text.SW2_Read
                0x0000a960       0x1c .\CortexM0\ARM_GCC_541\Debug\OS3.a(SW2.o)
                0x0000a960                SW2_Read
 .text.SW2_ReadDataReg
                0x0000a97c       0x1c .\CortexM0\ARM_GCC_541\Debug\OS3.a(SW2.o)
                0x0000a97c                SW2_ReadDataReg
 .text.SW2_SetInterruptMode
                0x0000a998       0x44 .\CortexM0\ARM_GCC_541\Debug\OS3.a(SW2.o)
                0x0000a998                SW2_SetInterruptMode
 .text.SW2_ClearInterrupt
                0x0000a9dc       0x30 .\CortexM0\ARM_GCC_541\Debug\OS3.a(SW2.o)
                0x0000a9dc                SW2_ClearInterrupt
 .text          0x0000aa0c        0x0 .\CortexM0\ARM_GCC_541\Debug\OS3.a(Accel_ISR.o)
 .text.Accel_ISR_Start
                0x0000aa0c       0x24 .\CortexM0\ARM_GCC_541\Debug\OS3.a(Accel_ISR.o)
                0x0000aa0c                Accel_ISR_Start
 .text.Accel_ISR_StartEx
                0x0000aa30       0x28 .\CortexM0\ARM_GCC_541\Debug\OS3.a(Accel_ISR.o)
                0x0000aa30                Accel_ISR_StartEx
 .text.Accel_ISR_Stop
                0x0000aa58       0x1c .\CortexM0\ARM_GCC_541\Debug\OS3.a(Accel_ISR.o)
                0x0000aa58                Accel_ISR_Stop
 .text.Accel_ISR_Interrupt
                0x0000aa74        0xc .\CortexM0\ARM_GCC_541\Debug\OS3.a(Accel_ISR.o)
                0x0000aa74                Accel_ISR_Interrupt
 .text.Accel_ISR_SetVector
                0x0000aa80       0x1c .\CortexM0\ARM_GCC_541\Debug\OS3.a(Accel_ISR.o)
                0x0000aa80                Accel_ISR_SetVector
 .text.Accel_ISR_GetVector
                0x0000aa9c       0x14 .\CortexM0\ARM_GCC_541\Debug\OS3.a(Accel_ISR.o)
                0x0000aa9c                Accel_ISR_GetVector
 .text.Accel_ISR_SetPriority
                0x0000aab0       0x50 .\CortexM0\ARM_GCC_541\Debug\OS3.a(Accel_ISR.o)
                0x0000aab0                Accel_ISR_SetPriority
 .text.Accel_ISR_GetPriority
                0x0000ab00       0x2c .\CortexM0\ARM_GCC_541\Debug\OS3.a(Accel_ISR.o)
                0x0000ab00                Accel_ISR_GetPriority
 .text.Accel_ISR_Enable
                0x0000ab2c       0x14 .\CortexM0\ARM_GCC_541\Debug\OS3.a(Accel_ISR.o)
                0x0000ab2c                Accel_ISR_Enable
 .text.Accel_ISR_GetState
                0x0000ab40       0x20 .\CortexM0\ARM_GCC_541\Debug\OS3.a(Accel_ISR.o)
                0x0000ab40                Accel_ISR_GetState
 .text.Accel_ISR_Disable
                0x0000ab60       0x14 .\CortexM0\ARM_GCC_541\Debug\OS3.a(Accel_ISR.o)
                0x0000ab60                Accel_ISR_Disable
 .text.Accel_ISR_SetPending
                0x0000ab74       0x14 .\CortexM0\ARM_GCC_541\Debug\OS3.a(Accel_ISR.o)
                0x0000ab74                Accel_ISR_SetPending
 .text.Accel_ISR_ClearPending
                0x0000ab88       0x14 .\CortexM0\ARM_GCC_541\Debug\OS3.a(Accel_ISR.o)
                0x0000ab88                Accel_ISR_ClearPending
 .text          0x0000ab9c        0x0 .\CortexM0\ARM_GCC_541\Debug\OS3.a(Temp_Sensor.o)
 .text.Temp_Sensor_Start
                0x0000ab9c       0x24 .\CortexM0\ARM_GCC_541\Debug\OS3.a(Temp_Sensor.o)
                0x0000ab9c                Temp_Sensor_Start
 .text.Temp_Sensor_Stop
                0x0000abc0       0x44 .\CortexM0\ARM_GCC_541\Debug\OS3.a(Temp_Sensor.o)
                0x0000abc0                Temp_Sensor_Stop
 .text.Temp_Sensor_Init
                0x0000ac04       0x20 .\CortexM0\ARM_GCC_541\Debug\OS3.a(Temp_Sensor.o)
                0x0000ac04                Temp_Sensor_Init
 .text.Temp_Sensor_Enable
                0x0000ac24       0x78 .\CortexM0\ARM_GCC_541\Debug\OS3.a(Temp_Sensor.o)
                0x0000ac24                Temp_Sensor_Enable
 .text.Temp_Sensor_Trigger
                0x0000ac9c       0x4c .\CortexM0\ARM_GCC_541\Debug\OS3.a(Temp_Sensor.o)
                0x0000ac9c                Temp_Sensor_Trigger
 .text.Temp_Sensor_GetTemperature
                0x0000ace8       0x70 .\CortexM0\ARM_GCC_541\Debug\OS3.a(Temp_Sensor.o)
                0x0000ace8                Temp_Sensor_GetTemperature
 .text.Temp_Sensor_ConversionStatus
                0x0000ad58       0x1c .\CortexM0\ARM_GCC_541\Debug\OS3.a(Temp_Sensor.o)
                0x0000ad58                Temp_Sensor_ConversionStatus
 .text.Temp_Sensor_SetMode
                0x0000ad74       0x20 .\CortexM0\ARM_GCC_541\Debug\OS3.a(Temp_Sensor.o)
                0x0000ad74                Temp_Sensor_SetMode
 .text.Temp_Sensor_DiscoverSensors
                0x0000ad94      0x10c .\CortexM0\ARM_GCC_541\Debug\OS3.a(Temp_Sensor.o)
                0x0000ad94                Temp_Sensor_DiscoverSensors
 .text          0x0000aea0        0x0 .\CortexM0\ARM_GCC_541\Debug\OS3.a(Temp_Sensor_INT.o)
 .text.Temp_Sensor_EOC_ISR_Int
                0x0000aea0       0xc0 .\CortexM0\ARM_GCC_541\Debug\OS3.a(Temp_Sensor_INT.o)
                0x0000aea0                Temp_Sensor_EOC_ISR_Int
 .text          0x0000af60        0x0 .\CortexM0\ARM_GCC_541\Debug\OS3.a(Opamp.o)
 .text.Opamp_Init
                0x0000af60       0x34 .\CortexM0\ARM_GCC_541\Debug\OS3.a(Opamp.o)
                0x0000af60                Opamp_Init
 .text.Opamp_Enable
                0x0000af94       0x28 .\CortexM0\ARM_GCC_541\Debug\OS3.a(Opamp.o)
                0x0000af94                Opamp_Enable
 .text.Opamp_Start
                0x0000afbc       0x24 .\CortexM0\ARM_GCC_541\Debug\OS3.a(Opamp.o)
                0x0000afbc                Opamp_Start
 .text.Opamp_Stop
                0x0000afe0       0x20 .\CortexM0\ARM_GCC_541\Debug\OS3.a(Opamp.o)
                0x0000afe0                Opamp_Stop
 .text.Opamp_SetPower
                0x0000b000       0x38 .\CortexM0\ARM_GCC_541\Debug\OS3.a(Opamp.o)
                0x0000b000                Opamp_SetPower
 .text.Opamp_PumpControl
                0x0000b038       0x3c .\CortexM0\ARM_GCC_541\Debug\OS3.a(Opamp.o)
                0x0000b038                Opamp_PumpControl
 .text          0x0000b074        0x0 .\CortexM0\ARM_GCC_541\Debug\OS3.a(ADC.o)
 .text.ADC_Start
                0x0000b074       0x24 .\CortexM0\ARM_GCC_541\Debug\OS3.a(ADC.o)
                0x0000b074                ADC_Start
 .text.ADC_Init
                0x0000b098      0x1c8 .\CortexM0\ARM_GCC_541\Debug\OS3.a(ADC.o)
                0x0000b098                ADC_Init
 .text.ADC_Enable
                0x0000b260       0x2c .\CortexM0\ARM_GCC_541\Debug\OS3.a(ADC.o)
                0x0000b260                ADC_Enable
 .text.ADC_Stop
                0x0000b28c       0x1c .\CortexM0\ARM_GCC_541\Debug\OS3.a(ADC.o)
                0x0000b28c                ADC_Stop
 .text.ADC_StartConvert
                0x0000b2a8       0x1c .\CortexM0\ARM_GCC_541\Debug\OS3.a(ADC.o)
                0x0000b2a8                ADC_StartConvert
 .text.ADC_StopConvert
                0x0000b2c4       0x20 .\CortexM0\ARM_GCC_541\Debug\OS3.a(ADC.o)
                0x0000b2c4                ADC_StopConvert
 .text.ADC_IsEndConversion
                0x0000b2e4       0x48 .\CortexM0\ARM_GCC_541\Debug\OS3.a(ADC.o)
                0x0000b2e4                ADC_IsEndConversion
 .text.ADC_GetResult16
                0x0000b32c       0x44 .\CortexM0\ARM_GCC_541\Debug\OS3.a(ADC.o)
                0x0000b32c                ADC_GetResult16
 .text.ADC_SetChanMask
                0x0000b370       0x20 .\CortexM0\ARM_GCC_541\Debug\OS3.a(ADC.o)
                0x0000b370                ADC_SetChanMask
 .text.ADC_SetLowLimit
                0x0000b390       0x30 .\CortexM0\ARM_GCC_541\Debug\OS3.a(ADC.o)
                0x0000b390                ADC_SetLowLimit
 .text.ADC_SetHighLimit
                0x0000b3c0       0x30 .\CortexM0\ARM_GCC_541\Debug\OS3.a(ADC.o)
                0x0000b3c0                ADC_SetHighLimit
 .text.ADC_SetLimitMask
                0x0000b3f0       0x20 .\CortexM0\ARM_GCC_541\Debug\OS3.a(ADC.o)
                0x0000b3f0                ADC_SetLimitMask
 .text.ADC_SetSatMask
                0x0000b410       0x20 .\CortexM0\ARM_GCC_541\Debug\OS3.a(ADC.o)
                0x0000b410                ADC_SetSatMask
 .text.ADC_SetOffset
                0x0000b430       0x34 .\CortexM0\ARM_GCC_541\Debug\OS3.a(ADC.o)
                0x0000b430                ADC_SetOffset
 .text.ADC_SetGain
                0x0000b464       0x2c .\CortexM0\ARM_GCC_541\Debug\OS3.a(ADC.o)
                0x0000b464                ADC_SetGain
 .text.ADC_CountsTo_mVolts
                0x0000b490       0xa0 .\CortexM0\ARM_GCC_541\Debug\OS3.a(ADC.o)
                0x0000b490                ADC_CountsTo_mVolts
 .text.ADC_CountsTo_uVolts
                0x0000b530       0x90 .\CortexM0\ARM_GCC_541\Debug\OS3.a(ADC.o)
                0x0000b530                ADC_CountsTo_uVolts
 .text.ADC_CountsTo_Volts
                0x0000b5c0       0x80 .\CortexM0\ARM_GCC_541\Debug\OS3.a(ADC.o)
                0x0000b5c0                ADC_CountsTo_Volts
 .text          0x0000b640        0x0 .\CortexM0\ARM_GCC_541\Debug\OS3.a(ADC_INT.o)
 .text.ADC_ISR  0x0000b640       0x20 .\CortexM0\ARM_GCC_541\Debug\OS3.a(ADC_INT.o)
                0x0000b640                ADC_ISR
 .text          0x0000b660        0x0 .\CortexM0\ARM_GCC_541\Debug\OS3.a(I2C_sda.o)
 .text.I2C_sda_SetDriveMode
                0x0000b660       0x30 .\CortexM0\ARM_GCC_541\Debug\OS3.a(I2C_sda.o)
                0x0000b660                I2C_sda_SetDriveMode
 .text.I2C_sda_Write
                0x0000b690       0x50 .\CortexM0\ARM_GCC_541\Debug\OS3.a(I2C_sda.o)
                0x0000b690                I2C_sda_Write
 .text.I2C_sda_Read
                0x0000b6e0       0x1c .\CortexM0\ARM_GCC_541\Debug\OS3.a(I2C_sda.o)
                0x0000b6e0                I2C_sda_Read
 .text.I2C_sda_ReadDataReg
                0x0000b6fc       0x1c .\CortexM0\ARM_GCC_541\Debug\OS3.a(I2C_sda.o)
                0x0000b6fc                I2C_sda_ReadDataReg
 .text.I2C_sda_SetInterruptMode
                0x0000b718       0x44 .\CortexM0\ARM_GCC_541\Debug\OS3.a(I2C_sda.o)
                0x0000b718                I2C_sda_SetInterruptMode
 .text.I2C_sda_ClearInterrupt
                0x0000b75c       0x30 .\CortexM0\ARM_GCC_541\Debug\OS3.a(I2C_sda.o)
                0x0000b75c                I2C_sda_ClearInterrupt
 .text          0x0000b78c        0x0 .\CortexM0\ARM_GCC_541\Debug\OS3.a(I2C_scl.o)
 .text.I2C_scl_SetDriveMode
                0x0000b78c       0x2c .\CortexM0\ARM_GCC_541\Debug\OS3.a(I2C_scl.o)
                0x0000b78c                I2C_scl_SetDriveMode
 .text.I2C_scl_Write
                0x0000b7b8       0x4c .\CortexM0\ARM_GCC_541\Debug\OS3.a(I2C_scl.o)
                0x0000b7b8                I2C_scl_Write
 .text.I2C_scl_Read
                0x0000b804       0x1c .\CortexM0\ARM_GCC_541\Debug\OS3.a(I2C_scl.o)
                0x0000b804                I2C_scl_Read
 .text.I2C_scl_ReadDataReg
                0x0000b820       0x1c .\CortexM0\ARM_GCC_541\Debug\OS3.a(I2C_scl.o)
                0x0000b820                I2C_scl_ReadDataReg
 .text.I2C_scl_SetInterruptMode
                0x0000b83c       0x44 .\CortexM0\ARM_GCC_541\Debug\OS3.a(I2C_scl.o)
                0x0000b83c                I2C_scl_SetInterruptMode
 .text.I2C_scl_ClearInterrupt
                0x0000b880       0x2c .\CortexM0\ARM_GCC_541\Debug\OS3.a(I2C_scl.o)
                0x0000b880                I2C_scl_ClearInterrupt
 .text          0x0000b8ac        0x0 .\CortexM0\ARM_GCC_541\Debug\OS3.a(Temp_Sensor_EOC_ISR.o)
 .text.Temp_Sensor_EOC_ISR_Start
                0x0000b8ac       0x24 .\CortexM0\ARM_GCC_541\Debug\OS3.a(Temp_Sensor_EOC_ISR.o)
                0x0000b8ac                Temp_Sensor_EOC_ISR_Start
 .text.Temp_Sensor_EOC_ISR_StartEx
                0x0000b8d0       0x28 .\CortexM0\ARM_GCC_541\Debug\OS3.a(Temp_Sensor_EOC_ISR.o)
                0x0000b8d0                Temp_Sensor_EOC_ISR_StartEx
 .text.Temp_Sensor_EOC_ISR_Stop
                0x0000b8f8       0x1c .\CortexM0\ARM_GCC_541\Debug\OS3.a(Temp_Sensor_EOC_ISR.o)
                0x0000b8f8                Temp_Sensor_EOC_ISR_Stop
 .text.Temp_Sensor_EOC_ISR_Interrupt
                0x0000b914        0xc .\CortexM0\ARM_GCC_541\Debug\OS3.a(Temp_Sensor_EOC_ISR.o)
                0x0000b914                Temp_Sensor_EOC_ISR_Interrupt
 .text.Temp_Sensor_EOC_ISR_SetVector
                0x0000b920       0x1c .\CortexM0\ARM_GCC_541\Debug\OS3.a(Temp_Sensor_EOC_ISR.o)
                0x0000b920                Temp_Sensor_EOC_ISR_SetVector
 .text.Temp_Sensor_EOC_ISR_GetVector
                0x0000b93c       0x14 .\CortexM0\ARM_GCC_541\Debug\OS3.a(Temp_Sensor_EOC_ISR.o)
                0x0000b93c                Temp_Sensor_EOC_ISR_GetVector
 .text.Temp_Sensor_EOC_ISR_SetPriority
                0x0000b950       0x50 .\CortexM0\ARM_GCC_541\Debug\OS3.a(Temp_Sensor_EOC_ISR.o)
                0x0000b950                Temp_Sensor_EOC_ISR_SetPriority
 .text.Temp_Sensor_EOC_ISR_GetPriority
                0x0000b9a0       0x2c .\CortexM0\ARM_GCC_541\Debug\OS3.a(Temp_Sensor_EOC_ISR.o)
                0x0000b9a0                Temp_Sensor_EOC_ISR_GetPriority
 .text.Temp_Sensor_EOC_ISR_Enable
                0x0000b9cc       0x14 .\CortexM0\ARM_GCC_541\Debug\OS3.a(Temp_Sensor_EOC_ISR.o)
                0x0000b9cc                Temp_Sensor_EOC_ISR_Enable
 .text.Temp_Sensor_EOC_ISR_GetState
                0x0000b9e0       0x1c .\CortexM0\ARM_GCC_541\Debug\OS3.a(Temp_Sensor_EOC_ISR.o)
                0x0000b9e0                Temp_Sensor_EOC_ISR_GetState
 .text.Temp_Sensor_EOC_ISR_Disable
                0x0000b9fc       0x14 .\CortexM0\ARM_GCC_541\Debug\OS3.a(Temp_Sensor_EOC_ISR.o)
                0x0000b9fc                Temp_Sensor_EOC_ISR_Disable
 .text.Temp_Sensor_EOC_ISR_SetPending
                0x0000ba10       0x14 .\CortexM0\ARM_GCC_541\Debug\OS3.a(Temp_Sensor_EOC_ISR.o)
                0x0000ba10                Temp_Sensor_EOC_ISR_SetPending
 .text.Temp_Sensor_EOC_ISR_ClearPending
                0x0000ba24       0x14 .\CortexM0\ARM_GCC_541\Debug\OS3.a(Temp_Sensor_EOC_ISR.o)
                0x0000ba24                Temp_Sensor_EOC_ISR_ClearPending
 .text          0x0000ba38        0x0 .\CortexM0\ARM_GCC_541\Debug\OS3.a(CyLib.o)
 .text.CySysClkImoStart
                0x0000ba38       0x1c .\CortexM0\ARM_GCC_541\Debug\OS3.a(CyLib.o)
                0x0000ba38                CySysClkImoStart
 .text.CySysClkImoStop
                0x0000ba54       0x1c .\CortexM0\ARM_GCC_541\Debug\OS3.a(CyLib.o)
                0x0000ba54                CySysClkImoStop
 .text.CySysClkWriteHfclkDirect
                0x0000ba70       0x48 .\CortexM0\ARM_GCC_541\Debug\OS3.a(CyLib.o)
                0x0000ba70                CySysClkWriteHfclkDirect
 .text.CySysEnablePumpClock
                0x0000bab8       0x50 .\CortexM0\ARM_GCC_541\Debug\OS3.a(CyLib.o)
                0x0000bab8                CySysEnablePumpClock
 .text.CySysClkGetSysclkSource
                0x0000bb08       0x34 .\CortexM0\ARM_GCC_541\Debug\OS3.a(CyLib.o)
                0x0000bb08                CySysClkGetSysclkSource
 .text.CySysClkWriteSysclkDiv
                0x0000bb3c       0x48 .\CortexM0\ARM_GCC_541\Debug\OS3.a(CyLib.o)
                0x0000bb3c                CySysClkWriteSysclkDiv
 .text.CySysClkWriteImoFreq
                0x0000bb84      0x1e4 .\CortexM0\ARM_GCC_541\Debug\OS3.a(CyLib.o)
                0x0000bb84                CySysClkWriteImoFreq
 .text.CySysLvdEnable
                0x0000bd68       0x64 .\CortexM0\ARM_GCC_541\Debug\OS3.a(CyLib.o)
                0x0000bd68                CySysLvdEnable
 .text.CySysLvdDisable
                0x0000bdcc       0x2c .\CortexM0\ARM_GCC_541\Debug\OS3.a(CyLib.o)
                0x0000bdcc                CySysLvdDisable
 .text.CySysLvdGetInterruptSource
                0x0000bdf8       0x18 .\CortexM0\ARM_GCC_541\Debug\OS3.a(CyLib.o)
                0x0000bdf8                CySysLvdGetInterruptSource
 .text.CySysLvdClearInterrupt
                0x0000be10       0x14 .\CortexM0\ARM_GCC_541\Debug\OS3.a(CyLib.o)
                0x0000be10                CySysLvdClearInterrupt
 .text.CySysGetResetReason
                0x0000be24       0x30 .\CortexM0\ARM_GCC_541\Debug\OS3.a(CyLib.o)
                0x0000be24                CySysGetResetReason
 .text.CyDisableInts
                0x0000be54       0x24 .\CortexM0\ARM_GCC_541\Debug\OS3.a(CyLib.o)
                0x0000be54                CyDisableInts
 .text.CyEnableInts
                0x0000be78       0x1c .\CortexM0\ARM_GCC_541\Debug\OS3.a(CyLib.o)
                0x0000be78                CyEnableInts
 .text.CyIntSetSysVector
                0x0000be94       0x48 .\CortexM0\ARM_GCC_541\Debug\OS3.a(CyLib.o)
                0x0000be94                CyIntSetSysVector
 .text.CyIntGetSysVector
                0x0000bedc       0x34 .\CortexM0\ARM_GCC_541\Debug\OS3.a(CyLib.o)
                0x0000bedc                CyIntGetSysVector
 .text.CyIntSetVector
                0x0000bf10       0x4c .\CortexM0\ARM_GCC_541\Debug\OS3.a(CyLib.o)
                0x0000bf10                CyIntSetVector
 .text.CyIntGetVector
                0x0000bf5c       0x38 .\CortexM0\ARM_GCC_541\Debug\OS3.a(CyLib.o)
                0x0000bf5c                CyIntGetVector
 .text.CyIntSetPriority
                0x0000bf94       0xa8 .\CortexM0\ARM_GCC_541\Debug\OS3.a(CyLib.o)
                0x0000bf94                CyIntSetPriority
 .text.CyIntGetPriority
                0x0000c03c       0x58 .\CortexM0\ARM_GCC_541\Debug\OS3.a(CyLib.o)
                0x0000c03c                CyIntGetPriority
 .text.CyIntEnable
                0x0000c094       0x2c .\CortexM0\ARM_GCC_541\Debug\OS3.a(CyLib.o)
                0x0000c094                CyIntEnable
 .text.CyIntGetState
                0x0000c0c0       0x30 .\CortexM0\ARM_GCC_541\Debug\OS3.a(CyLib.o)
                0x0000c0c0                CyIntGetState
 .text.CyIntDisable
                0x0000c0f0       0x2c .\CortexM0\ARM_GCC_541\Debug\OS3.a(CyLib.o)