Archive member included to satisfy reference by file (symbol)

.\CortexM0\ARM_GCC_Generic\Debug\OS2.a(PWM_Blue.o)
                              .\CortexM0\ARM_GCC_Generic\Debug\bsp.o (PWM_Blue_WriteCompare)
.\CortexM0\ARM_GCC_Generic\Debug\OS2.a(PWM_Green.o)
                              .\CortexM0\ARM_GCC_Generic\Debug\bsp.o (PWM_Green_WriteCompare)
.\CortexM0\ARM_GCC_Generic\Debug\OS2.a(PWM_Red.o)
                              .\CortexM0\ARM_GCC_Generic\Debug\bsp.o (PWM_Red_WriteCompare)
.\CortexM0\ARM_GCC_Generic\Debug\OS2.a(Accel_Pin.o)
                              .\CortexM0\ARM_GCC_Generic\Debug\bsp.o (Accel_Pin_ClearInterrupt)
.\CortexM0\ARM_GCC_Generic\Debug\OS2.a(I2C.o)
                              .\CortexM0\ARM_GCC_Generic\Debug\bsp.o (I2C_Start)
.\CortexM0\ARM_GCC_Generic\Debug\OS2.a(I2C_I2C.o)
                              .\CortexM0\ARM_GCC_Generic\Debug\OS2.a(I2C.o) (I2C_I2CInit)
.\CortexM0\ARM_GCC_Generic\Debug\OS2.a(I2C_I2C_MASTER.o)
                              .\CortexM0\ARM_GCC_Generic\Debug\bsp.o (I2C_I2CMasterSendStart)
.\CortexM0\ARM_GCC_Generic\Debug\OS2.a(SW2.o)
                              .\CortexM0\ARM_GCC_Generic\Debug\bsp.o (SW2_Read)
.\CortexM0\ARM_GCC_Generic\Debug\OS2.a(Accel_ISR.o)
                              .\CortexM0\ARM_GCC_Generic\Debug\bsp.o (Accel_ISR_StartEx)
.\CortexM0\ARM_GCC_Generic\Debug\OS2.a(Temp_Sensor.o)
                              .\CortexM0\ARM_GCC_Generic\Debug\bsp.o (Temp_Sensor_Start)
.\CortexM0\ARM_GCC_Generic\Debug\OS2.a(Temp_Sensor_INT.o)
                              .\CortexM0\ARM_GCC_Generic\Debug\OS2.a(Temp_Sensor.o) (Temp_Sensor_EOC_ISR_Int)
.\CortexM0\ARM_GCC_Generic\Debug\OS2.a(Opamp.o)
                              .\CortexM0\ARM_GCC_Generic\Debug\bsp.o (Opamp_Start)
.\CortexM0\ARM_GCC_Generic\Debug\OS2.a(ADC.o)
                              .\CortexM0\ARM_GCC_Generic\Debug\bsp.o (ADC_Start)
.\CortexM0\ARM_GCC_Generic\Debug\OS2.a(ADC_INT.o)
                              .\CortexM0\ARM_GCC_Generic\Debug\OS2.a(ADC.o) (ADC_ISR)
.\CortexM0\ARM_GCC_Generic\Debug\OS2.a(I2C_sda.o)
                              .\CortexM0\ARM_GCC_Generic\Debug\OS2.a(I2C_I2C_MASTER.o) (I2C_sda_Read)
.\CortexM0\ARM_GCC_Generic\Debug\OS2.a(I2C_scl.o)
                              .\CortexM0\ARM_GCC_Generic\Debug\OS2.a(I2C_I2C_MASTER.o) (I2C_scl_Write)
.\CortexM0\ARM_GCC_Generic\Debug\OS2.a(Temp_Sensor_EOC_ISR.o)
                              .\CortexM0\ARM_GCC_Generic\Debug\OS2.a(Temp_Sensor.o) (Temp_Sensor_EOC_ISR_Enable)
.\CortexM0\ARM_GCC_Generic\Debug\OS2.a(CyLib.o)
                              .\CortexM0\ARM_GCC_Generic\Debug\cyfitter_cfg.o (CyIntEnable)
.\CortexM0\ARM_GCC_Generic\Debug\OS2.a(CyLFClk.o)
                              .\CortexM0\ARM_GCC_Generic\Debug\cyfitter_cfg.o (CySysWdtIsr)
.\CortexM0\ARM_GCC_Generic\Debug\OS2.a(CyBootAsmGnu.o)
                              .\CortexM0\ARM_GCC_Generic\Debug\OS2.a(CyLib.o) (CyDelayCycles)
.\CortexM0\ARM_GCC_Generic\Debug\OS2.a(I2C_I2C_INT.o)
                              .\CortexM0\ARM_GCC_Generic\Debug\OS2.a(I2C_I2C.o) (I2C_I2C_ISR)
c:/program files (x86)/gnu tools arm embedded/8 2018-q4-major/bin/../lib/gcc/arm-none-eabi/8.2.1/thumb/v6-m/nofp\libgcc.a(_udivsi3.o)
                              .\CortexM0\ARM_GCC_Generic\Debug\bsp_os.o (__aeabi_uidiv)
c:/program files (x86)/gnu tools arm embedded/8 2018-q4-major/bin/../lib/gcc/arm-none-eabi/8.2.1/thumb/v6-m/nofp\libgcc.a(_divsi3.o)
                              .\CortexM0\ARM_GCC_Generic\Debug\OS2.a(Temp_Sensor.o) (__aeabi_idiv)
c:/program files (x86)/gnu tools arm embedded/8 2018-q4-major/bin/../lib/gcc/arm-none-eabi/8.2.1/thumb/v6-m/nofp\libgcc.a(_dvmd_tls.o)
                              c:/program files (x86)/gnu tools arm embedded/8 2018-q4-major/bin/../lib/gcc/arm-none-eabi/8.2.1/thumb/v6-m/nofp\libgcc.a(_udivsi3.o) (__aeabi_idiv0)
c:/program files (x86)/gnu tools arm embedded/8 2018-q4-major/bin/../lib/gcc/arm-none-eabi/8.2.1/thumb/v6-m/nofp\libgcc.a(_aeabi_ldivmod.o)
                              .\CortexM0\ARM_GCC_Generic\Debug\OS2.a(ADC.o) (__aeabi_ldivmod)
c:/program files (x86)/gnu tools arm embedded/8 2018-q4-major/bin/../lib/gcc/arm-none-eabi/8.2.1/thumb/v6-m/nofp\libgcc.a(_aeabi_uldivmod.o)
                              .\CortexM0\ARM_GCC_Generic\Debug\cpu_bsp.o (__aeabi_uldivmod)
c:/program files (x86)/gnu tools arm embedded/8 2018-q4-major/bin/../lib/gcc/arm-none-eabi/8.2.1/thumb/v6-m/nofp\libgcc.a(_muldi3.o)
                              .\CortexM0\ARM_GCC_Generic\Debug\OS2.a(ADC.o) (__aeabi_lmul)
c:/program files (x86)/gnu tools arm embedded/8 2018-q4-major/bin/../lib/gcc/arm-none-eabi/8.2.1/thumb/v6-m/nofp\libgcc.a(_udivmoddi4.o)
                              c:/program files (x86)/gnu tools arm embedded/8 2018-q4-major/bin/../lib/gcc/arm-none-eabi/8.2.1/thumb/v6-m/nofp\libgcc.a(_aeabi_uldivmod.o) (__udivmoddi4)
[...]
Memory Configuration

Name             Origin             Length             Attributes
rom              0x00000000         0x00008000         xr
ram              0x20000000         0x00001000         xrw
*default*        0x00000000         0xffffffff

Linker script and memory map

LOAD c:/program files (x86)/gnu tools arm embedded/8 2018-q4-major/bin/../lib/gcc/arm-none-eabi/8.2.1/thumb/v6-m/nofp/crti.o
LOAD c:/program files (x86)/gnu tools arm embedded/8 2018-q4-major/bin/../lib/gcc/arm-none-eabi/8.2.1/thumb/v6-m/nofp/crtbegin.o
LOAD c:/program files (x86)/gnu tools arm embedded/8 2018-q4-major/bin/../lib/gcc/arm-none-eabi/8.2.1/../../../../arm-none-eabi/lib/thumb/v6-m/nofp/crt0.o
START GROUP
LOAD .\CortexM0\ARM_GCC_Generic\Debug\app.o
LOAD .\CortexM0\ARM_GCC_Generic\Debug\app_hooks.o
LOAD .\CortexM0\ARM_GCC_Generic\Debug\bsp_os.o
LOAD .\CortexM0\ARM_GCC_Generic\Debug\cpu_bsp.o
LOAD .\CortexM0\ARM_GCC_Generic\Debug\bsp.o
LOAD .\CortexM0\ARM_GCC_Generic\Debug\cpu_c.o
LOAD .\CortexM0\ARM_GCC_Generic\Debug\cpu_core.o
LOAD .\CortexM0\ARM_GCC_Generic\Debug\os_cpu_c.o
LOAD .\CortexM0\ARM_GCC_Generic\Debug\os_core.o
LOAD .\CortexM0\ARM_GCC_Generic\Debug\os_flag.o
LOAD .\CortexM0\ARM_GCC_Generic\Debug\os_mbox.o
LOAD .\CortexM0\ARM_GCC_Generic\Debug\os_mem.o
LOAD .\CortexM0\ARM_GCC_Generic\Debug\os_mutex.o
LOAD .\CortexM0\ARM_GCC_Generic\Debug\os_q.o
LOAD .\CortexM0\ARM_GCC_Generic\Debug\os_sem.o
LOAD .\CortexM0\ARM_GCC_Generic\Debug\os_task.o
LOAD .\CortexM0\ARM_GCC_Generic\Debug\os_time.o
LOAD .\CortexM0\ARM_GCC_Generic\Debug\os_tmr.o
LOAD .\CortexM0\ARM_GCC_Generic\Debug\os_dbg_r.o
LOAD .\CortexM0\ARM_GCC_Generic\Debug\lib_ascii.o
LOAD .\CortexM0\ARM_GCC_Generic\Debug\lib_math.o
LOAD .\CortexM0\ARM_GCC_Generic\Debug\lib_mem.o
LOAD .\CortexM0\ARM_GCC_Generic\Debug\lib_str.o
LOAD .\CortexM0\ARM_GCC_Generic\Debug\cyfitter_cfg.o
LOAD .\CortexM0\ARM_GCC_Generic\Debug\cymetadata.o
LOAD .\CortexM0\ARM_GCC_Generic\Debug\Cm0Start.o
LOAD .\CortexM0\ARM_GCC_Generic\Debug\cpu_a.o
LOAD .\CortexM0\ARM_GCC_Generic\Debug\os_cpu_a.o
LOAD .\CortexM0\ARM_GCC_Generic\Debug\OS2.a
END GROUP
START GROUP
LOAD c:/program files (x86)/gnu tools arm embedded/8 2018-q4-major/bin/../lib/gcc/arm-none-eabi/8.2.1/thumb/v6-m/nofp\libgcc.a
LOAD c:/program files (x86)/gnu tools arm embedded/8 2018-q4-major/bin/../lib/gcc/arm-none-eabi/8.2.1/../../../../arm-none-eabi/lib/thumb/v6-m/nofp\libg_nano.a
LOAD c:/program files (x86)/gnu tools arm embedded/8 2018-q4-major/bin/../lib/gcc/arm-none-eabi/8.2.1/../../../../arm-none-eabi/lib/thumb/v6-m/nofp\libc_nano.a
END GROUP
START GROUP
LOAD c:/program files (x86)/gnu tools arm embedded/8 2018-q4-major/bin/../lib/gcc/arm-none-eabi/8.2.1/thumb/v6-m/nofp\libgcc.a
LOAD c:/program files (x86)/gnu tools arm embedded/8 2018-q4-major/bin/../lib/gcc/arm-none-eabi/8.2.1/../../../../arm-none-eabi/lib/thumb/v6-m/nofp\libc_nano.a
END GROUP
LOAD c:/program files (x86)/gnu tools arm embedded/8 2018-q4-major/bin/../lib/gcc/arm-none-eabi/8.2.1/thumb/v6-m/nofp/crtend.o
LOAD c:/program files (x86)/gnu tools arm embedded/8 2018-q4-major/bin/../lib/gcc/arm-none-eabi/8.2.1/thumb/v6-m/nofp/crtn.o
START GROUP
LOAD c:/program files (x86)/gnu tools arm embedded/8 2018-q4-major/bin/../lib/gcc/arm-none-eabi/8.2.1/thumb/v6-m/nofp\libgcc.a
LOAD c:/program files (x86)/gnu tools arm embedded/8 2018-q4-major/bin/../lib/gcc/arm-none-eabi/8.2.1/../../../../arm-none-eabi/lib/thumb/v6-m/nofp\libc.a
LOAD c:/program files (x86)/gnu tools arm embedded/8 2018-q4-major/bin/../lib/gcc/arm-none-eabi/8.2.1/../../../../arm-none-eabi/lib/thumb/v6-m/nofp\libnosys.a
END GROUP
                0x00000000                CY_APPL_ORIGIN = 0x0
                0x00000080                CY_FLASH_ROW_SIZE = 0x80
                0x00000001                CY_APPL_NUM = 0x1
                0x00000001                CY_APPL_MAX = 0x1
                0x00000040                CY_METADATA_SIZE = 0x40
                0x00000000                CY_APPL_LOADABLE = 0x0
                0x00000000                CY_CHECKSUM_EXCLUDE_SIZE = ALIGN (0x0, CY_FLASH_ROW_SIZE)
                0x00000000                CY_APP_FOR_STACK_AND_COPIER = 0x0
                [!provide]                PROVIDE (__cy_heap_start = _end)
                0x00000001                PROVIDE (__cy_region_num = ((__cy_regions_end - __cy_regions) / 0x10))
                0x20001000                PROVIDE (__cy_stack = (ORIGIN (ram) + LENGTH (ram)))
                [!provide]                PROVIDE (__cy_heap_end = (__cy_stack - 0x800))

.cybootloader   0x00000000        0x0
 *(.cybootloader)
                0x00000000                appl1_start = CY_APPL_ORIGIN?CY_APPL_ORIGIN:ALIGN (CY_FLASH_ROW_SIZE)
                0x00003f80                appl2_start = (appl1_start + ALIGN ((((LENGTH (rom) - appl1_start) - (0x2 * CY_FLASH_ROW_SIZE)) / 0x2), CY_FLASH_ROW_SIZE))
                0x00000000                appl_start = (CY_APPL_NUM == 0x1)?appl1_start:appl2_start
                0x00000001                cy_project_type_bootloader = (appl_start == 0x0)?0x1:0x0
                0x00000000                cy_project_type_app_for_stack_and_copier = (CY_APP_FOR_STACK_AND_COPIER == 0x1)?0x1:0x0

.text           0x00000000     0x3028
 CREATE_OBJECT_SYMBOLS
                0x00000000                PROVIDE (__cy_interrupt_vector = RomVectors)
 *(.romvectors)
 .romvectors    0x00000000       0x10 .\CortexM0\ARM_GCC_Generic\Debug\Cm0Start.o
                0x00000000                RomVectors
                0x00000001                ASSERT ((. != __cy_interrupt_vector), No interrupt vector)
                0x00000001                ASSERT (CY_APPL_ORIGIN?(SIZEOF (.cybootloader) <= CY_APPL_ORIGIN):0x1, Wrong image location)
                0x00000010                PROVIDE (__cy_reset = Reset)
 *(.text.Reset)
 .text.Reset    0x00000010        0x6 .\CortexM0\ARM_GCC_Generic\Debug\Cm0Start.o
                0x00000010                Reset
                0x00000001                ASSERT ((. != __cy_reset), No reset code)
 *(.psocinit)
 *fill*         0x00000016        0x2 
 .psocinit      0x00000018      0x288 .\CortexM0\ARM_GCC_Generic\Debug\cyfitter_cfg.o
                0x000000dc                cyfitter_cfg
                0x000002a0                . = MAX (., 0x100)
 *(.text .text.* .gnu.linkonce.t.*)
 .text          0x000002a0       0x48 c:/program files (x86)/gnu tools arm embedded/8 2018-q4-major/bin/../lib/gcc/arm-none-eabi/8.2.1/thumb/v6-m/nofp/crtbegin.o
 .text.App_TaskStart
                0x000002e8       0x80 .\CortexM0\ARM_GCC_Generic\Debug\app.o
 .text.main     0x00000368       0x48 .\CortexM0\ARM_GCC_Generic\Debug\app.o
                0x00000368                main
 .text.App_TaskCreateHook
                0x000003b0        0x2 .\CortexM0\ARM_GCC_Generic\Debug\app_hooks.o
                0x000003b0                App_TaskCreateHook
 .text.App_TaskIdleHook
                0x000003b2        0x2 .\CortexM0\ARM_GCC_Generic\Debug\app_hooks.o
                0x000003b2                App_TaskIdleHook
 .text.App_TaskStatHook
                0x000003b4        0x2 .\CortexM0\ARM_GCC_Generic\Debug\app_hooks.o
                0x000003b4                App_TaskStatHook
 .text.App_TaskReturnHook
                0x000003b6        0x2 .\CortexM0\ARM_GCC_Generic\Debug\app_hooks.o
                0x000003b6                App_TaskReturnHook
 .text.App_TaskSwHook
                0x000003b8        0x2 .\CortexM0\ARM_GCC_Generic\Debug\app_hooks.o
                0x000003b8                App_TaskSwHook
 .text.App_TCBInitHook
                0x000003ba        0x2 .\CortexM0\ARM_GCC_Generic\Debug\app_hooks.o
                0x000003ba                App_TCBInitHook
 .text.App_TimeTickHook
                0x000003bc        0x2 .\CortexM0\ARM_GCC_Generic\Debug\app_hooks.o
                0x000003bc                App_TimeTickHook
 *fill*         0x000003be        0x2 
 .text.BSP_OS_TimeDlyMs
                0x000003c0       0x44 .\CortexM0\ARM_GCC_Generic\Debug\bsp_os.o
                0x000003c0                BSP_OS_TimeDlyMs
 .text.CPU_TS_TmrInit
                0x00000404       0x2c .\CortexM0\ARM_GCC_Generic\Debug\cpu_bsp.o
                0x00000404                CPU_TS_TmrInit
 .text.CPU_TS_TmrRd
                0x00000430        0xc .\CortexM0\ARM_GCC_Generic\Debug\cpu_bsp.o
                0x00000430                CPU_TS_TmrRd
 .text.BSP_Accel_RegRdWr
                0x0000043c       0x62 .\CortexM0\ARM_GCC_Generic\Debug\bsp.o
 .text.BSP_Accel_InitSelfTst
                0x0000049e       0xa2 .\CortexM0\ARM_GCC_Generic\Debug\bsp.o
 .text.BSP_Accel_ISR_Handler
                0x00000540       0x18 .\CortexM0\ARM_GCC_Generic\Debug\bsp.o
                0x00000540                BSP_Accel_ISR_Handler
 .text.BSP_Init
                0x00000558       0x40 .\CortexM0\ARM_GCC_Generic\Debug\bsp.o
                0x00000558                BSP_Init
 .text.BSP_CPU_ClkFreq
                0x00000598        0x8 .\CortexM0\ARM_GCC_Generic\Debug\bsp.o
                0x00000598                BSP_CPU_ClkFreq
 .text.BSP_CPU_TickInit
                0x000005a0        0xc .\CortexM0\ARM_GCC_Generic\Debug\bsp.o
                0x000005a0                BSP_CPU_TickInit
 .text.BSP_RGB_ColorSet
                0x000005ac       0x5c .\CortexM0\ARM_GCC_Generic\Debug\bsp.o
                0x000005ac                BSP_RGB_ColorSet
 .text.BSP_RGB_On
                0x00000608       0x10 .\CortexM0\ARM_GCC_Generic\Debug\bsp.o
                0x00000608                BSP_RGB_On
 .text.BSP_RGB_ColorRead
                0x00000618       0x50 .\CortexM0\ARM_GCC_Generic\Debug\bsp.o
                0x00000618                BSP_RGB_ColorRead
 .text.BSP_RGB_Off
                0x00000668       0x18 .\CortexM0\ARM_GCC_Generic\Debug\bsp.o
                0x00000668                BSP_RGB_Off
 .text.BSP_PB_StatusGet
                0x00000680       0x12 .\CortexM0\ARM_GCC_Generic\Debug\bsp.o
                0x00000680                BSP_PB_StatusGet
 *fill*         0x00000692        0x2 
 .text.BSP_Accel_Init
                0x00000694       0xb4 .\CortexM0\ARM_GCC_Generic\Debug\bsp.o
                0x00000694                BSP_Accel_Init
 .text.CPU_IntDisMeasMaxCalc
                0x00000748       0x14 .\CortexM0\ARM_GCC_Generic\Debug\cpu_core.o
 .text.CPU_TS_Init
                0x0000075c       0x14 .\CortexM0\ARM_GCC_Generic\Debug\cpu_core.o
 .text.CPU_TS_TmrFreqSet
                0x00000770        0xc .\CortexM0\ARM_GCC_Generic\Debug\cpu_core.o
                0x00000770                CPU_TS_TmrFreqSet
 .text.CPU_IntDisMeasMaxCurGet
                0x0000077c       0x1c .\CortexM0\ARM_GCC_Generic\Debug\cpu_core.o
                0x0000077c                CPU_IntDisMeasMaxCurGet
 .text.CPU_IntDisMeasMaxCurReset
                0x00000798       0x20 .\CortexM0\ARM_GCC_Generic\Debug\cpu_core.o
                0x00000798                CPU_IntDisMeasMaxCurReset
 .text.CPU_IntDisMeasStart
                0x000007b8       0x34 .\CortexM0\ARM_GCC_Generic\Debug\cpu_core.o
                0x000007b8                CPU_IntDisMeasStart
 .text.CPU_IntDisMeasStop
                0x000007ec       0x50 .\CortexM0\ARM_GCC_Generic\Debug\cpu_core.o
                0x000007ec                CPU_IntDisMeasStop
 .text.CPU_IntDisMeasInit
                0x0000083c       0x78 .\CortexM0\ARM_GCC_Generic\Debug\cpu_core.o
 .text.CPU_NameClr
                0x000008b4       0x24 .\CortexM0\ARM_GCC_Generic\Debug\cpu_core.o
                0x000008b4                CPU_NameClr
 .text.CPU_NameInit
                0x000008d8        0x8 .\CortexM0\ARM_GCC_Generic\Debug\cpu_core.o
 .text.CPU_Init
                0x000008e0       0x10 .\CortexM0\ARM_GCC_Generic\Debug\cpu_core.o
                0x000008e0                CPU_Init
 .text.OSInitHookBegin
                0x000008f0       0x34 .\CortexM0\ARM_GCC_Generic\Debug\os_cpu_c.o
                0x000008f0                OSInitHookBegin
 .text.OSInitHookEnd
                0x00000924        0x2 .\CortexM0\ARM_GCC_Generic\Debug\os_cpu_c.o
                0x00000924                OSInitHookEnd
 .text.OSTaskCreateHook
                0x00000926        0x8 .\CortexM0\ARM_GCC_Generic\Debug\os_cpu_c.o
                0x00000926                OSTaskCreateHook
 .text.OSTaskIdleHook
                0x0000092e        0x8 .\CortexM0\ARM_GCC_Generic\Debug\os_cpu_c.o
                0x0000092e                OSTaskIdleHook
 .text.OSTaskReturnHook
                0x00000936        0x8 .\CortexM0\ARM_GCC_Generic\Debug\os_cpu_c.o
                0x00000936                OSTaskReturnHook
 .text.OSTaskStatHook
                0x0000093e        0x8 .\CortexM0\ARM_GCC_Generic\Debug\os_cpu_c.o
                0x0000093e                OSTaskStatHook
 *fill*         0x00000946        0x2 
 .text.OSTaskStkInit
                0x00000948       0xa8 .\CortexM0\ARM_GCC_Generic\Debug\os_cpu_c.o
                0x00000948                OSTaskStkInit
 .text.OSTaskSwHook
                0x000009f0        0x8 .\CortexM0\ARM_GCC_Generic\Debug\os_cpu_c.o
                0x000009f0                OSTaskSwHook
 .text.OSTCBInitHook
                0x000009f8        0x8 .\CortexM0\ARM_GCC_Generic\Debug\os_cpu_c.o
                0x000009f8                OSTCBInitHook
 .text.OSTimeTickHook
                0x00000a00       0x28 .\CortexM0\ARM_GCC_Generic\Debug\os_cpu_c.o
                0x00000a00                OSTimeTickHook
 .text.SysTick_Handler
                0x00000a28       0x1c .\CortexM0\ARM_GCC_Generic\Debug\os_cpu_c.o
                0x00000a28                SysTick_Handler
 .text.OS_CPU_SysTickInit
                0x00000a44       0x3c .\CortexM0\ARM_GCC_Generic\Debug\os_cpu_c.o
                0x00000a44                OS_CPU_SysTickInit
 .text.OS_InitMisc
                0x00000a80       0x5c .\CortexM0\ARM_GCC_Generic\Debug\os_core.o
 .text.OS_InitRdyList
                0x00000adc       0x44 .\CortexM0\ARM_GCC_Generic\Debug\os_core.o
 .text.OS_SchedNew
                0x00000b20       0x2c .\CortexM0\ARM_GCC_Generic\Debug\os_core.o
 .text.OS_InitTaskIdle
                0x00000b4c       0x38 .\CortexM0\ARM_GCC_Generic\Debug\os_core.o
 .text.OS_InitTaskStat
                0x00000b84       0x38 .\CortexM0\ARM_GCC_Generic\Debug\os_core.o
 .text.OS_TaskIdle
                0x00000bbc       0x1c .\CortexM0\ARM_GCC_Generic\Debug\os_core.o
                0x00000bbc                OS_TaskIdle
 .text.OSIntEnter
                0x00000bd8       0x24 .\CortexM0\ARM_GCC_Generic\Debug\os_core.o
                0x00000bd8                OSIntEnter
 .text.OSIntExit
                0x00000bfc       0x80 .\CortexM0\ARM_GCC_Generic\Debug\os_core.o
                0x00000bfc                OSIntExit
 .text.OSSchedLock
                0x00000c7c       0x38 .\CortexM0\ARM_GCC_Generic\Debug\os_core.o
                0x00000c7c                OSSchedLock
 .text.OSStart  0x00000cb4       0x44 .\CortexM0\ARM_GCC_Generic\Debug\os_core.o
                0x00000cb4                OSStart
 .text.OSStatInit
                0x00000cf8       0x40 .\CortexM0\ARM_GCC_Generic\Debug\os_core.o
                0x00000cf8                OSStatInit
 .text.OSTimeTick
                0x00000d38       0xc0 .\CortexM0\ARM_GCC_Generic\Debug\os_core.o
                0x00000d38                OSTimeTick
 .text.OS_EventTaskWait
                0x00000df8       0x4c .\CortexM0\ARM_GCC_Generic\Debug\os_core.o
                0x00000df8                OS_EventTaskWait
 .text.OS_EventTaskRemove
                0x00000e44       0x24 .\CortexM0\ARM_GCC_Generic\Debug\os_core.o
                0x00000e44                OS_EventTaskRemove
 .text.OS_EventTaskRdy
                0x00000e68       0x64 .\CortexM0\ARM_GCC_Generic\Debug\os_core.o
                0x00000e68                OS_EventTaskRdy
 .text.OS_EventWaitListInit
                0x00000ecc       0x16 .\CortexM0\ARM_GCC_Generic\Debug\os_core.o
                0x00000ecc                OS_EventWaitListInit
 .text.OS_MemClr
                0x00000ee2       0x12 .\CortexM0\ARM_GCC_Generic\Debug\os_core.o
                0x00000ee2                OS_MemClr
 .text.OS_InitTCBList
                0x00000ef4       0x60 .\CortexM0\ARM_GCC_Generic\Debug\os_core.o
 .text.OS_InitEventList
                0x00000f54       0x44 .\CortexM0\ARM_GCC_Generic\Debug\os_core.o
 .text.OSInit   0x00000f98       0x28 .\CortexM0\ARM_GCC_Generic\Debug\os_core.o
                0x00000f98                OSInit
 .text.OS_Sched
                0x00000fc0       0x64 .\CortexM0\ARM_GCC_Generic\Debug\os_core.o
                0x00000fc0                OS_Sched
 .text.OSSchedUnlock
                0x00001024       0x54 .\CortexM0\ARM_GCC_Generic\Debug\os_core.o
                0x00001024                OSSchedUnlock
 .text.OS_TaskStatStkChk
                0x00001078       0x1c .\CortexM0\ARM_GCC_Generic\Debug\os_core.o
                0x00001078                OS_TaskStatStkChk
 .text.OS_TaskStat
                0x00001094       0x90 .\CortexM0\ARM_GCC_Generic\Debug\os_core.o
                0x00001094                OS_TaskStat
 .text.OS_TCBInit
                0x00001124      0x100 .\CortexM0\ARM_GCC_Generic\Debug\os_core.o
                0x00001124                OS_TCBInit
 .text.OSSemCreate
                0x00001224       0x44 .\CortexM0\ARM_GCC_Generic\Debug\os_sem.o
                0x00001224                OSSemCreate
 .text.OSSemPend
                0x00001268       0xd8 .\CortexM0\ARM_GCC_Generic\Debug\os_sem.o
                0x00001268                OSSemPend
 .text.OSSemPost
                0x00001340       0x5c .\CortexM0\ARM_GCC_Generic\Debug\os_sem.o
                0x00001340                OSSemPost
 .text.OSTaskStkChk
                0x0000139c       0x84 .\CortexM0\ARM_GCC_Generic\Debug\os_task.o
                0x0000139c                OSTaskStkChk
 .text.OSTaskSuspend
                0x00001420       0xa8 .\CortexM0\ARM_GCC_Generic\Debug\os_task.o
                0x00001420                OSTaskSuspend
 .text.OS_TaskReturn
                0x000014c8       0x18 .\CortexM0\ARM_GCC_Generic\Debug\os_task.o
                0x000014c8                OS_TaskReturn
 .text.OS_TaskStkClr
                0x000014e0       0x16 .\CortexM0\ARM_GCC_Generic\Debug\os_task.o
                0x000014e0                OS_TaskStkClr
 *fill*         0x000014f6        0x2 
 .text.OSTaskCreateExt
                0x000014f8       0xac .\CortexM0\ARM_GCC_Generic\Debug\os_task.o
                0x000014f8                OSTaskCreateExt
 .text.OSTimeDly
                0x000015a4       0x60 .\CortexM0\ARM_GCC_Generic\Debug\os_time.o
                0x000015a4                OSTimeDly
 .text.OSTimeDlyHMSM
                0x00001604       0x90 .\CortexM0\ARM_GCC_Generic\Debug\os_time.o
                0x00001604                OSTimeDlyHMSM
 .text.OSTmr_Link
                0x00001694       0x7c .\CortexM0\ARM_GCC_Generic\Debug\os_tmr.o
 .text.OSTmr_Unlink
                0x00001710       0x58 .\CortexM0\ARM_GCC_Generic\Debug\os_tmr.o
 .text.OSTmr_InitTask
                0x00001768       0x38 .\CortexM0\ARM_GCC_Generic\Debug\os_tmr.o
 .text.OSTmr_Task
                0x000017a0       0x80 .\CortexM0\ARM_GCC_Generic\Debug\os_tmr.o
 .text.OSTmrSignal
                0x00001820       0x10 .\CortexM0\ARM_GCC_Generic\Debug\os_tmr.o
                0x00001820                OSTmrSignal
 .text.OSTmr_Init
                0x00001830       0xb4 .\CortexM0\ARM_GCC_Generic\Debug\os_tmr.o
                0x00001830                OSTmr_Init
 .text.Math_RandSetSeed
                0x000018e4       0x24 .\CortexM0\ARM_GCC_Generic\Debug\lib_math.o
                0x000018e4                Math_RandSetSeed
 .text.Math_Init
                0x00001908        0xa .\CortexM0\ARM_GCC_Generic\Debug\lib_math.o
                0x00001908                Math_Init
 .text.Mem_Init
                0x00001912        0x2 .\CortexM0\ARM_GCC_Generic\Debug\lib_mem.o
                0x00001912                Mem_Init
 .text.Mem_Set  0x00001914       0x40 .\CortexM0\ARM_GCC_Generic\Debug\lib_mem.o
                0x00001914                Mem_Set
 .text.Mem_Clr  0x00001954        0xc .\CortexM0\ARM_GCC_Generic\Debug\lib_mem.o
                0x00001954                Mem_Clr
 .text.cfg_write_bytes32
                0x00001960       0x32 .\CortexM0\ARM_GCC_Generic\Debug\cyfitter_cfg.o
 .text.CYMEMZERO
                0x00001992        0xc .\CortexM0\ARM_GCC_Generic\Debug\cyfitter_cfg.o
 *fill*         0x0000199e        0x2 
 .text.SetAnalogRoutingPumps
                0x000019a0       0x20 .\CortexM0\ARM_GCC_Generic\Debug\cyfitter_cfg.o
                0x000019a0                SetAnalogRoutingPumps
 .text.AnalogSetDefault
                0x000019c0       0x28 .\CortexM0\ARM_GCC_Generic\Debug\cyfitter_cfg.o
 .text.IntDefaultHandler
                0x000019e8       0x10 .\CortexM0\ARM_GCC_Generic\Debug\Cm0Start.o
                0x000019e8                IntDefaultHandler
 .text.Start_c  0x000019f8       0x48 .\CortexM0\ARM_GCC_Generic\Debug\Cm0Start.o
                0x000019f8                Start_c
 .text.initialize_psoc
                0x00001a40       0x40 .\CortexM0\ARM_GCC_Generic\Debug\Cm0Start.o
                0x00001a40                initialize_psoc
 .text          0x00001a80       0x20 .\CortexM0\ARM_GCC_Generic\Debug\cpu_a.o
                0x00001a80                CPU_IntDis
                0x00001a84                CPU_IntEn
                0x00001a88                CPU_SR_Save
                0x00001a90                CPU_SR_Restore
                0x00001a96                CPU_WaitForInt
                0x00001a9a                CPU_WaitForExcept
 .text          0x00001aa0       0xc4 .\CortexM0\ARM_GCC_Generic\Debug\os_cpu_a.o
                0x00001aa0                OS_CPU_SR_Save
                0x00001aa8                OS_CPU_SR_Restore
                0x00001aae                OSStartHighRdy
                0x00001ad6                OSCtxSw
                0x00001ade                OSIntCtxSw
                0x00001ae6                PendSV_Handler
 .text.PWM_Blue_WriteCounter
                0x00001b64       0x10 .\CortexM0\ARM_GCC_Generic\Debug\OS2.a(PWM_Blue.o)
                0x00001b64                PWM_Blue_WriteCounter
 .text.PWM_Blue_WritePeriod
                0x00001b74       0x10 .\CortexM0\ARM_GCC_Generic\Debug\OS2.a(PWM_Blue.o)
                0x00001b74                PWM_Blue_WritePeriod
 .text.PWM_Blue_WriteCompare
                0x00001b84       0x10 .\CortexM0\ARM_GCC_Generic\Debug\OS2.a(PWM_Blue.o)
                0x00001b84                PWM_Blue_WriteCompare
 .text.PWM_Blue_ReadCompare
                0x00001b94       0x10 .\CortexM0\ARM_GCC_Generic\Debug\OS2.a(PWM_Blue.o)
                0x00001b94                PWM_Blue_ReadCompare
 .text.PWM_Blue_TriggerCommand
                0x00001ba4       0x1c .\CortexM0\ARM_GCC_Generic\Debug\OS2.a(PWM_Blue.o)
                0x00001ba4                PWM_Blue_TriggerCommand
 .text.PWM_Blue_Enable
                0x00001bc0       0x24 .\CortexM0\ARM_GCC_Generic\Debug\OS2.a(PWM_Blue.o)
                0x00001bc0                PWM_Blue_Enable
 .text.PWM_Blue_SetInterruptMode
                0x00001be4        0xc .\CortexM0\ARM_GCC_Generic\Debug\OS2.a(PWM_Blue.o)
                0x00001be4                PWM_Blue_SetInterruptMode
 .text.PWM_Blue_Init
                0x00001bf0       0x48 .\CortexM0\ARM_GCC_Generic\Debug\OS2.a(PWM_Blue.o)
                0x00001bf0                PWM_Blue_Init
 .text.PWM_Blue_Start
                0x00001c38       0x20 .\CortexM0\ARM_GCC_Generic\Debug\OS2.a(PWM_Blue.o)
                0x00001c38                PWM_Blue_Start
 .text.PWM_Green_WriteCounter
                0x00001c58       0x10 .\CortexM0\ARM_GCC_Generic\Debug\OS2.a(PWM_Green.o)
                0x00001c58                PWM_Green_WriteCounter
 .text.PWM_Green_WritePeriod
                0x00001c68       0x10 .\CortexM0\ARM_GCC_Generic\Debug\OS2.a(PWM_Green.o)
                0x00001c68                PWM_Green_WritePeriod
 .text.PWM_Green_WriteCompare
                0x00001c78       0x10 .\CortexM0\ARM_GCC_Generic\Debug\OS2.a(PWM_Green.o)
                0x00001c78                PWM_Green_WriteCompare
 .text.PWM_Green_ReadCompare
                0x00001c88       0x10 .\CortexM0\ARM_GCC_Generic\Debug\OS2.a(PWM_Green.o)
                0x00001c88                PWM_Green_ReadCompare
 .text.PWM_Green_TriggerCommand
                0x00001c98       0x1c .\CortexM0\ARM_GCC_Generic\Debug\OS2.a(PWM_Green.o)
                0x00001c98                PWM_Green_TriggerCommand
 .text.PWM_Green_Enable
                0x00001cb4       0x24 .\CortexM0\ARM_GCC_Generic\Debug\OS2.a(PWM_Green.o)
                0x00001cb4                PWM_Green_Enable
 .text.PWM_Green_SetInterruptMode
                0x00001cd8        0xc .\CortexM0\ARM_GCC_Generic\Debug\OS2.a(PWM_Green.o)
                0x00001cd8                PWM_Green_SetInterruptMode
 .text.PWM_Green_Init
                0x00001ce4       0x48 .\CortexM0\ARM_GCC_Generic\Debug\OS2.a(PWM_Green.o)
                0x00001ce4                PWM_Green_Init
 .text.PWM_Green_Start
                0x00001d2c       0x20 .\CortexM0\ARM_GCC_Generic\Debug\OS2.a(PWM_Green.o)
                0x00001d2c                PWM_Green_Start
 .text.PWM_Red_WriteCounter
                0x00001d4c       0x10 .\CortexM0\ARM_GCC_Generic\Debug\OS2.a(PWM_Red.o)
                0x00001d4c                PWM_Red_WriteCounter
 .text.PWM_Red_WritePeriod
                0x00001d5c       0x10 .\CortexM0\ARM_GCC_Generic\Debug\OS2.a(PWM_Red.o)
                0x00001d5c                PWM_Red_WritePeriod
 .text.PWM_Red_WriteCompare
                0x00001d6c       0x10 .\CortexM0\ARM_GCC_Generic\Debug\OS2.a(PWM_Red.o)
                0x00001d6c                PWM_Red_WriteCompare
 .text.PWM_Red_ReadCompare
                0x00001d7c       0x10 .\CortexM0\ARM_GCC_Generic\Debug\OS2.a(PWM_Red.o)
                0x00001d7c                PWM_Red_ReadCompare
 .text.PWM_Red_TriggerCommand
                0x00001d8c       0x1c .\CortexM0\ARM_GCC_Generic\Debug\OS2.a(PWM_Red.o)
                0x00001d8c                PWM_Red_TriggerCommand
 .text.PWM_Red_Enable
                0x00001da8       0x24 .\CortexM0\ARM_GCC_Generic\Debug\OS2.a(PWM_Red.o)
                0x00001da8                PWM_Red_Enable
 .text.PWM_Red_SetInterruptMode
                0x00001dcc        0xc .\CortexM0\ARM_GCC_Generic\Debug\OS2.a(PWM_Red.o)
                0x00001dcc                PWM_Red_SetInterruptMode
 .text.PWM_Red_Init
                0x00001dd8       0x48 .\CortexM0\ARM_GCC_Generic\Debug\OS2.a(PWM_Red.o)
                0x00001dd8                PWM_Red_Init
 .text.PWM_Red_Start
                0x00001e20       0x20 .\CortexM0\ARM_GCC_Generic\Debug\OS2.a(PWM_Red.o)
                0x00001e20                PWM_Red_Start
 .text.Accel_Pin_ClearInterrupt
                0x00001e40       0x14 .\CortexM0\ARM_GCC_Generic\Debug\OS2.a(Accel_Pin.o)
                0x00001e40                Accel_Pin_ClearInterrupt
 .text.I2C_ScbEnableIntr
                0x00001e54        0xa .\CortexM0\ARM_GCC_Generic\Debug\OS2.a(I2C.o)
 .text.I2C_Init
                0x00001e5e        0x8 .\CortexM0\ARM_GCC_Generic\Debug\OS2.a(I2C.o)
                0x00001e5e                I2C_Init
 *fill*         0x00001e66        0x2 
 .text.I2C_Enable
                0x00001e68       0x18 .\CortexM0\ARM_GCC_Generic\Debug\OS2.a(I2C.o)
                0x00001e68                I2C_Enable
 .text.I2C_Start
                0x00001e80       0x20 .\CortexM0\ARM_GCC_Generic\Debug\OS2.a(I2C.o)
                0x00001e80                I2C_Start
 .text.I2C_I2CInit
                0x00001ea0       0xc4 .\CortexM0\ARM_GCC_Generic\Debug\OS2.a(I2C_I2C.o)
                0x00001ea0                I2C_I2CInit
 .text.I2C_I2CFwBlockReset
                0x00001f64       0x94 .\CortexM0\ARM_GCC_Generic\Debug\OS2.a(I2C_I2C.o)
                0x00001f64                I2C_I2CFwBlockReset
 .text.I2C_I2CMasterWaitOneUnit
                0x00001ff8       0x26 .\CortexM0\ARM_GCC_Generic\Debug\OS2.a(I2C_I2C_MASTER.o)
 *fill*         0x0000201e        0x2 
 .text.I2C_I2CMasterHandleStatus
                0x00002020       0xb0 .\CortexM0\ARM_GCC_Generic\Debug\OS2.a(I2C_I2C_MASTER.o)
 .text.I2C_I2CMasterSendStart
                0x000020d0       0xc4 .\CortexM0\ARM_GCC_Generic\Debug\OS2.a(I2C_I2C_MASTER.o)
                0x000020d0                I2C_I2CMasterSendStart
 .text.I2C_I2CMasterSendStop
                0x00002194       0x5c .\CortexM0\ARM_GCC_Generic\Debug\OS2.a(I2C_I2C_MASTER.o)
                0x00002194                I2C_I2CMasterSendStop
 .text.I2C_I2CMasterWriteByte
                0x000021f0       0x48 .\CortexM0\ARM_GCC_Generic\Debug\OS2.a(I2C_I2C_MASTER.o)
                0x000021f0                I2C_I2CMasterWriteByte
 .text.I2C_I2CMasterReadByte
                0x00002238       0x80 .\CortexM0\ARM_GCC_Generic\Debug\OS2.a(I2C_I2C_MASTER.o)
                0x00002238                I2C_I2CMasterReadByte
 .text.I2C_I2CReStartGeneration
                0x000022b8       0xc4 .\CortexM0\ARM_GCC_Generic\Debug\OS2.a(I2C_I2C_MASTER.o)
                0x000022b8                I2C_I2CReStartGeneration
 .text.I2C_I2CMasterSendRestart
                0x0000237c       0x68 .\CortexM0\ARM_GCC_Generic\Debug\OS2.a(I2C_I2C_MASTER.o)
                0x0000237c                I2C_I2CMasterSendRestart
 .text.SW2_Read
                0x000023e4       0x10 .\CortexM0\ARM_GCC_Generic\Debug\OS2.a(SW2.o)
                0x000023e4                SW2_Read
 .text.Accel_ISR_SetVector
                0x000023f4        0xc .\CortexM0\ARM_GCC_Generic\Debug\OS2.a(Accel_ISR.o)
                0x000023f4                Accel_ISR_SetVector
 .text.Accel_ISR_SetPriority
                0x00002400       0x24 .\CortexM0\ARM_GCC_Generic\Debug\OS2.a(Accel_ISR.o)
                0x00002400                Accel_ISR_SetPriority
 .text.Accel_ISR_Enable
                0x00002424        0xc .\CortexM0\ARM_GCC_Generic\Debug\OS2.a(Accel_ISR.o)
                0x00002424                Accel_ISR_Enable
 .text.Accel_ISR_Disable
                0x00002430        0xc .\CortexM0\ARM_GCC_Generic\Debug\OS2.a(Accel_ISR.o)
                0x00002430                Accel_ISR_Disable
 .text.Accel_ISR_StartEx
                0x0000243c       0x1a .\CortexM0\ARM_GCC_Generic\Debug\OS2.a(Accel_ISR.o)
                0x0000243c                Accel_ISR_StartEx
 *fill*         0x00002456        0x2 
 .text.Temp_Sensor_Init
                0x00002458       0x14 .\CortexM0\ARM_GCC_Generic\Debug\OS2.a(Temp_Sensor.o)
                0x00002458                Temp_Sensor_Init
 .text.Temp_Sensor_Enable
                0x0000246c       0x4c .\CortexM0\ARM_GCC_Generic\Debug\OS2.a(Temp_Sensor.o)
                0x0000246c                Temp_Sensor_Enable
 .text.Temp_Sensor_Start
                0x000024b8       0x20 .\CortexM0\ARM_GCC_Generic\Debug\OS2.a(Temp_Sensor.o)
                0x000024b8                Temp_Sensor_Start
 .text.Temp_Sensor_Trigger
                0x000024d8       0x30 .\CortexM0\ARM_GCC_Generic\Debug\OS2.a(Temp_Sensor.o)
                0x000024d8                Temp_Sensor_Trigger
 .text.Temp_Sensor_EOC_ISR_Int
                0x00002508       0x78 .\CortexM0\ARM_GCC_Generic\Debug\OS2.a(Temp_Sensor_INT.o)
                0x00002508                Temp_Sensor_EOC_ISR_Int
 .text.Opamp_Init
                0x00002580       0x2c .\CortexM0\ARM_GCC_Generic\Debug\OS2.a(Opamp.o)
                0x00002580                Opamp_Init
 .text.Opamp_Enable
                0x000025ac       0x1c .\CortexM0\ARM_GCC_Generic\Debug\OS2.a(Opamp.o)
                0x000025ac                Opamp_Enable
 .text.Opamp_Start
                0x000025c8       0x20 .\CortexM0\ARM_GCC_Generic\Debug\OS2.a(Opamp.o)
                0x000025c8                Opamp_Start
 .text.ADC_Init
                0x000025e8       0xf8 .\CortexM0\ARM_GCC_Generic\Debug\OS2.a(ADC.o)
                0x000025e8                ADC_Init
 .text.ADC_Enable
                0x000026e0       0x24 .\CortexM0\ARM_GCC_Generic\Debug\OS2.a(ADC.o)
                0x000026e0                ADC_Enable
 .text.ADC_Start
                0x00002704       0x20 .\CortexM0\ARM_GCC_Generic\Debug\OS2.a(ADC.o)
                0x00002704                ADC_Start
 .text.ADC_ISR  0x00002724        0xc .\CortexM0\ARM_GCC_Generic\Debug\OS2.a(ADC_INT.o)
                0x00002724                ADC_ISR
 .text.I2C_sda_Read
                0x00002730       0x10 .\CortexM0\ARM_GCC_Generic\Debug\OS2.a(I2C_sda.o)
                0x00002730                I2C_sda_Read
 .text.I2C_scl_Write
                0x00002740       0x18 .\CortexM0\ARM_GCC_Generic\Debug\OS2.a(I2C_scl.o)
                0x00002740                I2C_scl_Write
 .text.I2C_scl_Read
                0x00002758       0x10 .\CortexM0\ARM_GCC_Generic\Debug\OS2.a(I2C_scl.o)
                0x00002758                I2C_scl_Read
 .text.Temp_Sensor_EOC_ISR_SetVector
                0x00002768        0xc .\CortexM0\ARM_GCC_Generic\Debug\OS2.a(Temp_Sensor_EOC_ISR.o)
                0x00002768                Temp_Sensor_EOC_ISR_SetVector
 .text.Temp_Sensor_EOC_ISR_SetPriority
                0x00002774       0x20 .\CortexM0\ARM_GCC_Generic\Debug\OS2.a(Temp_Sensor_EOC_ISR.o)
                0x00002774                Temp_Sensor_EOC_ISR_SetPriority
 .text.Temp_Sensor_EOC_ISR_Enable
                0x00002794        0xc .\CortexM0\ARM_GCC_Generic\Debug\OS2.a(Temp_Sensor_EOC_ISR.o)
                0x00002794                Temp_Sensor_EOC_ISR_Enable
 .text.Temp_Sensor_EOC_ISR_Disable
                0x000027a0        0xc .\CortexM0\ARM_GCC_Generic\Debug\OS2.a(Temp_Sensor_EOC_ISR.o)
                0x000027a0                Temp_Sensor_EOC_ISR_Disable
 .text.Temp_Sensor_EOC_ISR_StartEx
                0x000027ac       0x1a .\CortexM0\ARM_GCC_Generic\Debug\OS2.a(Temp_Sensor_EOC_ISR.o)
                0x000027ac                Temp_Sensor_EOC_ISR_StartEx
 *fill*         0x000027c6        0x2 
 .text.CyIntEnable
                0x000027c8       0x14 .\CortexM0\ARM_GCC_Generic\Debug\OS2.a(CyLib.o)
                0x000027c8                CyIntEnable
 .text.CyIntDisable
                0x000027dc       0x14 .\CortexM0\ARM_GCC_Generic\Debug\OS2.a(CyLib.o)
                0x000027dc                CyIntDisable
 .text.CyHalt   0x000027f0        0x4 .\CortexM0\ARM_GCC_Generic\Debug\OS2.a(CyLib.o)
                0x000027f0                CyHalt
 .text.CyIntSetVector
                0x000027f4       0x24 .\CortexM0\ARM_GCC_Generic\Debug\OS2.a(CyLib.o)
                0x000027f4                CyIntSetVector
 .text.CyIntSetPriority
                0x00002818       0x50 .\CortexM0\ARM_GCC_Generic\Debug\OS2.a(CyLib.o)
                0x00002818                CyIntSetPriority
 .text.CyDelayUs
                0x00002868       0x14 .\CortexM0\ARM_GCC_Generic\Debug\OS2.a(CyLib.o)
                0x00002868                CyDelayUs
 .text.CySysClkWriteImoFreq
                0x0000287c      0x16c .\CortexM0\ARM_GCC_Generic\Debug\OS2.a(CyLib.o)
                0x0000287c                CySysClkWriteImoFreq
 .text.CySysWdtLocked
                0x000029e8       0x18 .\CortexM0\ARM_GCC_Generic\Debug\OS2.a(CyLFClk.o)
 .text.CySysWdtLock
                0x00002a00       0x1c .\CortexM0\ARM_GCC_Generic\Debug\OS2.a(CyLFClk.o)
                0x00002a00                CySysWdtLock
 .text.CySysWdtUnlock
                0x00002a1c       0x30 .\CortexM0\ARM_GCC_Generic\Debug\OS2.a(CyLFClk.o)
                0x00002a1c                CySysWdtUnlock
 .text.CySysWdtClearInterrupt
                0x00002a4c       0x4c .\CortexM0\ARM_GCC_Generic\Debug\OS2.a(CyLFClk.o)
                0x00002a4c                CySysWdtClearInterrupt
 .text.CySysWdtIsr
                0x00002a98       0xa4 .\CortexM0\ARM_GCC_Generic\Debug\OS2.a(CyLFClk.o)
                0x00002a98                CySysWdtIsr
 *fill*         0x00002b3c        0x4 
 .text          0x00002b40       0x24 .\CortexM0\ARM_GCC_Generic\Debug\OS2.a(CyBootAsmGnu.o)
                0x00002b40                CyDelayCycles
                0x00002b54                CyEnterCriticalSection
                0x00002b5c                CyExitCriticalSection
 .text.I2C_I2C_ISR
                0x00002b64      0x348 .\CortexM0\ARM_GCC_Generic\Debug\OS2.a(I2C_I2C_INT.o)
                0x00002b64                I2C_I2C_ISR
 .text          0x00002eac      0x114 c:/program files (x86)/gnu tools arm embedded/8 2018-q4-major/bin/../lib/gcc/arm-none-eabi/8.2.1/thumb/v6-m/nofp\libgcc.a(_udivsi3.o)
                0x00002eac                __aeabi_uidiv
                0x00002eac                __udivsi3
                0x00002fb8                __aeabi_uidivmod
 .text          0x00002fc0        0x4 c:/program files (x86)/gnu tools arm embedded/8 2018-q4-major/bin/../lib/gcc/arm-none-eabi/8.2.1/thumb/v6-m/nofp\libgcc.a(_dvmd_tls.o)
                0x00002fc0                __aeabi_idiv0
                0x00002fc0                __aeabi_ldiv0
 .text.__errno  0x00002fc4        0xc c:/program files (x86)/gnu tools arm embedded/8 2018-q4-major/bin/../lib/gcc/arm-none-eabi/8.2.1/../../../../arm-none-eabi/lib/thumb/v6-m/nofp\libg_nano.a(lib_a-errno.o)
                0x00002fc4                __errno
 .text.__libc_init_array
                0x00002fd0       0x48 c:/program files (x86)/gnu tools arm embedded/8 2018-q4-major/bin/../lib/gcc/arm-none-eabi/8.2.1/../../../../arm-none-eabi/lib/thumb/v6-m/nofp\libg_nano.a(lib_a-init.o)
                0x00002fd0                __libc_init_array
 .text.memset   0x00003018       0x10 c:/program files (x86)/gnu tools arm embedded/8 2018-q4-major/bin/../lib/gcc/arm-none-eabi/8.2.1/../../../../arm-none-eabi/lib/thumb/v6-m/nofp\libg_nano.a(lib_a-memset.o)
                0x00003018                memset
 *(.plt)
 *(.gnu.warning)
 *(.glue_7t)
 .glue_7t       0x00003028        0x0 linker stubs
 *(.glue_7)
 .glue_7        0x00003028        0x0 linker stubs
 *(.vfp11_veneer)
 .vfp11_veneer  0x00003028        0x0 linker stubs
 *(.bootloader)
 *(.ARM.extab* .gnu.linkonce.armextab.*)
 *(.gcc_except_table)

.v4_bx          0x00003028        0x0
 .v4_bx         0x00003028        0x0 linker stubs

.iplt           0x00003028        0x0
 .iplt          0x00003028        0x0 c:/program files (x86)/gnu tools arm embedded/8 2018-q4-major/bin/../lib/gcc/arm-none-eabi/8.2.1/thumb/v6-m/nofp/crtbegin.o

.eh_frame_hdr
 *(.eh_frame_hdr)

.eh_frame       0x00003028        0x4
 *(.eh_frame)
 .eh_frame      0x00003028        0x0 c:/program files (x86)/gnu tools arm embedded/8 2018-q4-major/bin/../lib/gcc/arm-none-eabi/8.2.1/thumb/v6-m/nofp/crtbegin.o
 .eh_frame      0x00003028        0x4 c:/program files (x86)/gnu tools arm embedded/8 2018-q4-major/bin/../lib/gcc/arm-none-eabi/8.2.1/thumb/v6-m/nofp/crtend.o
                [!provide]                PROVIDE (__exidx_start = .)

.ARM.exidx
 *(.ARM.exidx* .gnu.linkonce.armexidx.*)
                0x0000302c                __exidx_end = .

.rodata         0x0000302c      0x334
 *(.rodata .rodata.* .gnu.linkonce.r.*)
 .rodata        0x0000302c      0x100 .\CortexM0\ARM_GCC_Generic\Debug\os_core.o
                0x0000302c                OSUnMapTbl
 .rodata.str1.4
                0x0000312c        0x4 .\CortexM0\ARM_GCC_Generic\Debug\os_tmr.o
                                  0x2 (size before relaxing)
 .rodata        0x00003130      0x1ca .\CortexM0\ARM_GCC_Generic\Debug\cyfitter_cfg.o
 *fill*         0x000032fa        0x2 
 .rodata        0x000032fc       0x2e .\CortexM0\ARM_GCC_Generic\Debug\OS2.a(CyLib.o)
                0x000032fc                cyImoFreqMhz2Reg
                0x0000332c                . = ALIGN (0x4)
 *fill*         0x0000332a        0x2 
 *(.init)
 .init          0x0000332c        0x4 c:/program files (x86)/gnu tools arm embedded/8 2018-q4-major/bin/../lib/gcc/arm-none-eabi/8.2.1/thumb/v6-m/nofp/crti.o
                0x0000332c                _init
 .init          0x00003330        0x8 c:/program files (x86)/gnu tools arm embedded/8 2018-q4-major/bin/../lib/gcc/arm-none-eabi/8.2.1/thumb/v6-m/nofp/crtn.o
                0x00003338                . = ALIGN (0x4)
                0x00003338                __preinit_array_start = .
 *(.preinit_array)
                0x00003338                __preinit_array_end = .
                0x00003338                . = ALIGN (0x4)
                0x00003338                __init_array_start = .
 *(SORT_BY_NAME(.init_array.*))
 *(.init_array)
 .init_array    0x00003338        0x4 c:/program files (x86)/gnu tools arm embedded/8 2018-q4-major/bin/../lib/gcc/arm-none-eabi/8.2.1/thumb/v6-m/nofp/crtbegin.o
 .init_array    0x0000333c        0x4 .\CortexM0\ARM_GCC_Generic\Debug\Cm0Start.o
                0x00003340                __init_array_end = .
                0x00003340                . = ALIGN (0x4)
 *(.fini)
 .fini          0x00003340        0x4 c:/program files (x86)/gnu tools arm embedded/8 2018-q4-major/bin/../lib/gcc/arm-none-eabi/8.2.1/thumb/v6-m/nofp/crti.o
                0x00003340                _fini
 .fini          0x00003344        0x8 c:/program files (x86)/gnu tools arm embedded/8 2018-q4-major/bin/../lib/gcc/arm-none-eabi/8.2.1/thumb/v6-m/nofp/crtn.o
                0x0000334c                . = ALIGN (0x4)
                0x0000334c                __fini_array_start = .
 *(.fini_array)
 .fini_array    0x0000334c        0x4 c:/program files (x86)/gnu tools arm embedded/8 2018-q4-major/bin/../lib/gcc/arm-none-eabi/8.2.1/thumb/v6-m/nofp/crtbegin.o
 *(SORT_BY_NAME(.fini_array.*))
                0x00003350                __fini_array_end = .
                0x00003350                . = ALIGN (0x4)
 *crtbegin.o(.ctors)
 *(EXCLUDE_FILE(*crtend.o) .ctors)
 *(SORT_BY_NAME(.ctors.*))
 *crtend.o(.ctors)
                0x00003350                . = ALIGN (0x4)
 *crtbegin.o(.dtors)
 *(EXCLUDE_FILE(*crtend.o) .dtors)
 *(SORT_BY_NAME(.dtors.*))
 *crtend.o(.dtors)
                0x00003350                . = ALIGN (0x4)
                0x00003350                __cy_regions = .
                0x00003350        0x4 LONG 0x3360 __cy_region_init_ram
                0x00003354        0x4 LONG 0x200000c0 __cy_region_start_data
                0x00003358        0x4 LONG 0x80 __cy_region_init_size_ram
                0x0000335c        0x4 LONG 0xb68 __cy_region_zero_size_ram
                0x00003360                __cy_regions_end = .
                0x00003360                . = ALIGN (0x8)
                0x00003360                _etext = .

.cy_checksum_exclude
                0x00003360        0x0
 *(.cy_checksum_exclude)

.ramvectors     0x20000000       0xc0
                0x20000000                __cy_region_start_ram = .
 *(.ramvectors)
 .ramvectors    0x20000000       0xc0 .\CortexM0\ARM_GCC_Generic\Debug\Cm0Start.o
                0x20000000                CyRamVectors

.noinit
 *(.noinit)

.data           0x200000c0       0x80 load address 0x00003360
                0x200000c0                __cy_region_start_data = .
 *(.jcr)
 *(.got.plt)
 *(.got)
 *(.shdata)
 *(.data .data.* .gnu.linkonce.d.*)
 .data          0x200000c0        0x4 .\CortexM0\ARM_GCC_Generic\Debug\bsp.o
                0x200000c0                RGB_PrevVal
 .data          0x200000c4       0x14 .\CortexM0\ARM_GCC_Generic\Debug\OS2.a(CyLib.o)
                0x200000c4                CySysClkPumpConfig
                0x200000c8                cydelay32kMs
                0x200000cc                cydelayFreqKhz
                0x200000d0                cydelayFreqMhz
                0x200000d4                cydelayFreqHz
 .data          0x200000d8        0x4 .\CortexM0\ARM_GCC_Generic\Debug\OS2.a(CyLFClk.o)
 .data._impure_ptr
                0x200000dc        0x4 c:/program files (x86)/gnu tools arm embedded/8 2018-q4-major/bin/../lib/gcc/arm-none-eabi/8.2.1/../../../../arm-none-eabi/lib/thumb/v6-m/nofp\libg_nano.a(lib_a-impure.o)
                0x200000dc                _impure_ptr
 .data.impure_data
                0x200000e0       0x60 c:/program files (x86)/gnu tools arm embedded/8 2018-q4-major/bin/../lib/gcc/arm-none-eabi/8.2.1/../../../../arm-none-eabi/lib/thumb/v6-m/nofp\libg_nano.a(lib_a-impure.o)
                0x20000140                . = ALIGN (0x8)
 *(.ram)
                0x20000140                _edata = .

.igot.plt       0x20000140        0x0 load address 0x000033e0
 .igot.plt      0x20000140        0x0 c:/program files (x86)/gnu tools arm embedded/8 2018-q4-major/bin/../lib/gcc/arm-none-eabi/8.2.1/thumb/v6-m/nofp/crtbegin.o

.bss            0x20000140      0xb68 load address 0x000033e0
                0x20000140                PROVIDE (__bss_start__ = .)
 *(.shbss)
 *(.bss .bss.* .gnu.linkonce.b.*)
 .bss           0x20000140       0x1c c:/program files (x86)/gnu tools arm embedded/8 2018-q4-major/bin/../lib/gcc/arm-none-eabi/8.2.1/thumb/v6-m/nofp/crtbegin.o
 .bss           0x2000015c      0x204 .\CortexM0\ARM_GCC_Generic\Debug\app.o
                0x2000015c                uC_Probe_PB_Trigger
 .bss           0x20000360        0x2 .\CortexM0\ARM_GCC_Generic\Debug\os_cpu_c.o
 .bss           0x20000362        0x1 .\CortexM0\ARM_GCC_Generic\Debug\OS2.a(PWM_Blue.o)
                0x20000362                PWM_Blue_initVar
 .bss           0x20000363        0x1 .\CortexM0\ARM_GCC_Generic\Debug\OS2.a(PWM_Green.o)
                0x20000363                PWM_Green_initVar
 .bss           0x20000364        0x1 .\CortexM0\ARM_GCC_Generic\Debug\OS2.a(PWM_Red.o)
                0x20000364                PWM_Red_initVar
 *fill*         0x20000365        0x3 
 .bss           0x20000368        0x8 .\CortexM0\ARM_GCC_Generic\Debug\OS2.a(I2C.o)
                0x20000368                I2C_initVar
                0x2000036c                I2C_customIntrHandler
 .bss           0x20000370        0x1 .\CortexM0\ARM_GCC_Generic\Debug\OS2.a(Temp_Sensor.o)
                0x20000370                Temp_Sensor_initVar
 *fill*         0x20000371        0x3 
 .bss           0x20000374        0x5 .\CortexM0\ARM_GCC_Generic\Debug\OS2.a(Opamp.o)
                0x20000378                Opamp_initVar
 .bss           0x20000379        0x1 .\CortexM0\ARM_GCC_Generic\Debug\OS2.a(ADC.o)
                0x20000379                ADC_initVar
 *fill*         0x2000037a        0x2 
 .bss           0x2000037c       0x20 .\CortexM0\ARM_GCC_Generic\Debug\OS2.a(CyLFClk.o)
 *(COMMON)
 COMMON         0x2000039c       0x10 .\CortexM0\ARM_GCC_Generic\Debug\app.o
                0x2000039c                uC_Probe_Temp_Val
                0x200003a0                uC_Probe_Accel_X_Axis
                0x200003a2                uC_Probe_AmbientLight
                0x200003a4                uC_Probe_Accel_Z_Axis
                0x200003a6                uC_Probe_Accel_Y_Axis
                0x200003a8                uC_Probe_RGB_Val
 COMMON         0x200003ac       0x30 .\CortexM0\ARM_GCC_Generic\Debug\cpu_core.o
                0x200003ac                CPU_IntDisMeasMax_cnts
                0x200003b0                CPU_TS_TmrFreq_Hz
                0x200003b4                CPU_IntDisMeasStart_cnts
                0x200003b8                CPU_IntDisNestCtr
                0x200003bc                CPU_IntDisMeasStop_cnts
                0x200003c0                CPU_IntDisMeasMaxCur_cnts
                0x200003c4                CPU_IntDisMeasCtr
                0x200003c8                CPU_IntDisMeasOvrhd_cnts
                0x200003cc                CPU_Name
 COMMON         0x200003dc      0x204 .\CortexM0\ARM_GCC_Generic\Debug\os_cpu_c.o
                0x200003dc                OS_CPU_ExceptStkBase
                0x200003e0                OS_CPU_ExceptStk
 COMMON         0x200005e0      0x68c .\CortexM0\ARM_GCC_Generic\Debug\os_core.o
                0x200005e0                OSTmrFreeList
                0x200005e4                OSTmrWheelTbl
                0x2000061c                OSLockNesting
                0x20000620                OSTmrSemSignal
                0x20000624                OSTaskRegNextAvailID
                0x20000625                OSRunning
                0x20000628                OSIdleCtr
                0x2000062c                OSTmrUsed
                0x2000062e                OSPrioHighRdy
                0x20000630                OSTmrTbl
                0x200008b0                OSPrioCur
                0x200008b4                OSTCBList
                0x200008b8                OSTickStepState
                0x200008bc                OSTaskStatStk
                0x2000093c                OSCtxSwCtr
                0x20000940                OSTmrFree
                0x20000944                OSIdleCtrMax
                0x20000948                OSTCBFreeList
                0x2000094c                OSCPUUsage
                0x2000094d                OSTaskCtr
                0x20000950                OSTCBHighRdy
                0x20000954                OSRdyGrp
                0x20000958                OSRdyTbl
                0x2000095c                OSTmrTaskStk
                0x200009dc                OSEventFreeList
                0x200009e0                OSIntNesting
                0x200009e4                OSTCBCur
                0x200009e8                OSTmrTime
                0x200009ec                OSTime
                0x200009f0                OSTmrSem
                0x200009f4                OSTaskIdleStk
                0x20000a74                OSEventTbl
                0x20000ac4                OSTCBTbl
                0x20000be4                OSStatRdy
                0x20000be8                OSTCBPrioTbl
                0x20000c68                OSIdleCtrRun
 COMMON         0x20000c6c        0x4 .\CortexM0\ARM_GCC_Generic\Debug\lib_math.o
                0x20000c6c                Math_RandSeedCur
 COMMON         0x20000c70        0x1 .\CortexM0\ARM_GCC_Generic\Debug\OS2.a(I2C_I2C.o)
                0x20000c70                I2C_state
 *fill*         0x20000c71        0x3 
 COMMON         0x20000c74       0x24 .\CortexM0\ARM_GCC_Generic\Debug\OS2.a(I2C_I2C_MASTER.o)
                0x20000c74                I2C_mstrWrBufIndexTmp
                0x20000c78                I2C_mstrWrBufIndex
                0x20000c7c                I2C_mstrWrBufSize
                0x20000c80                I2C_mstrStatus
                0x20000c84                I2C_mstrRdBufPtr
                0x20000c88                I2C_mstrControl
                0x20000c8c                I2C_mstrRdBufSize
                0x20000c90                I2C_mstrRdBufIndex
                0x20000c94                I2C_mstrWrBufPtr
 COMMON         0x20000c98        0x7 .\CortexM0\ARM_GCC_Generic\Debug\OS2.a(Temp_Sensor.o)
                0x20000c98                Temp_Sensor_lo
                0x20000c9a                Temp_Sensor_contMode
                0x20000c9c                Temp_Sensor_hi
                0x20000c9e                Temp_Sensor_busyFlag
 *fill*         0x20000c9f        0x1 
 COMMON         0x20000ca0        0x6 .\CortexM0\ARM_GCC_Generic\Debug\OS2.a(ADC.o)
                0x20000ca0                ADC_countsPer10Volt
                0x20000ca4                ADC_offset
                0x20000ca8                . = ALIGN (0x8)
 *fill*         0x20000ca6        0x2 
 *(.ram.b)
                0x20000ca8                _end = .
                0x20000ca8                __end = .
                0x20000ca8                PROVIDE (end = .)
                0x20000ca8                PROVIDE (__bss_end__ = .)
                0x00003360                __cy_region_init_ram = LOADADDR (.data)
                0x00000080                __cy_region_init_size_ram = (_edata - ADDR (.data))
                0x00000b68                __cy_region_zero_size_ram = (_end - _edata)

.heap           0x20000ca8       0x80 load address 0x000033e0
                0x20000ca8                . = _end
                0x20000d28                . = (. + 0x80)
 *fill*         0x20000ca8       0x80 
                0x20000d28                __cy_heap_limit = .

.stack          0x20000800      0x800
                0x20000800                __cy_stack_limit = .
                0x20001000                . = (. + 0x800)
 *fill*         0x20000800      0x800 
                0x00000000                ASSERT ((__cy_stack_limit >= __cy_heap_limit), region RAM overflowed with stack)
                0x00000000                cy_checksum_exclude_size = (CY_APPL_LOADABLE == 0x1)?SIZEOF (.cy_checksum_exclude):0x0
                0x00000001                ASSERT ((cy_checksum_exclude_size <= CY_CHECKSUM_EXCLUDE_SIZE), CY_BOOT: Section .cy_checksum_exclude size exceedes specified limit.)
                0x00007fc0                cyloadermeta_start = (cy_project_type_bootloader || cy_project_type_app_for_stack_and_copier)?(LENGTH (rom) - CY_METADATA_SIZE):0xf0000000

.cyloadermeta
 *(.cyloadermeta)
                0x00007fc0                cyloadablemeta_start = cy_project_type_app_for_stack_and_copier?((LENGTH (rom) - CY_FLASH_ROW_SIZE) - CY_METADATA_SIZE):((LENGTH (rom) - (CY_FLASH_ROW_SIZE * (CY_APPL_NUM - 0x1))) - CY_METADATA_SIZE)

.cyloadablemeta
 *(.cyloadablemeta)

.cyflashprotect
                0x90400000       0x20
 *(.cyflashprotect)
 .cyflashprotect
                0x90400000       0x20 .\CortexM0\ARM_GCC_Generic\Debug\cymetadata.o
                0x90400000                cy_meta_flashprotect

.cymeta         0x90500000        0xc
 *(.cymeta)
 .cymeta        0x90500000        0xc .\CortexM0\ARM_GCC_Generic\Debug\cymetadata.o
                0x90500000                cy_metadata

.cychipprotect  0x90600000        0x1
 *(.cychipprotect)
 .cychipprotect
                0x90600000        0x1 .\CortexM0\ARM_GCC_Generic\Debug\cymetadata.o
                0x90600000                cy_meta_chipprotect

.rel.dyn        0x000033e0        0x0 load address 0x90600004
 .rel.iplt      0x000033e0        0x0 c:/program files (x86)/gnu tools arm embedded/8 2018-q4-major/bin/../lib/gcc/arm-none-eabi/8.2.1/thumb/v6-m/nofp/crtbegin.o

.stab
 *(.stab)

.stabstr
 *(.stabstr)

.debug
 *(.debug)

.line
 *(.line)

.debug_srcinfo
 *(.debug_srcinfo)

.debug_sfnames
 *(.debug_sfnames)

.debug_aranges  0x00000000     0x12c0
 *(.debug_aranges)
 .debug_aranges
                0x00000000       0x28 .\CortexM0\ARM_GCC_Generic\Debug\app.o
 .debug_aranges
                0x00000028       0x58 .\CortexM0\ARM_GCC_Generic\Debug\app_hooks.o
 .debug_aranges
                0x00000080       0x40 .\CortexM0\ARM_GCC_Generic\Debug\bsp_os.o
 .debug_aranges
                0x000000c0       0x30 .\CortexM0\ARM_GCC_Generic\Debug\cpu_bsp.o
 .debug_aranges
                0x000000f0       0x80 .\CortexM0\ARM_GCC_Generic\Debug\bsp.o
 .debug_aranges
                0x00000170       0xf8 .\CortexM0\ARM_GCC_Generic\Debug\cpu_core.o
 .debug_aranges
                0x00000268       0x80 .\CortexM0\ARM_GCC_Generic\Debug\os_cpu_c.o
 .debug_aranges
                0x000002e8       0xf8 .\CortexM0\ARM_GCC_Generic\Debug\os_core.o
 .debug_aranges
                0x000003e0       0x58 .\CortexM0\ARM_GCC_Generic\Debug\os_sem.o
 .debug_aranges
                0x00000438       0x70 .\CortexM0\ARM_GCC_Generic\Debug\os_task.o
 .debug_aranges
                0x000004a8       0x40 .\CortexM0\ARM_GCC_Generic\Debug\os_time.o
 .debug_aranges
                0x000004e8       0x90 .\CortexM0\ARM_GCC_Generic\Debug\os_tmr.o
 .debug_aranges
                0x00000578       0x38 .\CortexM0\ARM_GCC_Generic\Debug\lib_math.o
 .debug_aranges
                0x000005b0       0x48 .\CortexM0\ARM_GCC_Generic\Debug\lib_mem.o
 .debug_aranges
                0x000005f8       0x48 .\CortexM0\ARM_GCC_Generic\Debug\cyfitter_cfg.o
 .debug_aranges
                0x00000640       0x18 .\CortexM0\ARM_GCC_Generic\Debug\cymetadata.o
 .debug_aranges
                0x00000658       0x48 .\CortexM0\ARM_GCC_Generic\Debug\Cm0Start.o
 .debug_aranges
                0x000006a0       0x20 .\CortexM0\ARM_GCC_Generic\Debug\cpu_a.o
 .debug_aranges
                0x000006c0       0x20 .\CortexM0\ARM_GCC_Generic\Debug\os_cpu_a.o
 .debug_aranges
                0x000006e0      0x158 .\CortexM0\ARM_GCC_Generic\Debug\OS2.a(PWM_Blue.o)
 .debug_aranges
                0x00000838      0x158 .\CortexM0\ARM_GCC_Generic\Debug\OS2.a(PWM_Green.o)
 .debug_aranges
                0x00000990      0x158 .\CortexM0\ARM_GCC_Generic\Debug\OS2.a(PWM_Red.o)
 .debug_aranges
                0x00000ae8       0x48 .\CortexM0\ARM_GCC_Generic\Debug\OS2.a(Accel_Pin.o)
 .debug_aranges
                0x00000b30       0x68 .\CortexM0\ARM_GCC_Generic\Debug\OS2.a(I2C.o)
 .debug_aranges
                0x00000b98       0x30 .\CortexM0\ARM_GCC_Generic\Debug\OS2.a(I2C_I2C.o)
 .debug_aranges
                0x00000bc8       0x98 .\CortexM0\ARM_GCC_Generic\Debug\OS2.a(I2C_I2C_MASTER.o)
 .debug_aranges
                0x00000c60       0x48 .\CortexM0\ARM_GCC_Generic\Debug\OS2.a(SW2.o)
 .debug_aranges
                0x00000ca8       0x80 .\CortexM0\ARM_GCC_Generic\Debug\OS2.a(Accel_ISR.o)
 .debug_aranges
                0x00000d28       0x60 .\CortexM0\ARM_GCC_Generic\Debug\OS2.a(Temp_Sensor.o)
 .debug_aranges
                0x00000d88       0x20 .\CortexM0\ARM_GCC_Generic\Debug\OS2.a(Temp_Sensor_INT.o)
 .debug_aranges
                0x00000da8       0x48 .\CortexM0\ARM_GCC_Generic\Debug\OS2.a(Opamp.o)
 .debug_aranges
                0x00000df0       0xa8 .\CortexM0\ARM_GCC_Generic\Debug\OS2.a(ADC.o)
 .debug_aranges
                0x00000e98       0x20 .\CortexM0\ARM_GCC_Generic\Debug\OS2.a(ADC_INT.o)
 .debug_aranges
                0x00000eb8       0x48 .\CortexM0\ARM_GCC_Generic\Debug\OS2.a(I2C_sda.o)
 .debug_aranges
                0x00000f00       0x48 .\CortexM0\ARM_GCC_Generic\Debug\OS2.a(I2C_scl.o)
 .debug_aranges
                0x00000f48       0x80 .\CortexM0\ARM_GCC_Generic\Debug\OS2.a(Temp_Sensor_EOC_ISR.o)
 .debug_aranges
                0x00000fc8      0x180 .\CortexM0\ARM_GCC_Generic\Debug\OS2.a(CyLib.o)
 .debug_aranges
                0x00001148      0x138 .\CortexM0\ARM_GCC_Generic\Debug\OS2.a(CyLFClk.o)
 .debug_aranges
                0x00001280       0x20 .\CortexM0\ARM_GCC_Generic\Debug\OS2.a(CyBootAsmGnu.o)
 .debug_aranges
                0x000012a0       0x20 .\CortexM0\ARM_GCC_Generic\Debug\OS2.a(I2C_I2C_INT.o)

.debug_pubnames
 *(.debug_pubnames)

.debug_info     0x00000000    0x22208
 *(.debug_info .gnu.linkonce.wi.*)
 .debug_info    0x00000000     0x1424 .\CortexM0\ARM_GCC_Generic\Debug\app.o
 .debug_info    0x00001424      0xf9b .\CortexM0\ARM_GCC_Generic\Debug\app_hooks.o
 .debug_info    0x000023bf     0x12af .\CortexM0\ARM_GCC_Generic\Debug\bsp_os.o
 .debug_info    0x0000366e     0x11f1 .\CortexM0\ARM_GCC_Generic\Debug\cpu_bsp.o
 .debug_info    0x0000485f     0x1a35 .\CortexM0\ARM_GCC_Generic\Debug\bsp.o
 .debug_info    0x00006294     0x153c .\CortexM0\ARM_GCC_Generic\Debug\cpu_core.o
 .debug_info    0x000077d0     0x12c1 .\CortexM0\ARM_GCC_Generic\Debug\os_cpu_c.o
 .debug_info    0x00008a91     0x1b49 .\CortexM0\ARM_GCC_Generic\Debug\os_core.o
 .debug_info    0x0000a5da     0x1523 .\CortexM0\ARM_GCC_Generic\Debug\os_sem.o
 .debug_info    0x0000bafd     0x1868 .\CortexM0\ARM_GCC_Generic\Debug\os_task.o
 .debug_info    0x0000d365     0x1124 .\CortexM0\ARM_GCC_Generic\Debug\os_time.o
 .debug_info    0x0000e489     0x17ba .\CortexM0\ARM_GCC_Generic\Debug\os_tmr.o
 .debug_info    0x0000fc43      0xba0 .\CortexM0\ARM_GCC_Generic\Debug\lib_math.o
 .debug_info    0x000107e3      0xf13 .\CortexM0\ARM_GCC_Generic\Debug\lib_mem.o
 .debug_info    0x000116f6      0xd75 .\CortexM0\ARM_GCC_Generic\Debug\cyfitter_cfg.o
 .debug_info    0x0001246b       0xf6 .\CortexM0\ARM_GCC_Generic\Debug\cymetadata.o
 .debug_info    0x00012561      0xd21 .\CortexM0\ARM_GCC_Generic\Debug\Cm0Start.o
 .debug_info    0x00013282       0x26 .\CortexM0\ARM_GCC_Generic\Debug\cpu_a.o
 .debug_info    0x000132a8       0x26 .\CortexM0\ARM_GCC_Generic\Debug\os_cpu_a.o
 .debug_info    0x000132ce     0x1329 .\CortexM0\ARM_GCC_Generic\Debug\OS2.a(PWM_Blue.o)
 .debug_info    0x000145f7     0x1329 .\CortexM0\ARM_GCC_Generic\Debug\OS2.a(PWM_Green.o)
 .debug_info    0x00015920     0x1329 .\CortexM0\ARM_GCC_Generic\Debug\OS2.a(PWM_Red.o)
 .debug_info    0x00016c49      0x1c8 .\CortexM0\ARM_GCC_Generic\Debug\OS2.a(Accel_Pin.o)
 .debug_info    0x00016e11      0xcbf .\CortexM0\ARM_GCC_Generic\Debug\OS2.a(I2C.o)
 .debug_info    0x00017ad0      0xb62 .\CortexM0\ARM_GCC_Generic\Debug\OS2.a(I2C_I2C.o)
 .debug_info    0x00018632     0x13c8 .\CortexM0\ARM_GCC_Generic\Debug\OS2.a(I2C_I2C_MASTER.o)
 .debug_info    0x000199fa      0x1c8 .\CortexM0\ARM_GCC_Generic\Debug\OS2.a(SW2.o)
 .debug_info    0x00019bc2      0xc3d .\CortexM0\ARM_GCC_Generic\Debug\OS2.a(Accel_ISR.o)
 .debug_info    0x0001a7ff      0xd21 .\CortexM0\ARM_GCC_Generic\Debug\OS2.a(Temp_Sensor.o)
 .debug_info    0x0001b520      0xaba .\CortexM0\ARM_GCC_Generic\Debug\OS2.a(Temp_Sensor_INT.o)
 .debug_info    0x0001bfda      0x19c .\CortexM0\ARM_GCC_Generic\Debug\OS2.a(Opamp.o)
 .debug_info    0x0001c176      0xf2c .\CortexM0\ARM_GCC_Generic\Debug\OS2.a(ADC.o)
 .debug_info    0x0001d0a2      0xa68 .\CortexM0\ARM_GCC_Generic\Debug\OS2.a(ADC_INT.o)
 .debug_info    0x0001db0a      0x1c8 .\CortexM0\ARM_GCC_Generic\Debug\OS2.a(I2C_sda.o)
 .debug_info    0x0001dcd2      0x1bc .\CortexM0\ARM_GCC_Generic\Debug\OS2.a(I2C_scl.o)
 .debug_info    0x0001de8e      0xc3d .\CortexM0\ARM_GCC_Generic\Debug\OS2.a(Temp_Sensor_EOC_ISR.o)
 .debug_info    0x0001eacb     0x14fb .\CortexM0\ARM_GCC_Generic\Debug\OS2.a(CyLib.o)
 .debug_info    0x0001ffc6     0x170f .\CortexM0\ARM_GCC_Generic\Debug\OS2.a(CyLFClk.o)
 .debug_info    0x000216d5       0x26 .\CortexM0\ARM_GCC_Generic\Debug\OS2.a(CyBootAsmGnu.o)
 .debug_info    0x000216fb      0xb0d .\CortexM0\ARM_GCC_Generic\Debug\OS2.a(I2C_I2C_INT.o)

.debug_abbrev   0x00000000     0x5df3
 *(.debug_abbrev)
 .debug_abbrev  0x00000000      0x2ad .\CortexM0\ARM_GCC_Generic\Debug\app.o
 .debug_abbrev  0x000002ad      0x21d .\CortexM0\ARM_GCC_Generic\Debug\app_hooks.o
 .debug_abbrev  0x000004ca      0x2cb .\CortexM0\ARM_GCC_Generic\Debug\bsp_os.o
 .debug_abbrev  0x00000795      0x282 .\CortexM0\ARM_GCC_Generic\Debug\cpu_bsp.o
 .debug_abbrev  0x00000a17      0x363 .\CortexM0\ARM_GCC_Generic\Debug\bsp.o
 .debug_abbrev  0x00000d7a      0x363 .\CortexM0\ARM_GCC_Generic\Debug\cpu_core.o
 .debug_abbrev  0x000010dd      0x312 .\CortexM0\ARM_GCC_Generic\Debug\os_cpu_c.o
 .debug_abbrev  0x000013ef      0x381 .\CortexM0\ARM_GCC_Generic\Debug\os_core.o
 .debug_abbrev  0x00001770      0x309 .\CortexM0\ARM_GCC_Generic\Debug\os_sem.o
 .debug_abbrev  0x00001a79      0x306 .\CortexM0\ARM_GCC_Generic\Debug\os_task.o
 .debug_abbrev  0x00001d7f      0x2a9 .\CortexM0\ARM_GCC_Generic\Debug\os_time.o
 .debug_abbrev  0x00002028      0x3a4 .\CortexM0\ARM_GCC_Generic\Debug\os_tmr.o
 .debug_abbrev  0x000023cc      0x2a5 .\CortexM0\ARM_GCC_Generic\Debug\lib_math.o
 .debug_abbrev  0x00002671      0x2be .\CortexM0\ARM_GCC_Generic\Debug\lib_mem.o
 .debug_abbrev  0x0000292f      0x30f .\CortexM0\ARM_GCC_Generic\Debug\cyfitter_cfg.o
 .debug_abbrev  0x00002c3e       0x61 .\CortexM0\ARM_GCC_Generic\Debug\cymetadata.o
 .debug_abbrev  0x00002c9f      0x332 .\CortexM0\ARM_GCC_Generic\Debug\Cm0Start.o
 .debug_abbrev  0x00002fd1       0x14 .\CortexM0\ARM_GCC_Generic\Debug\cpu_a.o
 .debug_abbrev  0x00002fe5       0x14 .\CortexM0\ARM_GCC_Generic\Debug\os_cpu_a.o
 .debug_abbrev  0x00002ff9      0x2b3 .\CortexM0\ARM_GCC_Generic\Debug\OS2.a(PWM_Blue.o)
 .debug_abbrev  0x000032ac      0x2b3 .\CortexM0\ARM_GCC_Generic\Debug\OS2.a(PWM_Green.o)
 .debug_abbrev  0x0000355f      0x2b3 .\CortexM0\ARM_GCC_Generic\Debug\OS2.a(PWM_Red.o)
 .debug_abbrev  0x00003812       0xe9 .\CortexM0\ARM_GCC_Generic\Debug\OS2.a(Accel_Pin.o)
 .debug_abbrev  0x000038fb      0x2b2 .\CortexM0\ARM_GCC_Generic\Debug\OS2.a(I2C.o)
 .debug_abbrev  0x00003bad      0x23d .\CortexM0\ARM_GCC_Generic\Debug\OS2.a(I2C_I2C.o)
 .debug_abbrev  0x00003dea      0x341 .\CortexM0\ARM_GCC_Generic\Debug\OS2.a(I2C_I2C_MASTER.o)
 .debug_abbrev  0x0000412b       0xe9 .\CortexM0\ARM_GCC_Generic\Debug\OS2.a(SW2.o)
 .debug_abbrev  0x00004214      0x30d .\CortexM0\ARM_GCC_Generic\Debug\OS2.a(Accel_ISR.o)
 .debug_abbrev  0x00004521      0x2fc .\CortexM0\ARM_GCC_Generic\Debug\OS2.a(Temp_Sensor.o)
 .debug_abbrev  0x0000481d      0x20f .\CortexM0\ARM_GCC_Generic\Debug\OS2.a(Temp_Sensor_INT.o)
 .debug_abbrev  0x00004a2c       0xed .\CortexM0\ARM_GCC_Generic\Debug\OS2.a(Opamp.o)
 .debug_abbrev  0x00004b19      0x31e .\CortexM0\ARM_GCC_Generic\Debug\OS2.a(ADC.o)
 .debug_abbrev  0x00004e37      0x1ef .\CortexM0\ARM_GCC_Generic\Debug\OS2.a(ADC_INT.o)
 .debug_abbrev  0x00005026       0xe9 .\CortexM0\ARM_GCC_Generic\Debug\OS2.a(I2C_sda.o)
 .debug_abbrev  0x0000510f       0xe9 .\CortexM0\ARM_GCC_Generic\Debug\OS2.a(I2C_scl.o)
 .debug_abbrev  0x000051f8      0x30d .\CortexM0\ARM_GCC_Generic\Debug\OS2.a(Temp_Sensor_EOC_ISR.o)
 .debug_abbrev  0x00005505      0x354 .\CortexM0\ARM_GCC_Generic\Debug\OS2.a(CyLib.o)
 .debug_abbrev  0x00005859      0x377 .\CortexM0\ARM_GCC_Generic\Debug\OS2.a(CyLFClk.o)
 .debug_abbrev  0x00005bd0       0x14 .\CortexM0\ARM_GCC_Generic\Debug\OS2.a(CyBootAsmGnu.o)
 .debug_abbrev  0x00005be4      0x20f .\CortexM0\ARM_GCC_Generic\Debug\OS2.a(I2C_I2C_INT.o)

.debug_line     0x00000000     0xc528
 *(.debug_line)
 .debug_line    0x00000000      0x431 .\CortexM0\ARM_GCC_Generic\Debug\app.o
 .debug_line    0x00000431      0x249 .\CortexM0\ARM_GCC_Generic\Debug\app_hooks.o
 .debug_line    0x0000067a      0x3fd .\CortexM0\ARM_GCC_Generic\Debug\bsp_os.o
 .debug_line    0x00000a77      0x387 .\CortexM0\ARM_GCC_Generic\Debug\cpu_bsp.o
 .debug_line    0x00000dfe      0x7a8 .\CortexM0\ARM_GCC_Generic\Debug\bsp.o
 .debug_line    0x000015a6      0x96f .\CortexM0\ARM_GCC_Generic\Debug\cpu_core.o
 .debug_line    0x00001f15      0x429 .\CortexM0\ARM_GCC_Generic\Debug\os_cpu_c.o
 .debug_line    0x0000233e      0xc36 .\CortexM0\ARM_GCC_Generic\Debug\os_core.o
 .debug_line    0x00002f74      0x741 .\CortexM0\ARM_GCC_Generic\Debug\os_sem.o
 .debug_line    0x000036b5      0x8e6 .\CortexM0\ARM_GCC_Generic\Debug\os_task.o
 .debug_line    0x00003f9b      0x3c4 .\CortexM0\ARM_GCC_Generic\Debug\os_time.o
 .debug_line    0x0000435f      0xbba .\CortexM0\ARM_GCC_Generic\Debug\os_tmr.o
 .debug_line    0x00004f19      0x25e .\CortexM0\ARM_GCC_Generic\Debug\lib_math.o
 .debug_line    0x00005177      0x5d0 .\CortexM0\ARM_GCC_Generic\Debug\lib_mem.o
 .debug_line    0x00005747      0x34b .\CortexM0\ARM_GCC_Generic\Debug\cyfitter_cfg.o
 .debug_line    0x00005a92      0x119 .\CortexM0\ARM_GCC_Generic\Debug\cymetadata.o
 .debug_line    0x00005bab      0x3c2 .\CortexM0\ARM_GCC_Generic\Debug\Cm0Start.o
 .debug_line    0x00005f6d       0x7e .\CortexM0\ARM_GCC_Generic\Debug\cpu_a.o
 .debug_line    0x00005feb       0xdc .\CortexM0\ARM_GCC_Generic\Debug\os_cpu_a.o
 .debug_line    0x000060c7      0x883 .\CortexM0\ARM_GCC_Generic\Debug\OS2.a(PWM_Blue.o)
 .debug_line    0x0000694a      0x885 .\CortexM0\ARM_GCC_Generic\Debug\OS2.a(PWM_Green.o)
 .debug_line    0x000071cf      0x881 .\CortexM0\ARM_GCC_Generic\Debug\OS2.a(PWM_Red.o)
 .debug_line    0x00007a50      0x144 .\CortexM0\ARM_GCC_Generic\Debug\OS2.a(Accel_Pin.o)
 .debug_line    0x00007b94      0x360 .\CortexM0\ARM_GCC_Generic\Debug\OS2.a(I2C.o)
 .debug_line    0x00007ef4      0x2e8 .\CortexM0\ARM_GCC_Generic\Debug\OS2.a(I2C_I2C.o)
 .debug_line    0x000081dc      0xa4d .\CortexM0\ARM_GCC_Generic\Debug\OS2.a(I2C_I2C_MASTER.o)
 .debug_line    0x00008c29      0x13c .\CortexM0\ARM_GCC_Generic\Debug\OS2.a(SW2.o)
 .debug_line    0x00008d65      0x344 .\CortexM0\ARM_GCC_Generic\Debug\OS2.a(Accel_ISR.o)
 .debug_line    0x000090a9      0x3f5 .\CortexM0\ARM_GCC_Generic\Debug\OS2.a(Temp_Sensor.o)
 .debug_line    0x0000949e      0x276 .\CortexM0\ARM_GCC_Generic\Debug\OS2.a(Temp_Sensor_INT.o)
 .debug_line    0x00009714      0x154 .\CortexM0\ARM_GCC_Generic\Debug\OS2.a(Opamp.o)
 .debug_line    0x00009868      0x6b4 .\CortexM0\ARM_GCC_Generic\Debug\OS2.a(ADC.o)
 .debug_line    0x00009f1c      0x1ce .\CortexM0\ARM_GCC_Generic\Debug\OS2.a(ADC_INT.o)
 .debug_line    0x0000a0ea      0x142 .\CortexM0\ARM_GCC_Generic\Debug\OS2.a(I2C_sda.o)
 .debug_line    0x0000a22c      0x135 .\CortexM0\ARM_GCC_Generic\Debug\OS2.a(I2C_scl.o)
 .debug_line    0x0000a361      0x347 .\CortexM0\ARM_GCC_Generic\Debug\OS2.a(Temp_Sensor_EOC_ISR.o)
 .debug_line    0x0000a6a8      0xb23 .\CortexM0\ARM_GCC_Generic\Debug\OS2.a(CyLib.o)
 .debug_line    0x0000b1cb      0xdc9 .\CortexM0\ARM_GCC_Generic\Debug\OS2.a(CyLFClk.o)
 .debug_line    0x0000bf94       0x69 .\CortexM0\ARM_GCC_Generic\Debug\OS2.a(CyBootAsmGnu.o)
 .debug_line    0x0000bffd      0x52b .\CortexM0\ARM_GCC_Generic\Debug\OS2.a(I2C_I2C_INT.o)

.debug_frame    0x00000000     0x2fc8
 *(.debug_frame)
 .debug_frame   0x00000000       0x4c .\CortexM0\ARM_GCC_Generic\Debug\app.o
 .debug_frame   0x0000004c       0x90 .\CortexM0\ARM_GCC_Generic\Debug\app_hooks.o
 .debug_frame   0x000000dc       0xa4 .\CortexM0\ARM_GCC_Generic\Debug\bsp_os.o
 .debug_frame   0x00000180       0x58 .\CortexM0\ARM_GCC_Generic\Debug\cpu_bsp.o
 .debug_frame   0x000001d8      0x194 .\CortexM0\ARM_GCC_Generic\Debug\bsp.o
 .debug_frame   0x0000036c      0x2d8 .\CortexM0\ARM_GCC_Generic\Debug\cpu_core.o
 .debug_frame   0x00000644      0x164 .\CortexM0\ARM_GCC_Generic\Debug\os_cpu_c.o
 .debug_frame   0x000007a8      0x2d4 .\CortexM0\ARM_GCC_Generic\Debug\os_core.o
 .debug_frame   0x00000a7c      0x12c .\CortexM0\ARM_GCC_Generic\Debug\os_sem.o
 .debug_frame   0x00000ba8      0x184 .\CortexM0\ARM_GCC_Generic\Debug\os_task.o
 .debug_frame   0x00000d2c       0xa4 .\CortexM0\ARM_GCC_Generic\Debug\os_time.o
 .debug_frame   0x00000dd0      0x1e0 .\CortexM0\ARM_GCC_Generic\Debug\os_tmr.o
 .debug_frame   0x00000fb0       0x7c .\CortexM0\ARM_GCC_Generic\Debug\lib_math.o
 .debug_frame   0x0000102c       0xb0 .\CortexM0\ARM_GCC_Generic\Debug\lib_mem.o
 .debug_frame   0x000010dc       0xbc .\CortexM0\ARM_GCC_Generic\Debug\cyfitter_cfg.o
 .debug_frame   0x00001198       0xbc .\CortexM0\ARM_GCC_Generic\Debug\Cm0Start.o
 .debug_frame   0x00001254      0x390 .\CortexM0\ARM_GCC_Generic\Debug\OS2.a(PWM_Blue.o)
 .debug_frame   0x000015e4      0x390 .\CortexM0\ARM_GCC_Generic\Debug\OS2.a(PWM_Green.o)
 .debug_frame   0x00001974      0x390 .\CortexM0\ARM_GCC_Generic\Debug\OS2.a(PWM_Red.o)
 .debug_frame   0x00001d04       0x70 .\CortexM0\ARM_GCC_Generic\Debug\OS2.a(Accel_Pin.o)
 .debug_frame   0x00001d74       0xf8 .\CortexM0\ARM_GCC_Generic\Debug\OS2.a(I2C.o)
 .debug_frame   0x00001e6c       0x58 .\CortexM0\ARM_GCC_Generic\Debug\OS2.a(I2C_I2C.o)
 .debug_frame   0x00001ec4      0x1e8 .\CortexM0\ARM_GCC_Generic\Debug\OS2.a(I2C_I2C_MASTER.o)
 .debug_frame   0x000020ac       0x70 .\CortexM0\ARM_GCC_Generic\Debug\OS2.a(SW2.o)
 .debug_frame   0x0000211c      0x110 .\CortexM0\ARM_GCC_Generic\Debug\OS2.a(Accel_ISR.o)
 .debug_frame   0x0000222c       0xec .\CortexM0\ARM_GCC_Generic\Debug\OS2.a(Temp_Sensor.o)
 .debug_frame   0x00002318       0x2c .\CortexM0\ARM_GCC_Generic\Debug\OS2.a(Temp_Sensor_INT.o)
 .debug_frame   0x00002344       0x7c .\CortexM0\ARM_GCC_Generic\Debug\OS2.a(Opamp.o)
 .debug_frame   0x000023c0      0x1b0 .\CortexM0\ARM_GCC_Generic\Debug\OS2.a(ADC.o)
 .debug_frame   0x00002570       0x20 .\CortexM0\ARM_GCC_Generic\Debug\OS2.a(ADC_INT.o)
 .debug_frame   0x00002590       0x70 .\CortexM0\ARM_GCC_Generic\Debug\OS2.a(I2C_sda.o)
 .debug_frame   0x00002600       0x70 .\CortexM0\ARM_GCC_Generic\Debug\OS2.a(I2C_scl.o)
 .debug_frame   0x00002670      0x110 .\CortexM0\ARM_GCC_Generic\Debug\OS2.a(Temp_Sensor_EOC_ISR.o)
 .debug_frame   0x00002780      0x3e0 .\CortexM0\ARM_GCC_Generic\Debug\OS2.a(CyLib.o)
 .debug_frame   0x00002b60      0x3ac .\CortexM0\ARM_GCC_Generic\Debug\OS2.a(CyLFClk.o)
 .debug_frame   0x00002f0c       0x30 .\CortexM0\ARM_GCC_Generic\Debug\OS2.a(I2C_I2C_INT.o)
 .debug_frame   0x00002f3c       0x20 c:/program files (x86)/gnu tools arm embedded/8 2018-q4-major/bin/../lib/gcc/arm-none-eabi/8.2.1/thumb/v6-m/nofp\libgcc.a(_udivsi3.o)
 .debug_frame   0x00002f5c       0x20 c:/program files (x86)/gnu tools arm embedded/8 2018-q4-major/bin/../lib/gcc/arm-none-eabi/8.2.1/../../../../arm-none-eabi/lib/thumb/v6-m/nofp\libg_nano.a(lib_a-errno.o)
 .debug_frame   0x00002f7c       0x2c c:/program files (x86)/gnu tools arm embedded/8 2018-q4-major/bin/../lib/gcc/arm-none-eabi/8.2.1/../../../../arm-none-eabi/lib/thumb/v6-m/nofp\libg_nano.a(lib_a-init.o)
 .debug_frame   0x00002fa8       0x20 c:/program files (x86)/gnu tools arm embedded/8 2018-q4-major/bin/../lib/gcc/arm-none-eabi/8.2.1/../../../../arm-none-eabi/lib/thumb/v6-m/nofp\libg_nano.a(lib_a-memset.o)

.debug_str      0x00000000     0x43aa
 *(.debug_str)
 .debug_str     0x00000000      0xd11 .\CortexM0\ARM_GCC_Generic\Debug\app.o
                                0xdb0 (size before relaxing)
 .debug_str     0x00000d11       0x9f .\CortexM0\ARM_GCC_Generic\Debug\app_hooks.o
                                0xa11 (size before relaxing)
 .debug_str     0x00000db0      0x107 .\CortexM0\ARM_GCC_Generic\Debug\bsp_os.o
                                0xbd6 (size before relaxing)
 .debug_str     0x00000eb7       0xa8 .\CortexM0\ARM_GCC_Generic\Debug\cpu_bsp.o
                                0xc2b (size before relaxing)
 .debug_str     0x00000f5f      0x336 .\CortexM0\ARM_GCC_Generic\Debug\bsp.o
                                0xeab (size before relaxing)
 .debug_str     0x00001295      0x315 .\CortexM0\ARM_GCC_Generic\Debug\cpu_core.o
                                0xa2d (size before relaxing)
 .debug_str     0x000015aa      0x180 .\CortexM0\ARM_GCC_Generic\Debug\os_cpu_c.o
                                0xbae (size before relaxing)
 .debug_str     0x0000172a      0x230 .\CortexM0\ARM_GCC_Generic\Debug\os_core.o
                                0xcb5 (size before relaxing)
 .debug_str     0x0000195a       0xc7 .\CortexM0\ARM_GCC_Generic\Debug\os_sem.o
                                0xaef (size before relaxing)
 .debug_str     0x00001a21       0xf3 .\CortexM0\ARM_GCC_Generic\Debug\os_task.o
                                0xb7b (size before relaxing)
 .debug_str     0x00001b14       0x66 .\CortexM0\ARM_GCC_Generic\Debug\os_time.o
                                0xa43 (size before relaxing)
 .debug_str     0x00001b7a      0x127 .\CortexM0\ARM_GCC_Generic\Debug\os_tmr.o
                                0xb33 (size before relaxing)
 .debug_str     0x00001ca1       0x79 .\CortexM0\ARM_GCC_Generic\Debug\lib_math.o
                                0x75e (size before relaxing)
 .debug_str     0x00001d1a      0x182 .\CortexM0\ARM_GCC_Generic\Debug\lib_mem.o
                                0x85d (size before relaxing)
 .debug_str     0x00001e9c      0x148 .\CortexM0\ARM_GCC_Generic\Debug\cyfitter_cfg.o
                                0x78e (size before relaxing)
 .debug_str     0x00001fe4       0x63 .\CortexM0\ARM_GCC_Generic\Debug\cymetadata.o
                                0x203 (size before relaxing)
 .debug_str     0x00002047      0x14c .\CortexM0\ARM_GCC_Generic\Debug\Cm0Start.o
                                0x792 (size before relaxing)
 .debug_str     0x00002193       0x4b .\CortexM0\ARM_GCC_Generic\Debug\cpu_a.o
                                 0xb9 (size before relaxing)
 .debug_str     0x000021de       0x4e .\CortexM0\ARM_GCC_Generic\Debug\os_cpu_a.o
                                 0xcb (size before relaxing)
 .debug_str     0x0000222c      0x444 .\CortexM0\ARM_GCC_Generic\Debug\OS2.a(PWM_Blue.o)
                                0xaa9 (size before relaxing)
 .debug_str     0x00002670      0x380 .\CortexM0\ARM_GCC_Generic\Debug\OS2.a(PWM_Green.o)
                                0xad3 (size before relaxing)
 .debug_str     0x000029f0      0x334 .\CortexM0\ARM_GCC_Generic\Debug\OS2.a(PWM_Red.o)
                                0xa7f (size before relaxing)
 .debug_str     0x00002d24       0xae .\CortexM0\ARM_GCC_Generic\Debug\OS2.a(Accel_Pin.o)
                                0x296 (size before relaxing)
 .debug_str     0x00002dd2      0x20e .\CortexM0\ARM_GCC_Generic\Debug\OS2.a(I2C.o)
                                0x851 (size before relaxing)
 .debug_str     0x00002fe0       0x46 .\CortexM0\ARM_GCC_Generic\Debug\OS2.a(I2C_I2C.o)
                                0x78c (size before relaxing)
 .debug_str     0x00003026      0x1f8 .\CortexM0\ARM_GCC_Generic\Debug\OS2.a(I2C_I2C_MASTER.o)
                                0x9be (size before relaxing)
 .debug_str     0x0000321e       0x70 .\CortexM0\ARM_GCC_Generic\Debug\OS2.a(SW2.o)
                                0x26c (size before relaxing)
 .debug_str     0x0000328e      0x133 .\CortexM0\ARM_GCC_Generic\Debug\OS2.a(Accel_ISR.o)
                                0x79c (size before relaxing)
 .debug_str     0x000033c1      0x184 .\CortexM0\ARM_GCC_Generic\Debug\OS2.a(Temp_Sensor.o)
                                0x836 (size before relaxing)
 .debug_str     0x00003545       0x4a .\CortexM0\ARM_GCC_Generic\Debug\OS2.a(Temp_Sensor_INT.o)
                                0x6f8 (size before relaxing)
 .debug_str     0x0000358f       0x83 .\CortexM0\ARM_GCC_Generic\Debug\OS2.a(Opamp.o)
                                0x25a (size before relaxing)
 .debug_str     0x00003612      0x195 .\CortexM0\ARM_GCC_Generic\Debug\OS2.a(ADC.o)
                                0x83e (size before relaxing)
 .debug_str     0x000037a7       0x35 .\CortexM0\ARM_GCC_Generic\Debug\OS2.a(ADC_INT.o)
                                0x674 (size before relaxing)
 .debug_str     0x000037dc       0x88 .\CortexM0\ARM_GCC_Generic\Debug\OS2.a(I2C_sda.o)
                                0x288 (size before relaxing)
 .debug_str     0x00003864       0x7a .\CortexM0\ARM_GCC_Generic\Debug\OS2.a(I2C_scl.o)
                                0x288 (size before relaxing)
 .debug_str     0x000038de      0x157 .\CortexM0\ARM_GCC_Generic\Debug\OS2.a(Temp_Sensor_EOC_ISR.o)
                                0x828 (size before relaxing)
 .debug_str     0x00003a35      0x3e6 .\CortexM0\ARM_GCC_Generic\Debug\OS2.a(CyLib.o)
                                0xad5 (size before relaxing)
 .debug_str     0x00003e1b      0x522 .\CortexM0\ARM_GCC_Generic\Debug\OS2.a(CyLFClk.o)
                                0xba9 (size before relaxing)
 .debug_str     0x0000433d       0x26 .\CortexM0\ARM_GCC_Generic\Debug\OS2.a(CyBootAsmGnu.o)
                                 0xa3 (size before relaxing)
 .debug_str     0x00004363       0x47 .\CortexM0\ARM_GCC_Generic\Debug\OS2.a(I2C_I2C_INT.o)
                                0x76d (size before relaxing)

.debug_loc      0x00000000     0x9776
 *(.debug_loc)
 .debug_loc     0x00000000       0xe9 .\CortexM0\ARM_GCC_Generic\Debug\app.o
 .debug_loc     0x000000e9      0x207 .\CortexM0\ARM_GCC_Generic\Debug\bsp_os.o
 .debug_loc     0x000002f0       0x76 .\CortexM0\ARM_GCC_Generic\Debug\cpu_bsp.o
 .debug_loc     0x00000366      0x68c .\CortexM0\ARM_GCC_Generic\Debug\bsp.o
 .debug_loc     0x000009f2      0xc03 .\CortexM0\ARM_GCC_Generic\Debug\cpu_core.o
 .debug_loc     0x000015f5      0x4b8 .\CortexM0\ARM_GCC_Generic\Debug\os_cpu_c.o
 .debug_loc     0x00001aad      0x90d .\CortexM0\ARM_GCC_Generic\Debug\os_core.o
 .debug_loc     0x000023ba      0x999 .\CortexM0\ARM_GCC_Generic\Debug\os_sem.o
 .debug_loc     0x00002d53      0xf92 .\CortexM0\ARM_GCC_Generic\Debug\os_task.o
 .debug_loc     0x00003ce5      0x2f9 .\CortexM0\ARM_GCC_Generic\Debug\os_time.o
 .debug_loc     0x00003fde      0xa24 .\CortexM0\ARM_GCC_Generic\Debug\os_tmr.o
 .debug_loc     0x00004a02      0x114 .\CortexM0\ARM_GCC_Generic\Debug\lib_math.o
 .debug_loc     0x00004b16      0xb27 .\CortexM0\ARM_GCC_Generic\Debug\lib_mem.o
 .debug_loc     0x0000563d      0x176 .\CortexM0\ARM_GCC_Generic\Debug\cyfitter_cfg.o
 .debug_loc     0x000057b3      0x1cd .\CortexM0\ARM_GCC_Generic\Debug\Cm0Start.o
 .debug_loc     0x00005980      0x5cc .\CortexM0\ARM_GCC_Generic\Debug\OS2.a(PWM_Blue.o)
 .debug_loc     0x00005f4c      0x5cc .\CortexM0\ARM_GCC_Generic\Debug\OS2.a(PWM_Green.o)
 .debug_loc     0x00006518      0x5cc .\CortexM0\ARM_GCC_Generic\Debug\OS2.a(PWM_Red.o)
 .debug_loc     0x00006ae4       0xcb .\CortexM0\ARM_GCC_Generic\Debug\OS2.a(Accel_Pin.o)
 .debug_loc     0x00006baf       0x44 .\CortexM0\ARM_GCC_Generic\Debug\OS2.a(I2C.o)
 .debug_loc     0x00006bf3      0xb9b .\CortexM0\ARM_GCC_Generic\Debug\OS2.a(I2C_I2C_MASTER.o)
 .debug_loc     0x0000778e       0xcb .\CortexM0\ARM_GCC_Generic\Debug\OS2.a(SW2.o)
 .debug_loc     0x00007859       0x92 .\CortexM0\ARM_GCC_Generic\Debug\OS2.a(Accel_ISR.o)
 .debug_loc     0x000078eb      0x126 .\CortexM0\ARM_GCC_Generic\Debug\OS2.a(Temp_Sensor.o)
 .debug_loc     0x00007a11       0x5f .\CortexM0\ARM_GCC_Generic\Debug\OS2.a(Temp_Sensor_INT.o)
 .debug_loc     0x00007a70       0x3a .\CortexM0\ARM_GCC_Generic\Debug\OS2.a(Opamp.o)
 .debug_loc     0x00007aaa      0x4dc .\CortexM0\ARM_GCC_Generic\Debug\OS2.a(ADC.o)
 .debug_loc     0x00007f86       0x15 .\CortexM0\ARM_GCC_Generic\Debug\OS2.a(ADC_INT.o)
 .debug_loc     0x00007f9b       0xcb .\CortexM0\ARM_GCC_Generic\Debug\OS2.a(I2C_sda.o)
 .debug_loc     0x00008066       0x71 .\CortexM0\ARM_GCC_Generic\Debug\OS2.a(I2C_scl.o)
 .debug_loc     0x000080d7       0x92 .\CortexM0\ARM_GCC_Generic\Debug\OS2.a(Temp_Sensor_EOC_ISR.o)
 .debug_loc     0x00008169      0x7e8 .\CortexM0\ARM_GCC_Generic\Debug\OS2.a(CyLib.o)
 .debug_loc     0x00008951      0xcb8 .\CortexM0\ARM_GCC_Generic\Debug\OS2.a(CyLFClk.o)
 .debug_loc     0x00009609      0x16d .\CortexM0\ARM_GCC_Generic\Debug\OS2.a(I2C_I2C_INT.o)

.debug_macinfo
 *(.debug_macinfo)

.debug_ranges   0x00000000     0x1068
 *(.debug_ranges)
 .debug_ranges  0x00000000       0x18 .\CortexM0\ARM_GCC_Generic\Debug\app.o
 .debug_ranges  0x00000018       0x48 .\CortexM0\ARM_GCC_Generic\Debug\app_hooks.o
 .debug_ranges  0x00000060       0x30 .\CortexM0\ARM_GCC_Generic\Debug\bsp_os.o
 .debug_ranges  0x00000090       0x20 .\CortexM0\ARM_GCC_Generic\Debug\cpu_bsp.o
 .debug_ranges  0x000000b0       0x70 .\CortexM0\ARM_GCC_Generic\Debug\bsp.o
 .debug_ranges  0x00000120       0xe8 .\CortexM0\ARM_GCC_Generic\Debug\cpu_core.o
 .debug_ranges  0x00000208       0x70 .\CortexM0\ARM_GCC_Generic\Debug\os_cpu_c.o
 .debug_ranges  0x00000278       0xe8 .\CortexM0\ARM_GCC_Generic\Debug\os_core.o
 .debug_ranges  0x00000360       0x48 .\CortexM0\ARM_GCC_Generic\Debug\os_sem.o
 .debug_ranges  0x000003a8       0x60 .\CortexM0\ARM_GCC_Generic\Debug\os_task.o
 .debug_ranges  0x00000408       0x30 .\CortexM0\ARM_GCC_Generic\Debug\os_time.o
 .debug_ranges  0x00000438       0x80 .\CortexM0\ARM_GCC_Generic\Debug\os_tmr.o
 .debug_ranges  0x000004b8       0x28 .\CortexM0\ARM_GCC_Generic\Debug\lib_math.o
 .debug_ranges  0x000004e0       0x38 .\CortexM0\ARM_GCC_Generic\Debug\lib_mem.o
 .debug_ranges  0x00000518       0x38 .\CortexM0\ARM_GCC_Generic\Debug\cyfitter_cfg.o
 .debug_ranges  0x00000550       0x50 .\CortexM0\ARM_GCC_Generic\Debug\Cm0Start.o
 .debug_ranges  0x000005a0      0x148 .\CortexM0\ARM_GCC_Generic\Debug\OS2.a(PWM_Blue.o)
 .debug_ranges  0x000006e8      0x148 .\CortexM0\ARM_GCC_Generic\Debug\OS2.a(PWM_Green.o)
 .debug_ranges  0x00000830      0x148 .\CortexM0\ARM_GCC_Generic\Debug\OS2.a(PWM_Red.o)
 .debug_ranges  0x00000978       0x38 .\CortexM0\ARM_GCC_Generic\Debug\OS2.a(Accel_Pin.o)
 .debug_ranges  0x000009b0       0x58 .\CortexM0\ARM_GCC_Generic\Debug\OS2.a(I2C.o)
 .debug_ranges  0x00000a08       0x20 .\CortexM0\ARM_GCC_Generic\Debug\OS2.a(I2C_I2C.o)
 .debug_ranges  0x00000a28       0xd0 .\CortexM0\ARM_GCC_Generic\Debug\OS2.a(I2C_I2C_MASTER.o)
 .debug_ranges  0x00000af8       0x38 .\CortexM0\ARM_GCC_Generic\Debug\OS2.a(SW2.o)
 .debug_ranges  0x00000b30       0x70 .\CortexM0\ARM_GCC_Generic\Debug\OS2.a(Accel_ISR.o)
 .debug_ranges  0x00000ba0       0x50 .\CortexM0\ARM_GCC_Generic\Debug\OS2.a(Temp_Sensor.o)
 .debug_ranges  0x00000bf0       0x10 .\CortexM0\ARM_GCC_Generic\Debug\OS2.a(Temp_Sensor_INT.o)
 .debug_ranges  0x00000c00       0x38 .\CortexM0\ARM_GCC_Generic\Debug\OS2.a(Opamp.o)
 .debug_ranges  0x00000c38       0x98 .\CortexM0\ARM_GCC_Generic\Debug\OS2.a(ADC.o)
 .debug_ranges  0x00000cd0       0x10 .\CortexM0\ARM_GCC_Generic\Debug\OS2.a(ADC_INT.o)
 .debug_ranges  0x00000ce0       0x38 .\CortexM0\ARM_GCC_Generic\Debug\OS2.a(I2C_sda.o)
 .debug_ranges  0x00000d18       0x38 .\CortexM0\ARM_GCC_Generic\Debug\OS2.a(I2C_scl.o)
 .debug_ranges  0x00000d50       0x70 .\CortexM0\ARM_GCC_Generic\Debug\OS2.a(Temp_Sensor_EOC_ISR.o)
 .debug_ranges  0x00000dc0      0x170 .\CortexM0\ARM_GCC_Generic\Debug\OS2.a(CyLib.o)
 .debug_ranges  0x00000f30      0x128 .\CortexM0\ARM_GCC_Generic\Debug\OS2.a(CyLFClk.o)
 .debug_ranges  0x00001058       0x10 .\CortexM0\ARM_GCC_Generic\Debug\OS2.a(I2C_I2C_INT.o)

.comment        0x00000000       0x75
 .comment       0x00000000       0x75 .\CortexM0\ARM_GCC_Generic\Debug\app.o
                                 0x76 (size before relaxing)
 .comment       0x00000075       0x76 .\CortexM0\ARM_GCC_Generic\Debug\app_hooks.o
 .comment       0x00000075       0x76 .\CortexM0\ARM_GCC_Generic\Debug\bsp_os.o
 .comment       0x00000075       0x76 .\CortexM0\ARM_GCC_Generic\Debug\cpu_bsp.o
 .comment       0x00000075       0x76 .\CortexM0\ARM_GCC_Generic\Debug\bsp.o
 .comment       0x00000075       0x76 .\CortexM0\ARM_GCC_Generic\Debug\cpu_core.o
 .comment       0x00000075       0x76 .\CortexM0\ARM_GCC_Generic\Debug\os_cpu_c.o
 .comment       0x00000075       0x76 .\CortexM0\ARM_GCC_Generic\Debug\os_core.o
 .comment       0x00000075       0x76 .\CortexM0\ARM_GCC_Generic\Debug\os_sem.o
 .comment       0x00000075       0x76 .\CortexM0\ARM_GCC_Generic\Debug\os_task.o
 .comment       0x00000075       0x76 .\CortexM0\ARM_GCC_Generic\Debug\os_time.o
 .comment       0x00000075       0x76 .\CortexM0\ARM_GCC_Generic\Debug\os_tmr.o
 .comment       0x00000075       0x76 .\CortexM0\ARM_GCC_Generic\Debug\lib_math.o
 .comment       0x00000075       0x76 .\CortexM0\ARM_GCC_Generic\Debug\lib_mem.o
 .comment       0x00000075       0x76 .\CortexM0\ARM_GCC_Generic\Debug\cyfitter_cfg.o
 .comment       0x00000075       0x76 .\CortexM0\ARM_GCC_Generic\Debug\cymetadata.o
 .comment       0x00000075       0x76 .\CortexM0\ARM_GCC_Generic\Debug\Cm0Start.o
 .comment       0x00000075       0x76 .\CortexM0\ARM_GCC_Generic\Debug\OS2.a(PWM_Blue.o)
 .comment       0x00000075       0x76 .\CortexM0\ARM_GCC_Generic\Debug\OS2.a(PWM_Green.o)
 .comment       0x00000075       0x76 .\CortexM0\ARM_GCC_Generic\Debug\OS2.a(PWM_Red.o)
 .comment       0x00000075       0x76 .\CortexM0\ARM_GCC_Generic\Debug\OS2.a(Accel_Pin.o)
 .comment       0x00000075       0x76 .\CortexM0\ARM_GCC_Generic\Debug\OS2.a(I2C.o)
 .comment       0x00000075       0x76 .\CortexM0\ARM_GCC_Generic\Debug\OS2.a(I2C_I2C.o)
 .comment       0x00000075       0x76 .\CortexM0\ARM_GCC_Generic\Debug\OS2.a(I2C_I2C_MASTER.o)
 .comment       0x00000075       0x76 .\CortexM0\ARM_GCC_Generic\Debug\OS2.a(SW2.o)
 .comment       0x00000075       0x76 .\CortexM0\ARM_GCC_Generic\Debug\OS2.a(Accel_ISR.o)
 .comment       0x00000075       0x76 .\CortexM0\ARM_GCC_Generic\Debug\OS2.a(Temp_Sensor.o)
 .comment       0x00000075       0x76 .\CortexM0\ARM_GCC_Generic\Debug\OS2.a(Temp_Sensor_INT.o)
 .comment       0x00000075       0x76 .\CortexM0\ARM_GCC_Generic\Debug\OS2.a(Opamp.o)
 .comment       0x00000075       0x76 .\CortexM0\ARM_GCC_Generic\Debug\OS2.a(ADC.o)
 .comment       0x00000075       0x76 .\CortexM0\ARM_GCC_Generic\Debug\OS2.a(ADC_INT.o)
 .comment       0x00000075       0x76 .\CortexM0\ARM_GCC_Generic\Debug\OS2.a(I2C_sda.o)
 .comment       0x00000075       0x76 .\CortexM0\ARM_GCC_Generic\Debug\OS2.a(I2C_scl.o)
 .comment       0x00000075       0x76 .\CortexM0\ARM_GCC_Generic\Debug\OS2.a(Temp_Sensor_EOC_ISR.o)
 .comment       0x00000075       0x76 .\CortexM0\ARM_GCC_Generic\Debug\OS2.a(CyLib.o)
 .comment       0x00000075       0x76 .\CortexM0\ARM_GCC_Generic\Debug\OS2.a(CyLFClk.o)
 .comment       0x00000075       0x76 .\CortexM0\ARM_GCC_Generic\Debug\OS2.a(I2C_I2C_INT.o)

.debug_weaknames
 *(.debug_weaknames)

.debug_funcnames
 *(.debug_funcnames)

.debug_typenames
 *(.debug_typenames)

.debug_varnames
 *(.debug_varnames)

.note.gnu.arm.ident
 *(.note.gnu.arm.ident)

.ARM.attributes
                0x00000000       0x28
 *(.ARM.attributes)
 .ARM.attributes
                0x00000000       0x1e c:/program files (x86)/gnu tools arm embedded/8 2018-q4-major/bin/../lib/gcc/arm-none-eabi/8.2.1/thumb/v6-m/nofp/crti.o
 .ARM.attributes
                0x0000001e       0x2c c:/program files (x86)/gnu tools arm embedded/8 2018-q4-major/bin/../lib/gcc/arm-none-eabi/8.2.1/thumb/v6-m/nofp/crtbegin.o
 .ARM.attributes
                0x0000004a       0x1b c:/program files (x86)/gnu tools arm embedded/8 2018-q4-major/bin/../lib/gcc/arm-none-eabi/8.2.1/../../../../arm-none-eabi/lib/thumb/v6-m/nofp/crt0.o
 .ARM.attributes
                0x00000065       0x2c .\CortexM0\ARM_GCC_Generic\Debug\app.o
 .ARM.attributes
                0x00000091       0x2c .\CortexM0\ARM_GCC_Generic\Debug\app_hooks.o
 .ARM.attributes
                0x000000bd       0x2c .\CortexM0\ARM_GCC_Generic\Debug\bsp_os.o
 .ARM.attributes
                0x000000e9       0x2c .\CortexM0\ARM_GCC_Generic\Debug\cpu_bsp.o
 .ARM.attributes
                0x00000115       0x2c .\CortexM0\ARM_GCC_Generic\Debug\bsp.o
 .ARM.attributes
                0x00000141       0x2c .\CortexM0\ARM_GCC_Generic\Debug\cpu_c.o
 .ARM.attributes
                0x0000016d       0x2c .\CortexM0\ARM_GCC_Generic\Debug\cpu_core.o
 .ARM.attributes
                0x00000199       0x2c .\CortexM0\ARM_GCC_Generic\Debug\os_cpu_c.o
 .ARM.attributes
                0x000001c5       0x2c .\CortexM0\ARM_GCC_Generic\Debug\os_core.o
 .ARM.attributes
                0x000001f1       0x31 .\CortexM0\ARM_GCC_Generic\Debug\os_flag.o
 .ARM.attributes
                0x00000222       0x31 .\CortexM0\ARM_GCC_Generic\Debug\os_mbox.o
 .ARM.attributes
                0x00000253       0x31 .\CortexM0\ARM_GCC_Generic\Debug\os_mem.o
 .ARM.attributes
                0x00000284       0x31 .\CortexM0\ARM_GCC_Generic\Debug\os_mutex.o
 .ARM.attributes
                0x000002b5       0x31 .\CortexM0\ARM_GCC_Generic\Debug\os_q.o
 .ARM.attributes
                0x000002e6       0x2c .\CortexM0\ARM_GCC_Generic\Debug\os_sem.o
 .ARM.attributes
                0x00000312       0x2c .\CortexM0\ARM_GCC_Generic\Debug\os_task.o
 .ARM.attributes
                0x0000033e       0x2c .\CortexM0\ARM_GCC_Generic\Debug\os_time.o
 .ARM.attributes
                0x0000036a       0x2c .\CortexM0\ARM_GCC_Generic\Debug\os_tmr.o
 .ARM.attributes
                0x00000396       0x31 .\CortexM0\ARM_GCC_Generic\Debug\os_dbg_r.o
 .ARM.attributes
                0x000003c7       0x2c .\CortexM0\ARM_GCC_Generic\Debug\lib_ascii.o
 .ARM.attributes
                0x000003f3       0x2c .\CortexM0\ARM_GCC_Generic\Debug\lib_math.o
 .ARM.attributes
                0x0000041f       0x2c .\CortexM0\ARM_GCC_Generic\Debug\lib_mem.o
 .ARM.attributes
                0x0000044b       0x2c .\CortexM0\ARM_GCC_Generic\Debug\lib_str.o
 .ARM.attributes
                0x00000477       0x2c .\CortexM0\ARM_GCC_Generic\Debug\cyfitter_cfg.o
 .ARM.attributes
                0x000004a3       0x31 .\CortexM0\ARM_GCC_Generic\Debug\cymetadata.o
 .ARM.attributes
                0x000004d4       0x2c .\CortexM0\ARM_GCC_Generic\Debug\Cm0Start.o
 .ARM.attributes
                0x00000500       0x21 .\CortexM0\ARM_GCC_Generic\Debug\cpu_a.o
 .ARM.attributes
                0x00000521       0x21 .\CortexM0\ARM_GCC_Generic\Debug\os_cpu_a.o
 .ARM.attributes
                0x00000542       0x2c .\CortexM0\ARM_GCC_Generic\Debug\OS2.a(PWM_Blue.o)
 .ARM.attributes
                0x0000056e       0x2c .\CortexM0\ARM_GCC_Generic\Debug\OS2.a(PWM_Green.o)
 .ARM.attributes
                0x0000059a       0x2c .\CortexM0\ARM_GCC_Generic\Debug\OS2.a(PWM_Red.o)
 .ARM.attributes
                0x000005c6       0x2c .\CortexM0\ARM_GCC_Generic\Debug\OS2.a(Accel_Pin.o)
 .ARM.attributes
                0x000005f2       0x2c .\CortexM0\ARM_GCC_Generic\Debug\OS2.a(I2C.o)
 .ARM.attributes
                0x0000061e       0x2c .\CortexM0\ARM_GCC_Generic\Debug\OS2.a(I2C_I2C.o)
 .ARM.attributes
                0x0000064a       0x2c .\CortexM0\ARM_GCC_Generic\Debug\OS2.a(I2C_I2C_MASTER.o)
 .ARM.attributes
                0x00000676       0x2c .\CortexM0\ARM_GCC_Generic\Debug\OS2.a(SW2.o)
 .ARM.attributes
                0x000006a2       0x2c .\CortexM0\ARM_GCC_Generic\Debug\OS2.a(Accel_ISR.o)
 .ARM.attributes
                0x000006ce       0x2c .\CortexM0\ARM_GCC_Generic\Debug\OS2.a(Temp_Sensor.o)
 .ARM.attributes
                0x000006fa       0x2c .\CortexM0\ARM_GCC_Generic\Debug\OS2.a(Temp_Sensor_INT.o)
 .ARM.attributes
                0x00000726       0x2c .\CortexM0\ARM_GCC_Generic\Debug\OS2.a(Opamp.o)
 .ARM.attributes
                0x00000752       0x2c .\CortexM0\ARM_GCC_Generic\Debug\OS2.a(ADC.o)
 .ARM.attributes
                0x0000077e       0x2c .\CortexM0\ARM_GCC_Generic\Debug\OS2.a(ADC_INT.o)
 .ARM.attributes
                0x000007aa       0x2c .\CortexM0\ARM_GCC_Generic\Debug\OS2.a(I2C_sda.o)
 .ARM.attributes