Archive member included to satisfy reference by file (symbol)

.\ARM_GCC_541\Debug\BCC722-RTOS-MOINHO.a(LED_Status.o)
                              .\ARM_GCC_541\Debug\bsp.o (LED_Status_Write)
.\ARM_GCC_541\Debug\BCC722-RTOS-MOINHO.a(LCD_Disp.o)
                              .\ARM_GCC_541\Debug\app.o (LCD_Disp_Start)
.\ARM_GCC_541\Debug\BCC722-RTOS-MOINHO.a(CyDmac.o)
                              .\ARM_GCC_541\Debug\Cm3Start.o (CyDmacConfigure)
.\ARM_GCC_541\Debug\BCC722-RTOS-MOINHO.a(CyLib.o)
                              .\ARM_GCC_541\Debug\Cm3Start.o (CyResetStatus)
.\ARM_GCC_541\Debug\BCC722-RTOS-MOINHO.a(cyPm.o)
                              .\ARM_GCC_541\Debug\BCC722-RTOS-MOINHO.a(CyLib.o) (CyPmReadStatus)
.\ARM_GCC_541\Debug\BCC722-RTOS-MOINHO.a(ProbeUART.o)
                              .\ARM_GCC_541\Debug\probe_rs232c.o (ProbeUART_Start)
.\ARM_GCC_541\Debug\BCC722-RTOS-MOINHO.a(ProbeUART_TxISR.o)
                              .\ARM_GCC_541\Debug\probe_rs232c.o (ProbeUART_TxISR_Start)
.\ARM_GCC_541\Debug\BCC722-RTOS-MOINHO.a(ProbeUART_RxISR.o)
                              .\ARM_GCC_541\Debug\probe_rs232c.o (ProbeUART_RxISR_Start)
.\ARM_GCC_541\Debug\BCC722-RTOS-MOINHO.a(PB_2.o)
                              .\ARM_GCC_541\Debug\bsp.o (PB_2_Read)
.\ARM_GCC_541\Debug\BCC722-RTOS-MOINHO.a(PB_3.o)
                              .\ARM_GCC_541\Debug\bsp.o (PB_3_Read)
.\ARM_GCC_541\Debug\BCC722-RTOS-MOINHO.a(ProbeUART_IntClock.o)
                              .\ARM_GCC_541\Debug\BCC722-RTOS-MOINHO.a(ProbeUART.o) (ProbeUART_IntClock_Start)
.\ARM_GCC_541\Debug\BCC722-RTOS-MOINHO.a(Pin_SV01_VE.o)
                              .\ARM_GCC_541\Debug\app.o (Pin_SV01_VE_Write)
.\ARM_GCC_541\Debug\BCC722-RTOS-MOINHO.a(Pin_BP01.o)
                              .\ARM_GCC_541\Debug\app.o (Pin_BP01_ClearInterrupt)
.\ARM_GCC_541\Debug\BCC722-RTOS-MOINHO.a(Pin_SP01_VE.o)
                              .\ARM_GCC_541\Debug\app.o (Pin_SP01_VE_Write)
.\ARM_GCC_541\Debug\BCC722-RTOS-MOINHO.a(Pin_SV01_AM.o)
                              .\ARM_GCC_541\Debug\app.o (Pin_SV01_AM_Write)
.\ARM_GCC_541\Debug\BCC722-RTOS-MOINHO.a(Pin_SV01_VM.o)
                              .\ARM_GCC_541\Debug\app.o (Pin_SV01_VM_Write)
.\ARM_GCC_541\Debug\BCC722-RTOS-MOINHO.a(Pin_SP01_VM.o)
                              .\ARM_GCC_541\Debug\app.o (Pin_SP01_VM_Write)
.\ARM_GCC_541\Debug\BCC722-RTOS-MOINHO.a(Pin_SV02_VE.o)
                              .\ARM_GCC_541\Debug\app.o (Pin_SV02_VE_Write)
.\ARM_GCC_541\Debug\BCC722-RTOS-MOINHO.a(Pin_BP02.o)
                              .\ARM_GCC_541\Debug\app.o (Pin_BP02_ClearInterrupt)
.\ARM_GCC_541\Debug\BCC722-RTOS-MOINHO.a(Pin_SP02_VE.o)
                              .\ARM_GCC_541\Debug\app.o (Pin_SP02_VE_Write)
.\ARM_GCC_541\Debug\BCC722-RTOS-MOINHO.a(Pin_SV02_AM.o)
                              .\ARM_GCC_541\Debug\app.o (Pin_SV02_AM_Write)
.\ARM_GCC_541\Debug\BCC722-RTOS-MOINHO.a(Pin_SV02_VM.o)
                              .\ARM_GCC_541\Debug\app.o (Pin_SV02_VM_Write)
.\ARM_GCC_541\Debug\BCC722-RTOS-MOINHO.a(Pin_SP02_VM.o)
                              .\ARM_GCC_541\Debug\app.o (Pin_SP02_VM_Write)
.\ARM_GCC_541\Debug\BCC722-RTOS-MOINHO.a(bt_liga.o)
                              .\ARM_GCC_541\Debug\app.o (bt_liga_Read)
.\ARM_GCC_541\Debug\BCC722-RTOS-MOINHO.a(si_liga.o)
                              .\ARM_GCC_541\Debug\app.o (si_liga_Write)
.\ARM_GCC_541\Debug\BCC722-RTOS-MOINHO.a(si_desl.o)
                              .\ARM_GCC_541\Debug\app.o (si_desl_Write)
.\ARM_GCC_541\Debug\BCC722-RTOS-MOINHO.a(si_rearme.o)
                              .\ARM_GCC_541\Debug\app.o (si_rearme_Write)
.\ARM_GCC_541\Debug\BCC722-RTOS-MOINHO.a(si_emerg.o)
                              .\ARM_GCC_541\Debug\app.o (si_emerg_Write)
.\ARM_GCC_541\Debug\BCC722-RTOS-MOINHO.a(bt_desl.o)
                              .\ARM_GCC_541\Debug\app.o (bt_desl_Read)
.\ARM_GCC_541\Debug\BCC722-RTOS-MOINHO.a(bt_rearme.o)
                              .\ARM_GCC_541\Debug\app.o (bt_rearme_Read)
.\ARM_GCC_541\Debug\BCC722-RTOS-MOINHO.a(bt_emerg.o)
                              .\ARM_GCC_541\Debug\app.o (bt_emerg_Read)
.\ARM_GCC_541\Debug\BCC722-RTOS-MOINHO.a(si_alerta.o)
                              .\ARM_GCC_541\Debug\app.o (si_alerta_Write)
.\ARM_GCC_541\Debug\BCC722-RTOS-MOINHO.a(bt_emerg_int.o)
                              .\ARM_GCC_541\Debug\app.o (bt_emerg_int_StartEx)
.\ARM_GCC_541\Debug\BCC722-RTOS-MOINHO.a(se_indut_porta_int.o)
                              .\ARM_GCC_541\Debug\app.o (se_indut_porta_int_StartEx)
.\ARM_GCC_541\Debug\BCC722-RTOS-MOINHO.a(se_indut_motor_int.o)
                              .\ARM_GCC_541\Debug\app.o (se_indut_motor_int_StartEx)
.\ARM_GCC_541\Debug\BCC722-RTOS-MOINHO.a(ct_motor.o)
                              .\ARM_GCC_541\Debug\app.o (ct_motor_Write)
.\ARM_GCC_541\Debug\BCC722-RTOS-MOINHO.a(al_sonoro.o)
                              .\ARM_GCC_541\Debug\app.o (al_sonoro_Write)
[...]
Memory Configuration

Name             Origin             Length             Attributes
rom              0x00000000         0x00040000         xr
ram              0x1fff8000         0x00010000         xrw
*default*        0x00000000         0xffffffff

Linker script and memory map

LOAD c:/program files (x86)/cypress/psoc creator/4.4/psoc creator/import/gnu/arm/5.4.1/bin/../lib/gcc/arm-none-eabi/5.4.1/armv7-m/crti.o
LOAD c:/program files (x86)/cypress/psoc creator/4.4/psoc creator/import/gnu/arm/5.4.1/bin/../lib/gcc/arm-none-eabi/5.4.1/armv7-m/crtbegin.o
LOAD c:/program files (x86)/cypress/psoc creator/4.4/psoc creator/import/gnu/arm/5.4.1/bin/../lib/gcc/arm-none-eabi/5.4.1/../../../../arm-none-eabi/lib/armv7-m/crt0.o
START GROUP
LOAD .\ARM_GCC_541\Debug\app_probe.o
LOAD .\ARM_GCC_541\Debug\app.o
LOAD .\ARM_GCC_541\Debug\os_app_hooks.o
LOAD .\ARM_GCC_541\Debug\bsp_os.o
LOAD .\ARM_GCC_541\Debug\bsp.o
LOAD .\ARM_GCC_541\Debug\cpu_bsp.o
LOAD .\ARM_GCC_541\Debug\cpu_core.o
LOAD .\ARM_GCC_541\Debug\lib_ascii.o
LOAD .\ARM_GCC_541\Debug\lib_math.o
LOAD .\ARM_GCC_541\Debug\lib_mem.o
LOAD .\ARM_GCC_541\Debug\lib_str.o
LOAD .\ARM_GCC_541\Debug\os_dbg.o
LOAD .\ARM_GCC_541\Debug\os_core.o
LOAD .\ARM_GCC_541\Debug\os_flag.o
LOAD .\ARM_GCC_541\Debug\os_int.o
LOAD .\ARM_GCC_541\Debug\os_mem.o
LOAD .\ARM_GCC_541\Debug\os_msg.o
LOAD .\ARM_GCC_541\Debug\os_mutex.o
LOAD .\ARM_GCC_541\Debug\os_pend_multi.o
LOAD .\ARM_GCC_541\Debug\os_prio.o
LOAD .\ARM_GCC_541\Debug\os_q.o
LOAD .\ARM_GCC_541\Debug\os_sem.o
LOAD .\ARM_GCC_541\Debug\os_stat.o
LOAD .\ARM_GCC_541\Debug\os_task.o
LOAD .\ARM_GCC_541\Debug\os_tick.o
LOAD .\ARM_GCC_541\Debug\os_time.o
LOAD .\ARM_GCC_541\Debug\os_tmr.o
LOAD .\ARM_GCC_541\Debug\os_var.o
LOAD .\ARM_GCC_541\Debug\os_cfg_app.o
LOAD .\ARM_GCC_541\Debug\probe_com_os.o
LOAD .\ARM_GCC_541\Debug\probe_rs232c.o
LOAD .\ARM_GCC_541\Debug\probe_rs232_os.o
LOAD .\ARM_GCC_541\Debug\probe_rs232.o
LOAD .\ARM_GCC_541\Debug\probe_com.o
LOAD .\ARM_GCC_541\Debug\cyfitter_cfg.o
LOAD .\ARM_GCC_541\Debug\Cm3Start.o
LOAD .\ARM_GCC_541\Debug\cymetadata.o
LOAD .\ARM_GCC_541\Debug\cpu_a.o
LOAD .\ARM_GCC_541\Debug\BCC722-RTOS-MOINHO.a
LOAD C:\Program Files (x86)\Cypress\PSoC Creator\4.4\PSoC Creator\psoc\content\cycomponentlibrary\CyComponentLibrary.cylib\CortexM3\ARM_GCC_541\Debug\CyComponentLibrary.a
LOAD ..\..\..\..\..\..\uCOS-III\Lib\ARM-Cortex-M3\PSoC_GNU/uCOS-III-ARM-Cortex-M3.a
LOAD c:/program files (x86)/cypress/psoc creator/4.4/psoc creator/import/gnu/arm/5.4.1/bin/../lib/gcc/arm-none-eabi/5.4.1/../../../../arm-none-eabi/lib/armv7-m\libm.a
END GROUP
START GROUP
LOAD c:/program files (x86)/cypress/psoc creator/4.4/psoc creator/import/gnu/arm/5.4.1/bin/../lib/gcc/arm-none-eabi/5.4.1/armv7-m\libgcc.a
LOAD c:/program files (x86)/cypress/psoc creator/4.4/psoc creator/import/gnu/arm/5.4.1/bin/../lib/gcc/arm-none-eabi/5.4.1/../../../../arm-none-eabi/lib/armv7-m\libg_nano.a
LOAD c:/program files (x86)/cypress/psoc creator/4.4/psoc creator/import/gnu/arm/5.4.1/bin/../lib/gcc/arm-none-eabi/5.4.1/../../../../arm-none-eabi/lib/armv7-m\libc_nano.a
END GROUP
START GROUP
LOAD c:/program files (x86)/cypress/psoc creator/4.4/psoc creator/import/gnu/arm/5.4.1/bin/../lib/gcc/arm-none-eabi/5.4.1/armv7-m\libgcc.a
LOAD c:/program files (x86)/cypress/psoc creator/4.4/psoc creator/import/gnu/arm/5.4.1/bin/../lib/gcc/arm-none-eabi/5.4.1/../../../../arm-none-eabi/lib/armv7-m\libc_nano.a
END GROUP
LOAD c:/program files (x86)/cypress/psoc creator/4.4/psoc creator/import/gnu/arm/5.4.1/bin/../lib/gcc/arm-none-eabi/5.4.1/armv7-m/crtend.o
LOAD c:/program files (x86)/cypress/psoc creator/4.4/psoc creator/import/gnu/arm/5.4.1/bin/../lib/gcc/arm-none-eabi/5.4.1/armv7-m/crtn.o
START GROUP
LOAD c:/program files (x86)/cypress/psoc creator/4.4/psoc creator/import/gnu/arm/5.4.1/bin/../lib/gcc/arm-none-eabi/5.4.1/armv7-m\libgcc.a
LOAD c:/program files (x86)/cypress/psoc creator/4.4/psoc creator/import/gnu/arm/5.4.1/bin/../lib/gcc/arm-none-eabi/5.4.1/../../../../arm-none-eabi/lib/armv7-m\libc.a
LOAD c:/program files (x86)/cypress/psoc creator/4.4/psoc creator/import/gnu/arm/5.4.1/bin/../lib/gcc/arm-none-eabi/5.4.1/../../../../arm-none-eabi/lib/armv7-m\libnosys.a
END GROUP
                0x00000000                CY_APPL_ORIGIN = 0x0
                0x00000100                CY_FLASH_ROW_SIZE = 0x100
                0x00000020                CY_ECC_ROW_SIZE = 0x20
                0x00000000                CY_EE_IN_BTLDR = 0x0
                0x00000000                CY_APPL_LOADABLE = 0x0
                0x00000800                CY_EE_SIZE = 0x800
                0x00000001                CY_APPL_NUM = 0x1
                0x00000001                CY_APPL_MAX = 0x1
                0x00000040                CY_METADATA_SIZE = 0x40
                0x00000000                CY_APPL_LOADABLE = 0x0
                0x00000000                CY_CHECKSUM_EXCLUDE_SIZE = ALIGN (0x0, CY_FLASH_ROW_SIZE)
                [!provide]                PROVIDE (__cy_heap_start, _end)
                0x00000001                PROVIDE (__cy_region_num, ((__cy_regions_end - __cy_regions) / 0x10))
                0x20008000                PROVIDE (__cy_stack, (ORIGIN (ram) + LENGTH (ram)))
                [!provide]                PROVIDE (__cy_heap_end, (__cy_stack - 0x800))

.cybootloader   0x00000000        0x0
 *(.cybootloader)
                0x00000000                appl1_start = CY_APPL_ORIGIN?CY_APPL_ORIGIN:ALIGN (CY_FLASH_ROW_SIZE)
                0x0001ff00                appl2_start = (appl1_start + ALIGN ((((LENGTH (rom) - appl1_start) - (0x2 * CY_FLASH_ROW_SIZE)) / 0x2), CY_FLASH_ROW_SIZE))
                0x00000000                appl_start = (CY_APPL_NUM == 0x1)?appl1_start:appl2_start
                0x00000000                ecc_offset = ((appl_start / CY_FLASH_ROW_SIZE) * CY_ECC_ROW_SIZE)
                0x00000000                ee_offset = (CY_APPL_LOADABLE && ! (CY_EE_IN_BTLDR))?((CY_EE_SIZE / CY_APPL_MAX) * (CY_APPL_NUM - 0x1)):0x0
                0x00000800                ee_size = (CY_APPL_LOADABLE && ! (CY_EE_IN_BTLDR))?(CY_EE_SIZE / CY_APPL_MAX):CY_EE_SIZE
                [!provide]                PROVIDE (CY_ECC_OFFSET, ecc_offset)

.text           0x00000000     0x7ace
 CREATE_OBJECT_SYMBOLS
                0x00000000                PROVIDE (__cy_interrupt_vector, RomVectors)
 *(.romvectors)
 .romvectors    0x00000000       0x10 .\ARM_GCC_541\Debug\Cm3Start.o
                0x00000000                RomVectors
                0x00000001                ASSERT ((. != __cy_interrupt_vector), No interrupt vector)
                0x00000001                ASSERT (CY_APPL_ORIGIN?(SIZEOF (.cybootloader) <= CY_APPL_ORIGIN):0x1, Wrong image location)
                0x00000010                PROVIDE (__cy_reset, Reset)
 *(.text.Reset)
 .text.Reset    0x00000010       0x18 .\ARM_GCC_541\Debug\Cm3Start.o
                0x00000010                Reset
                0x00000001                ASSERT ((. != __cy_reset), No reset code)
 *(.dma_init)
                0x00000001                ASSERT ((((appl_start + .) <= 0x10000) || 0x1), DMA Init must be within the first 64k of flash)
 *(.text .text.* .gnu.linkonce.t.*)
 .text          0x00000028       0x5c c:/program files (x86)/cypress/psoc creator/4.4/psoc creator/import/gnu/arm/5.4.1/bin/../lib/gcc/arm-none-eabi/5.4.1/armv7-m/crtbegin.o
 .text.App_ProbeInit
                0x00000084       0x18 .\ARM_GCC_541\Debug\app_probe.o
                0x00000084                App_ProbeInit
 .text.se_indut_porta_Handler
                0x0000009c       0x20 .\ARM_GCC_541\Debug\app.o
                0x0000009c                se_indut_porta_Handler
 .text.se_indut_motor_Handler
                0x000000bc       0x20 .\ARM_GCC_541\Debug\app.o
                0x000000bc                se_indut_motor_Handler
 .text.bt_emerg_int_Handler
                0x000000dc       0x20 .\ARM_GCC_541\Debug\app.o
                0x000000dc                bt_emerg_int_Handler
 .text.main     0x000000fc       0x88 .\ARM_GCC_541\Debug\app.o
                0x000000fc                main
 .text.App_TaskStart
                0x00000184       0x4c .\ARM_GCC_541\Debug\app.o
 .text.App_TaskCreate
                0x000001d0      0x10c .\ARM_GCC_541\Debug\app.o
 .text.App_Task_Ihm
                0x000002dc       0xac .\ARM_GCC_541\Debug\app.o
 .text.App_Task_Emerg
                0x00000388       0x50 .\ARM_GCC_541\Debug\app.o
 .text.App_Task_Sen_Mec
                0x000003d8       0x34 .\ARM_GCC_541\Debug\app.o
 *fill*         0x0000040c        0x4 
 .text.App_Task_Sen_Temp
                0x00000410      0x1cc .\ARM_GCC_541\Debug\app.o
 .text.App_ObjCreate
                0x000005dc        0xc .\ARM_GCC_541\Debug\app.o
 .text.BSP_PreInit
                0x000005e8       0x40 .\ARM_GCC_541\Debug\bsp.o
                0x000005e8                BSP_PreInit
 .text.BSP_PostInit
                0x00000628        0xc .\ARM_GCC_541\Debug\bsp.o
                0x00000628                BSP_PostInit
 .text.BSP_CPU_TickInit
                0x00000634       0x2c .\ARM_GCC_541\Debug\bsp.o
                0x00000634                BSP_CPU_TickInit
 .text.BSP_CPU_ClkFreq
                0x00000660       0x14 .\ARM_GCC_541\Debug\bsp.o
                0x00000660                BSP_CPU_ClkFreq
 .text.BSP_LED_Off
                0x00000674       0x90 .\ARM_GCC_541\Debug\bsp.o
                0x00000674                BSP_LED_Off
 .text.BSP_LED_Toggle
                0x00000704       0x94 .\ARM_GCC_541\Debug\bsp.o
                0x00000704                BSP_LED_Toggle
 .text.CPU_TS_TmrInit
                0x00000798       0x3c .\ARM_GCC_541\Debug\cpu_bsp.o
                0x00000798                CPU_TS_TmrInit
 .text.CPU_TS_TmrRd
                0x000007d4       0x1c .\ARM_GCC_541\Debug\cpu_bsp.o
                0x000007d4                CPU_TS_TmrRd
 .text.CPU_Init
                0x000007f0       0x10 .\ARM_GCC_541\Debug\cpu_core.o
                0x000007f0                CPU_Init
 .text.CPU_NameClr
                0x00000800       0x2c .\ARM_GCC_541\Debug\cpu_core.o
                0x00000800                CPU_NameClr
 .text.CPU_TS_TmrFreqSet
                0x0000082c       0x1c .\ARM_GCC_541\Debug\cpu_core.o
                0x0000082c                CPU_TS_TmrFreqSet
 .text.CPU_NameInit
                0x00000848        0xc .\ARM_GCC_541\Debug\cpu_core.o
 .text.CPU_TS_Init
                0x00000854       0x18 .\ARM_GCC_541\Debug\cpu_core.o
 .text.Mem_Clr  0x0000086c       0x1c .\ARM_GCC_541\Debug\lib_mem.o
                0x0000086c                Mem_Clr
 .text.Mem_Set  0x00000888       0xb4 .\ARM_GCC_541\Debug\lib_mem.o
                0x00000888                Mem_Set
 .text.Mem_Copy
                0x0000093c       0xd8 .\ARM_GCC_541\Debug\lib_mem.o
                0x0000093c                Mem_Copy
 .text.OS_Dbg_Init
                0x00000a14      0x240 .\ARM_GCC_541\Debug\os_dbg.o
                0x00000a14                OS_Dbg_Init
 .text.OSInit   0x00000c54      0x1ec .\ARM_GCC_541\Debug\os_core.o
                0x00000c54                OSInit
 .text.OSIntExit
                0x00000e40       0xe0 .\ARM_GCC_541\Debug\os_core.o
                0x00000e40                OSIntExit
 .text.OSSched  0x00000f20       0xac .\ARM_GCC_541\Debug\os_core.o
                0x00000f20                OSSched
 .text.OSSchedLock
                0x00000fcc       0x74 .\ARM_GCC_541\Debug\os_core.o
                0x00000fcc                OSSchedLock
 .text.OSSchedUnlock
                0x00001040       0x90 .\ARM_GCC_541\Debug\os_core.o
                0x00001040                OSSchedUnlock
 .text.OSStart  0x000010d0       0x80 .\ARM_GCC_541\Debug\os_core.o
                0x000010d0                OSStart
 .text.OS_IdleTask
                0x00001150       0x3c .\ARM_GCC_541\Debug\os_core.o
                0x00001150                OS_IdleTask
 .text.OS_IdleTaskInit
                0x0000118c       0x68 .\ARM_GCC_541\Debug\os_core.o
                0x0000118c                OS_IdleTaskInit
 .text.OS_Pend  0x000011f4       0x84 .\ARM_GCC_541\Debug\os_core.o
                0x000011f4                OS_Pend
 .text.OS_PendDataInit
                0x00001278       0x68 .\ARM_GCC_541\Debug\os_core.o
                0x00001278                OS_PendDataInit
 .text.OS_PendDbgNameAdd
                0x000012e0       0x7c .\ARM_GCC_541\Debug\os_core.o
                0x000012e0                OS_PendDbgNameAdd
 .text.OS_PendDbgNameRemove
                0x0000135c       0x48 .\ARM_GCC_541\Debug\os_core.o
                0x0000135c                OS_PendDbgNameRemove
 .text.OS_PendListInit
                0x000013a4       0x24 .\ARM_GCC_541\Debug\os_core.o
                0x000013a4                OS_PendListInit
 .text.OS_PendListInsertPrio
                0x000013c8       0xe8 .\ARM_GCC_541\Debug\os_core.o
                0x000013c8                OS_PendListInsertPrio
 .text.OS_PendListRemove
                0x000014b0       0x50 .\ARM_GCC_541\Debug\os_core.o
                0x000014b0                OS_PendListRemove
 .text.OS_PendListRemove1
                0x00001500       0x94 .\ARM_GCC_541\Debug\os_core.o
                0x00001500                OS_PendListRemove1
 .text.OS_Post  0x00001594      0x118 .\ARM_GCC_541\Debug\os_core.o
                0x00001594                OS_Post
 .text.OS_Post1
                0x000016ac       0x5c .\ARM_GCC_541\Debug\os_core.o
                0x000016ac                OS_Post1
 .text.OS_RdyListInit
                0x00001708       0x48 .\ARM_GCC_541\Debug\os_core.o
                0x00001708                OS_RdyListInit
 .text.OS_RdyListInsert
                0x00001750       0x3c .\ARM_GCC_541\Debug\os_core.o
                0x00001750                OS_RdyListInsert
 .text.OS_RdyListInsertHead
                0x0000178c       0x80 .\ARM_GCC_541\Debug\os_core.o
                0x0000178c                OS_RdyListInsertHead
 .text.OS_RdyListInsertTail
                0x0000180c       0x80 .\ARM_GCC_541\Debug\os_core.o
                0x0000180c                OS_RdyListInsertTail
 .text.OS_RdyListMoveHeadToTail
                0x0000188c       0x90 .\ARM_GCC_541\Debug\os_core.o
                0x0000188c                OS_RdyListMoveHeadToTail
 .text.OS_RdyListRemove
                0x0000191c       0xb0 .\ARM_GCC_541\Debug\os_core.o
                0x0000191c                OS_RdyListRemove
 .text.OS_SchedRoundRobin
                0x000019cc       0xc8 .\ARM_GCC_541\Debug\os_core.o
                0x000019cc                OS_SchedRoundRobin
 .text.OS_TaskBlock
                0x00001a94       0x50 .\ARM_GCC_541\Debug\os_core.o
                0x00001a94                OS_TaskBlock
 .text.OS_TaskRdy
                0x00001ae4       0x2c .\ARM_GCC_541\Debug\os_core.o
                0x00001ae4                OS_TaskRdy
 .text.OS_FlagInit
                0x00001b10       0x2c .\ARM_GCC_541\Debug\os_flag.o
                0x00001b10                OS_FlagInit
 .text.OS_MemInit
                0x00001b3c       0x2c .\ARM_GCC_541\Debug\os_mem.o
                0x00001b3c                OS_MemInit
 .text.OS_MsgPoolInit
                0x00001b68       0xcc .\ARM_GCC_541\Debug\os_msg.o
                0x00001b68                OS_MsgPoolInit
 .text.OS_MsgQFreeAll
                0x00001c34       0x74 .\ARM_GCC_541\Debug\os_msg.o
                0x00001c34                OS_MsgQFreeAll
 .text.OS_MsgQInit
                0x00001ca8       0x34 .\ARM_GCC_541\Debug\os_msg.o
                0x00001ca8                OS_MsgQInit
 .text.OS_MutexInit
                0x00001cdc       0x2c .\ARM_GCC_541\Debug\os_mutex.o
                0x00001cdc                OS_MutexInit
 .text.OS_PrioInit
                0x00001d08       0x30 .\ARM_GCC_541\Debug\os_prio.o
                0x00001d08                OS_PrioInit
 .text.OS_PrioGetHighest
                0x00001d38       0x48 .\ARM_GCC_541\Debug\os_prio.o
                0x00001d38                OS_PrioGetHighest
 .text.OS_PrioInsert
                0x00001d80       0x4c .\ARM_GCC_541\Debug\os_prio.o
                0x00001d80                OS_PrioInsert
 .text.OS_PrioRemove
                0x00001dcc       0x50 .\ARM_GCC_541\Debug\os_prio.o
                0x00001dcc                OS_PrioRemove
 .text.OS_QInit
                0x00001e1c       0x2c .\ARM_GCC_541\Debug\os_q.o
                0x00001e1c                OS_QInit
 .text.OSSemCreate
                0x00001e48       0x8c .\ARM_GCC_541\Debug\os_sem.o
                0x00001e48                OSSemCreate
 .text.OSSemPend
                0x00001ed4      0x1b0 .\ARM_GCC_541\Debug\os_sem.o
                0x00001ed4                OSSemPend
 .text.OSSemPost
                0x00002084       0x6c .\ARM_GCC_541\Debug\os_sem.o
                0x00002084                OSSemPost
 .text.OS_SemDbgListAdd
                0x000020f0       0x4c .\ARM_GCC_541\Debug\os_sem.o
                0x000020f0                OS_SemDbgListAdd
 .text.OS_SemInit
                0x0000213c       0x2c .\ARM_GCC_541\Debug\os_sem.o
                0x0000213c                OS_SemInit
 .text.OS_SemPost
                0x00002168       0xe0 .\ARM_GCC_541\Debug\os_sem.o
                0x00002168                OS_SemPost
 .text.OSStatReset
                0x00002248      0x11c .\ARM_GCC_541\Debug\os_stat.o
                0x00002248                OSStatReset
 .text.OSStatTaskCPUUsageInit
                0x00002364       0xfc .\ARM_GCC_541\Debug\os_stat.o
                0x00002364                OSStatTaskCPUUsageInit
 .text.OS_StatTask
                0x00002460      0x314 .\ARM_GCC_541\Debug\os_stat.o
                0x00002460                OS_StatTask
 .text.OS_StatTaskInit
                0x00002774       0xd4 .\ARM_GCC_541\Debug\os_stat.o
                0x00002774                OS_StatTaskInit
 .text.OSTaskCreate
                0x00002848      0x210 .\ARM_GCC_541\Debug\os_task.o
                0x00002848                OSTaskCreate
 .text.OSTaskDel
                0x00002a58      0x13c .\ARM_GCC_541\Debug\os_task.o
                0x00002a58                OSTaskDel
 .text.OSTaskResume
                0x00002b94       0x64 .\ARM_GCC_541\Debug\os_task.o
                0x00002b94                OSTaskResume
 .text.OSTaskSemPend
                0x00002bf8      0x1e0 .\ARM_GCC_541\Debug\os_task.o
                0x00002bf8                OSTaskSemPend
 .text.OSTaskSemPost
                0x00002dd8       0x48 .\ARM_GCC_541\Debug\os_task.o
                0x00002dd8                OSTaskSemPost
 .text.OSTaskStkChk
                0x00002e20       0xf0 .\ARM_GCC_541\Debug\os_task.o
                0x00002e20                OSTaskStkChk
 .text.OSTaskSuspend
                0x00002f10       0x44 .\ARM_GCC_541\Debug\os_task.o
                0x00002f10                OSTaskSuspend
 .text.OS_TaskDbgListAdd
                0x00002f54       0x4c .\ARM_GCC_541\Debug\os_task.o
                0x00002f54                OS_TaskDbgListAdd
 .text.OS_TaskDbgListRemove
                0x00002fa0       0x84 .\ARM_GCC_541\Debug\os_task.o
                0x00002fa0                OS_TaskDbgListRemove
 .text.OS_TaskInit
                0x00003024       0x38 .\ARM_GCC_541\Debug\os_task.o
                0x00003024                OS_TaskInit
 .text.OS_TaskInitTCB
                0x0000305c      0x198 .\ARM_GCC_541\Debug\os_task.o
                0x0000305c                OS_TaskInitTCB
 .text.OS_TaskResume
                0x000031f4      0x124 .\ARM_GCC_541\Debug\os_task.o
                0x000031f4                OS_TaskResume
 .text.OS_TaskReturn
                0x00003318       0x28 .\ARM_GCC_541\Debug\os_task.o
                0x00003318                OS_TaskReturn
 .text.OS_TaskSemPost
                0x00003340      0x128 .\ARM_GCC_541\Debug\os_task.o
                0x00003340                OS_TaskSemPost
 .text.OS_TaskSuspend
                0x00003468      0x118 .\ARM_GCC_541\Debug\os_task.o
                0x00003468                OS_TaskSuspend
 .text.OS_TickTask
                0x00003580       0x30 .\ARM_GCC_541\Debug\os_tick.o
                0x00003580                OS_TickTask
 .text.OS_TickTaskInit
                0x000035b0       0xb8 .\ARM_GCC_541\Debug\os_tick.o
                0x000035b0                OS_TickTaskInit
 .text.OS_TickListInit
                0x00003668       0x4c .\ARM_GCC_541\Debug\os_tick.o
                0x00003668                OS_TickListInit
 .text.OS_TickListInsert
                0x000036b4      0x1f0 .\ARM_GCC_541\Debug\os_tick.o
                0x000036b4                OS_TickListInsert
 .text.OS_TickListRemove
                0x000038a4       0x8c .\ARM_GCC_541\Debug\os_tick.o
                0x000038a4                OS_TickListRemove
 .text.OS_TickListResetPeak
                0x00003930       0x40 .\ARM_GCC_541\Debug\os_tick.o
                0x00003930                OS_TickListResetPeak
 .text.OS_TickListUpdate
                0x00003970      0x1f8 .\ARM_GCC_541\Debug\os_tick.o
                0x00003970                OS_TickListUpdate
 .text.OSTimeDly
                0x00003b68       0xe4 .\ARM_GCC_541\Debug\os_time.o
                0x00003b68                OSTimeDly
 .text.OSTimeDlyHMSM
                0x00003c4c      0x200 .\ARM_GCC_541\Debug\os_time.o
                0x00003c4c                OSTimeDlyHMSM
 .text.OSTimeTick
                0x00003e4c       0x74 .\ARM_GCC_541\Debug\os_time.o
                0x00003e4c                OSTimeTick
 .text.OS_TmrInit
                0x00003ec0      0x140 .\ARM_GCC_541\Debug\os_tmr.o
                0x00003ec0                OS_TmrInit
 .text.OS_TmrLink
                0x00004000      0x168 .\ARM_GCC_541\Debug\os_tmr.o
                0x00004000                OS_TmrLink
 .text.OS_TmrResetPeak
                0x00004168       0x40 .\ARM_GCC_541\Debug\os_tmr.o
                0x00004168                OS_TmrResetPeak
 .text.OS_TmrUnlink
                0x000041a8       0x9c .\ARM_GCC_541\Debug\os_tmr.o
                0x000041a8                OS_TmrUnlink
 .text.OS_TmrTask
                0x00004244      0x104 .\ARM_GCC_541\Debug\os_tmr.o
                0x00004244                OS_TmrTask
 .text.OSCfg_Init
                0x00004348        0xc .\ARM_GCC_541\Debug\os_cfg_app.o
                0x00004348                OSCfg_Init
 .text.ProbeRS232_InitTarget
                0x00004354       0x34 .\ARM_GCC_541\Debug\probe_rs232c.o
                0x00004354                ProbeRS232_InitTarget
 .text.ProbeRS232_RxISRHandler
                0x00004388       0x20 .\ARM_GCC_541\Debug\probe_rs232c.o
                0x00004388                ProbeRS232_RxISRHandler
 .text.ProbeRS232_RxIntEn
                0x000043a8        0xc .\ARM_GCC_541\Debug\probe_rs232c.o
                0x000043a8                ProbeRS232_RxIntEn
 .text.ProbeRS232_TxISRHandler
                0x000043b4        0xc .\ARM_GCC_541\Debug\probe_rs232c.o
                0x000043b4                ProbeRS232_TxISRHandler
 .text.ProbeRS232_Tx1
                0x000043c0       0x20 .\ARM_GCC_541\Debug\probe_rs232c.o
                0x000043c0                ProbeRS232_Tx1
 .text.ProbeRS232_TxIntDis
                0x000043e0        0xc .\ARM_GCC_541\Debug\probe_rs232c.o
                0x000043e0                ProbeRS232_TxIntDis
 .text.ProbeRS232_TxIntEn
                0x000043ec        0xc .\ARM_GCC_541\Debug\probe_rs232c.o
                0x000043ec                ProbeRS232_TxIntEn
 .text.ProbeRS232_OS_Init
                0x000043f8       0x78 .\ARM_GCC_541\Debug\probe_rs232_os.o
                0x000043f8                ProbeRS232_OS_Init
 .text.ProbeRS232_OS_Pend
                0x00004470       0x24 .\ARM_GCC_541\Debug\probe_rs232_os.o
                0x00004470                ProbeRS232_OS_Pend
 .text.ProbeRS232_OS_Post
                0x00004494       0x20 .\ARM_GCC_541\Debug\probe_rs232_os.o
                0x00004494                ProbeRS232_OS_Post
 .text.ProbeRS232_OS_Task
                0x000044b4       0x14 .\ARM_GCC_541\Debug\probe_rs232_os.o
 .text.ProbeRS232_Init
                0x000044c8       0x70 .\ARM_GCC_541\Debug\probe_rs232.o
                0x000044c8                ProbeRS232_Init
 .text.ProbeRS232_Task
                0x00004538       0x28 .\ARM_GCC_541\Debug\probe_rs232.o
                0x00004538                ProbeRS232_Task
 .text.ProbeRS232_RxHandler
                0x00004560      0x168 .\ARM_GCC_541\Debug\probe_rs232.o
                0x00004560                ProbeRS232_RxHandler
 .text.ProbeRS232_TxHandler
                0x000046c8      0x19c .\ARM_GCC_541\Debug\probe_rs232.o
                0x000046c8                ProbeRS232_TxHandler
 .text.ProbeRS232_ParseRxPkt
                0x00004864       0x44 .\ARM_GCC_541\Debug\probe_rs232.o
 .text.ProbeRS232_RxPkt
                0x000048a8        0xc .\ARM_GCC_541\Debug\probe_rs232.o
 .text.ProbeRS232_RxStoINT8U
                0x000048b4       0x38 .\ARM_GCC_541\Debug\probe_rs232.o
 .text.ProbeRS232_RxBufClr
                0x000048ec       0x18 .\ARM_GCC_541\Debug\probe_rs232.o
 .text.ProbeRS232_TxStart
                0x00004904       0x1c .\ARM_GCC_541\Debug\probe_rs232.o
 .text.ProbeCom_Init
                0x00004920       0x64 .\ARM_GCC_541\Debug\probe_com.o
                0x00004920                ProbeCom_Init
 .text.ProbeCom_ParseRxPkt
                0x00004984       0xf0 .\ARM_GCC_541\Debug\probe_com.o
                0x00004984                ProbeCom_ParseRxPkt
 .text.ProbeCom_PktModifier
                0x00004a74       0x18 .\ARM_GCC_541\Debug\probe_com.o
 .text.ProbeCom_ReqErr
                0x00004a8c       0x54 .\ARM_GCC_541\Debug\probe_com.o
 .text.ProbeCom_ReqQuery
                0x00004ae0      0x1c4 .\ARM_GCC_541\Debug\probe_com.o
 .text.ProbeCom_ReqRd
                0x00004ca4       0xc0 .\ARM_GCC_541\Debug\probe_com.o
 .text.ProbeCom_ReqRdMulti
                0x00004d64      0x118 .\ARM_GCC_541\Debug\probe_com.o
 .text.ProbeCom_ReqWr
                0x00004e7c       0xd0 .\ARM_GCC_541\Debug\probe_com.o
 .text.ProbeCom_ReqWrMulti
                0x00004f4c      0x128 .\ARM_GCC_541\Debug\probe_com.o
 .text.ProbeCom_GetINT08U
                0x00005074       0x20 .\ARM_GCC_541\Debug\probe_com.o
 .text.ProbeCom_GetINT16U
                0x00005094       0x30 .\ARM_GCC_541\Debug\probe_com.o
 .text.ProbeCom_GetINT32U
                0x000050c4       0x2c .\ARM_GCC_541\Debug\probe_com.o
 .text.ProbeCom_StoINT08U
                0x000050f0       0x24 .\ARM_GCC_541\Debug\probe_com.o
 .text.ProbeCom_StoINT16U
                0x00005114       0x30 .\ARM_GCC_541\Debug\probe_com.o
 .text.CYMEMZERO
                0x00005144       0x1c .\ARM_GCC_541\Debug\cyfitter_cfg.o
 .text.CYCONFIGCPY
                0x00005160       0x20 .\ARM_GCC_541\Debug\cyfitter_cfg.o
 .text.CyClockStartupError
                0x00005180        0xc .\ARM_GCC_541\Debug\cyfitter_cfg.o
 .text.cfg_write_bytes32
                0x0000518c       0x74 .\ARM_GCC_541\Debug\cyfitter_cfg.o
 .text.ClockSetup
                0x00005200      0x114 .\ARM_GCC_541\Debug\cyfitter_cfg.o
 .text.AnalogSetDefault
                0x00005314       0xb0 .\ARM_GCC_541\Debug\cyfitter_cfg.o
 .text.cyfitter_cfg
                0x000053c4      0x1a4 .\ARM_GCC_541\Debug\cyfitter_cfg.o
                0x000053c4                cyfitter_cfg
 .text.IntDefaultHandler
                0x00005568       0x14 .\ARM_GCC_541\Debug\Cm3Start.o
                0x00005568                IntDefaultHandler
 .text.Start_c  0x0000557c       0x98 .\ARM_GCC_541\Debug\Cm3Start.o
                0x0000557c                Start_c
 .text.initialize_psoc
                0x00005614       0x94 .\ARM_GCC_541\Debug\Cm3Start.o
                0x00005614                initialize_psoc
 .text          0x000056a8       0x34 .\ARM_GCC_541\Debug\cpu_a.o
                0x000056a8                CPU_IntDis
                0x000056ac                CPU_IntEn
                0x000056b0                CPU_SR_Save
                0x000056b8                CPU_SR_Restore
                0x000056be                CPU_WaitForInt
                0x000056c2                CPU_WaitForExcept
                0x000056c6                CPU_CntLeadZeros
                0x000056cc                CPU_CntTrailZeros
                0x000056d6                CPU_RevBits
 .text.LED_Status_Write
                0x000056dc       0x20 .\ARM_GCC_541\Debug\BCC722-RTOS-MOINHO.a(LED_Status.o)
                0x000056dc                LED_Status_Write
 .text.LED_Status_Read
                0x000056fc       0x18 .\ARM_GCC_541\Debug\BCC722-RTOS-MOINHO.a(LED_Status.o)
                0x000056fc                LED_Status_Read
 .text.CyDmacConfigure
                0x00005714       0x5c .\ARM_GCC_541\Debug\BCC722-RTOS-MOINHO.a(CyDmac.o)
                0x00005714                CyDmacConfigure
 .text.CyDmaChEnable
                0x00005770       0x8c .\ARM_GCC_541\Debug\BCC722-RTOS-MOINHO.a(CyDmac.o)
                0x00005770                CyDmaChEnable
 .text.CyDmaClearPendingDrq
                0x000057fc       0x60 .\ARM_GCC_541\Debug\BCC722-RTOS-MOINHO.a(CyDmac.o)
                0x000057fc                CyDmaClearPendingDrq
 .text.CyDmaChPriority
                0x0000585c       0x64 .\ARM_GCC_541\Debug\BCC722-RTOS-MOINHO.a(CyDmac.o)
                0x0000585c                CyDmaChPriority
 .text.CyDmaChSetExtendedAddress
                0x000058c0       0x78 .\ARM_GCC_541\Debug\BCC722-RTOS-MOINHO.a(CyDmac.o)
                0x000058c0                CyDmaChSetExtendedAddress
 .text.CyDmaChSetInitialTd
                0x00005938       0x3c .\ARM_GCC_541\Debug\BCC722-RTOS-MOINHO.a(CyDmac.o)
                0x00005938                CyDmaChSetInitialTd
 .text.CyDmaChSetConfiguration
                0x00005974       0xa0 .\ARM_GCC_541\Debug\BCC722-RTOS-MOINHO.a(CyDmac.o)
                0x00005974                CyDmaChSetConfiguration
 .text.CyDmaTdAllocate
                0x00005a14       0x5c .\ARM_GCC_541\Debug\BCC722-RTOS-MOINHO.a(CyDmac.o)
                0x00005a14                CyDmaTdAllocate
 .text.CyDmaTdSetConfiguration
                0x00005a70       0x80 .\ARM_GCC_541\Debug\BCC722-RTOS-MOINHO.a(CyDmac.o)
                0x00005a70                CyDmaTdSetConfiguration
 .text.CyDmaTdSetAddress
                0x00005af0       0x5c .\ARM_GCC_541\Debug\BCC722-RTOS-MOINHO.a(CyDmac.o)
                0x00005af0                CyDmaTdSetAddress
 .text.CyHalt   0x00005b4c       0x18 .\ARM_GCC_541\Debug\BCC722-RTOS-MOINHO.a(CyLib.o)
                0x00005b4c                CyHalt
 .text.CyDelayUs
                0x00005b64       0x28 .\ARM_GCC_541\Debug\BCC722-RTOS-MOINHO.a(CyLib.o)
                0x00005b64                CyDelayUs
 .text.ProbeUART_Start
                0x00005b8c       0x24 .\ARM_GCC_541\Debug\BCC722-RTOS-MOINHO.a(ProbeUART.o)
                0x00005b8c                ProbeUART_Start
 .text.ProbeUART_Init
                0x00005bb0       0x40 .\ARM_GCC_541\Debug\BCC722-RTOS-MOINHO.a(ProbeUART.o)
                0x00005bb0                ProbeUART_Init
 .text.ProbeUART_Enable
                0x00005bf0       0x60 .\ARM_GCC_541\Debug\BCC722-RTOS-MOINHO.a(ProbeUART.o)
                0x00005bf0                ProbeUART_Enable
 .text.ProbeUART_ReadRxData
                0x00005c50       0x1c .\ARM_GCC_541\Debug\BCC722-RTOS-MOINHO.a(ProbeUART.o)
                0x00005c50                ProbeUART_ReadRxData
 .text.ProbeUART_ReadRxStatus
                0x00005c6c       0x24 .\ARM_GCC_541\Debug\BCC722-RTOS-MOINHO.a(ProbeUART.o)
                0x00005c6c                ProbeUART_ReadRxStatus
 .text.ProbeUART_GetByte
                0x00005c90       0x20 .\ARM_GCC_541\Debug\BCC722-RTOS-MOINHO.a(ProbeUART.o)
                0x00005c90                ProbeUART_GetByte
 .text.ProbeUART_PutChar
                0x00005cb0       0x34 .\ARM_GCC_541\Debug\BCC722-RTOS-MOINHO.a(ProbeUART.o)
                0x00005cb0                ProbeUART_PutChar
 .text.ProbeUART_TxISR_Start
                0x00005ce4       0x20 .\ARM_GCC_541\Debug\BCC722-RTOS-MOINHO.a(ProbeUART_TxISR.o)
                0x00005ce4                ProbeUART_TxISR_Start
 .text.ProbeUART_TxISR_Interrupt
                0x00005d04        0xc .\ARM_GCC_541\Debug\BCC722-RTOS-MOINHO.a(ProbeUART_TxISR.o)
                0x00005d04                ProbeUART_TxISR_Interrupt
 .text.ProbeUART_TxISR_SetVector
                0x00005d10       0x24 .\ARM_GCC_541\Debug\BCC722-RTOS-MOINHO.a(ProbeUART_TxISR.o)
                0x00005d10                ProbeUART_TxISR_SetVector
 .text.ProbeUART_TxISR_SetPriority
                0x00005d34       0x24 .\ARM_GCC_541\Debug\BCC722-RTOS-MOINHO.a(ProbeUART_TxISR.o)
                0x00005d34                ProbeUART_TxISR_SetPriority
 .text.ProbeUART_TxISR_Enable
                0x00005d58       0x18 .\ARM_GCC_541\Debug\BCC722-RTOS-MOINHO.a(ProbeUART_TxISR.o)
                0x00005d58                ProbeUART_TxISR_Enable
 .text.ProbeUART_TxISR_Disable
                0x00005d70       0x18 .\ARM_GCC_541\Debug\BCC722-RTOS-MOINHO.a(ProbeUART_TxISR.o)
                0x00005d70                ProbeUART_TxISR_Disable
 .text.ProbeUART_TxISR_ClearPending
                0x00005d88       0x18 .\ARM_GCC_541\Debug\BCC722-RTOS-MOINHO.a(ProbeUART_TxISR.o)
                0x00005d88                ProbeUART_TxISR_ClearPending
 .text.ProbeUART_RxISR_Start
                0x00005da0       0x20 .\ARM_GCC_541\Debug\BCC722-RTOS-MOINHO.a(ProbeUART_RxISR.o)
                0x00005da0                ProbeUART_RxISR_Start
 .text.ProbeUART_RxISR_Interrupt
                0x00005dc0        0xc .\ARM_GCC_541\Debug\BCC722-RTOS-MOINHO.a(ProbeUART_RxISR.o)
                0x00005dc0                ProbeUART_RxISR_Interrupt
 .text.ProbeUART_RxISR_SetVector
                0x00005dcc       0x24 .\ARM_GCC_541\Debug\BCC722-RTOS-MOINHO.a(ProbeUART_RxISR.o)
                0x00005dcc                ProbeUART_RxISR_SetVector
 .text.ProbeUART_RxISR_SetPriority
                0x00005df0       0x24 .\ARM_GCC_541\Debug\BCC722-RTOS-MOINHO.a(ProbeUART_RxISR.o)
                0x00005df0                ProbeUART_RxISR_SetPriority
 .text.ProbeUART_RxISR_Enable
                0x00005e14       0x18 .\ARM_GCC_541\Debug\BCC722-RTOS-MOINHO.a(ProbeUART_RxISR.o)
                0x00005e14                ProbeUART_RxISR_Enable
 .text.ProbeUART_RxISR_Disable
                0x00005e2c       0x18 .\ARM_GCC_541\Debug\BCC722-RTOS-MOINHO.a(ProbeUART_RxISR.o)
                0x00005e2c                ProbeUART_RxISR_Disable
 .text.ProbeUART_RxISR_ClearPending
                0x00005e44       0x18 .\ARM_GCC_541\Debug\BCC722-RTOS-MOINHO.a(ProbeUART_RxISR.o)
                0x00005e44                ProbeUART_RxISR_ClearPending
 .text.ProbeUART_IntClock_Start
                0x00005e5c       0x34 .\ARM_GCC_541\Debug\BCC722-RTOS-MOINHO.a(ProbeUART_IntClock.o)
                0x00005e5c                ProbeUART_IntClock_Start
 .text.bt_liga_Read
                0x00005e90       0x1c .\ARM_GCC_541\Debug\BCC722-RTOS-MOINHO.a(bt_liga.o)
                0x00005e90                bt_liga_Read
 .text.si_liga_Write
                0x00005eac       0x38 .\ARM_GCC_541\Debug\BCC722-RTOS-MOINHO.a(si_liga.o)
                0x00005eac                si_liga_Write
 .text.si_desl_Write
                0x00005ee4       0x3c .\ARM_GCC_541\Debug\BCC722-RTOS-MOINHO.a(si_desl.o)
                0x00005ee4                si_desl_Write
 .text.si_rearme_Write
                0x00005f20       0x3c .\ARM_GCC_541\Debug\BCC722-RTOS-MOINHO.a(si_rearme.o)
                0x00005f20                si_rearme_Write
 .text.si_emerg_Write
                0x00005f5c       0x3c .\ARM_GCC_541\Debug\BCC722-RTOS-MOINHO.a(si_emerg.o)
                0x00005f5c                si_emerg_Write
 .text.bt_desl_Read
                0x00005f98       0x20 .\ARM_GCC_541\Debug\BCC722-RTOS-MOINHO.a(bt_desl.o)
                0x00005f98                bt_desl_Read
 .text.bt_rearme_Read
                0x00005fb8       0x20 .\ARM_GCC_541\Debug\BCC722-RTOS-MOINHO.a(bt_rearme.o)
                0x00005fb8                bt_rearme_Read
 .text.bt_emerg_Read
                0x00005fd8       0x20 .\ARM_GCC_541\Debug\BCC722-RTOS-MOINHO.a(bt_emerg.o)
                0x00005fd8                bt_emerg_Read
 .text.si_alerta_Write
                0x00005ff8       0x3c .\ARM_GCC_541\Debug\BCC722-RTOS-MOINHO.a(si_alerta.o)
                0x00005ff8                si_alerta_Write
 .text.bt_emerg_int_StartEx
                0x00006034       0x24 .\ARM_GCC_541\Debug\BCC722-RTOS-MOINHO.a(bt_emerg_int.o)
                0x00006034                bt_emerg_int_StartEx
 .text.bt_emerg_int_SetVector
                0x00006058       0x24 .\ARM_GCC_541\Debug\BCC722-RTOS-MOINHO.a(bt_emerg_int.o)
                0x00006058                bt_emerg_int_SetVector
 .text.bt_emerg_int_SetPriority
                0x0000607c       0x24 .\ARM_GCC_541\Debug\BCC722-RTOS-MOINHO.a(bt_emerg_int.o)
                0x0000607c                bt_emerg_int_SetPriority
 .text.bt_emerg_int_Enable
                0x000060a0       0x18 .\ARM_GCC_541\Debug\BCC722-RTOS-MOINHO.a(bt_emerg_int.o)
                0x000060a0                bt_emerg_int_Enable
 .text.bt_emerg_int_Disable
                0x000060b8       0x18 .\ARM_GCC_541\Debug\BCC722-RTOS-MOINHO.a(bt_emerg_int.o)
                0x000060b8                bt_emerg_int_Disable
 .text.se_indut_porta_int_StartEx
                0x000060d0       0x24 .\ARM_GCC_541\Debug\BCC722-RTOS-MOINHO.a(se_indut_porta_int.o)
                0x000060d0                se_indut_porta_int_StartEx
 .text.se_indut_porta_int_SetVector
                0x000060f4       0x24 .\ARM_GCC_541\Debug\BCC722-RTOS-MOINHO.a(se_indut_porta_int.o)
                0x000060f4                se_indut_porta_int_SetVector
 .text.se_indut_porta_int_SetPriority
                0x00006118       0x24 .\ARM_GCC_541\Debug\BCC722-RTOS-MOINHO.a(se_indut_porta_int.o)
                0x00006118                se_indut_porta_int_SetPriority
 .text.se_indut_porta_int_Enable
                0x0000613c       0x18 .\ARM_GCC_541\Debug\BCC722-RTOS-MOINHO.a(se_indut_porta_int.o)
                0x0000613c                se_indut_porta_int_Enable
 .text.se_indut_porta_int_Disable
                0x00006154       0x18 .\ARM_GCC_541\Debug\BCC722-RTOS-MOINHO.a(se_indut_porta_int.o)
                0x00006154                se_indut_porta_int_Disable
 .text.se_indut_motor_int_StartEx
                0x0000616c       0x24 .\ARM_GCC_541\Debug\BCC722-RTOS-MOINHO.a(se_indut_motor_int.o)
                0x0000616c                se_indut_motor_int_StartEx
 .text.se_indut_motor_int_SetVector
                0x00006190       0x24 .\ARM_GCC_541\Debug\BCC722-RTOS-MOINHO.a(se_indut_motor_int.o)
                0x00006190                se_indut_motor_int_SetVector
 .text.se_indut_motor_int_SetPriority
                0x000061b4       0x24 .\ARM_GCC_541\Debug\BCC722-RTOS-MOINHO.a(se_indut_motor_int.o)
                0x000061b4                se_indut_motor_int_SetPriority
 .text.se_indut_motor_int_Enable
                0x000061d8       0x18 .\ARM_GCC_541\Debug\BCC722-RTOS-MOINHO.a(se_indut_motor_int.o)
                0x000061d8                se_indut_motor_int_Enable
 .text.se_indut_motor_int_Disable
                0x000061f0       0x18 .\ARM_GCC_541\Debug\BCC722-RTOS-MOINHO.a(se_indut_motor_int.o)
                0x000061f0                se_indut_motor_int_Disable
 .text.ct_motor_Write
                0x00006208       0x3c .\ARM_GCC_541\Debug\BCC722-RTOS-MOINHO.a(ct_motor.o)
                0x00006208                ct_motor_Write
 .text.al_sonoro_Write
                0x00006244       0x3c .\ARM_GCC_541\Debug\BCC722-RTOS-MOINHO.a(al_sonoro.o)
                0x00006244                al_sonoro_Write
 .text.ADC_SAR_Seq_Init
                0x00006280       0x50 .\ARM_GCC_541\Debug\BCC722-RTOS-MOINHO.a(ADC_SAR_Seq.o)
                0x00006280                ADC_SAR_Seq_Init
 .text.ADC_SAR_Seq_Enable
                0x000062d0      0x130 .\ARM_GCC_541\Debug\BCC722-RTOS-MOINHO.a(ADC_SAR_Seq.o)
                0x000062d0                ADC_SAR_Seq_Enable
 .text.ADC_SAR_Seq_Start
                0x00006400       0x30 .\ARM_GCC_541\Debug\BCC722-RTOS-MOINHO.a(ADC_SAR_Seq.o)
                0x00006400                ADC_SAR_Seq_Start
 .text.ADC_SAR_Seq_StartConvert
                0x00006430        0xc .\ARM_GCC_541\Debug\BCC722-RTOS-MOINHO.a(ADC_SAR_Seq.o)
                0x00006430                ADC_SAR_Seq_StartConvert
 .text.ADC_SAR_Seq_IsEndConversion
                0x0000643c       0x2c .\ARM_GCC_541\Debug\BCC722-RTOS-MOINHO.a(ADC_SAR_Seq.o)
                0x0000643c                ADC_SAR_Seq_IsEndConversion
 .text.ADC_SAR_Seq_GetResult16
                0x00006468       0x38 .\ARM_GCC_541\Debug\BCC722-RTOS-MOINHO.a(ADC_SAR_Seq.o)
                0x00006468                ADC_SAR_Seq_GetResult16
 .text.ADC_SAR_Seq_ISR
                0x000064a0        0xc .\ARM_GCC_541\Debug\BCC722-RTOS-MOINHO.a(ADC_SAR_Seq_INT.o)
                0x000064a0                ADC_SAR_Seq_ISR
 .text.ADC_SAR_Seq_SAR_Start
                0x000064ac       0x24 .\ARM_GCC_541\Debug\BCC722-RTOS-MOINHO.a(ADC_SAR_Seq_SAR.o)
                0x000064ac                ADC_SAR_Seq_SAR_Start
 .text.ADC_SAR_Seq_SAR_Init
                0x000064d0       0x2c .\ARM_GCC_541\Debug\BCC722-RTOS-MOINHO.a(ADC_SAR_Seq_SAR.o)
                0x000064d0                ADC_SAR_Seq_SAR_Init
 .text.ADC_SAR_Seq_SAR_Enable
                0x000064fc       0xc4 .\ARM_GCC_541\Debug\BCC722-RTOS-MOINHO.a(ADC_SAR_Seq_SAR.o)
                0x000064fc                ADC_SAR_Seq_SAR_Enable
 .text.ADC_SAR_Seq_SAR_SetResolution
                0x000065c0       0x54 .\ARM_GCC_541\Debug\BCC722-RTOS-MOINHO.a(ADC_SAR_Seq_SAR.o)
                0x000065c0                ADC_SAR_Seq_SAR_SetResolution
 .text.ADC_SAR_Seq_SAR_StartConvert
                0x00006614       0x20 .\ARM_GCC_541\Debug\BCC722-RTOS-MOINHO.a(ADC_SAR_Seq_SAR.o)
                0x00006614                ADC_SAR_Seq_SAR_StartConvert
 .text.ADC_SAR_Seq_SAR_CalcGain
                0x00006634       0x80 .\ARM_GCC_541\Debug\BCC722-RTOS-MOINHO.a(ADC_SAR_Seq_SAR.o)
 .text.ADC_SAR_Seq_TempBuf_DmaInitialize
                0x000066b4       0x64 .\ARM_GCC_541\Debug\BCC722-RTOS-MOINHO.a(ADC_SAR_Seq_TempBuf_dma.o)
                0x000066b4                ADC_SAR_Seq_TempBuf_DmaInitialize
 .text.ADC_SAR_Seq_FinalBuf_DmaInitialize
                0x00006718       0x64 .\ARM_GCC_541\Debug\BCC722-RTOS-MOINHO.a(ADC_SAR_Seq_FinalBuf_dma.o)
                0x00006718                ADC_SAR_Seq_FinalBuf_DmaInitialize
 .text.ADC_SAR_Seq_IRQ_SetVector
                0x0000677c       0x24 .\ARM_GCC_541\Debug\BCC722-RTOS-MOINHO.a(ADC_SAR_Seq_IRQ.o)
                0x0000677c                ADC_SAR_Seq_IRQ_SetVector
 .text.ADC_SAR_Seq_IRQ_SetPriority
                0x000067a0       0x24 .\ARM_GCC_541\Debug\BCC722-RTOS-MOINHO.a(ADC_SAR_Seq_IRQ.o)
                0x000067a0                ADC_SAR_Seq_IRQ_SetPriority
 *fill*         0x000067c4        0x4 
 .text          0x000067c8       0x20 .\ARM_GCC_541\Debug\BCC722-RTOS-MOINHO.a(CyBootAsmGnu.o)
                0x000067c8                CyDelayCycles
                0x000067d8                CyEnterCriticalSection
                0x000067e0                CyExitCriticalSection
 .text          0x000067e8       0x98 ..\..\..\..\..\..\uCOS-III\Lib\ARM-Cortex-M3\PSoC_GNU/uCOS-III-ARM-Cortex-M3.a(os_cpu_a.o)
                0x000067e8                OSStartHighRdy
                0x00006806                OSCtxSw
                0x0000680e                OSIntCtxSw
                0x00006816                OS_CPU_PendSVHandler
 .text.OSIdleTaskHook
                0x00006880       0x1c ..\..\..\..\..\..\uCOS-III\Lib\ARM-Cortex-M3\PSoC_GNU/uCOS-III-ARM-Cortex-M3.a(os_cpu_c.o)
                0x00006880                OSIdleTaskHook
 .text.OSInitHook
                0x0000689c       0x64 ..\..\..\..\..\..\uCOS-III\Lib\ARM-Cortex-M3\PSoC_GNU/uCOS-III-ARM-Cortex-M3.a(os_cpu_c.o)
                0x0000689c                OSInitHook
 .text.OSStatTaskHook
                0x00006900       0x1c ..\..\..\..\..\..\uCOS-III\Lib\ARM-Cortex-M3\PSoC_GNU/uCOS-III-ARM-Cortex-M3.a(os_cpu_c.o)
                0x00006900                OSStatTaskHook
 .text.OSTaskCreateHook
                0x0000691c       0x24 ..\..\..\..\..\..\uCOS-III\Lib\ARM-Cortex-M3\PSoC_GNU/uCOS-III-ARM-Cortex-M3.a(os_cpu_c.o)
                0x0000691c                OSTaskCreateHook
 .text.OSTaskDelHook
                0x00006940       0x24 ..\..\..\..\..\..\uCOS-III\Lib\ARM-Cortex-M3\PSoC_GNU/uCOS-III-ARM-Cortex-M3.a(os_cpu_c.o)
                0x00006940                OSTaskDelHook
 .text.OSTaskReturnHook
                0x00006964       0x24 ..\..\..\..\..\..\uCOS-III\Lib\ARM-Cortex-M3\PSoC_GNU/uCOS-III-ARM-Cortex-M3.a(os_cpu_c.o)
                0x00006964                OSTaskReturnHook
 .text.OSTaskStkInit
                0x00006988      0x130 ..\..\..\..\..\..\uCOS-III\Lib\ARM-Cortex-M3\PSoC_GNU/uCOS-III-ARM-Cortex-M3.a(os_cpu_c.o)
                0x00006988                OSTaskStkInit
 .text.OSTaskSwHook
                0x00006ab8       0x80 ..\..\..\..\..\..\uCOS-III\Lib\ARM-Cortex-M3\PSoC_GNU/uCOS-III-ARM-Cortex-M3.a(os_cpu_c.o)
                0x00006ab8                OSTaskSwHook
 .text.OSTimeTickHook
                0x00006b38       0x1c ..\..\..\..\..\..\uCOS-III\Lib\ARM-Cortex-M3\PSoC_GNU/uCOS-III-ARM-Cortex-M3.a(os_cpu_c.o)
                0x00006b38                OSTimeTickHook
 .text.OS_CPU_SysTickHandler
                0x00006b54       0x3c ..\..\..\..\..\..\uCOS-III\Lib\ARM-Cortex-M3\PSoC_GNU/uCOS-III-ARM-Cortex-M3.a(os_cpu_c.o)
                0x00006b54                OS_CPU_SysTickHandler
 .text.OS_CPU_SysTickInit
                0x00006b90       0x54 ..\..\..\..\..\..\uCOS-III\Lib\ARM-Cortex-M3\PSoC_GNU/uCOS-III-ARM-Cortex-M3.a(os_cpu_c.o)
                0x00006b90                OS_CPU_SysTickInit
 .text.log      0x00006be4      0x100 c:/program files (x86)/cypress/psoc creator/4.4/psoc creator/import/gnu/arm/5.4.1/bin/../lib/gcc/arm-none-eabi/5.4.1/../../../../arm-none-eabi/lib/armv7-m\libm.a(lib_a-w_log.o)
                0x00006be4                log
 *fill*         0x00006ce4        0x4 
 .text.__ieee754_log
                0x00006ce8      0x3e8 c:/program files (x86)/cypress/psoc creator/4.4/psoc creator/import/gnu/arm/5.4.1/bin/../lib/gcc/arm-none-eabi/5.4.1/../../../../arm-none-eabi/lib/armv7-m\libm.a(lib_a-e_log.o)
                0x00006ce8                __ieee754_log
 .text.matherr  0x000070d0        0x4 c:/program files (x86)/cypress/psoc creator/4.4/psoc creator/import/gnu/arm/5.4.1/bin/../lib/gcc/arm-none-eabi/5.4.1/../../../../arm-none-eabi/lib/armv7-m\libm.a(lib_a-s_matherr.o)
                0x000070d0                matherr
 .text.nan      0x000070d4        0xc c:/program files (x86)/cypress/psoc creator/4.4/psoc creator/import/gnu/arm/5.4.1/bin/../lib/gcc/arm-none-eabi/5.4.1/../../../../arm-none-eabi/lib/armv7-m\libm.a(lib_a-s_nan.o)
                0x000070d4                nan
 .text          0x000070e0      0x370 c:/program files (x86)/cypress/psoc creator/4.4/psoc creator/import/gnu/arm/5.4.1/bin/../lib/gcc/arm-none-eabi/5.4.1/armv7-m\libgcc.a(_arm_addsubdf3.o)
                0x000070e0                __aeabi_drsub
                0x000070e8                __aeabi_dsub
                0x000070e8                __subdf3
                0x000070ec                __aeabi_dadd
                0x000070ec                __adddf3
                0x00007364                __floatunsidf
                0x00007364                __aeabi_ui2d
                0x00007384                __floatsidf
                0x00007384                __aeabi_i2d
                0x000073a8                __aeabi_f2d
                0x000073a8                __extendsfdf2
                0x000073e4                __floatundidf
                0x000073e4                __aeabi_ul2d
                0x000073f4                __floatdidf
                0x000073f4                __aeabi_l2d
 .text          0x00007450      0x424 c:/program files (x86)/cypress/psoc creator/4.4/psoc creator/import/gnu/arm/5.4.1/bin/../lib/gcc/arm-none-eabi/5.4.1/armv7-m\libgcc.a(_arm_muldivdf3.o)
                0x00007450                __aeabi_dmul
                0x00007450                __muldf3
                0x000076a4                __divdf3
                0x000076a4                __aeabi_ddiv
 .text          0x00007874      0x110 c:/program files (x86)/cypress/psoc creator/4.4/psoc creator/import/gnu/arm/5.4.1/bin/../lib/gcc/arm-none-eabi/5.4.1/armv7-m\libgcc.a(_arm_cmpdf2.o)
                0x00007874                __gtdf2
                0x00007874                __gedf2
                0x0000787c                __ltdf2
                0x0000787c                __ledf2
                0x00007884                __nedf2
                0x00007884                __eqdf2
                0x00007884                __cmpdf2
                0x00007900                __aeabi_cdrcmple
                0x00007910                __aeabi_cdcmpeq
                0x00007910                __aeabi_cdcmple
                0x00007920                __aeabi_dcmpeq
                0x00007934                __aeabi_dcmplt
                0x00007948                __aeabi_dcmple
                0x0000795c                __aeabi_dcmpge
                0x00007970                __aeabi_dcmpgt
 .text          0x00007984       0x2c c:/program files (x86)/cypress/psoc creator/4.4/psoc creator/import/gnu/arm/5.4.1/bin/../lib/gcc/arm-none-eabi/5.4.1/armv7-m\libgcc.a(_arm_unorddf2.o)
                0x00007984                __unorddf2
                0x00007984                __aeabi_dcmpun
 .text          0x000079b0       0xa0 c:/program files (x86)/cypress/psoc creator/4.4/psoc creator/import/gnu/arm/5.4.1/bin/../lib/gcc/arm-none-eabi/5.4.1/armv7-m\libgcc.a(_arm_truncdfsf2.o)
                0x000079b0                __truncdfsf2
                0x000079b0                __aeabi_d2f
 .text.__errno  0x00007a50        0xc c:/program files (x86)/cypress/psoc creator/4.4/psoc creator/import/gnu/arm/5.4.1/bin/../lib/gcc/arm-none-eabi/5.4.1/../../../../arm-none-eabi/lib/armv7-m\libg_nano.a(lib_a-errno.o)
                0x00007a50                __errno
 .text.__libc_init_array
                0x00007a5c       0x4c c:/program files (x86)/cypress/psoc creator/4.4/psoc creator/import/gnu/arm/5.4.1/bin/../lib/gcc/arm-none-eabi/5.4.1/../../../../arm-none-eabi/lib/armv7-m\libg_nano.a(lib_a-init.o)
                0x00007a5c                __libc_init_array
 .text.memcpy   0x00007aa8       0x16 c:/program files (x86)/cypress/psoc creator/4.4/psoc creator/import/gnu/arm/5.4.1/bin/../lib/gcc/arm-none-eabi/5.4.1/../../../../arm-none-eabi/lib/armv7-m\libg_nano.a(lib_a-memcpy-stub.o)
                0x00007aa8                memcpy
 .text.memset   0x00007abe       0x10 c:/program files (x86)/cypress/psoc creator/4.4/psoc creator/import/gnu/arm/5.4.1/bin/../lib/gcc/arm-none-eabi/5.4.1/../../../../arm-none-eabi/lib/armv7-m\libg_nano.a(lib_a-memset.o)
                0x00007abe                memset
 *(.plt)
 *(.gnu.warning)
 *(.glue_7t)
 .glue_7t       0x00007ace        0x0 linker stubs
 *(.glue_7)
 .glue_7        0x00007ace        0x0 linker stubs
 *(.vfp11_veneer)
 .vfp11_veneer  0x00007ace        0x0 linker stubs
 *(.bootloader)
 *(.ARM.extab* .gnu.linkonce.armextab.*)
 *(.gcc_except_table)

.v4_bx          0x00007ad0        0x0
 .v4_bx         0x00007ad0        0x0 linker stubs

.iplt           0x00007ad0        0x0
 .iplt          0x00007ad0        0x0 c:/program files (x86)/cypress/psoc creator/4.4/psoc creator/import/gnu/arm/5.4.1/bin/../lib/gcc/arm-none-eabi/5.4.1/armv7-m/crtbegin.o

.eh_frame_hdr
 *(.eh_frame_hdr)

.eh_frame       0x00007ad0        0x4
 *(.eh_frame)
 .eh_frame      0x00007ad0        0x0 c:/program files (x86)/cypress/psoc creator/4.4/psoc creator/import/gnu/arm/5.4.1/bin/../lib/gcc/arm-none-eabi/5.4.1/armv7-m/crtbegin.o
 .eh_frame      0x00007ad0        0x4 c:/program files (x86)/cypress/psoc creator/4.4/psoc creator/import/gnu/arm/5.4.1/bin/../lib/gcc/arm-none-eabi/5.4.1/armv7-m/crtend.o
                [!provide]                PROVIDE (__exidx_start, .)

.ARM.exidx
 *(.ARM.exidx* .gnu.linkonce.armexidx.*)
                0x00007ad4                __exidx_end = .

.rodata         0x00007ad4      0x424
 *(.rodata .rodata.* .gnu.linkonce.r.*)
 .rodata        0x00007ad4      0x105 .\ARM_GCC_541\Debug\app.o
 *fill*         0x00007bd9        0x3 
 .rodata        0x00007bdc      0x16c .\ARM_GCC_541\Debug\os_dbg.o
                0x00007bdc                OSDbg_DbgEn
                0x00007bdd                OSDbg_ArgChkEn
                0x00007bde                OSDbg_AppHooksEn
                0x00007be0                OSDbg_EndiannessTest
                0x00007be4                OSDbg_CalledFromISRChkEn
                0x00007be5                OSDbg_FlagEn
                0x00007be8                OSDbg_FlagGrp
                0x00007c10                OSDbg_FlagDelEn
                0x00007c11                OSDbg_FlagModeClrEn
                0x00007c12                OSDbg_FlagPendAbortEn
                0x00007c14                OSDbg_FlagGrpSize
                0x00007c16                OSDbg_FlagWidth
                0x00007c18                OSDbg_IntQ
                0x00007c1a                OSDbg_ISRPostDeferredEn
                0x00007c1c                OSDbg_Mem
                0x00007c3c                OSDbg_MemEn
                0x00007c3e                OSDbg_MemSize
                0x00007c40                OSDbg_MsgEn
                0x00007c42                OSDbg_MsgSize
                0x00007c44                OSDbg_MsgPoolSize
                0x00007c46                OSDbg_MsgQSize
                0x00007c48                OSDbg_Mutex
                0x00007c74                OSDbg_MutexEn
                0x00007c75                OSDbg_MutexDelEn
                0x00007c76                OSDbg_MutexPendAbortEn
                0x00007c78                OSDbg_MutexSize
                0x00007c7a                OSDbg_ObjTypeChkEn
                0x00007c7b                OSDbg_PendMultiEn
                0x00007c7c                OSDbg_PendDataSize
                0x00007c7e                OSDbg_PendListSize
                0x00007c80                OSDbg_PendObjSize
                0x00007c82                OSDbg_PrioMax
                0x00007c84                OSDbg_PrioTblSize
                0x00007c86                OSDbg_PtrSize
                0x00007c88                OSDbg_Q
                0x00007cb8                OSDbg_QEn
                0x00007cb9                OSDbg_QDelEn
                0x00007cba                OSDbg_QFlushEn
                0x00007cbb                OSDbg_QPendAbortEn
                0x00007cbc                OSDbg_QSize
                0x00007cbe                OSDbg_SchedRoundRobinEn
                0x00007cc0                OSDbg_Sem
                0x00007ce8                OSDbg_SemEn
                0x00007ce9                OSDbg_SemDelEn
                0x00007cea                OSDbg_SemPendAbortEn
                0x00007ceb                OSDbg_SemSetEn
                0x00007cec                OSDbg_SemSize
                0x00007cee                OSDbg_RdyList
                0x00007cf0                OSDbg_RdyListSize
                0x00007cf4                OSDbg_StkWidth
                0x00007cf5                OSDbg_StatTaskEn
                0x00007cf6                OSDbg_StatTaskStkChkEn
                0x00007cf7                OSDbg_TaskChangePrioEn
                0x00007cf8                OSDbg_TaskDelEn
                0x00007cf9                OSDbg_TaskQEn
                0x00007cfa                OSDbg_TaskQPendAbortEn
                0x00007cfb                OSDbg_TaskProfileEn
                0x00007cfc                OSDbg_TaskRegTblSize
                0x00007cfe                OSDbg_TaskSemPendAbortEn
                0x00007cff                OSDbg_TaskSuspendEn
                0x00007d00                OSDbg_TCBSize
                0x00007d02                OSDbg_TickSpokeSize
                0x00007d04                OSDbg_TimeDlyHMSMEn
                0x00007d05                OSDbg_TimeDlyResumeEn
                0x00007d06                OSDbg_TLS_TblSize
                0x00007d08                OSDbg_Tmr
                0x00007d3c                OSDbg_TmrEn
                0x00007d3d                OSDbg_TmrDelEn
                0x00007d3e                OSDbg_TmrSize
                0x00007d40                OSDbg_TmrSpokeSize
                0x00007d42                OSDbg_VersionNbr
                0x00007d44                OSDbg_DataSize
 .rodata        0x00007d48       0x2a .\ARM_GCC_541\Debug\os_core.o
 *fill*         0x00007d72        0x2 
 .rodata        0x00007d74        0xa .\ARM_GCC_541\Debug\os_sem.o
 *fill*         0x00007d7e        0x2 
 .rodata        0x00007d80       0x14 .\ARM_GCC_541\Debug\os_stat.o
 .rodata        0x00007d94        0xa .\ARM_GCC_541\Debug\os_task.o
 *fill*         0x00007d9e        0x2 
 .rodata        0x00007da0       0x14 .\ARM_GCC_541\Debug\os_tick.o
 .rodata        0x00007db4       0x1d .\ARM_GCC_541\Debug\os_tmr.o
 *fill*         0x00007dd1        0x3 
 .rodata        0x00007dd4       0xa4 .\ARM_GCC_541\Debug\os_cfg_app.o
                0x00007dd4                OSCfg_IdleTaskStkBasePtr
                0x00007dd8                OSCfg_IdleTaskStkLimit
                0x00007ddc                OSCfg_IdleTaskStkSize
                0x00007de0                OSCfg_IdleTaskStkSizeRAM
                0x00007de4                OSCfg_IntQBasePtr
                0x00007de8                OSCfg_IntQSize
                0x00007dec                OSCfg_IntQSizeRAM
                0x00007df0                OSCfg_IntQTaskStkBasePtr
                0x00007df4                OSCfg_IntQTaskStkLimit
                0x00007df8                OSCfg_IntQTaskStkSize
                0x00007dfc                OSCfg_IntQTaskStkSizeRAM
                0x00007e00                OSCfg_ISRStkBasePtr
                0x00007e04                OSCfg_ISRStkSize
                0x00007e08                OSCfg_ISRStkSizeRAM
                0x00007e0c                OSCfg_MsgPoolSize
                0x00007e10                OSCfg_MsgPoolSizeRAM
                0x00007e14                OSCfg_MsgPoolBasePtr
                0x00007e18                OSCfg_StatTaskPrio
                0x00007e1c                OSCfg_StatTaskRate_Hz
                0x00007e20                OSCfg_StatTaskStkBasePtr
                0x00007e24                OSCfg_StatTaskStkLimit
                0x00007e28                OSCfg_StatTaskStkSize
                0x00007e2c                OSCfg_StatTaskStkSizeRAM
                0x00007e30                OSCfg_StkSizeMin
                0x00007e34                OSCfg_TickRate_Hz
                0x00007e38                OSCfg_TickTaskPrio
                0x00007e3c                OSCfg_TickTaskStkBasePtr
                0x00007e40                OSCfg_TickTaskStkLimit
                0x00007e44                OSCfg_TickTaskStkSize
                0x00007e48                OSCfg_TickTaskStkSizeRAM
                0x00007e4c                OSCfg_TickWheelSize
                0x00007e50                OSCfg_TickWheelSizeRAM
                0x00007e54                OSCfg_TmrTaskPrio
                0x00007e58                OSCfg_TmrTaskRate_Hz
                0x00007e5c                OSCfg_TmrTaskStkBasePtr
                0x00007e60                OSCfg_TmrTaskStkLimit
                0x00007e64                OSCfg_TmrTaskStkSize
                0x00007e68                OSCfg_TmrTaskStkSizeRAM
                0x00007e6c                OSCfg_TmrWheelSize
                0x00007e70                OSCfg_TmrWheelSizeRAM
                0x00007e74                OSCfg_DataSizeRAM
 .rodata        0x00007e78       0x1c .\ARM_GCC_541\Debug\probe_rs232_os.o
 .rodata        0x00007e94       0x24 .\ARM_GCC_541\Debug\cyfitter_cfg.o
 .rodata.str1.4
                0x00007eb8        0x8 c:/program files (x86)/cypress/psoc creator/4.4/psoc creator/import/gnu/arm/5.4.1/bin/../lib/gcc/arm-none-eabi/5.4.1/../../../../arm-none-eabi/lib/armv7-m\libm.a(lib_a-w_log.o)
                                  0x5 (size before relaxing)
 .rodata.str1.1
                0x00007ec0        0x2 c:/program files (x86)/cypress/psoc creator/4.4/psoc creator/import/gnu/arm/5.4.1/bin/../lib/gcc/arm-none-eabi/5.4.1/../../../../arm-none-eabi/lib/armv7-m\libg_nano.a(lib_a-impure.o)
                0x00007ec4                . = ALIGN (0x4)
 *fill*         0x00007ec2        0x2 
 *(.init)
 .init          0x00007ec4        0x4 c:/program files (x86)/cypress/psoc creator/4.4/psoc creator/import/gnu/arm/5.4.1/bin/../lib/gcc/arm-none-eabi/5.4.1/armv7-m/crti.o
                0x00007ec4                _init
 .init          0x00007ec8        0x8 c:/program files (x86)/cypress/psoc creator/4.4/psoc creator/import/gnu/arm/5.4.1/bin/../lib/gcc/arm-none-eabi/5.4.1/armv7-m/crtn.o
                0x00007ed0                . = ALIGN (0x4)
                0x00007ed0                __preinit_array_start = .
 *(.preinit_array)
                0x00007ed0                __preinit_array_end = .
                0x00007ed0                . = ALIGN (0x4)
                0x00007ed0                __init_array_start = .
 *(SORT(.init_array.*))
 *(.init_array)
 .init_array    0x00007ed0        0x4 c:/program files (x86)/cypress/psoc creator/4.4/psoc creator/import/gnu/arm/5.4.1/bin/../lib/gcc/arm-none-eabi/5.4.1/armv7-m/crtbegin.o
 .init_array    0x00007ed4        0x4 .\ARM_GCC_541\Debug\Cm3Start.o
                0x00007ed8                __init_array_end = .
                0x00007ed8                . = ALIGN (0x4)
 *(.fini)
 .fini          0x00007ed8        0x4 c:/program files (x86)/cypress/psoc creator/4.4/psoc creator/import/gnu/arm/5.4.1/bin/../lib/gcc/arm-none-eabi/5.4.1/armv7-m/crti.o
                0x00007ed8                _fini
 .fini          0x00007edc        0x8 c:/program files (x86)/cypress/psoc creator/4.4/psoc creator/import/gnu/arm/5.4.1/bin/../lib/gcc/arm-none-eabi/5.4.1/armv7-m/crtn.o
                0x00007ee4                . = ALIGN (0x4)
                0x00007ee4                __fini_array_start = .
 *(.fini_array)
 .fini_array    0x00007ee4        0x4 c:/program files (x86)/cypress/psoc creator/4.4/psoc creator/import/gnu/arm/5.4.1/bin/../lib/gcc/arm-none-eabi/5.4.1/armv7-m/crtbegin.o
 *(SORT(.fini_array.*))
                0x00007ee8                __fini_array_end = .
                0x00007ee8                . = ALIGN (0x4)
 *crtbegin.o(.ctors)
 *(EXCLUDE_FILE(*crtend.o) .ctors)
 *(SORT(.ctors.*))
 *crtend.o(.ctors)
                0x00007ee8                . = ALIGN (0x4)
 *crtbegin.o(.dtors)
 *(EXCLUDE_FILE(*crtend.o) .dtors)
 *(SORT(.dtors.*))
 *crtend.o(.dtors)
                0x00007ee8                . = ALIGN (0x4)
                0x00007ee8                __cy_regions = .
                0x00007ee8        0x4 LONG 0x7ef8 __cy_region_init_ram
                0x00007eec        0x4 LONG 0x1fff80c8 __cy_region_start_data
                0x00007ef0        0x4 LONG 0x88 __cy_region_init_size_ram
                0x00007ef4        0x4 LONG 0x3750 __cy_region_zero_size_ram
                0x00007ef8                __cy_regions_end = .
                0x00007ef8                . = ALIGN (0x8)
                0x00007ef8                _etext = .

.cy_checksum_exclude
                0x00007ef8        0x0
 *(.cy_checksum_exclude)

.ramvectors     0x1fff8000       0xc0
                0x1fff8000                __cy_region_start_ram = .
 *(.ramvectors)
 .ramvectors    0x1fff8000       0xc0 .\ARM_GCC_541\Debug\Cm3Start.o
                0x1fff8000                CyRamVectors

.noinit         0x1fff80c0        0x5
 *(.noinit)
 .noinit        0x1fff80c0        0x4 .\ARM_GCC_541\Debug\Cm3Start.o
 .noinit        0x1fff80c4        0x1 .\ARM_GCC_541\Debug\BCC722-RTOS-MOINHO.a(CyLib.o)
                0x1fff80c4                CyResetStatus

.data           0x1fff80c8       0x88 load address 0x00007ef8
                0x1fff80c8                __cy_region_start_data = .
 *(.jcr)
 .jcr           0x1fff80c8        0x0 c:/program files (x86)/cypress/psoc creator/4.4/psoc creator/import/gnu/arm/5.4.1/bin/../lib/gcc/arm-none-eabi/5.4.1/armv7-m/crtbegin.o
 .jcr           0x1fff80c8        0x4 c:/program files (x86)/cypress/psoc creator/4.4/psoc creator/import/gnu/arm/5.4.1/bin/../lib/gcc/arm-none-eabi/5.4.1/armv7-m/crtend.o
 *(.got.plt)
 *(.got)
 *(.shdata)
 *(.data .data.* .gnu.linkonce.d.*)
 .data          0x1fff80cc        0x8 .\ARM_GCC_541\Debug\BCC722-RTOS-MOINHO.a(CyDmac.o)
 .data          0x1fff80d4       0x10 .\ARM_GCC_541\Debug\BCC722-RTOS-MOINHO.a(CyLib.o)
                0x1fff80d4                cydelay_freq_hz
                0x1fff80d8                cydelay_freq_khz
                0x1fff80dc                cydelay_freq_mhz
                0x1fff80e0                cydelay_32k_ms
 .data          0x1fff80e4        0x2 .\ARM_GCC_541\Debug\BCC722-RTOS-MOINHO.a(ADC_SAR_Seq.o)
 .data          0x1fff80e6        0x1 .\ARM_GCC_541\Debug\BCC722-RTOS-MOINHO.a(ADC_SAR_Seq_TempBuf_dma.o)
                0x1fff80e6                ADC_SAR_Seq_TempBuf_DmaHandle
 .data          0x1fff80e7        0x1 .\ARM_GCC_541\Debug\BCC722-RTOS-MOINHO.a(ADC_SAR_Seq_FinalBuf_dma.o)
                0x1fff80e7                ADC_SAR_Seq_FinalBuf_DmaHandle
 .data.__fdlib_version
                0x1fff80e8        0x1 c:/program files (x86)/cypress/psoc creator/4.4/psoc creator/import/gnu/arm/5.4.1/bin/../lib/gcc/arm-none-eabi/5.4.1/../../../../arm-none-eabi/lib/armv7-m\libm.a(lib_a-s_lib_ver.o)
                0x1fff80e8                __fdlib_version
 *fill*         0x1fff80e9        0x3 
 .data.impure_data
                0x1fff80ec       0x60 c:/program files (x86)/cypress/psoc creator/4.4/psoc creator/import/gnu/arm/5.4.1/bin/../lib/gcc/arm-none-eabi/5.4.1/../../../../arm-none-eabi/lib/armv7-m\libg_nano.a(lib_a-impure.o)
 .data._impure_ptr
                0x1fff814c        0x4 c:/program files (x86)/cypress/psoc creator/4.4/psoc creator/import/gnu/arm/5.4.1/bin/../lib/gcc/arm-none-eabi/5.4.1/../../../../arm-none-eabi/lib/armv7-m\libg_nano.a(lib_a-impure.o)
                0x1fff814c                _impure_ptr
                0x1fff8150                . = ALIGN (0x8)
 *(.ram)
                0x1fff8150                _edata = .

.igot.plt       0x1fff8150        0x0 load address 0x00007f80
 .igot.plt      0x1fff8150        0x0 c:/program files (x86)/cypress/psoc creator/4.4/psoc creator/import/gnu/arm/5.4.1/bin/../lib/gcc/arm-none-eabi/5.4.1/armv7-m/crtbegin.o

.bss            0x1fff8150     0x3750 load address 0x00007f80
                0x1fff8150                PROVIDE (__bss_start__, .)
 *(.shbss)
 *(.bss .bss.* .gnu.linkonce.b.*)
 .bss           0x1fff8150       0x1c c:/program files (x86)/cypress/psoc creator/4.4/psoc creator/import/gnu/arm/5.4.1/bin/../lib/gcc/arm-none-eabi/5.4.1/armv7-m/crtbegin.o
 .bss           0x1fff816c     0x1a54 .\ARM_GCC_541\Debug\app.o
                0x1fff9bac                bp01Msg
                0x1fff9bad                bp02Msg
                0x1fff9bae                t_qtde1
                0x1fff9bb0                t_qtde2
                0x1fff9bb2                motor
                0x1fff9bb3                emerg
                0x1fff9bb4                rearme
                0x1fff9bb5                alerta
                0x1fff9bb8                tempM
                0x1fff9bbc                tempQ
 .bss           0x1fff9bc0      0x2e8 .\ARM_GCC_541\Debug\probe_rs232_os.o
 .bss           0x1fff9ea8      0x424 .\ARM_GCC_541\Debug\probe_rs232.o
 .bss           0x1fffa2cc        0x4 .\ARM_GCC_541\Debug\probe_com.o
 .bss           0x1fffa2d0        0x2 .\ARM_GCC_541\Debug\BCC722-RTOS-MOINHO.a(ProbeUART.o)
                0x1fffa2d0                ProbeUART_initVar
 *fill*         0x1fffa2d2        0x2 
 .bss           0x1fffa2d4        0xc .\ARM_GCC_541\Debug\BCC722-RTOS-MOINHO.a(ADC_SAR_Seq.o)
                0x1fffa2d4                ADC_SAR_Seq_initVar
 .bss           0x1fffa2e0        0x1 .\ARM_GCC_541\Debug\BCC722-RTOS-MOINHO.a(ADC_SAR_Seq_SAR.o)
                0x1fffa2e0                ADC_SAR_Seq_SAR_initVar
 *(COMMON)
 COMMON         0x1fffa2e1        0x1 .\ARM_GCC_541\Debug\bsp.o
                0x1fffa2e1                LED_REG_VAL
 *fill*         0x1fffa2e2        0x2 
 COMMON         0x1fffa2e4       0x14 .\ARM_GCC_541\Debug\cpu_core.o
                0x1fffa2e4                CPU_TS_TmrFreq_Hz
                0x1fffa2e8                CPU_Name
 COMMON         0x1fffa2f8        0x4 .\ARM_GCC_541\Debug\os_prio.o
                0x1fffa2f8                OSPrioTbl
 COMMON         0x1fffa2fc      0x418 .\ARM_GCC_541\Debug\os_var.o
                0x1fffa2fc                OSSchedLockNestingCtr
                0x1fffa300                OS_AppTaskReturnHookPtr
                0x1fffa304                OSStatTaskTimeMax
                0x1fffa308                OSStatTaskCtr
                0x1fffa30c                OSTaskRegNextAvailID
                0x1fffa30d                OSRunning
                0x1fffa310                OSRdyList
                0x1fffa370                OSPrioHighRdy
                0x1fffa371                OSStatTaskRdy
                0x1fffa374                OSSemDbgListPtr
                0x1fffa378                OS_AppTaskCreateHookPtr
                0x1fffa37c                OSPrioCur
                0x1fffa380                OSTickTaskTCB
                0x1fffa440                OSTmrTickCtr
                0x1fffa444                OSTCBCurPtr
                0x1fffa448                OSQQty
                0x1fffa44a                OSStatTaskCPUUsageMax
                0x1fffa44c                OSPrioSaved
                0x1fffa450                OSTCBHighRdyPtr
                0x1fffa454                OSTaskDbgListPtr
                0x1fffa458                OSTmrTaskTimeMax
                0x1fffa45c                OS_AppTaskDelHookPtr
                0x1fffa460                OS_AppTimeTickHookPtr
                0x1fffa464                OSTaskCtxSwCtr
                0x1fffa468                OSStatTaskCPUUsage
                0x1fffa46a                OSIntNestingCtr
                0x1fffa46c                OSTaskQty
                0x1fffa470                OSTmrTaskTCB
                0x1fffa530                OSMsgPool
                0x1fffa53c                OSIdleTaskTCB
                0x1fffa5fc                OSQDbgListPtr
                0x1fffa600                OSSemQty
                0x1fffa604                OSMemDbgListPtr
                0x1fffa608                OSSchedRoundRobinDfltTimeQuanta
                0x1fffa60c                OS_AppIdleTaskHookPtr
                0x1fffa610                OSStatTaskCtrMax
                0x1fffa614                OSTickCtr
                0x1fffa618                OS_AppTaskSwHookPtr
                0x1fffa61c                OSTmrQty
                0x1fffa620                OSIdleTaskCtr
                0x1fffa624                OSStatTaskCtrRun
                0x1fffa628                OS_AppStatTaskHookPtr
                0x1fffa62c                OSFlagQty
                0x1fffa630                OSFlagDbgListPtr
                0x1fffa634                OSStatResetFlag
                0x1fffa636                OSMemQty
                0x1fffa638                OSMutexQty
                0x1fffa63c                OSStatTaskTCB
                0x1fffa6fc                OSTmrDbgListPtr
                0x1fffa700                OSTickTaskTimeMax
                0x1fffa704                OSTmrUpdateCnt
                0x1fffa708                OSSchedRoundRobinEn
                0x1fffa70c                OSMutexDbgListPtr
                0x1fffa710                OSTmrUpdateCtr
 COMMON         0x1fffa714     0x1150 .\ARM_GCC_541\Debug\os_cfg_app.o
                0x1fffa714                OSCfg_StatTaskStk
                0x1fffa914                OSCfg_TickWheel
                0x1fffa99c                OSCfg_MsgPool
                0x1fffafdc                OSCfg_TmrTaskStk
                0x1fffb1dc                OSCfg_TmrWheel
                0x1fffb264                OSCfg_ISRStk
                0x1fffb464                OSCfg_TickTaskStk
                0x1fffb664                OSCfg_IdleTaskStk
 COMMON         0x1fffb864        0x8 .\ARM_GCC_541\Debug\probe_rs232.o
                0x1fffb864                ProbeRS232_TxCtr
                0x1fffb868                ProbeRS232_RxCtr
 COMMON         0x1fffb86c       0x1c .\ARM_GCC_541\Debug\probe_com.o
                0x1fffb86c                ProbeCom_RxPktCtr
                0x1fffb870                ProbeCom_TxPktCtr
                0x1fffb874                ProbeCom_RxSymByteCtr
                0x1fffb878                ProbeCom_RxSymCtr
                0x1fffb87c                ProbeCom_ErrPktCtr
                0x1fffb880                ProbeCom_TxSymCtr
                0x1fffb884                ProbeCom_TxSymByteCtr
 COMMON         0x1fffb888        0x4 .\ARM_GCC_541\Debug\BCC722-RTOS-MOINHO.a(ADC_SAR_Seq.o)
                0x1fffb888                ADC_SAR_Seq_finalArray
 COMMON         0x1fffb88c        0xa .\ARM_GCC_541\Debug\BCC722-RTOS-MOINHO.a(ADC_SAR_Seq_SAR.o)
                0x1fffb88c                ADC_SAR_Seq_SAR_offset
                0x1fffb88e                ADC_SAR_Seq_SAR_countsPerVolt
                0x1fffb890                ADC_SAR_Seq_SAR_countsPer10Volt
                0x1fffb894                ADC_SAR_Seq_SAR_shift
 *fill*         0x1fffb896        0x2 
 COMMON         0x1fffb898        0x4 ..\..\..\..\..\..\uCOS-III\Lib\ARM-Cortex-M3\PSoC_GNU/uCOS-III-ARM-Cortex-M3.a(os_cpu_c.o)
                0x1fffb898                OS_CPU_ExceptStkBase
                0x1fffb8a0                . = ALIGN (0x8)
 *fill*         0x1fffb89c        0x4 
 *(.ram.b)
                0x1fffb8a0                _end = .
                0x1fffb8a0                __end = .
                0x1fffb8a0                PROVIDE (end, .)
                0x1fffb8a0                PROVIDE (__bss_end__, .)
                0x00007ef8                __cy_region_init_ram = LOADADDR (.data)
                0x00000088                __cy_region_init_size_ram = (_edata - ADDR (.data))
                0x00003750                __cy_region_zero_size_ram = (_end - _edata)

.heap           0x1fffb8a0       0x80 load address 0x00007f80
                0x1fffb8a0                . = _end
                0x1fffb920                . = (. + 0x80)
 *fill*         0x1fffb8a0       0x80 
                0x1fffb920                __cy_heap_limit = .

.stack          0x20007800      0x800
                0x20007800                __cy_stack_limit = .
                0x20008000                . = (. + 0x800)
 *fill*         0x20007800      0x800 
                0x00000001                ASSERT ((__cy_stack_limit >= __cy_heap_limit), region RAM overflowed with stack)
                0x00000000                cy_checksum_exclude_size = (CY_APPL_LOADABLE == 0x1)?SIZEOF (.cy_checksum_exclude):0x0
                0x00000001                ASSERT ((cy_checksum_exclude_size <= CY_CHECKSUM_EXCLUDE_SIZE), CY_BOOT: Section .cy_checksum_exclude size exceedes specified limit.)

.cyloadermeta
 *(.cyloadermeta)

.cyloadablemeta
 *(.cyloadablemeta)

.cyconfigecc    0x80000000      0x8ec
 *(.cyconfigecc)
 .cyconfigecc   0x80000000      0x8ec .\ARM_GCC_541\Debug\cymetadata.o
                0x80000000                cy_meta_configecc

.cycustnvl      0x90000000        0x4
 *(.cycustnvl)
 .cycustnvl     0x90000000        0x4 .\ARM_GCC_541\Debug\cymetadata.o
                0x90000000                cy_meta_custnvl

.cywolatch      0x90100000        0x4
 *(.cywolatch)
 .cywolatch     0x90100000        0x4 .\ARM_GCC_541\Debug\cymetadata.o
                0x90100000                cy_meta_wonvl

.cyeeprom       0x90200000        0x0
 *(.cyeeprom)
                0x00000001                ASSERT ((. <= ((0x90200000 + ee_offset) + ee_size)), .cyeeprom data will not fit in EEPROM)

.cyflashprotect
                0x90400000      0x100
 *(.cyflashprotect)
 .cyflashprotect
                0x90400000      0x100 .\ARM_GCC_541\Debug\cymetadata.o
                0x90400000                cy_meta_flashprotect

.cymeta         0x90500000        0xc
 *(.cymeta)
 .cymeta        0x90500000        0xc .\ARM_GCC_541\Debug\cymetadata.o
                0x90500000                cy_metadata

.rel.dyn        0x00007f80        0x0 load address 0x9050000c
 .rel.iplt      0x00007f80        0x0 c:/program files (x86)/cypress/psoc creator/4.4/psoc creator/import/gnu/arm/5.4.1/bin/../lib/gcc/arm-none-eabi/5.4.1/armv7-m/crtbegin.o

.stab
 *(.stab)

.stabstr
 *(.stabstr)

.debug
 *(.debug)

.line
 *(.line)

.debug_srcinfo
 *(.debug_srcinfo)

.debug_sfnames
 *(.debug_sfnames)

.debug_aranges  0x00000000     0x1fa8
 *(.debug_aranges)
 .debug_aranges
                0x00000000       0x20 .\ARM_GCC_541\Debug\app_probe.o
 .debug_aranges
                0x00000020       0xc8 .\ARM_GCC_541\Debug\app.o
 .debug_aranges
                0x000000e8       0x68 .\ARM_GCC_541\Debug\os_app_hooks.o
 .debug_aranges
                0x00000150       0x38 .\ARM_GCC_541\Debug\bsp_os.o
 .debug_aranges
                0x00000188       0x58 .\ARM_GCC_541\Debug\bsp.o
 .debug_aranges
                0x000001e0       0x30 .\ARM_GCC_541\Debug\cpu_bsp.o
 .debug_aranges
                0x00000210       0xb0 .\ARM_GCC_541\Debug\cpu_core.o
 .debug_aranges
                0x000002c0       0x98 .\ARM_GCC_541\Debug\lib_ascii.o
 .debug_aranges
                0x00000358       0x38 .\ARM_GCC_541\Debug\lib_math.o
 .debug_aranges
                0x00000390       0x48 .\ARM_GCC_541\Debug\lib_mem.o
 .debug_aranges
                0x000003d8       0xd8 .\ARM_GCC_541\Debug\lib_str.o
 .debug_aranges
                0x000004b0       0x20 .\ARM_GCC_541\Debug\os_dbg.o
 .debug_aranges
                0x000004d0      0x140 .\ARM_GCC_541\Debug\os_core.o
 .debug_aranges
                0x00000610       0x80 .\ARM_GCC_541\Debug\os_flag.o
 .debug_aranges
                0x00000690       0x18 .\ARM_GCC_541\Debug\os_int.o
 .debug_aranges
                0x000006a8       0x40 .\ARM_GCC_541\Debug\os_mem.o
 .debug_aranges
                0x000006e8       0x40 .\ARM_GCC_541\Debug\os_msg.o
 .debug_aranges
                0x00000728       0x60 .\ARM_GCC_541\Debug\os_mutex.o
 .debug_aranges
                0x00000788       0x38 .\ARM_GCC_541\Debug\os_pend_multi.o
 .debug_aranges
                0x000007c0       0x38 .\ARM_GCC_541\Debug\os_prio.o
 .debug_aranges
                0x000007f8       0x70 .\ARM_GCC_541\Debug\os_q.o
 .debug_aranges
                0x00000868       0x70 .\ARM_GCC_541\Debug\os_sem.o
 .debug_aranges
                0x000008d8       0x38 .\ARM_GCC_541\Debug\os_stat.o
 .debug_aranges
                0x00000910       0xf0 .\ARM_GCC_541\Debug\os_task.o
 .debug_aranges
                0x00000a00       0x50 .\ARM_GCC_541\Debug\os_tick.o
 .debug_aranges
                0x00000a50       0x48 .\ARM_GCC_541\Debug\os_time.o
 .debug_aranges
                0x00000a98       0x88 .\ARM_GCC_541\Debug\os_tmr.o
 .debug_aranges
                0x00000b20       0x18 .\ARM_GCC_541\Debug\os_var.o
 .debug_aranges
                0x00000b38       0x20 .\ARM_GCC_541\Debug\os_cfg_app.o
 .debug_aranges
                0x00000b58       0x18 .\ARM_GCC_541\Debug\probe_com_os.o
 .debug_aranges
                0x00000b70       0x60 .\ARM_GCC_541\Debug\probe_rs232c.o
 .debug_aranges
                0x00000bd0       0x38 .\ARM_GCC_541\Debug\probe_rs232_os.o
 .debug_aranges
                0x00000c08       0x60 .\ARM_GCC_541\Debug\probe_rs232.o
 .debug_aranges
                0x00000c68       0x88 .\ARM_GCC_541\Debug\probe_com.o
 .debug_aranges
                0x00000cf0       0x60 .\ARM_GCC_541\Debug\cyfitter_cfg.o
 .debug_aranges
                0x00000d50       0x48 .\ARM_GCC_541\Debug\Cm3Start.o
 .debug_aranges
                0x00000d98       0x18 .\ARM_GCC_541\Debug\cymetadata.o
 .debug_aranges
                0x00000db0       0x20 .\ARM_GCC_541\Debug\cpu_a.o
 .debug_aranges
                0x00000dd0       0x28 .\ARM_GCC_541\Debug\BCC722-RTOS-MOINHO.a(LED_Status.o)
 .debug_aranges
                0x00000df8       0x98 .\ARM_GCC_541\Debug\BCC722-RTOS-MOINHO.a(LCD_Disp.o)
 .debug_aranges
                0x00000e90       0xd8 .\ARM_GCC_541\Debug\BCC722-RTOS-MOINHO.a(CyDmac.o)
 .debug_aranges
                0x00000f68      0x2a0 .\ARM_GCC_541\Debug\BCC722-RTOS-MOINHO.a(CyLib.o)
 .debug_aranges
                0x00001208       0x98 .\ARM_GCC_541\Debug\BCC722-RTOS-MOINHO.a(cyPm.o)
 .debug_aranges
                0x000012a0       0xf0 .\ARM_GCC_541\Debug\BCC722-RTOS-MOINHO.a(ProbeUART.o)
 .debug_aranges
                0x00001390       0x80 .\ARM_GCC_541\Debug\BCC722-RTOS-MOINHO.a(ProbeUART_TxISR.o)
 .debug_aranges
                0x00001410       0x80 .\ARM_GCC_541\Debug\BCC722-RTOS-MOINHO.a(ProbeUART_RxISR.o)
 .debug_aranges
                0x00001490       0x38 .\ARM_GCC_541\Debug\BCC722-RTOS-MOINHO.a(PB_2.o)
 .debug_aranges
                0x000014c8       0x38 .\ARM_GCC_541\Debug\BCC722-RTOS-MOINHO.a(PB_3.o)
 .debug_aranges
                0x00001500       0x70 .\ARM_GCC_541\Debug\BCC722-RTOS-MOINHO.a(ProbeUART_IntClock.o)
 .debug_aranges
                0x00001570       0x38 .\ARM_GCC_541\Debug\BCC722-RTOS-MOINHO.a(Pin_SV01_VE.o)
 .debug_aranges
                0x000015a8       0x48 .\ARM_GCC_541\Debug\BCC722-RTOS-MOINHO.a(Pin_BP01.o)
 .debug_aranges
                0x000015f0       0x38 .\ARM_GCC_541\Debug\BCC722-RTOS-MOINHO.a(Pin_SP01_VE.o)
 .debug_aranges
                0x00001628       0x38 .\ARM_GCC_541\Debug\BCC722-RTOS-MOINHO.a(Pin_SV01_AM.o)
 .debug_aranges
                0x00001660       0x38 .\ARM_GCC_541\Debug\BCC722-RTOS-MOINHO.a(Pin_SV01_VM.o)
 .debug_aranges
                0x00001698       0x38 .\ARM_GCC_541\Debug\BCC722-RTOS-MOINHO.a(Pin_SP01_VM.o)
 .debug_aranges
                0x000016d0       0x38 .\ARM_GCC_541\Debug\BCC722-RTOS-MOINHO.a(Pin_SV02_VE.o)
 .debug_aranges
                0x00001708       0x48 .\ARM_GCC_541\Debug\BCC722-RTOS-MOINHO.a(Pin_BP02.o)
 .debug_aranges
                0x00001750       0x38 .\ARM_GCC_541\Debug\BCC722-RTOS-MOINHO.a(Pin_SP02_VE.o)
 .debug_aranges
                0x00001788       0x38 .\ARM_GCC_541\Debug\BCC722-RTOS-MOINHO.a(Pin_SV02_AM.o)
 .debug_aranges
                0x000017c0       0x38 .\ARM_GCC_541\Debug\BCC722-RTOS-MOINHO.a(Pin_SV02_VM.o)
 .debug_aranges
                0x000017f8       0x38 .\ARM_GCC_541\Debug\BCC722-RTOS-MOINHO.a(Pin_SP02_VM.o)
 .debug_aranges
                0x00001830       0x38 .\ARM_GCC_541\Debug\BCC722-RTOS-MOINHO.a(bt_liga.o)
 .debug_aranges
                0x00001868       0x38 .\ARM_GCC_541\Debug\BCC722-RTOS-MOINHO.a(si_liga.o)
 .debug_aranges
                0x000018a0       0x38 .\ARM_GCC_541\Debug\BCC722-RTOS-MOINHO.a(si_desl.o)
 .debug_aranges
                0x000018d8       0x38 .\ARM_GCC_541\Debug\BCC722-RTOS-MOINHO.a(si_rearme.o)
 .debug_aranges
                0x00001910       0x38 .\ARM_GCC_541\Debug\BCC722-RTOS-MOINHO.a(si_emerg.o)
 .debug_aranges
                0x00001948       0x38 .\ARM_GCC_541\Debug\BCC722-RTOS-MOINHO.a(bt_desl.o)
 .debug_aranges
                0x00001980       0x38 .\ARM_GCC_541\Debug\BCC722-RTOS-MOINHO.a(bt_rearme.o)
 .debug_aranges
                0x000019b8       0x48 .\ARM_GCC_541\Debug\BCC722-RTOS-MOINHO.a(bt_emerg.o)
 .debug_aranges
                0x00001a00       0x38 .\ARM_GCC_541\Debug\BCC722-RTOS-MOINHO.a(si_alerta.o)
 .debug_aranges
                0x00001a38       0x80 .\ARM_GCC_541\Debug\BCC722-RTOS-MOINHO.a(bt_emerg_int.o)
 .debug_aranges
                0x00001ab8       0x80 .\ARM_GCC_541\Debug\BCC722-RTOS-MOINHO.a(se_indut_porta_int.o)
 .debug_aranges
                0x00001b38       0x80 .\ARM_GCC_541\Debug\BCC722-RTOS-MOINHO.a(se_indut_motor_int.o)
 .debug_aranges
                0x00001bb8       0x38 .\ARM_GCC_541\Debug\BCC722-RTOS-MOINHO.a(ct_motor.o)
 .debug_aranges
                0x00001bf0       0x38 .\ARM_GCC_541\Debug\BCC722-RTOS-MOINHO.a(al_sonoro.o)
 .debug_aranges
                0x00001c28       0xa0 .\ARM_GCC_541\Debug\BCC722-RTOS-MOINHO.a(ADC_SAR_Seq.o)
 .debug_aranges
                0x00001cc8       0x20 .\ARM_GCC_541\Debug\BCC722-RTOS-MOINHO.a(ADC_SAR_Seq_INT.o)
 .debug_aranges
                0x00001ce8       0xa8 .\ARM_GCC_541\Debug\BCC722-RTOS-MOINHO.a(ADC_SAR_Seq_SAR.o)
 .debug_aranges
                0x00001d90       0x28 .\ARM_GCC_541\Debug\BCC722-RTOS-MOINHO.a(ADC_SAR_Seq_TempBuf_dma.o)
 .debug_aranges
                0x00001db8       0x28 .\ARM_GCC_541\Debug\BCC722-RTOS-MOINHO.a(ADC_SAR_Seq_FinalBuf_dma.o)
 .debug_aranges
                0x00001de0       0x80 .\ARM_GCC_541\Debug\BCC722-RTOS-MOINHO.a(ADC_SAR_Seq_IRQ.o)
 .debug_aranges
                0x00001e60       0x20 .\ARM_GCC_541\Debug\BCC722-RTOS-MOINHO.a(CyBootAsmGnu.o)
 .debug_aranges
                0x00001e80       0x88 .\ARM_GCC_541\Debug\BCC722-RTOS-MOINHO.a(CyFlash.o)
 .debug_aranges
                0x00001f08       0x80 .\ARM_GCC_541\Debug\BCC722-RTOS-MOINHO.a(CySpc.o)
 .debug_aranges
                0x00001f88       0x20 ..\..\..\..\..\..\uCOS-III\Lib\ARM-Cortex-M3\PSoC_GNU/uCOS-III-ARM-Cortex-M3.a(os_cpu_a.o)

.debug_pubnames
 *(.debug_pubnames)

.debug_info     0x00000000    0x1d194
 *(.debug_info .gnu.linkonce.wi.*)
 .debug_info    0x00000000       0xe9 .\ARM_GCC_541\Debug\app_probe.o
 .debug_info    0x000000e9     0x1452 .\ARM_GCC_541\Debug\app.o
 .debug_info    0x0000153b      0x844 .\ARM_GCC_541\Debug\os_app_hooks.o
 .debug_info    0x00001d7f      0xd23 .\ARM_GCC_541\Debug\bsp_os.o
 .debug_info    0x00002aa2      0x2e8 .\ARM_GCC_541\Debug\bsp.o
 .debug_info    0x00002d8a      0x135 .\ARM_GCC_541\Debug\cpu_bsp.o
 .debug_info    0x00002ebf      0x52f .\ARM_GCC_541\Debug\cpu_core.o
 .debug_info    0x000033ee      0x421 .\ARM_GCC_541\Debug\lib_ascii.o
 .debug_info    0x0000380f      0x166 .\ARM_GCC_541\Debug\lib_math.o
 .debug_info    0x00003975      0x45d .\ARM_GCC_541\Debug\lib_mem.o
 .debug_info    0x00003dd2      0xd53 .\ARM_GCC_541\Debug\lib_str.o
 .debug_info    0x00004b25     0x136d .\ARM_GCC_541\Debug\os_dbg.o
 .debug_info    0x00005e92     0x17b1 .\ARM_GCC_541\Debug\os_core.o
 .debug_info    0x00007643     0x1173 .\ARM_GCC_541\Debug\os_flag.o
 .debug_info    0x000087b6       0x72 .\ARM_GCC_541\Debug\os_int.o
 .debug_info    0x00008828      0x7fe .\ARM_GCC_541\Debug\os_mem.o
 .debug_info    0x00009026      0x85c .\ARM_GCC_541\Debug\os_msg.o
 .debug_info    0x00009882      0xf8d .\ARM_GCC_541\Debug\os_mutex.o
 .debug_info    0x0000a80f      0xe9e .\ARM_GCC_541\Debug\os_pend_multi.o
 .debug_info    0x0000b6ad      0x1bf .\ARM_GCC_541\Debug\os_prio.o
 .debug_info    0x0000b86c     0x1095 .\ARM_GCC_541\Debug\os_q.o
 .debug_info    0x0000c901     0x1072 .\ARM_GCC_541\Debug\os_sem.o
 .debug_info    0x0000d973      0xf16 .\ARM_GCC_541\Debug\os_stat.o
 .debug_info    0x0000e889     0x15e4 .\ARM_GCC_541\Debug\os_task.o
 .debug_info    0x0000fe6d      0xe44 .\ARM_GCC_541\Debug\os_tick.o
 .debug_info    0x00010cb1      0xe3e .\ARM_GCC_541\Debug\os_time.o
 .debug_info    0x00011aef     0x129e .\ARM_GCC_541\Debug\os_tmr.o
 .debug_info    0x00012d8d      0xf37 .\ARM_GCC_541\Debug\os_var.o
 .debug_info    0x00013cc4      0xbc5 .\ARM_GCC_541\Debug\os_cfg_app.o
 .debug_info    0x00014889       0x72 .\ARM_GCC_541\Debug\probe_com_os.o
 .debug_info    0x000148fb      0x179 .\ARM_GCC_541\Debug\probe_rs232c.o
 .debug_info    0x00014a74      0xc9a .\ARM_GCC_541\Debug\probe_rs232_os.o
 .debug_info    0x0001570e      0x2dd .\ARM_GCC_541\Debug\probe_rs232.o
 .debug_info    0x000159eb      0x6c0 .\ARM_GCC_541\Debug\probe_com.o
 .debug_info    0x000160ab      0x3b8 .\ARM_GCC_541\Debug\cyfitter_cfg.o
 .debug_info    0x00016463      0x32b .\ARM_GCC_541\Debug\Cm3Start.o
 .debug_info    0x0001678e      0x139 .\ARM_GCC_541\Debug\cymetadata.o
 .debug_info    0x000168c7       0xd5 .\ARM_GCC_541\Debug\cpu_a.o
 .debug_info    0x0001699c       0xd7 .\ARM_GCC_541\Debug\BCC722-RTOS-MOINHO.a(LED_Status.o)
 .debug_info    0x00016a73      0x3cf .\ARM_GCC_541\Debug\BCC722-RTOS-MOINHO.a(LCD_Disp.o)
 .debug_info    0x00016e42      0x8c0 .\ARM_GCC_541\Debug\BCC722-RTOS-MOINHO.a(CyDmac.o)
 .debug_info    0x00017702      0xe51 .\ARM_GCC_541\Debug\BCC722-RTOS-MOINHO.a(CyLib.o)
 .debug_info    0x00018553      0x57a .\ARM_GCC_541\Debug\BCC722-RTOS-MOINHO.a(cyPm.o)
 .debug_info    0x00018acd      0x50a .\ARM_GCC_541\Debug\BCC722-RTOS-MOINHO.a(ProbeUART.o)
 .debug_info    0x00018fd7      0x253 .\ARM_GCC_541\Debug\BCC722-RTOS-MOINHO.a(ProbeUART_TxISR.o)
 .debug_info    0x0001922a      0x253 .\ARM_GCC_541\Debug\BCC722-RTOS-MOINHO.a(ProbeUART_RxISR.o)
 .debug_info    0x0001947d      0x11e .\ARM_GCC_541\Debug\BCC722-RTOS-MOINHO.a(PB_2.o)
 .debug_info    0x0001959b      0x11e .\ARM_GCC_541\Debug\BCC722-RTOS-MOINHO.a(PB_3.o)
 .debug_info    0x000196b9      0x25d .\ARM_GCC_541\Debug\BCC722-RTOS-MOINHO.a(ProbeUART_IntClock.o)
 .debug_info    0x00019916      0x11e .\ARM_GCC_541\Debug\BCC722-RTOS-MOINHO.a(Pin_SV01_VE.o)
 .debug_info    0x00019a34      0x171 .\ARM_GCC_541\Debug\BCC722-RTOS-MOINHO.a(Pin_BP01.o)
 .debug_info    0x00019ba5      0x11e .\ARM_GCC_541\Debug\BCC722-RTOS-MOINHO.a(Pin_SP01_VE.o)
 .debug_info    0x00019cc3      0x11e .\ARM_GCC_541\Debug\BCC722-RTOS-MOINHO.a(Pin_SV01_AM.o)
 .debug_info    0x00019de1      0x11e .\ARM_GCC_541\Debug\BCC722-RTOS-MOINHO.a(Pin_SV01_VM.o)
 .debug_info    0x00019eff      0x11e .\ARM_GCC_541\Debug\BCC722-RTOS-MOINHO.a(Pin_SP01_VM.o)
 .debug_info    0x0001a01d      0x11e .\ARM_GCC_541\Debug\BCC722-RTOS-MOINHO.a(Pin_SV02_VE.o)
 .debug_info    0x0001a13b      0x171 .\ARM_GCC_541\Debug\BCC722-RTOS-MOINHO.a(Pin_BP02.o)
 .debug_info    0x0001a2ac      0x11e .\ARM_GCC_541\Debug\BCC722-RTOS-MOINHO.a(Pin_SP02_VE.o)
 .debug_info    0x0001a3ca      0x11e .\ARM_GCC_541\Debug\BCC722-RTOS-MOINHO.a(Pin_SV02_AM.o)
 .debug_info    0x0001a4e8      0x11e .\ARM_GCC_541\Debug\BCC722-RTOS-MOINHO.a(Pin_SV02_VM.o)
 .debug_info    0x0001a606      0x11e .\ARM_GCC_541\Debug\BCC722-RTOS-MOINHO.a(Pin_SP02_VM.o)
 .debug_info    0x0001a724      0x11e .\ARM_GCC_541\Debug\BCC722-RTOS-MOINHO.a(bt_liga.o)
 .debug_info    0x0001a842      0x11e .\ARM_GCC_541\Debug\BCC722-RTOS-MOINHO.a(si_liga.o)
 .debug_info    0x0001a960      0x11e .\ARM_GCC_541\Debug\BCC722-RTOS-MOINHO.a(si_desl.o)
 .debug_info    0x0001aa7e      0x11e .\ARM_GCC_541\Debug\BCC722-RTOS-MOINHO.a(si_rearme.o)
 .debug_info    0x0001ab9c      0x11e .\ARM_GCC_541\Debug\BCC722-RTOS-MOINHO.a(si_emerg.o)
 .debug_info    0x0001acba      0x11e .\ARM_GCC_541\Debug\BCC722-RTOS-MOINHO.a(bt_desl.o)
 .debug_info    0x0001add8      0x11e .\ARM_GCC_541\Debug\BCC722-RTOS-MOINHO.a(bt_rearme.o)
 .debug_info    0x0001aef6      0x171 .\ARM_GCC_541\Debug\BCC722-RTOS-MOINHO.a(bt_emerg.o)
 .debug_info    0x0001b067      0x11e .\ARM_GCC_541\Debug\BCC722-RTOS-MOINHO.a(si_alerta.o)
 .debug_info    0x0001b185      0x241 .\ARM_GCC_541\Debug\BCC722-RTOS-MOINHO.a(bt_emerg_int.o)
 .debug_info    0x0001b3c6      0x241 .\ARM_GCC_541\Debug\BCC722-RTOS-MOINHO.a(se_indut_porta_int.o)
 .debug_info    0x0001b607      0x241 .\ARM_GCC_541\Debug\BCC722-RTOS-MOINHO.a(se_indut_motor_int.o)
 .debug_info    0x0001b848      0x11e .\ARM_GCC_541\Debug\BCC722-RTOS-MOINHO.a(ct_motor.o)
 .debug_info    0x0001b966      0x11e .\ARM_GCC_541\Debug\BCC722-RTOS-MOINHO.a(al_sonoro.o)
 .debug_info    0x0001ba84      0x3ab .\ARM_GCC_541\Debug\BCC722-RTOS-MOINHO.a(ADC_SAR_Seq.o)
 .debug_info    0x0001be2f       0xa0 .\ARM_GCC_541\Debug\BCC722-RTOS-MOINHO.a(ADC_SAR_Seq_INT.o)
 .debug_info    0x0001becf      0x462 .\ARM_GCC_541\Debug\BCC722-RTOS-MOINHO.a(ADC_SAR_Seq_SAR.o)
 .debug_info    0x0001c331      0x11b .\ARM_GCC_541\Debug\BCC722-RTOS-MOINHO.a(ADC_SAR_Seq_TempBuf_dma.o)
 .debug_info    0x0001c44c      0x11b .\ARM_GCC_541\Debug\BCC722-RTOS-MOINHO.a(ADC_SAR_Seq_FinalBuf_dma.o)
 .debug_info    0x0001c567      0x241 .\ARM_GCC_541\Debug\BCC722-RTOS-MOINHO.a(ADC_SAR_Seq_IRQ.o)
 .debug_info    0x0001c7a8       0xc8 .\ARM_GCC_541\Debug\BCC722-RTOS-MOINHO.a(CyBootAsmGnu.o)
 .debug_info    0x0001c870      0x3b9 .\ARM_GCC_541\Debug\BCC722-RTOS-MOINHO.a(CyFlash.o)
 .debug_info    0x0001cc29      0x4c0 .\ARM_GCC_541\Debug\BCC722-RTOS-MOINHO.a(CySpc.o)
 .debug_info    0x0001d0e9       0xab ..\..\..\..\..\..\uCOS-III\Lib\ARM-Cortex-M3\PSoC_GNU/uCOS-III-ARM-Cortex-M3.a(os_cpu_a.o)

.debug_abbrev   0x00000000     0x556c
 *(.debug_abbrev)
 .debug_abbrev  0x00000000       0x98 .\ARM_GCC_541\Debug\app_probe.o
 .debug_abbrev  0x00000098      0x1ef .\ARM_GCC_541\Debug\app.o
 .debug_abbrev  0x00000287      0x125 .\ARM_GCC_541\Debug\os_app_hooks.o
 .debug_abbrev  0x000003ac      0x150 .\ARM_GCC_541\Debug\bsp_os.o
 .debug_abbrev  0x000004fc      0x18d .\ARM_GCC_541\Debug\bsp.o
 .debug_abbrev  0x00000689       0xbb .\ARM_GCC_541\Debug\cpu_bsp.o
 .debug_abbrev  0x00000744      0x1af .\ARM_GCC_541\Debug\cpu_core.o
 .debug_abbrev  0x000008f3       0xd4 .\ARM_GCC_541\Debug\lib_ascii.o
 .debug_abbrev  0x000009c7       0xfb .\ARM_GCC_541\Debug\lib_math.o
 .debug_abbrev  0x00000ac2      0x10f .\ARM_GCC_541\Debug\lib_mem.o
 .debug_abbrev  0x00000bd1      0x130 .\ARM_GCC_541\Debug\lib_str.o
 .debug_abbrev  0x00000d01       0xfc .\ARM_GCC_541\Debug\os_dbg.o
 .debug_abbrev  0x00000dfd      0x1c8 .\ARM_GCC_541\Debug\os_core.o
 .debug_abbrev  0x00000fc5      0x1d5 .\ARM_GCC_541\Debug\os_flag.o
 .debug_abbrev  0x0000119a       0x26 .\ARM_GCC_541\Debug\os_int.o
 .debug_abbrev  0x000011c0      0x132 .\ARM_GCC_541\Debug\os_mem.o
 .debug_abbrev  0x000012f2      0x157 .\ARM_GCC_541\Debug\os_msg.o
 .debug_abbrev  0x00001449      0x1d5 .\ARM_GCC_541\Debug\os_mutex.o
 .debug_abbrev  0x0000161e      0x183 .\ARM_GCC_541\Debug\os_pend_multi.o
 .debug_abbrev  0x000017a1       0xc6 .\ARM_GCC_541\Debug\os_prio.o
 .debug_abbrev  0x00001867      0x1d5 .\ARM_GCC_541\Debug\os_q.o
 .debug_abbrev  0x00001a3c      0x1d5 .\ARM_GCC_541\Debug\os_sem.o
 .debug_abbrev  0x00001c11      0x16c .\ARM_GCC_541\Debug\os_stat.o
 .debug_abbrev  0x00001d7d      0x1a2 .\ARM_GCC_541\Debug\os_task.o
 .debug_abbrev  0x00001f1f      0x1b4 .\ARM_GCC_541\Debug\os_tick.o
 .debug_abbrev  0x000020d3      0x188 .\ARM_GCC_541\Debug\os_time.o