Archive member included to satisfy reference by file (symbol)

.\ARM_GCC_541\Debug\BCC722-RTOS-MOINHO.a(LED_Status.o)
                              .\ARM_GCC_541\Debug\bsp.o (LED_Status_Write)
.\ARM_GCC_541\Debug\BCC722-RTOS-MOINHO.a(LCD_Disp.o)
                              .\ARM_GCC_541\Debug\app.o (LCD_Disp_Start)
.\ARM_GCC_541\Debug\BCC722-RTOS-MOINHO.a(CyDmac.o)
                              .\ARM_GCC_541\Debug\Cm3Start.o (CyDmacConfigure)
.\ARM_GCC_541\Debug\BCC722-RTOS-MOINHO.a(CyLib.o)
                              .\ARM_GCC_541\Debug\Cm3Start.o (CyResetStatus)
.\ARM_GCC_541\Debug\BCC722-RTOS-MOINHO.a(cyPm.o)
                              .\ARM_GCC_541\Debug\BCC722-RTOS-MOINHO.a(CyLib.o) (CyPmReadStatus)
.\ARM_GCC_541\Debug\BCC722-RTOS-MOINHO.a(ProbeUART.o)
                              .\ARM_GCC_541\Debug\probe_rs232c.o (ProbeUART_Start)
.\ARM_GCC_541\Debug\BCC722-RTOS-MOINHO.a(ProbeUART_TxISR.o)
                              .\ARM_GCC_541\Debug\probe_rs232c.o (ProbeUART_TxISR_Start)
.\ARM_GCC_541\Debug\BCC722-RTOS-MOINHO.a(ProbeUART_RxISR.o)
                              .\ARM_GCC_541\Debug\probe_rs232c.o (ProbeUART_RxISR_Start)
.\ARM_GCC_541\Debug\BCC722-RTOS-MOINHO.a(PB_2.o)
                              .\ARM_GCC_541\Debug\bsp.o (PB_2_Read)
.\ARM_GCC_541\Debug\BCC722-RTOS-MOINHO.a(PB_3.o)
                              .\ARM_GCC_541\Debug\bsp.o (PB_3_Read)
.\ARM_GCC_541\Debug\BCC722-RTOS-MOINHO.a(ProbeUART_IntClock.o)
                              .\ARM_GCC_541\Debug\BCC722-RTOS-MOINHO.a(ProbeUART.o) (ProbeUART_IntClock_Start)
.\ARM_GCC_541\Debug\BCC722-RTOS-MOINHO.a(se_indut_porta.o)
                              .\ARM_GCC_541\Debug\app.o (se_indut_porta_ClearInterrupt)
.\ARM_GCC_541\Debug\BCC722-RTOS-MOINHO.a(bt_liga.o)
                              .\ARM_GCC_541\Debug\app.o (bt_liga_Read)
.\ARM_GCC_541\Debug\BCC722-RTOS-MOINHO.a(si_liga.o)
                              .\ARM_GCC_541\Debug\app.o (si_liga_Write)
.\ARM_GCC_541\Debug\BCC722-RTOS-MOINHO.a(si_desl.o)
                              .\ARM_GCC_541\Debug\app.o (si_desl_Write)
.\ARM_GCC_541\Debug\BCC722-RTOS-MOINHO.a(si_rearme.o)
                              .\ARM_GCC_541\Debug\app.o (si_rearme_Write)
.\ARM_GCC_541\Debug\BCC722-RTOS-MOINHO.a(si_emerg.o)
                              .\ARM_GCC_541\Debug\app.o (si_emerg_Write)
.\ARM_GCC_541\Debug\BCC722-RTOS-MOINHO.a(bt_desl.o)
                              .\ARM_GCC_541\Debug\app.o (bt_desl_Read)
.\ARM_GCC_541\Debug\BCC722-RTOS-MOINHO.a(bt_rearme.o)
                              .\ARM_GCC_541\Debug\app.o (bt_rearme_Read)
.\ARM_GCC_541\Debug\BCC722-RTOS-MOINHO.a(bt_emerg.o)
                              .\ARM_GCC_541\Debug\app.o (bt_emerg_Read)
.\ARM_GCC_541\Debug\BCC722-RTOS-MOINHO.a(si_alerta.o)
                              .\ARM_GCC_541\Debug\app.o (si_alerta_Write)
.\ARM_GCC_541\Debug\BCC722-RTOS-MOINHO.a(bt_emerg_int.o)
                              .\ARM_GCC_541\Debug\app.o (bt_emerg_int_StartEx)
.\ARM_GCC_541\Debug\BCC722-RTOS-MOINHO.a(se_indut_porta_int.o)
                              .\ARM_GCC_541\Debug\app.o (se_indut_porta_int_StartEx)
.\ARM_GCC_541\Debug\BCC722-RTOS-MOINHO.a(se_indut_motor.o)
                              .\ARM_GCC_541\Debug\app.o (se_indut_motor_ClearInterrupt)
.\ARM_GCC_541\Debug\BCC722-RTOS-MOINHO.a(se_indut_motor_int.o)
                              .\ARM_GCC_541\Debug\app.o (se_indut_motor_int_StartEx)
.\ARM_GCC_541\Debug\BCC722-RTOS-MOINHO.a(ct_motor.o)
                              .\ARM_GCC_541\Debug\app.o (ct_motor_Write)
.\ARM_GCC_541\Debug\BCC722-RTOS-MOINHO.a(ADC_SAR_Seq.o)
                              .\ARM_GCC_541\Debug\app.o (ADC_SAR_Seq_Start)
.\ARM_GCC_541\Debug\BCC722-RTOS-MOINHO.a(ADC_SAR_Seq_INT.o)
                              .\ARM_GCC_541\Debug\BCC722-RTOS-MOINHO.a(ADC_SAR_Seq.o) (ADC_SAR_Seq_ISR)
.\ARM_GCC_541\Debug\BCC722-RTOS-MOINHO.a(ADC_SAR_Seq_SAR.o)
                              .\ARM_GCC_541\Debug\BCC722-RTOS-MOINHO.a(ADC_SAR_Seq.o) (ADC_SAR_Seq_SAR_shift)
.\ARM_GCC_541\Debug\BCC722-RTOS-MOINHO.a(ADC_SAR_Seq_TempBuf_dma.o)
                              .\ARM_GCC_541\Debug\BCC722-RTOS-MOINHO.a(ADC_SAR_Seq.o) (ADC_SAR_Seq_TempBuf_DmaInitialize)
.\ARM_GCC_541\Debug\BCC722-RTOS-MOINHO.a(ADC_SAR_Seq_FinalBuf_dma.o)
                              .\ARM_GCC_541\Debug\BCC722-RTOS-MOINHO.a(ADC_SAR_Seq.o) (ADC_SAR_Seq_FinalBuf_DmaInitialize)
.\ARM_GCC_541\Debug\BCC722-RTOS-MOINHO.a(ADC_SAR_Seq_IRQ.o)
                              .\ARM_GCC_541\Debug\BCC722-RTOS-MOINHO.a(ADC_SAR_Seq.o) (ADC_SAR_Seq_IRQ_SetVector)
.\ARM_GCC_541\Debug\BCC722-RTOS-MOINHO.a(bt_test.o)
                              .\ARM_GCC_541\Debug\app.o (bt_test_Read)
.\ARM_GCC_541\Debug\BCC722-RTOS-MOINHO.a(CyBootAsmGnu.o)
                              .\ARM_GCC_541\Debug\cyfitter_cfg.o (CyDelayCycles)
.\ARM_GCC_541\Debug\BCC722-RTOS-MOINHO.a(CyFlash.o)
                              .\ARM_GCC_541\Debug\BCC722-RTOS-MOINHO.a(cyPm.o) (CyFlash_SetWaitCycles)
[...]
Memory Configuration

Name             Origin             Length             Attributes
rom              0x00000000         0x00040000         xr
ram              0x1fff8000         0x00010000         xrw
*default*        0x00000000         0xffffffff

Linker script and memory map

LOAD c:/program files (x86)/cypress/psoc creator/4.4/psoc creator/import/gnu/arm/5.4.1/bin/../lib/gcc/arm-none-eabi/5.4.1/armv7-m/crti.o
LOAD c:/program files (x86)/cypress/psoc creator/4.4/psoc creator/import/gnu/arm/5.4.1/bin/../lib/gcc/arm-none-eabi/5.4.1/armv7-m/crtbegin.o
LOAD c:/program files (x86)/cypress/psoc creator/4.4/psoc creator/import/gnu/arm/5.4.1/bin/../lib/gcc/arm-none-eabi/5.4.1/../../../../arm-none-eabi/lib/armv7-m/crt0.o
START GROUP
LOAD .\ARM_GCC_541\Debug\app_probe.o
LOAD .\ARM_GCC_541\Debug\app.o
LOAD .\ARM_GCC_541\Debug\os_app_hooks.o
LOAD .\ARM_GCC_541\Debug\bsp_os.o
LOAD .\ARM_GCC_541\Debug\bsp.o
LOAD .\ARM_GCC_541\Debug\cpu_bsp.o
LOAD .\ARM_GCC_541\Debug\cpu_core.o
LOAD .\ARM_GCC_541\Debug\lib_ascii.o
LOAD .\ARM_GCC_541\Debug\lib_math.o
LOAD .\ARM_GCC_541\Debug\lib_mem.o
LOAD .\ARM_GCC_541\Debug\lib_str.o
LOAD .\ARM_GCC_541\Debug\os_dbg.o
LOAD .\ARM_GCC_541\Debug\os_core.o
LOAD .\ARM_GCC_541\Debug\os_flag.o
LOAD .\ARM_GCC_541\Debug\os_int.o
LOAD .\ARM_GCC_541\Debug\os_mem.o
LOAD .\ARM_GCC_541\Debug\os_msg.o
LOAD .\ARM_GCC_541\Debug\os_mutex.o
LOAD .\ARM_GCC_541\Debug\os_pend_multi.o
LOAD .\ARM_GCC_541\Debug\os_prio.o
LOAD .\ARM_GCC_541\Debug\os_q.o
LOAD .\ARM_GCC_541\Debug\os_sem.o
LOAD .\ARM_GCC_541\Debug\os_stat.o
LOAD .\ARM_GCC_541\Debug\os_task.o
LOAD .\ARM_GCC_541\Debug\os_tick.o
LOAD .\ARM_GCC_541\Debug\os_time.o
LOAD .\ARM_GCC_541\Debug\os_tmr.o
LOAD .\ARM_GCC_541\Debug\os_var.o
LOAD .\ARM_GCC_541\Debug\os_cfg_app.o
LOAD .\ARM_GCC_541\Debug\probe_com_os.o
LOAD .\ARM_GCC_541\Debug\probe_rs232c.o
LOAD .\ARM_GCC_541\Debug\probe_rs232_os.o
LOAD .\ARM_GCC_541\Debug\probe_rs232.o
LOAD .\ARM_GCC_541\Debug\probe_com.o
LOAD .\ARM_GCC_541\Debug\cyfitter_cfg.o
LOAD .\ARM_GCC_541\Debug\Cm3Start.o
LOAD .\ARM_GCC_541\Debug\cymetadata.o
LOAD .\ARM_GCC_541\Debug\cpu_a.o
LOAD .\ARM_GCC_541\Debug\BCC722-RTOS-MOINHO.a
LOAD C:\Program Files (x86)\Cypress\PSoC Creator\4.4\PSoC Creator\psoc\content\cycomponentlibrary\CyComponentLibrary.cylib\CortexM3\ARM_GCC_541\Debug\CyComponentLibrary.a
LOAD ..\..\..\..\..\..\uCOS-III\Lib\ARM-Cortex-M3\PSoC_GNU/uCOS-III-ARM-Cortex-M3.a
LOAD c:/program files (x86)/cypress/psoc creator/4.4/psoc creator/import/gnu/arm/5.4.1/bin/../lib/gcc/arm-none-eabi/5.4.1/../../../../arm-none-eabi/lib/armv7-m\libm.a
END GROUP
START GROUP
LOAD c:/program files (x86)/cypress/psoc creator/4.4/psoc creator/import/gnu/arm/5.4.1/bin/../lib/gcc/arm-none-eabi/5.4.1/armv7-m\libgcc.a
LOAD c:/program files (x86)/cypress/psoc creator/4.4/psoc creator/import/gnu/arm/5.4.1/bin/../lib/gcc/arm-none-eabi/5.4.1/../../../../arm-none-eabi/lib/armv7-m\libg_nano.a
LOAD c:/program files (x86)/cypress/psoc creator/4.4/psoc creator/import/gnu/arm/5.4.1/bin/../lib/gcc/arm-none-eabi/5.4.1/../../../../arm-none-eabi/lib/armv7-m\libc_nano.a
END GROUP
START GROUP
LOAD c:/program files (x86)/cypress/psoc creator/4.4/psoc creator/import/gnu/arm/5.4.1/bin/../lib/gcc/arm-none-eabi/5.4.1/armv7-m\libgcc.a
LOAD c:/program files (x86)/cypress/psoc creator/4.4/psoc creator/import/gnu/arm/5.4.1/bin/../lib/gcc/arm-none-eabi/5.4.1/../../../../arm-none-eabi/lib/armv7-m\libc_nano.a
END GROUP
LOAD c:/program files (x86)/cypress/psoc creator/4.4/psoc creator/import/gnu/arm/5.4.1/bin/../lib/gcc/arm-none-eabi/5.4.1/armv7-m/crtend.o
LOAD c:/program files (x86)/cypress/psoc creator/4.4/psoc creator/import/gnu/arm/5.4.1/bin/../lib/gcc/arm-none-eabi/5.4.1/armv7-m/crtn.o
START GROUP
LOAD c:/program files (x86)/cypress/psoc creator/4.4/psoc creator/import/gnu/arm/5.4.1/bin/../lib/gcc/arm-none-eabi/5.4.1/armv7-m\libgcc.a
LOAD c:/program files (x86)/cypress/psoc creator/4.4/psoc creator/import/gnu/arm/5.4.1/bin/../lib/gcc/arm-none-eabi/5.4.1/../../../../arm-none-eabi/lib/armv7-m\libc.a
LOAD c:/program files (x86)/cypress/psoc creator/4.4/psoc creator/import/gnu/arm/5.4.1/bin/../lib/gcc/arm-none-eabi/5.4.1/../../../../arm-none-eabi/lib/armv7-m\libnosys.a
END GROUP
                0x00000000                CY_APPL_ORIGIN = 0x0
                0x00000100                CY_FLASH_ROW_SIZE = 0x100
                0x00000020                CY_ECC_ROW_SIZE = 0x20
                0x00000000                CY_EE_IN_BTLDR = 0x0
                0x00000000                CY_APPL_LOADABLE = 0x0
                0x00000800                CY_EE_SIZE = 0x800
                0x00000001                CY_APPL_NUM = 0x1
                0x00000001                CY_APPL_MAX = 0x1
                0x00000040                CY_METADATA_SIZE = 0x40
                0x00000000                CY_APPL_LOADABLE = 0x0
                0x00000000                CY_CHECKSUM_EXCLUDE_SIZE = ALIGN (0x0, CY_FLASH_ROW_SIZE)
                [!provide]                PROVIDE (__cy_heap_start, _end)
                0x00000001                PROVIDE (__cy_region_num, ((__cy_regions_end - __cy_regions) / 0x10))
                0x20008000                PROVIDE (__cy_stack, (ORIGIN (ram) + LENGTH (ram)))
                [!provide]                PROVIDE (__cy_heap_end, (__cy_stack - 0x800))

.cybootloader   0x00000000        0x0
 *(.cybootloader)
                0x00000000                appl1_start = CY_APPL_ORIGIN?CY_APPL_ORIGIN:ALIGN (CY_FLASH_ROW_SIZE)
                0x0001ff00                appl2_start = (appl1_start + ALIGN ((((LENGTH (rom) - appl1_start) - (0x2 * CY_FLASH_ROW_SIZE)) / 0x2), CY_FLASH_ROW_SIZE))
                0x00000000                appl_start = (CY_APPL_NUM == 0x1)?appl1_start:appl2_start
                0x00000000                ecc_offset = ((appl_start / CY_FLASH_ROW_SIZE) * CY_ECC_ROW_SIZE)
                0x00000000                ee_offset = (CY_APPL_LOADABLE && ! (CY_EE_IN_BTLDR))?((CY_EE_SIZE / CY_APPL_MAX) * (CY_APPL_NUM - 0x1)):0x0
                0x00000800                ee_size = (CY_APPL_LOADABLE && ! (CY_EE_IN_BTLDR))?(CY_EE_SIZE / CY_APPL_MAX):CY_EE_SIZE
                [!provide]                PROVIDE (CY_ECC_OFFSET, ecc_offset)

.text           0x00000000     0x8e76
 CREATE_OBJECT_SYMBOLS
                0x00000000                PROVIDE (__cy_interrupt_vector, RomVectors)
 *(.romvectors)
 .romvectors    0x00000000       0x10 .\ARM_GCC_541\Debug\Cm3Start.o
                0x00000000                RomVectors
                0x00000001                ASSERT ((. != __cy_interrupt_vector), No interrupt vector)
                0x00000001                ASSERT (CY_APPL_ORIGIN?(SIZEOF (.cybootloader) <= CY_APPL_ORIGIN):0x1, Wrong image location)
                0x00000010                PROVIDE (__cy_reset, Reset)
 *(.text.Reset)
 .text.Reset    0x00000010       0x18 .\ARM_GCC_541\Debug\Cm3Start.o
                0x00000010                Reset
                0x00000001                ASSERT ((. != __cy_reset), No reset code)
 *(.dma_init)
                0x00000001                ASSERT ((((appl_start + .) <= 0x10000) || 0x1), DMA Init must be within the first 64k of flash)
 *(.text .text.* .gnu.linkonce.t.*)
 .text          0x00000028       0x5c c:/program files (x86)/cypress/psoc creator/4.4/psoc creator/import/gnu/arm/5.4.1/bin/../lib/gcc/arm-none-eabi/5.4.1/armv7-m/crtbegin.o
 .text.App_ProbeInit
                0x00000084       0x18 .\ARM_GCC_541\Debug\app_probe.o
                0x00000084                App_ProbeInit
 .text.se_indut_porta_Handler
                0x0000009c       0x2c .\ARM_GCC_541\Debug\app.o
                0x0000009c                se_indut_porta_Handler
 .text.se_indut_motor_Handler
                0x000000c8       0x2c .\ARM_GCC_541\Debug\app.o
                0x000000c8                se_indut_motor_Handler
 .text.bt_emerg_int_Handler
                0x000000f4       0x2c .\ARM_GCC_541\Debug\app.o
                0x000000f4                bt_emerg_int_Handler
 .text.main     0x00000120       0x88 .\ARM_GCC_541\Debug\app.o
                0x00000120                main
 .text.App_TaskStart
                0x000001a8       0x4c .\ARM_GCC_541\Debug\app.o
 .text.App_TaskCreate
                0x000001f4      0x14c .\ARM_GCC_541\Debug\app.o
 .text.App_Task_Ihm
                0x00000340       0x78 .\ARM_GCC_541\Debug\app.o
 .text.App_Task_Emerg
                0x000003b8       0x1c .\ARM_GCC_541\Debug\app.o
 .text.App_Task_Sen_Mec
                0x000003d4       0x34 .\ARM_GCC_541\Debug\app.o
 .text.App_Task_Sen_Temp
                0x00000408      0x260 .\ARM_GCC_541\Debug\app.o
 .text.App_ObjCreate
                0x00000668        0xc .\ARM_GCC_541\Debug\app.o
 .text.App_TaskUserIF
                0x00000674      0x3b8 .\ARM_GCC_541\Debug\app.o
 .text.statusMotor
                0x00000a2c       0x40 .\ARM_GCC_541\Debug\app.o
                0x00000a2c                statusMotor
 .text.statusRearme
                0x00000a6c       0x38 .\ARM_GCC_541\Debug\app.o
                0x00000a6c                statusRearme
 .text.statusEmerg
                0x00000aa4       0x38 .\ARM_GCC_541\Debug\app.o
                0x00000aa4                statusEmerg
 .text.statusAlerta
                0x00000adc       0x38 .\ARM_GCC_541\Debug\app.o
                0x00000adc                statusAlerta
 .text.BSP_PreInit
                0x00000b14       0x40 .\ARM_GCC_541\Debug\bsp.o
                0x00000b14                BSP_PreInit
 .text.BSP_PostInit
                0x00000b54        0xc .\ARM_GCC_541\Debug\bsp.o
                0x00000b54                BSP_PostInit
 .text.BSP_CPU_TickInit
                0x00000b60       0x2c .\ARM_GCC_541\Debug\bsp.o
                0x00000b60                BSP_CPU_TickInit
 .text.BSP_CPU_ClkFreq
                0x00000b8c       0x14 .\ARM_GCC_541\Debug\bsp.o
                0x00000b8c                BSP_CPU_ClkFreq
 .text.BSP_LED_Off
                0x00000ba0       0x90 .\ARM_GCC_541\Debug\bsp.o
                0x00000ba0                BSP_LED_Off
 .text.BSP_LED_Toggle
                0x00000c30       0x94 .\ARM_GCC_541\Debug\bsp.o
                0x00000c30                BSP_LED_Toggle
 .text.BSP_PB_StatusGet
                0x00000cc4       0x5c .\ARM_GCC_541\Debug\bsp.o
                0x00000cc4                BSP_PB_StatusGet
 .text.CPU_TS_TmrInit
                0x00000d20       0x3c .\ARM_GCC_541\Debug\cpu_bsp.o
                0x00000d20                CPU_TS_TmrInit
 .text.CPU_TS_TmrRd
                0x00000d5c       0x1c .\ARM_GCC_541\Debug\cpu_bsp.o
                0x00000d5c                CPU_TS_TmrRd
 .text.CPU_Init
                0x00000d78       0x10 .\ARM_GCC_541\Debug\cpu_core.o
                0x00000d78                CPU_Init
 .text.CPU_NameClr
                0x00000d88       0x2c .\ARM_GCC_541\Debug\cpu_core.o
                0x00000d88                CPU_NameClr
 .text.CPU_TS_TmrFreqSet
                0x00000db4       0x1c .\ARM_GCC_541\Debug\cpu_core.o
                0x00000db4                CPU_TS_TmrFreqSet
 .text.CPU_NameInit
                0x00000dd0        0xc .\ARM_GCC_541\Debug\cpu_core.o
 .text.CPU_TS_Init
                0x00000ddc       0x18 .\ARM_GCC_541\Debug\cpu_core.o
 .text.ASCII_IsPrint
                0x00000df4       0x2c .\ARM_GCC_541\Debug\lib_ascii.o
                0x00000df4                ASCII_IsPrint
 .text.Mem_Clr  0x00000e20       0x1c .\ARM_GCC_541\Debug\lib_mem.o
                0x00000e20                Mem_Clr
 .text.Mem_Set  0x00000e3c       0xb4 .\ARM_GCC_541\Debug\lib_mem.o
                0x00000e3c                Mem_Set
 .text.Mem_Copy
                0x00000ef0       0xd8 .\ARM_GCC_541\Debug\lib_mem.o
                0x00000ef0                Mem_Copy
 .text.Str_Copy
                0x00000fc8       0x24 .\ARM_GCC_541\Debug\lib_str.o
                0x00000fc8                Str_Copy
 .text.Str_Copy_N
                0x00000fec       0x90 .\ARM_GCC_541\Debug\lib_str.o
                0x00000fec                Str_Copy_N
 .text.Str_FmtNbr_Int32U
                0x0000107c       0x44 .\ARM_GCC_541\Debug\lib_str.o
                0x0000107c                Str_FmtNbr_Int32U
 .text.Str_FmtNbr_Int32
                0x000010c0      0x274 .\ARM_GCC_541\Debug\lib_str.o
 .text.OS_Dbg_Init
                0x00001334      0x240 .\ARM_GCC_541\Debug\os_dbg.o
                0x00001334                OS_Dbg_Init
 .text.OSInit   0x00001574      0x1ec .\ARM_GCC_541\Debug\os_core.o
                0x00001574                OSInit
 .text.OSIntExit
                0x00001760       0xe0 .\ARM_GCC_541\Debug\os_core.o
                0x00001760                OSIntExit
 .text.OSSched  0x00001840       0xac .\ARM_GCC_541\Debug\os_core.o
                0x00001840                OSSched
 .text.OSSchedLock
                0x000018ec       0x74 .\ARM_GCC_541\Debug\os_core.o
                0x000018ec                OSSchedLock
 .text.OSSchedUnlock
                0x00001960       0x90 .\ARM_GCC_541\Debug\os_core.o
                0x00001960                OSSchedUnlock
 .text.OSStart  0x000019f0       0x80 .\ARM_GCC_541\Debug\os_core.o
                0x000019f0                OSStart
 .text.OSVersion
                0x00001a70       0x1c .\ARM_GCC_541\Debug\os_core.o
                0x00001a70                OSVersion
 .text.OS_IdleTask
                0x00001a8c       0x3c .\ARM_GCC_541\Debug\os_core.o
                0x00001a8c                OS_IdleTask
 .text.OS_IdleTaskInit
                0x00001ac8       0x68 .\ARM_GCC_541\Debug\os_core.o
                0x00001ac8                OS_IdleTaskInit
 .text.OS_Pend  0x00001b30       0x84 .\ARM_GCC_541\Debug\os_core.o
                0x00001b30                OS_Pend
 .text.OS_PendDataInit
                0x00001bb4       0x68 .\ARM_GCC_541\Debug\os_core.o
                0x00001bb4                OS_PendDataInit
 .text.OS_PendDbgNameAdd
                0x00001c1c       0x7c .\ARM_GCC_541\Debug\os_core.o
                0x00001c1c                OS_PendDbgNameAdd
 .text.OS_PendDbgNameRemove
                0x00001c98       0x48 .\ARM_GCC_541\Debug\os_core.o
                0x00001c98                OS_PendDbgNameRemove
 .text.OS_PendListInit
                0x00001ce0       0x24 .\ARM_GCC_541\Debug\os_core.o
                0x00001ce0                OS_PendListInit
 .text.OS_PendListInsertPrio
                0x00001d04       0xe8 .\ARM_GCC_541\Debug\os_core.o
                0x00001d04                OS_PendListInsertPrio
 .text.OS_PendListRemove
                0x00001dec       0x50 .\ARM_GCC_541\Debug\os_core.o
                0x00001dec                OS_PendListRemove
 .text.OS_PendListRemove1
                0x00001e3c       0x94 .\ARM_GCC_541\Debug\os_core.o
                0x00001e3c                OS_PendListRemove1
 .text.OS_Post  0x00001ed0      0x118 .\ARM_GCC_541\Debug\os_core.o
                0x00001ed0                OS_Post
 .text.OS_Post1
                0x00001fe8       0x5c .\ARM_GCC_541\Debug\os_core.o
                0x00001fe8                OS_Post1
 .text.OS_RdyListInit
                0x00002044       0x48 .\ARM_GCC_541\Debug\os_core.o
                0x00002044                OS_RdyListInit
 .text.OS_RdyListInsert
                0x0000208c       0x3c .\ARM_GCC_541\Debug\os_core.o
                0x0000208c                OS_RdyListInsert
 .text.OS_RdyListInsertHead
                0x000020c8       0x80 .\ARM_GCC_541\Debug\os_core.o
                0x000020c8                OS_RdyListInsertHead
 .text.OS_RdyListInsertTail
                0x00002148       0x80 .\ARM_GCC_541\Debug\os_core.o
                0x00002148                OS_RdyListInsertTail
 .text.OS_RdyListMoveHeadToTail
                0x000021c8       0x90 .\ARM_GCC_541\Debug\os_core.o
                0x000021c8                OS_RdyListMoveHeadToTail
 .text.OS_RdyListRemove
                0x00002258       0xb0 .\ARM_GCC_541\Debug\os_core.o
                0x00002258                OS_RdyListRemove
 .text.OS_SchedRoundRobin
                0x00002308       0xc8 .\ARM_GCC_541\Debug\os_core.o
                0x00002308                OS_SchedRoundRobin
 .text.OS_TaskBlock
                0x000023d0       0x50 .\ARM_GCC_541\Debug\os_core.o
                0x000023d0                OS_TaskBlock
 .text.OS_TaskRdy
                0x00002420       0x2c .\ARM_GCC_541\Debug\os_core.o
                0x00002420                OS_TaskRdy
 .text.OS_FlagInit
                0x0000244c       0x2c .\ARM_GCC_541\Debug\os_flag.o
                0x0000244c                OS_FlagInit
 .text.OS_MemInit
                0x00002478       0x2c .\ARM_GCC_541\Debug\os_mem.o
                0x00002478                OS_MemInit
 .text.OS_MsgPoolInit
                0x000024a4       0xcc .\ARM_GCC_541\Debug\os_msg.o
                0x000024a4                OS_MsgPoolInit
 .text.OS_MsgQFreeAll
                0x00002570       0x74 .\ARM_GCC_541\Debug\os_msg.o
                0x00002570                OS_MsgQFreeAll
 .text.OS_MsgQInit
                0x000025e4       0x34 .\ARM_GCC_541\Debug\os_msg.o
                0x000025e4                OS_MsgQInit
 .text.OS_MutexInit
                0x00002618       0x2c .\ARM_GCC_541\Debug\os_mutex.o
                0x00002618                OS_MutexInit
 .text.OS_PrioInit
                0x00002644       0x30 .\ARM_GCC_541\Debug\os_prio.o
                0x00002644                OS_PrioInit
 .text.OS_PrioGetHighest
                0x00002674       0x48 .\ARM_GCC_541\Debug\os_prio.o
                0x00002674                OS_PrioGetHighest
 .text.OS_PrioInsert
                0x000026bc       0x4c .\ARM_GCC_541\Debug\os_prio.o
                0x000026bc                OS_PrioInsert
 .text.OS_PrioRemove
                0x00002708       0x50 .\ARM_GCC_541\Debug\os_prio.o
                0x00002708                OS_PrioRemove
 .text.OS_QInit
                0x00002758       0x2c .\ARM_GCC_541\Debug\os_q.o
                0x00002758                OS_QInit
 .text.OSSemCreate
                0x00002784       0x8c .\ARM_GCC_541\Debug\os_sem.o
                0x00002784                OSSemCreate
 .text.OSSemPend
                0x00002810      0x1b0 .\ARM_GCC_541\Debug\os_sem.o
                0x00002810                OSSemPend
 .text.OSSemPost
                0x000029c0       0x6c .\ARM_GCC_541\Debug\os_sem.o
                0x000029c0                OSSemPost
 .text.OS_SemDbgListAdd
                0x00002a2c       0x4c .\ARM_GCC_541\Debug\os_sem.o
                0x00002a2c                OS_SemDbgListAdd
 .text.OS_SemInit
                0x00002a78       0x2c .\ARM_GCC_541\Debug\os_sem.o
                0x00002a78                OS_SemInit
 .text.OS_SemPost
                0x00002aa4       0xe0 .\ARM_GCC_541\Debug\os_sem.o
                0x00002aa4                OS_SemPost
 .text.OSStatReset
                0x00002b84      0x11c .\ARM_GCC_541\Debug\os_stat.o
                0x00002b84                OSStatReset
 .text.OSStatTaskCPUUsageInit
                0x00002ca0       0xfc .\ARM_GCC_541\Debug\os_stat.o
                0x00002ca0                OSStatTaskCPUUsageInit
 .text.OS_StatTask
                0x00002d9c      0x314 .\ARM_GCC_541\Debug\os_stat.o
                0x00002d9c                OS_StatTask
 .text.OS_StatTaskInit
                0x000030b0       0xd4 .\ARM_GCC_541\Debug\os_stat.o
                0x000030b0                OS_StatTaskInit
 .text.OSTaskCreate
                0x00003184      0x210 .\ARM_GCC_541\Debug\os_task.o
                0x00003184                OSTaskCreate
 .text.OSTaskDel
                0x00003394      0x13c .\ARM_GCC_541\Debug\os_task.o
                0x00003394                OSTaskDel
 .text.OSTaskResume
                0x000034d0       0x64 .\ARM_GCC_541\Debug\os_task.o
                0x000034d0                OSTaskResume
 .text.OSTaskSemPend
                0x00003534      0x1e0 .\ARM_GCC_541\Debug\os_task.o
                0x00003534                OSTaskSemPend
 .text.OSTaskSemPost
                0x00003714       0x48 .\ARM_GCC_541\Debug\os_task.o
                0x00003714                OSTaskSemPost
 .text.OSTaskStkChk
                0x0000375c       0xf0 .\ARM_GCC_541\Debug\os_task.o
                0x0000375c                OSTaskStkChk
 .text.OSTaskSuspend
                0x0000384c       0x44 .\ARM_GCC_541\Debug\os_task.o
                0x0000384c                OSTaskSuspend
 .text.OS_TaskDbgListAdd
                0x00003890       0x4c .\ARM_GCC_541\Debug\os_task.o
                0x00003890                OS_TaskDbgListAdd
 .text.OS_TaskDbgListRemove
                0x000038dc       0x84 .\ARM_GCC_541\Debug\os_task.o
                0x000038dc                OS_TaskDbgListRemove
 .text.OS_TaskInit
                0x00003960       0x38 .\ARM_GCC_541\Debug\os_task.o
                0x00003960                OS_TaskInit
 .text.OS_TaskInitTCB
                0x00003998      0x198 .\ARM_GCC_541\Debug\os_task.o
                0x00003998                OS_TaskInitTCB
 .text.OS_TaskResume
                0x00003b30      0x124 .\ARM_GCC_541\Debug\os_task.o
                0x00003b30                OS_TaskResume
 .text.OS_TaskReturn
                0x00003c54       0x28 .\ARM_GCC_541\Debug\os_task.o
                0x00003c54                OS_TaskReturn
 .text.OS_TaskSemPost
                0x00003c7c      0x128 .\ARM_GCC_541\Debug\os_task.o
                0x00003c7c                OS_TaskSemPost
 .text.OS_TaskSuspend
                0x00003da4      0x118 .\ARM_GCC_541\Debug\os_task.o
                0x00003da4                OS_TaskSuspend
 .text.OS_TickTask
                0x00003ebc       0x30 .\ARM_GCC_541\Debug\os_tick.o
                0x00003ebc                OS_TickTask
 .text.OS_TickTaskInit
                0x00003eec       0xb8 .\ARM_GCC_541\Debug\os_tick.o
                0x00003eec                OS_TickTaskInit
 .text.OS_TickListInit
                0x00003fa4       0x4c .\ARM_GCC_541\Debug\os_tick.o
                0x00003fa4                OS_TickListInit
 .text.OS_TickListInsert
                0x00003ff0      0x1f0 .\ARM_GCC_541\Debug\os_tick.o
                0x00003ff0                OS_TickListInsert
 .text.OS_TickListRemove
                0x000041e0       0x8c .\ARM_GCC_541\Debug\os_tick.o
                0x000041e0                OS_TickListRemove
 .text.OS_TickListResetPeak
                0x0000426c       0x40 .\ARM_GCC_541\Debug\os_tick.o
                0x0000426c                OS_TickListResetPeak
 .text.OS_TickListUpdate
                0x000042ac      0x1f8 .\ARM_GCC_541\Debug\os_tick.o
                0x000042ac                OS_TickListUpdate
 .text.OSTimeDly
                0x000044a4       0xe4 .\ARM_GCC_541\Debug\os_time.o
                0x000044a4                OSTimeDly
 .text.OSTimeDlyHMSM
                0x00004588      0x200 .\ARM_GCC_541\Debug\os_time.o
                0x00004588                OSTimeDlyHMSM
 .text.OSTimeTick
                0x00004788       0x74 .\ARM_GCC_541\Debug\os_time.o
                0x00004788                OSTimeTick
 .text.OS_TmrInit
                0x000047fc      0x140 .\ARM_GCC_541\Debug\os_tmr.o
                0x000047fc                OS_TmrInit
 .text.OS_TmrLink
                0x0000493c      0x168 .\ARM_GCC_541\Debug\os_tmr.o
                0x0000493c                OS_TmrLink
 .text.OS_TmrResetPeak
                0x00004aa4       0x40 .\ARM_GCC_541\Debug\os_tmr.o
                0x00004aa4                OS_TmrResetPeak
 .text.OS_TmrUnlink
                0x00004ae4       0x9c .\ARM_GCC_541\Debug\os_tmr.o
                0x00004ae4                OS_TmrUnlink
 .text.OS_TmrTask
                0x00004b80      0x104 .\ARM_GCC_541\Debug\os_tmr.o
                0x00004b80                OS_TmrTask
 .text.OSCfg_Init
                0x00004c84        0xc .\ARM_GCC_541\Debug\os_cfg_app.o
                0x00004c84                OSCfg_Init
 .text.ProbeRS232_InitTarget
                0x00004c90       0x34 .\ARM_GCC_541\Debug\probe_rs232c.o
                0x00004c90                ProbeRS232_InitTarget
 .text.ProbeRS232_RxISRHandler
                0x00004cc4       0x20 .\ARM_GCC_541\Debug\probe_rs232c.o
                0x00004cc4                ProbeRS232_RxISRHandler
 .text.ProbeRS232_RxIntEn
                0x00004ce4        0xc .\ARM_GCC_541\Debug\probe_rs232c.o
                0x00004ce4                ProbeRS232_RxIntEn
 .text.ProbeRS232_TxISRHandler
                0x00004cf0        0xc .\ARM_GCC_541\Debug\probe_rs232c.o
                0x00004cf0                ProbeRS232_TxISRHandler
 .text.ProbeRS232_Tx1
                0x00004cfc       0x20 .\ARM_GCC_541\Debug\probe_rs232c.o
                0x00004cfc                ProbeRS232_Tx1
 .text.ProbeRS232_TxIntDis
                0x00004d1c        0xc .\ARM_GCC_541\Debug\probe_rs232c.o
                0x00004d1c                ProbeRS232_TxIntDis
 .text.ProbeRS232_TxIntEn
                0x00004d28        0xc .\ARM_GCC_541\Debug\probe_rs232c.o
                0x00004d28                ProbeRS232_TxIntEn
 .text.ProbeRS232_OS_Init
                0x00004d34       0x78 .\ARM_GCC_541\Debug\probe_rs232_os.o
                0x00004d34                ProbeRS232_OS_Init
 .text.ProbeRS232_OS_Pend
                0x00004dac       0x24 .\ARM_GCC_541\Debug\probe_rs232_os.o
                0x00004dac                ProbeRS232_OS_Pend
 .text.ProbeRS232_OS_Post
                0x00004dd0       0x20 .\ARM_GCC_541\Debug\probe_rs232_os.o
                0x00004dd0                ProbeRS232_OS_Post
 .text.ProbeRS232_OS_Task
                0x00004df0       0x14 .\ARM_GCC_541\Debug\probe_rs232_os.o
 .text.ProbeRS232_Init
                0x00004e04       0x70 .\ARM_GCC_541\Debug\probe_rs232.o
                0x00004e04                ProbeRS232_Init
 .text.ProbeRS232_Task
                0x00004e74       0x28 .\ARM_GCC_541\Debug\probe_rs232.o
                0x00004e74                ProbeRS232_Task
 .text.ProbeRS232_RxHandler
                0x00004e9c      0x168 .\ARM_GCC_541\Debug\probe_rs232.o
                0x00004e9c                ProbeRS232_RxHandler
 .text.ProbeRS232_TxHandler
                0x00005004      0x19c .\ARM_GCC_541\Debug\probe_rs232.o
                0x00005004                ProbeRS232_TxHandler
 .text.ProbeRS232_ParseRxPkt
                0x000051a0       0x44 .\ARM_GCC_541\Debug\probe_rs232.o
 .text.ProbeRS232_RxPkt
                0x000051e4        0xc .\ARM_GCC_541\Debug\probe_rs232.o
 .text.ProbeRS232_RxStoINT8U
                0x000051f0       0x38 .\ARM_GCC_541\Debug\probe_rs232.o
 .text.ProbeRS232_RxBufClr
                0x00005228       0x18 .\ARM_GCC_541\Debug\probe_rs232.o
 .text.ProbeRS232_TxStart
                0x00005240       0x1c .\ARM_GCC_541\Debug\probe_rs232.o
 .text.ProbeCom_Init
                0x0000525c       0x64 .\ARM_GCC_541\Debug\probe_com.o
                0x0000525c                ProbeCom_Init
 .text.ProbeCom_ParseRxPkt
                0x000052c0       0xf0 .\ARM_GCC_541\Debug\probe_com.o
                0x000052c0                ProbeCom_ParseRxPkt
 .text.ProbeCom_PktModifier
                0x000053b0       0x18 .\ARM_GCC_541\Debug\probe_com.o
 .text.ProbeCom_ReqErr
                0x000053c8       0x54 .\ARM_GCC_541\Debug\probe_com.o
 .text.ProbeCom_ReqQuery
                0x0000541c      0x1c4 .\ARM_GCC_541\Debug\probe_com.o
 .text.ProbeCom_ReqRd
                0x000055e0       0xc0 .\ARM_GCC_541\Debug\probe_com.o
 .text.ProbeCom_ReqRdMulti
                0x000056a0      0x118 .\ARM_GCC_541\Debug\probe_com.o
 .text.ProbeCom_ReqWr
                0x000057b8       0xd0 .\ARM_GCC_541\Debug\probe_com.o
 .text.ProbeCom_ReqWrMulti
                0x00005888      0x128 .\ARM_GCC_541\Debug\probe_com.o
 .text.ProbeCom_GetINT08U
                0x000059b0       0x20 .\ARM_GCC_541\Debug\probe_com.o
 .text.ProbeCom_GetINT16U
                0x000059d0       0x30 .\ARM_GCC_541\Debug\probe_com.o
 .text.ProbeCom_GetINT32U
                0x00005a00       0x2c .\ARM_GCC_541\Debug\probe_com.o
 .text.ProbeCom_StoINT08U
                0x00005a2c       0x24 .\ARM_GCC_541\Debug\probe_com.o
 .text.ProbeCom_StoINT16U
                0x00005a50       0x30 .\ARM_GCC_541\Debug\probe_com.o
 .text.CYMEMZERO
                0x00005a80       0x1c .\ARM_GCC_541\Debug\cyfitter_cfg.o
 .text.CYCONFIGCPY
                0x00005a9c       0x20 .\ARM_GCC_541\Debug\cyfitter_cfg.o
 .text.CyClockStartupError
                0x00005abc        0xc .\ARM_GCC_541\Debug\cyfitter_cfg.o
 .text.cfg_write_bytes32
                0x00005ac8       0x74 .\ARM_GCC_541\Debug\cyfitter_cfg.o
 .text.ClockSetup
                0x00005b3c      0x114 .\ARM_GCC_541\Debug\cyfitter_cfg.o
 .text.AnalogSetDefault
                0x00005c50       0xb0 .\ARM_GCC_541\Debug\cyfitter_cfg.o
 .text.cyfitter_cfg
                0x00005d00      0x190 .\ARM_GCC_541\Debug\cyfitter_cfg.o
                0x00005d00                cyfitter_cfg
 .text.IntDefaultHandler
                0x00005e90       0x14 .\ARM_GCC_541\Debug\Cm3Start.o
                0x00005e90                IntDefaultHandler
 .text.Start_c  0x00005ea4       0x98 .\ARM_GCC_541\Debug\Cm3Start.o
                0x00005ea4                Start_c
 .text.initialize_psoc
                0x00005f3c       0x94 .\ARM_GCC_541\Debug\Cm3Start.o
                0x00005f3c                initialize_psoc
 .text          0x00005fd0       0x34 .\ARM_GCC_541\Debug\cpu_a.o
                0x00005fd0                CPU_IntDis
                0x00005fd4                CPU_IntEn
                0x00005fd8                CPU_SR_Save
                0x00005fe0                CPU_SR_Restore
                0x00005fe6                CPU_WaitForInt
                0x00005fea                CPU_WaitForExcept
                0x00005fee                CPU_CntLeadZeros
                0x00005ff4                CPU_CntTrailZeros
                0x00005ffe                CPU_RevBits
 .text.LED_Status_Write
                0x00006004       0x20 .\ARM_GCC_541\Debug\BCC722-RTOS-MOINHO.a(LED_Status.o)
                0x00006004                LED_Status_Write
 .text.LED_Status_Read
                0x00006024       0x18 .\ARM_GCC_541\Debug\BCC722-RTOS-MOINHO.a(LED_Status.o)
                0x00006024                LED_Status_Read
 .text.LCD_Disp_Init
                0x0000603c       0x70 .\ARM_GCC_541\Debug\BCC722-RTOS-MOINHO.a(LCD_Disp.o)
                0x0000603c                LCD_Disp_Init
 .text.LCD_Disp_Enable
                0x000060ac       0x18 .\ARM_GCC_541\Debug\BCC722-RTOS-MOINHO.a(LCD_Disp.o)
                0x000060ac                LCD_Disp_Enable
 .text.LCD_Disp_Start
                0x000060c4       0x24 .\ARM_GCC_541\Debug\BCC722-RTOS-MOINHO.a(LCD_Disp.o)
                0x000060c4                LCD_Disp_Start
 .text.LCD_Disp_Position
                0x000060e8       0x70 .\ARM_GCC_541\Debug\BCC722-RTOS-MOINHO.a(LCD_Disp.o)
                0x000060e8                LCD_Disp_Position
 .text.LCD_Disp_PrintString
                0x00006158       0x3c .\ARM_GCC_541\Debug\BCC722-RTOS-MOINHO.a(LCD_Disp.o)
                0x00006158                LCD_Disp_PrintString
 .text.LCD_Disp_WriteData
                0x00006194       0x34 .\ARM_GCC_541\Debug\BCC722-RTOS-MOINHO.a(LCD_Disp.o)
                0x00006194                LCD_Disp_WriteData
 .text.LCD_Disp_WriteControl
                0x000061c8       0x34 .\ARM_GCC_541\Debug\BCC722-RTOS-MOINHO.a(LCD_Disp.o)
                0x000061c8                LCD_Disp_WriteControl
 .text.LCD_Disp_IsReady
                0x000061fc      0x178 .\ARM_GCC_541\Debug\BCC722-RTOS-MOINHO.a(LCD_Disp.o)
                0x000061fc                LCD_Disp_IsReady
 .text.LCD_Disp_WrDatNib
                0x00006374       0x78 .\ARM_GCC_541\Debug\BCC722-RTOS-MOINHO.a(LCD_Disp.o)
 .text.LCD_Disp_WrCntrlNib
                0x000063ec       0x64 .\ARM_GCC_541\Debug\BCC722-RTOS-MOINHO.a(LCD_Disp.o)
 .text.CyDmacConfigure
                0x00006450       0x5c .\ARM_GCC_541\Debug\BCC722-RTOS-MOINHO.a(CyDmac.o)
                0x00006450                CyDmacConfigure
 .text.CyDmaChEnable
                0x000064ac       0x8c .\ARM_GCC_541\Debug\BCC722-RTOS-MOINHO.a(CyDmac.o)
                0x000064ac                CyDmaChEnable
 .text.CyDmaClearPendingDrq
                0x00006538       0x60 .\ARM_GCC_541\Debug\BCC722-RTOS-MOINHO.a(CyDmac.o)
                0x00006538                CyDmaClearPendingDrq
 .text.CyDmaChPriority
                0x00006598       0x64 .\ARM_GCC_541\Debug\BCC722-RTOS-MOINHO.a(CyDmac.o)
                0x00006598                CyDmaChPriority
 .text.CyDmaChSetExtendedAddress
                0x000065fc       0x78 .\ARM_GCC_541\Debug\BCC722-RTOS-MOINHO.a(CyDmac.o)
                0x000065fc                CyDmaChSetExtendedAddress
 .text.CyDmaChSetInitialTd
                0x00006674       0x3c .\ARM_GCC_541\Debug\BCC722-RTOS-MOINHO.a(CyDmac.o)
                0x00006674                CyDmaChSetInitialTd
 .text.CyDmaChSetConfiguration
                0x000066b0       0xa0 .\ARM_GCC_541\Debug\BCC722-RTOS-MOINHO.a(CyDmac.o)
                0x000066b0                CyDmaChSetConfiguration
 .text.CyDmaTdAllocate
                0x00006750       0x5c .\ARM_GCC_541\Debug\BCC722-RTOS-MOINHO.a(CyDmac.o)
                0x00006750                CyDmaTdAllocate
 .text.CyDmaTdSetConfiguration
                0x000067ac       0x80 .\ARM_GCC_541\Debug\BCC722-RTOS-MOINHO.a(CyDmac.o)
                0x000067ac                CyDmaTdSetConfiguration
 .text.CyDmaTdSetAddress
                0x0000682c       0x5c .\ARM_GCC_541\Debug\BCC722-RTOS-MOINHO.a(CyDmac.o)
                0x0000682c                CyDmaTdSetAddress
 .text.CyHalt   0x00006888       0x18 .\ARM_GCC_541\Debug\BCC722-RTOS-MOINHO.a(CyLib.o)
                0x00006888                CyHalt
 .text.CyDelay  0x000068a0       0x44 .\ARM_GCC_541\Debug\BCC722-RTOS-MOINHO.a(CyLib.o)
                0x000068a0                CyDelay
 .text.CyDelayUs
                0x000068e4       0x28 .\ARM_GCC_541\Debug\BCC722-RTOS-MOINHO.a(CyLib.o)
                0x000068e4                CyDelayUs
 .text.ProbeUART_Start
                0x0000690c       0x24 .\ARM_GCC_541\Debug\BCC722-RTOS-MOINHO.a(ProbeUART.o)
                0x0000690c                ProbeUART_Start
 .text.ProbeUART_Init
                0x00006930       0x40 .\ARM_GCC_541\Debug\BCC722-RTOS-MOINHO.a(ProbeUART.o)
                0x00006930                ProbeUART_Init
 .text.ProbeUART_Enable
                0x00006970       0x60 .\ARM_GCC_541\Debug\BCC722-RTOS-MOINHO.a(ProbeUART.o)
                0x00006970                ProbeUART_Enable
 .text.ProbeUART_ReadRxData
                0x000069d0       0x1c .\ARM_GCC_541\Debug\BCC722-RTOS-MOINHO.a(ProbeUART.o)
                0x000069d0                ProbeUART_ReadRxData
 .text.ProbeUART_ReadRxStatus
                0x000069ec       0x24 .\ARM_GCC_541\Debug\BCC722-RTOS-MOINHO.a(ProbeUART.o)
                0x000069ec                ProbeUART_ReadRxStatus
 .text.ProbeUART_GetByte
                0x00006a10       0x20 .\ARM_GCC_541\Debug\BCC722-RTOS-MOINHO.a(ProbeUART.o)
                0x00006a10                ProbeUART_GetByte
 .text.ProbeUART_PutChar
                0x00006a30       0x34 .\ARM_GCC_541\Debug\BCC722-RTOS-MOINHO.a(ProbeUART.o)
                0x00006a30                ProbeUART_PutChar
 .text.ProbeUART_TxISR_Start
                0x00006a64       0x20 .\ARM_GCC_541\Debug\BCC722-RTOS-MOINHO.a(ProbeUART_TxISR.o)
                0x00006a64                ProbeUART_TxISR_Start
 .text.ProbeUART_TxISR_Interrupt
                0x00006a84        0xc .\ARM_GCC_541\Debug\BCC722-RTOS-MOINHO.a(ProbeUART_TxISR.o)
                0x00006a84                ProbeUART_TxISR_Interrupt
 .text.ProbeUART_TxISR_SetVector
                0x00006a90       0x24 .\ARM_GCC_541\Debug\BCC722-RTOS-MOINHO.a(ProbeUART_TxISR.o)
                0x00006a90                ProbeUART_TxISR_SetVector
 .text.ProbeUART_TxISR_SetPriority
                0x00006ab4       0x24 .\ARM_GCC_541\Debug\BCC722-RTOS-MOINHO.a(ProbeUART_TxISR.o)
                0x00006ab4                ProbeUART_TxISR_SetPriority
 .text.ProbeUART_TxISR_Enable
                0x00006ad8       0x18 .\ARM_GCC_541\Debug\BCC722-RTOS-MOINHO.a(ProbeUART_TxISR.o)
                0x00006ad8                ProbeUART_TxISR_Enable
 .text.ProbeUART_TxISR_Disable
                0x00006af0       0x18 .\ARM_GCC_541\Debug\BCC722-RTOS-MOINHO.a(ProbeUART_TxISR.o)
                0x00006af0                ProbeUART_TxISR_Disable
 .text.ProbeUART_TxISR_ClearPending
                0x00006b08       0x18 .\ARM_GCC_541\Debug\BCC722-RTOS-MOINHO.a(ProbeUART_TxISR.o)
                0x00006b08                ProbeUART_TxISR_ClearPending
 .text.ProbeUART_RxISR_Start
                0x00006b20       0x20 .\ARM_GCC_541\Debug\BCC722-RTOS-MOINHO.a(ProbeUART_RxISR.o)
                0x00006b20                ProbeUART_RxISR_Start
 .text.ProbeUART_RxISR_Interrupt
                0x00006b40        0xc .\ARM_GCC_541\Debug\BCC722-RTOS-MOINHO.a(ProbeUART_RxISR.o)
                0x00006b40                ProbeUART_RxISR_Interrupt
 .text.ProbeUART_RxISR_SetVector
                0x00006b4c       0x24 .\ARM_GCC_541\Debug\BCC722-RTOS-MOINHO.a(ProbeUART_RxISR.o)
                0x00006b4c                ProbeUART_RxISR_SetVector
 .text.ProbeUART_RxISR_SetPriority
                0x00006b70       0x24 .\ARM_GCC_541\Debug\BCC722-RTOS-MOINHO.a(ProbeUART_RxISR.o)
                0x00006b70                ProbeUART_RxISR_SetPriority
 .text.ProbeUART_RxISR_Enable
                0x00006b94       0x18 .\ARM_GCC_541\Debug\BCC722-RTOS-MOINHO.a(ProbeUART_RxISR.o)
                0x00006b94                ProbeUART_RxISR_Enable
 .text.ProbeUART_RxISR_Disable
                0x00006bac       0x18 .\ARM_GCC_541\Debug\BCC722-RTOS-MOINHO.a(ProbeUART_RxISR.o)
                0x00006bac                ProbeUART_RxISR_Disable
 .text.ProbeUART_RxISR_ClearPending
                0x00006bc4       0x18 .\ARM_GCC_541\Debug\BCC722-RTOS-MOINHO.a(ProbeUART_RxISR.o)
                0x00006bc4                ProbeUART_RxISR_ClearPending
 .text.PB_2_Read
                0x00006bdc       0x20 .\ARM_GCC_541\Debug\BCC722-RTOS-MOINHO.a(PB_2.o)
                0x00006bdc                PB_2_Read
 .text.PB_3_Read
                0x00006bfc       0x20 .\ARM_GCC_541\Debug\BCC722-RTOS-MOINHO.a(PB_3.o)
                0x00006bfc                PB_3_Read
 .text.ProbeUART_IntClock_Start
                0x00006c1c       0x34 .\ARM_GCC_541\Debug\BCC722-RTOS-MOINHO.a(ProbeUART_IntClock.o)
                0x00006c1c                ProbeUART_IntClock_Start
 .text.se_indut_porta_ClearInterrupt
                0x00006c50       0x20 .\ARM_GCC_541\Debug\BCC722-RTOS-MOINHO.a(se_indut_porta.o)
                0x00006c50                se_indut_porta_ClearInterrupt
 .text.bt_liga_Read
                0x00006c70       0x1c .\ARM_GCC_541\Debug\BCC722-RTOS-MOINHO.a(bt_liga.o)
                0x00006c70                bt_liga_Read
 .text.si_liga_Write
                0x00006c8c       0x38 .\ARM_GCC_541\Debug\BCC722-RTOS-MOINHO.a(si_liga.o)
                0x00006c8c                si_liga_Write
 .text.si_desl_Write
                0x00006cc4       0x3c .\ARM_GCC_541\Debug\BCC722-RTOS-MOINHO.a(si_desl.o)
                0x00006cc4                si_desl_Write
 .text.si_rearme_Write
                0x00006d00       0x3c .\ARM_GCC_541\Debug\BCC722-RTOS-MOINHO.a(si_rearme.o)
                0x00006d00                si_rearme_Write
 .text.si_emerg_Write
                0x00006d3c       0x3c .\ARM_GCC_541\Debug\BCC722-RTOS-MOINHO.a(si_emerg.o)
                0x00006d3c                si_emerg_Write
 .text.bt_desl_Read
                0x00006d78       0x20 .\ARM_GCC_541\Debug\BCC722-RTOS-MOINHO.a(bt_desl.o)
                0x00006d78                bt_desl_Read
 .text.bt_rearme_Read
                0x00006d98       0x20 .\ARM_GCC_541\Debug\BCC722-RTOS-MOINHO.a(bt_rearme.o)
                0x00006d98                bt_rearme_Read
 .text.bt_emerg_Read
                0x00006db8       0x20 .\ARM_GCC_541\Debug\BCC722-RTOS-MOINHO.a(bt_emerg.o)
                0x00006db8                bt_emerg_Read
 .text.bt_emerg_ClearInterrupt
                0x00006dd8       0x20 .\ARM_GCC_541\Debug\BCC722-RTOS-MOINHO.a(bt_emerg.o)
                0x00006dd8                bt_emerg_ClearInterrupt
 .text.si_alerta_Write
                0x00006df8       0x3c .\ARM_GCC_541\Debug\BCC722-RTOS-MOINHO.a(si_alerta.o)
                0x00006df8                si_alerta_Write
 .text.bt_emerg_int_StartEx
                0x00006e34       0x24 .\ARM_GCC_541\Debug\BCC722-RTOS-MOINHO.a(bt_emerg_int.o)
                0x00006e34                bt_emerg_int_StartEx
 .text.bt_emerg_int_SetVector
                0x00006e58       0x24 .\ARM_GCC_541\Debug\BCC722-RTOS-MOINHO.a(bt_emerg_int.o)
                0x00006e58                bt_emerg_int_SetVector
 .text.bt_emerg_int_SetPriority
                0x00006e7c       0x24 .\ARM_GCC_541\Debug\BCC722-RTOS-MOINHO.a(bt_emerg_int.o)
                0x00006e7c                bt_emerg_int_SetPriority
 .text.bt_emerg_int_Enable
                0x00006ea0       0x18 .\ARM_GCC_541\Debug\BCC722-RTOS-MOINHO.a(bt_emerg_int.o)
                0x00006ea0                bt_emerg_int_Enable
 .text.bt_emerg_int_Disable
                0x00006eb8       0x18 .\ARM_GCC_541\Debug\BCC722-RTOS-MOINHO.a(bt_emerg_int.o)
                0x00006eb8                bt_emerg_int_Disable
 .text.se_indut_porta_int_StartEx
                0x00006ed0       0x24 .\ARM_GCC_541\Debug\BCC722-RTOS-MOINHO.a(se_indut_porta_int.o)
                0x00006ed0                se_indut_porta_int_StartEx
 .text.se_indut_porta_int_SetVector
                0x00006ef4       0x24 .\ARM_GCC_541\Debug\BCC722-RTOS-MOINHO.a(se_indut_porta_int.o)
                0x00006ef4                se_indut_porta_int_SetVector
 .text.se_indut_porta_int_SetPriority
                0x00006f18       0x24 .\ARM_GCC_541\Debug\BCC722-RTOS-MOINHO.a(se_indut_porta_int.o)
                0x00006f18                se_indut_porta_int_SetPriority
 .text.se_indut_porta_int_Enable
                0x00006f3c       0x18 .\ARM_GCC_541\Debug\BCC722-RTOS-MOINHO.a(se_indut_porta_int.o)
                0x00006f3c                se_indut_porta_int_Enable
 .text.se_indut_porta_int_Disable
                0x00006f54       0x18 .\ARM_GCC_541\Debug\BCC722-RTOS-MOINHO.a(se_indut_porta_int.o)
                0x00006f54                se_indut_porta_int_Disable
 .text.se_indut_motor_ClearInterrupt
                0x00006f6c       0x20 .\ARM_GCC_541\Debug\BCC722-RTOS-MOINHO.a(se_indut_motor.o)
                0x00006f6c                se_indut_motor_ClearInterrupt
 .text.se_indut_motor_int_StartEx
                0x00006f8c       0x24 .\ARM_GCC_541\Debug\BCC722-RTOS-MOINHO.a(se_indut_motor_int.o)
                0x00006f8c                se_indut_motor_int_StartEx
 .text.se_indut_motor_int_SetVector
                0x00006fb0       0x24 .\ARM_GCC_541\Debug\BCC722-RTOS-MOINHO.a(se_indut_motor_int.o)
                0x00006fb0                se_indut_motor_int_SetVector
 .text.se_indut_motor_int_SetPriority
                0x00006fd4       0x24 .\ARM_GCC_541\Debug\BCC722-RTOS-MOINHO.a(se_indut_motor_int.o)
                0x00006fd4                se_indut_motor_int_SetPriority
 .text.se_indut_motor_int_Enable
                0x00006ff8       0x18 .\ARM_GCC_541\Debug\BCC722-RTOS-MOINHO.a(se_indut_motor_int.o)
                0x00006ff8                se_indut_motor_int_Enable
 .text.se_indut_motor_int_Disable
                0x00007010       0x18 .\ARM_GCC_541\Debug\BCC722-RTOS-MOINHO.a(se_indut_motor_int.o)
                0x00007010                se_indut_motor_int_Disable
 .text.ct_motor_Write
                0x00007028       0x38 .\ARM_GCC_541\Debug\BCC722-RTOS-MOINHO.a(ct_motor.o)
                0x00007028                ct_motor_Write
 .text.ADC_SAR_Seq_Init
                0x00007060       0x50 .\ARM_GCC_541\Debug\BCC722-RTOS-MOINHO.a(ADC_SAR_Seq.o)
                0x00007060                ADC_SAR_Seq_Init
 .text.ADC_SAR_Seq_Enable
                0x000070b0      0x130 .\ARM_GCC_541\Debug\BCC722-RTOS-MOINHO.a(ADC_SAR_Seq.o)
                0x000070b0                ADC_SAR_Seq_Enable
 .text.ADC_SAR_Seq_Start
                0x000071e0       0x30 .\ARM_GCC_541\Debug\BCC722-RTOS-MOINHO.a(ADC_SAR_Seq.o)
                0x000071e0                ADC_SAR_Seq_Start
 .text.ADC_SAR_Seq_StartConvert
                0x00007210        0xc .\ARM_GCC_541\Debug\BCC722-RTOS-MOINHO.a(ADC_SAR_Seq.o)
                0x00007210                ADC_SAR_Seq_StartConvert
 .text.ADC_SAR_Seq_IsEndConversion
                0x0000721c       0x2c .\ARM_GCC_541\Debug\BCC722-RTOS-MOINHO.a(ADC_SAR_Seq.o)
                0x0000721c                ADC_SAR_Seq_IsEndConversion
 .text.ADC_SAR_Seq_GetResult16
                0x00007248       0x38 .\ARM_GCC_541\Debug\BCC722-RTOS-MOINHO.a(ADC_SAR_Seq.o)
                0x00007248                ADC_SAR_Seq_GetResult16
 .text.ADC_SAR_Seq_ISR
                0x00007280        0xc .\ARM_GCC_541\Debug\BCC722-RTOS-MOINHO.a(ADC_SAR_Seq_INT.o)
                0x00007280                ADC_SAR_Seq_ISR
 .text.ADC_SAR_Seq_SAR_Start
                0x0000728c       0x24 .\ARM_GCC_541\Debug\BCC722-RTOS-MOINHO.a(ADC_SAR_Seq_SAR.o)
                0x0000728c                ADC_SAR_Seq_SAR_Start
 .text.ADC_SAR_Seq_SAR_Init
                0x000072b0       0x2c .\ARM_GCC_541\Debug\BCC722-RTOS-MOINHO.a(ADC_SAR_Seq_SAR.o)
                0x000072b0                ADC_SAR_Seq_SAR_Init
 .text.ADC_SAR_Seq_SAR_Enable
                0x000072dc       0xc4 .\ARM_GCC_541\Debug\BCC722-RTOS-MOINHO.a(ADC_SAR_Seq_SAR.o)
                0x000072dc                ADC_SAR_Seq_SAR_Enable
 .text.ADC_SAR_Seq_SAR_SetResolution
                0x000073a0       0x54 .\ARM_GCC_541\Debug\BCC722-RTOS-MOINHO.a(ADC_SAR_Seq_SAR.o)
                0x000073a0                ADC_SAR_Seq_SAR_SetResolution
 .text.ADC_SAR_Seq_SAR_StartConvert
                0x000073f4       0x20 .\ARM_GCC_541\Debug\BCC722-RTOS-MOINHO.a(ADC_SAR_Seq_SAR.o)
                0x000073f4                ADC_SAR_Seq_SAR_StartConvert
 .text.ADC_SAR_Seq_SAR_CalcGain
                0x00007414       0x80 .\ARM_GCC_541\Debug\BCC722-RTOS-MOINHO.a(ADC_SAR_Seq_SAR.o)
 .text.ADC_SAR_Seq_TempBuf_DmaInitialize
                0x00007494       0x64 .\ARM_GCC_541\Debug\BCC722-RTOS-MOINHO.a(ADC_SAR_Seq_TempBuf_dma.o)
                0x00007494                ADC_SAR_Seq_TempBuf_DmaInitialize
 .text.ADC_SAR_Seq_FinalBuf_DmaInitialize
                0x000074f8       0x64 .\ARM_GCC_541\Debug\BCC722-RTOS-MOINHO.a(ADC_SAR_Seq_FinalBuf_dma.o)
                0x000074f8                ADC_SAR_Seq_FinalBuf_DmaInitialize
 .text.ADC_SAR_Seq_IRQ_SetVector
                0x0000755c       0x24 .\ARM_GCC_541\Debug\BCC722-RTOS-MOINHO.a(ADC_SAR_Seq_IRQ.o)
                0x0000755c                ADC_SAR_Seq_IRQ_SetVector
 .text.ADC_SAR_Seq_IRQ_SetPriority
                0x00007580       0x24 .\ARM_GCC_541\Debug\BCC722-RTOS-MOINHO.a(ADC_SAR_Seq_IRQ.o)
                0x00007580                ADC_SAR_Seq_IRQ_SetPriority
 .text.bt_test_Read
                0x000075a4       0x20 .\ARM_GCC_541\Debug\BCC722-RTOS-MOINHO.a(bt_test.o)
                0x000075a4                bt_test_Read
 *fill*         0x000075c4        0x4 
 .text          0x000075c8       0x20 .\ARM_GCC_541\Debug\BCC722-RTOS-MOINHO.a(CyBootAsmGnu.o)
                0x000075c8                CyDelayCycles
                0x000075d8                CyEnterCriticalSection
                0x000075e0                CyExitCriticalSection
 .text          0x000075e8       0x98 ..\..\..\..\..\..\uCOS-III\Lib\ARM-Cortex-M3\PSoC_GNU/uCOS-III-ARM-Cortex-M3.a(os_cpu_a.o)
                0x000075e8                OSStartHighRdy
                0x00007606                OSCtxSw
                0x0000760e                OSIntCtxSw
                0x00007616                OS_CPU_PendSVHandler
 .text.OSIdleTaskHook
                0x00007680       0x1c ..\..\..\..\..\..\uCOS-III\Lib\ARM-Cortex-M3\PSoC_GNU/uCOS-III-ARM-Cortex-M3.a(os_cpu_c.o)
                0x00007680                OSIdleTaskHook
 .text.OSInitHook
                0x0000769c       0x64 ..\..\..\..\..\..\uCOS-III\Lib\ARM-Cortex-M3\PSoC_GNU/uCOS-III-ARM-Cortex-M3.a(os_cpu_c.o)
                0x0000769c                OSInitHook
 .text.OSStatTaskHook
                0x00007700       0x1c ..\..\..\..\..\..\uCOS-III\Lib\ARM-Cortex-M3\PSoC_GNU/uCOS-III-ARM-Cortex-M3.a(os_cpu_c.o)
                0x00007700                OSStatTaskHook
 .text.OSTaskCreateHook
                0x0000771c       0x24 ..\..\..\..\..\..\uCOS-III\Lib\ARM-Cortex-M3\PSoC_GNU/uCOS-III-ARM-Cortex-M3.a(os_cpu_c.o)
                0x0000771c                OSTaskCreateHook
 .text.OSTaskDelHook
                0x00007740       0x24 ..\..\..\..\..\..\uCOS-III\Lib\ARM-Cortex-M3\PSoC_GNU/uCOS-III-ARM-Cortex-M3.a(os_cpu_c.o)
                0x00007740                OSTaskDelHook
 .text.OSTaskReturnHook
                0x00007764       0x24 ..\..\..\..\..\..\uCOS-III\Lib\ARM-Cortex-M3\PSoC_GNU/uCOS-III-ARM-Cortex-M3.a(os_cpu_c.o)
                0x00007764                OSTaskReturnHook
 .text.OSTaskStkInit
                0x00007788      0x130 ..\..\..\..\..\..\uCOS-III\Lib\ARM-Cortex-M3\PSoC_GNU/uCOS-III-ARM-Cortex-M3.a(os_cpu_c.o)
                0x00007788                OSTaskStkInit
 .text.OSTaskSwHook
                0x000078b8       0x80 ..\..\..\..\..\..\uCOS-III\Lib\ARM-Cortex-M3\PSoC_GNU/uCOS-III-ARM-Cortex-M3.a(os_cpu_c.o)
                0x000078b8                OSTaskSwHook
 .text.OSTimeTickHook
                0x00007938       0x1c ..\..\..\..\..\..\uCOS-III\Lib\ARM-Cortex-M3\PSoC_GNU/uCOS-III-ARM-Cortex-M3.a(os_cpu_c.o)
                0x00007938                OSTimeTickHook
 .text.OS_CPU_SysTickHandler
                0x00007954       0x3c ..\..\..\..\..\..\uCOS-III\Lib\ARM-Cortex-M3\PSoC_GNU/uCOS-III-ARM-Cortex-M3.a(os_cpu_c.o)
                0x00007954                OS_CPU_SysTickHandler
 .text.OS_CPU_SysTickInit
                0x00007990       0x54 ..\..\..\..\..\..\uCOS-III\Lib\ARM-Cortex-M3\PSoC_GNU/uCOS-III-ARM-Cortex-M3.a(os_cpu_c.o)
                0x00007990                OS_CPU_SysTickInit
 .text.log      0x000079e4      0x100 c:/program files (x86)/cypress/psoc creator/4.4/psoc creator/import/gnu/arm/5.4.1/bin/../lib/gcc/arm-none-eabi/5.4.1/../../../../arm-none-eabi/lib/armv7-m\libm.a(lib_a-w_log.o)
                0x000079e4                log
 *fill*         0x00007ae4        0x4 
 .text.__ieee754_log
                0x00007ae8      0x3e8 c:/program files (x86)/cypress/psoc creator/4.4/psoc creator/import/gnu/arm/5.4.1/bin/../lib/gcc/arm-none-eabi/5.4.1/../../../../arm-none-eabi/lib/armv7-m\libm.a(lib_a-e_log.o)
                0x00007ae8                __ieee754_log
 .text.matherr  0x00007ed0        0x4 c:/program files (x86)/cypress/psoc creator/4.4/psoc creator/import/gnu/arm/5.4.1/bin/../lib/gcc/arm-none-eabi/5.4.1/../../../../arm-none-eabi/lib/armv7-m\libm.a(lib_a-s_matherr.o)
                0x00007ed0                matherr
 .text.nan      0x00007ed4        0xc c:/program files (x86)/cypress/psoc creator/4.4/psoc creator/import/gnu/arm/5.4.1/bin/../lib/gcc/arm-none-eabi/5.4.1/../../../../arm-none-eabi/lib/armv7-m\libm.a(lib_a-s_nan.o)
                0x00007ed4                nan
 .text          0x00007ee0      0x370 c:/program files (x86)/cypress/psoc creator/4.4/psoc creator/import/gnu/arm/5.4.1/bin/../lib/gcc/arm-none-eabi/5.4.1/armv7-m\libgcc.a(_arm_addsubdf3.o)
                0x00007ee0                __aeabi_drsub
                0x00007ee8                __aeabi_dsub
                0x00007ee8                __subdf3
                0x00007eec                __aeabi_dadd
                0x00007eec                __adddf3
                0x00008164                __floatunsidf
                0x00008164                __aeabi_ui2d
                0x00008184                __floatsidf
                0x00008184                __aeabi_i2d
                0x000081a8                __aeabi_f2d
                0x000081a8                __extendsfdf2
                0x000081e4                __floatundidf
                0x000081e4                __aeabi_ul2d
                0x000081f4                __floatdidf
                0x000081f4                __aeabi_l2d
 .text          0x00008250      0x424 c:/program files (x86)/cypress/psoc creator/4.4/psoc creator/import/gnu/arm/5.4.1/bin/../lib/gcc/arm-none-eabi/5.4.1/armv7-m\libgcc.a(_arm_muldivdf3.o)
                0x00008250                __aeabi_dmul
                0x00008250                __muldf3
                0x000084a4                __divdf3
                0x000084a4                __aeabi_ddiv
 .text          0x00008674      0x110 c:/program files (x86)/cypress/psoc creator/4.4/psoc creator/import/gnu/arm/5.4.1/bin/../lib/gcc/arm-none-eabi/5.4.1/armv7-m\libgcc.a(_arm_cmpdf2.o)
                0x00008674                __gtdf2
                0x00008674                __gedf2
                0x0000867c                __ltdf2
                0x0000867c                __ledf2
                0x00008684                __nedf2
                0x00008684                __eqdf2
                0x00008684                __cmpdf2
                0x00008700                __aeabi_cdrcmple
                0x00008710                __aeabi_cdcmpeq
                0x00008710                __aeabi_cdcmple
                0x00008720                __aeabi_dcmpeq
                0x00008734                __aeabi_dcmplt
                0x00008748                __aeabi_dcmple
                0x0000875c                __aeabi_dcmpge
                0x00008770                __aeabi_dcmpgt
 .text          0x00008784       0x2c c:/program files (x86)/cypress/psoc creator/4.4/psoc creator/import/gnu/arm/5.4.1/bin/../lib/gcc/arm-none-eabi/5.4.1/armv7-m\libgcc.a(_arm_unorddf2.o)
                0x00008784                __unorddf2
                0x00008784                __aeabi_dcmpun
 .text          0x000087b0       0xa0 c:/program files (x86)/cypress/psoc creator/4.4/psoc creator/import/gnu/arm/5.4.1/bin/../lib/gcc/arm-none-eabi/5.4.1/armv7-m\libgcc.a(_arm_truncdfsf2.o)
                0x000087b0                __truncdfsf2
                0x000087b0                __aeabi_d2f
 .text          0x00008850      0x21c c:/program files (x86)/cypress/psoc creator/4.4/psoc creator/import/gnu/arm/5.4.1/bin/../lib/gcc/arm-none-eabi/5.4.1/armv7-m\libgcc.a(_arm_addsubsf3.o)
                0x00008850                __aeabi_frsub
                0x00008858                __subsf3
                0x00008858                __aeabi_fsub
                0x0000885c                __aeabi_fadd
                0x0000885c                __addsf3
                0x000089bc                __aeabi_ui2f
                0x000089bc                __floatunsisf
                0x000089c4                __aeabi_i2f
                0x000089c4                __floatsisf
                0x000089e0                __aeabi_ul2f
                0x000089e0                __floatundisf
                0x000089f0                __aeabi_l2f
                0x000089f0                __floatdisf
 .text          0x00008a6c      0x2a0 c:/program files (x86)/cypress/psoc creator/4.4/psoc creator/import/gnu/arm/5.4.1/bin/../lib/gcc/arm-none-eabi/5.4.1/armv7-m\libgcc.a(_arm_muldivsf3.o)
                0x00008a6c                __mulsf3
                0x00008a6c                __aeabi_fmul
                0x00008bd4                __aeabi_fdiv
                0x00008bd4                __divsf3
 .text          0x00008d0c       0xec c:/program files (x86)/cypress/psoc creator/4.4/psoc creator/import/gnu/arm/5.4.1/bin/../lib/gcc/arm-none-eabi/5.4.1/armv7-m\libgcc.a(_arm_cmpsf2.o)
                0x00008d0c                __gesf2
                0x00008d0c                __gtsf2
                0x00008d14                __lesf2
                0x00008d14                __ltsf2
                0x00008d1c                __nesf2
                0x00008d1c                __eqsf2
                0x00008d1c                __cmpsf2
                0x00008d7c                __aeabi_cfrcmple
                0x00008d84                __aeabi_cfcmpeq
                0x00008d84                __aeabi_cfcmple
                0x00008d94                __aeabi_fcmpeq
                0x00008da8                __aeabi_fcmplt
                0x00008dbc                __aeabi_fcmple
                0x00008dd0                __aeabi_fcmpge
                0x00008de4                __aeabi_fcmpgt
 .text.__errno  0x00008df8        0xc c:/program files (x86)/cypress/psoc creator/4.4/psoc creator/import/gnu/arm/5.4.1/bin/../lib/gcc/arm-none-eabi/5.4.1/../../../../arm-none-eabi/lib/armv7-m\libg_nano.a(lib_a-errno.o)
                0x00008df8                __errno
 .text.__libc_init_array
                0x00008e04       0x4c c:/program files (x86)/cypress/psoc creator/4.4/psoc creator/import/gnu/arm/5.4.1/bin/../lib/gcc/arm-none-eabi/5.4.1/../../../../arm-none-eabi/lib/armv7-m\libg_nano.a(lib_a-init.o)
                0x00008e04                __libc_init_array
 .text.memcpy   0x00008e50       0x16 c:/program files (x86)/cypress/psoc creator/4.4/psoc creator/import/gnu/arm/5.4.1/bin/../lib/gcc/arm-none-eabi/5.4.1/../../../../arm-none-eabi/lib/armv7-m\libg_nano.a(lib_a-memcpy-stub.o)
                0x00008e50                memcpy
 .text.memset   0x00008e66       0x10 c:/program files (x86)/cypress/psoc creator/4.4/psoc creator/import/gnu/arm/5.4.1/bin/../lib/gcc/arm-none-eabi/5.4.1/../../../../arm-none-eabi/lib/armv7-m\libg_nano.a(lib_a-memset.o)
                0x00008e66                memset
 *(.plt)
 *(.gnu.warning)
 *(.glue_7t)
 .glue_7t       0x00008e76        0x0 linker stubs
 *(.glue_7)
 .glue_7        0x00008e76        0x0 linker stubs
 *(.vfp11_veneer)
 .vfp11_veneer  0x00008e76        0x0 linker stubs
 *(.bootloader)
 *(.ARM.extab* .gnu.linkonce.armextab.*)
 *(.gcc_except_table)

.v4_bx          0x00008e78        0x0
 .v4_bx         0x00008e78        0x0 linker stubs

.iplt           0x00008e78        0x0
 .iplt          0x00008e78        0x0 c:/program files (x86)/cypress/psoc creator/4.4/psoc creator/import/gnu/arm/5.4.1/bin/../lib/gcc/arm-none-eabi/5.4.1/armv7-m/crtbegin.o

.eh_frame_hdr
 *(.eh_frame_hdr)

.eh_frame       0x00008e78        0x4
 *(.eh_frame)
 .eh_frame      0x00008e78        0x0 c:/program files (x86)/cypress/psoc creator/4.4/psoc creator/import/gnu/arm/5.4.1/bin/../lib/gcc/arm-none-eabi/5.4.1/armv7-m/crtbegin.o
 .eh_frame      0x00008e78        0x4 c:/program files (x86)/cypress/psoc creator/4.4/psoc creator/import/gnu/arm/5.4.1/bin/../lib/gcc/arm-none-eabi/5.4.1/armv7-m/crtend.o
                [!provide]                PROVIDE (__exidx_start, .)

.ARM.exidx
 *(.ARM.exidx* .gnu.linkonce.armexidx.*)
                0x00008e7c                __exidx_end = .

.rodata         0x00008e7c      0x46c
 *(.rodata .rodata.* .gnu.linkonce.r.*)
 .rodata        0x00008e7c      0x145 .\ARM_GCC_541\Debug\app.o
 *fill*         0x00008fc1        0x3 
 .rodata        0x00008fc4      0x16c .\ARM_GCC_541\Debug\os_dbg.o
                0x00008fc4                OSDbg_DbgEn
                0x00008fc5                OSDbg_ArgChkEn
                0x00008fc6                OSDbg_AppHooksEn
                0x00008fc8                OSDbg_EndiannessTest
                0x00008fcc                OSDbg_CalledFromISRChkEn
                0x00008fcd                OSDbg_FlagEn
                0x00008fd0                OSDbg_FlagGrp
                0x00008ff8                OSDbg_FlagDelEn
                0x00008ff9                OSDbg_FlagModeClrEn
                0x00008ffa                OSDbg_FlagPendAbortEn
                0x00008ffc                OSDbg_FlagGrpSize
                0x00008ffe                OSDbg_FlagWidth
                0x00009000                OSDbg_IntQ
                0x00009002                OSDbg_ISRPostDeferredEn
                0x00009004                OSDbg_Mem
                0x00009024                OSDbg_MemEn
                0x00009026                OSDbg_MemSize
                0x00009028                OSDbg_MsgEn
                0x0000902a                OSDbg_MsgSize
                0x0000902c                OSDbg_MsgPoolSize
                0x0000902e                OSDbg_MsgQSize
                0x00009030                OSDbg_Mutex
                0x0000905c                OSDbg_MutexEn
                0x0000905d                OSDbg_MutexDelEn
                0x0000905e                OSDbg_MutexPendAbortEn
                0x00009060                OSDbg_MutexSize
                0x00009062                OSDbg_ObjTypeChkEn
                0x00009063                OSDbg_PendMultiEn
                0x00009064                OSDbg_PendDataSize
                0x00009066                OSDbg_PendListSize
                0x00009068                OSDbg_PendObjSize
                0x0000906a                OSDbg_PrioMax
                0x0000906c                OSDbg_PrioTblSize
                0x0000906e                OSDbg_PtrSize
                0x00009070                OSDbg_Q
                0x000090a0                OSDbg_QEn
                0x000090a1                OSDbg_QDelEn
                0x000090a2                OSDbg_QFlushEn
                0x000090a3                OSDbg_QPendAbortEn
                0x000090a4                OSDbg_QSize
                0x000090a6                OSDbg_SchedRoundRobinEn
                0x000090a8                OSDbg_Sem
                0x000090d0                OSDbg_SemEn
                0x000090d1                OSDbg_SemDelEn
                0x000090d2                OSDbg_SemPendAbortEn
                0x000090d3                OSDbg_SemSetEn
                0x000090d4                OSDbg_SemSize
                0x000090d6                OSDbg_RdyList
                0x000090d8                OSDbg_RdyListSize
                0x000090dc                OSDbg_StkWidth
                0x000090dd                OSDbg_StatTaskEn
                0x000090de                OSDbg_StatTaskStkChkEn
                0x000090df                OSDbg_TaskChangePrioEn
                0x000090e0                OSDbg_TaskDelEn
                0x000090e1                OSDbg_TaskQEn
                0x000090e2                OSDbg_TaskQPendAbortEn
                0x000090e3                OSDbg_TaskProfileEn
                0x000090e4                OSDbg_TaskRegTblSize
                0x000090e6                OSDbg_TaskSemPendAbortEn
                0x000090e7                OSDbg_TaskSuspendEn
                0x000090e8                OSDbg_TCBSize
                0x000090ea                OSDbg_TickSpokeSize
                0x000090ec                OSDbg_TimeDlyHMSMEn
                0x000090ed                OSDbg_TimeDlyResumeEn
                0x000090ee                OSDbg_TLS_TblSize
                0x000090f0                OSDbg_Tmr
                0x00009124                OSDbg_TmrEn
                0x00009125                OSDbg_TmrDelEn
                0x00009126                OSDbg_TmrSize
                0x00009128                OSDbg_TmrSpokeSize
                0x0000912a                OSDbg_VersionNbr
                0x0000912c                OSDbg_DataSize
 .rodata        0x00009130       0x2a .\ARM_GCC_541\Debug\os_core.o
 *fill*         0x0000915a        0x2 
 .rodata        0x0000915c        0xa .\ARM_GCC_541\Debug\os_sem.o
 *fill*         0x00009166        0x2 
 .rodata        0x00009168       0x14 .\ARM_GCC_541\Debug\os_stat.o
 .rodata        0x0000917c        0xa .\ARM_GCC_541\Debug\os_task.o
 *fill*         0x00009186        0x2 
 .rodata        0x00009188       0x14 .\ARM_GCC_541\Debug\os_tick.o
 .rodata        0x0000919c       0x1d .\ARM_GCC_541\Debug\os_tmr.o
 *fill*         0x000091b9        0x3 
 .rodata        0x000091bc       0xa4 .\ARM_GCC_541\Debug\os_cfg_app.o
                0x000091bc                OSCfg_IdleTaskStkBasePtr
                0x000091c0                OSCfg_IdleTaskStkLimit
                0x000091c4                OSCfg_IdleTaskStkSize
                0x000091c8                OSCfg_IdleTaskStkSizeRAM
                0x000091cc                OSCfg_IntQBasePtr
                0x000091d0                OSCfg_IntQSize
                0x000091d4                OSCfg_IntQSizeRAM
                0x000091d8                OSCfg_IntQTaskStkBasePtr
                0x000091dc                OSCfg_IntQTaskStkLimit
                0x000091e0                OSCfg_IntQTaskStkSize
                0x000091e4                OSCfg_IntQTaskStkSizeRAM
                0x000091e8                OSCfg_ISRStkBasePtr
                0x000091ec                OSCfg_ISRStkSize
                0x000091f0                OSCfg_ISRStkSizeRAM
                0x000091f4                OSCfg_MsgPoolSize
                0x000091f8                OSCfg_MsgPoolSizeRAM
                0x000091fc                OSCfg_MsgPoolBasePtr
                0x00009200                OSCfg_StatTaskPrio
                0x00009204                OSCfg_StatTaskRate_Hz
                0x00009208                OSCfg_StatTaskStkBasePtr
                0x0000920c                OSCfg_StatTaskStkLimit
                0x00009210                OSCfg_StatTaskStkSize
                0x00009214                OSCfg_StatTaskStkSizeRAM
                0x00009218                OSCfg_StkSizeMin
                0x0000921c                OSCfg_TickRate_Hz
                0x00009220                OSCfg_TickTaskPrio
                0x00009224                OSCfg_TickTaskStkBasePtr
                0x00009228                OSCfg_TickTaskStkLimit
                0x0000922c                OSCfg_TickTaskStkSize
                0x00009230                OSCfg_TickTaskStkSizeRAM
                0x00009234                OSCfg_TickWheelSize
                0x00009238                OSCfg_TickWheelSizeRAM
                0x0000923c                OSCfg_TmrTaskPrio
                0x00009240                OSCfg_TmrTaskRate_Hz
                0x00009244                OSCfg_TmrTaskStkBasePtr
                0x00009248                OSCfg_TmrTaskStkLimit
                0x0000924c                OSCfg_TmrTaskStkSize
                0x00009250                OSCfg_TmrTaskStkSizeRAM
                0x00009254                OSCfg_TmrWheelSize
                0x00009258                OSCfg_TmrWheelSizeRAM
                0x0000925c                OSCfg_DataSizeRAM
 .rodata        0x00009260       0x1c .\ARM_GCC_541\Debug\probe_rs232_os.o
 .rodata        0x0000927c       0x2a .\ARM_GCC_541\Debug\cyfitter_cfg.o
 *fill*         0x000092a6        0x2 
 .rodata.str1.4
                0x000092a8        0x8 c:/program files (x86)/cypress/psoc creator/4.4/psoc creator/import/gnu/arm/5.4.1/bin/../lib/gcc/arm-none-eabi/5.4.1/../../../../arm-none-eabi/lib/armv7-m\libm.a(lib_a-w_log.o)
                                  0x5 (size before relaxing)
 .rodata.str1.1
                0x000092b0        0x2 c:/program files (x86)/cypress/psoc creator/4.4/psoc creator/import/gnu/arm/5.4.1/bin/../lib/gcc/arm-none-eabi/5.4.1/../../../../arm-none-eabi/lib/armv7-m\libg_nano.a(lib_a-impure.o)
                0x000092b4                . = ALIGN (0x4)
 *fill*         0x000092b2        0x2 
 *(.init)
 .init          0x000092b4        0x4 c:/program files (x86)/cypress/psoc creator/4.4/psoc creator/import/gnu/arm/5.4.1/bin/../lib/gcc/arm-none-eabi/5.4.1/armv7-m/crti.o
                0x000092b4                _init
 .init          0x000092b8        0x8 c:/program files (x86)/cypress/psoc creator/4.4/psoc creator/import/gnu/arm/5.4.1/bin/../lib/gcc/arm-none-eabi/5.4.1/armv7-m/crtn.o
                0x000092c0                . = ALIGN (0x4)
                0x000092c0                __preinit_array_start = .
 *(.preinit_array)
                0x000092c0                __preinit_array_end = .
                0x000092c0                . = ALIGN (0x4)
                0x000092c0                __init_array_start = .
 *(SORT(.init_array.*))
 *(.init_array)
 .init_array    0x000092c0        0x4 c:/program files (x86)/cypress/psoc creator/4.4/psoc creator/import/gnu/arm/5.4.1/bin/../lib/gcc/arm-none-eabi/5.4.1/armv7-m/crtbegin.o
 .init_array    0x000092c4        0x4 .\ARM_GCC_541\Debug\Cm3Start.o
                0x000092c8                __init_array_end = .
                0x000092c8                . = ALIGN (0x4)
 *(.fini)
 .fini          0x000092c8        0x4 c:/program files (x86)/cypress/psoc creator/4.4/psoc creator/import/gnu/arm/5.4.1/bin/../lib/gcc/arm-none-eabi/5.4.1/armv7-m/crti.o
                0x000092c8                _fini
 .fini          0x000092cc        0x8 c:/program files (x86)/cypress/psoc creator/4.4/psoc creator/import/gnu/arm/5.4.1/bin/../lib/gcc/arm-none-eabi/5.4.1/armv7-m/crtn.o
                0x000092d4                . = ALIGN (0x4)
                0x000092d4                __fini_array_start = .
 *(.fini_array)
 .fini_array    0x000092d4        0x4 c:/program files (x86)/cypress/psoc creator/4.4/psoc creator/import/gnu/arm/5.4.1/bin/../lib/gcc/arm-none-eabi/5.4.1/armv7-m/crtbegin.o
 *(SORT(.fini_array.*))
                0x000092d8                __fini_array_end = .
                0x000092d8                . = ALIGN (0x4)
 *crtbegin.o(.ctors)
 *(EXCLUDE_FILE(*crtend.o) .ctors)
 *(SORT(.ctors.*))
 *crtend.o(.ctors)
                0x000092d8                . = ALIGN (0x4)
 *crtbegin.o(.dtors)
 *(EXCLUDE_FILE(*crtend.o) .dtors)
 *(SORT(.dtors.*))
 *crtend.o(.dtors)
                0x000092d8                . = ALIGN (0x4)
                0x000092d8                __cy_regions = .
                0x000092d8        0x4 LONG 0x92e8 __cy_region_init_ram
                0x000092dc        0x4 LONG 0x1fff80c8 __cy_region_start_data
                0x000092e0        0x4 LONG 0x90 __cy_region_init_size_ram
                0x000092e4        0x4 LONG 0x3048 __cy_region_zero_size_ram
                0x000092e8                __cy_regions_end = .
                0x000092e8                . = ALIGN (0x8)
                0x000092e8                _etext = .

.cy_checksum_exclude
                0x000092e8        0x0
 *(.cy_checksum_exclude)

.ramvectors     0x1fff8000       0xc0
                0x1fff8000                __cy_region_start_ram = .
 *(.ramvectors)
 .ramvectors    0x1fff8000       0xc0 .\ARM_GCC_541\Debug\Cm3Start.o
                0x1fff8000                CyRamVectors

.noinit         0x1fff80c0        0x5
 *(.noinit)
 .noinit        0x1fff80c0        0x4 .\ARM_GCC_541\Debug\Cm3Start.o
 .noinit        0x1fff80c4        0x1 .\ARM_GCC_541\Debug\BCC722-RTOS-MOINHO.a(CyLib.o)
                0x1fff80c4                CyResetStatus

.data           0x1fff80c8       0x90 load address 0x000092e8
                0x1fff80c8                __cy_region_start_data = .
 *(.jcr)
 .jcr           0x1fff80c8        0x0 c:/program files (x86)/cypress/psoc creator/4.4/psoc creator/import/gnu/arm/5.4.1/bin/../lib/gcc/arm-none-eabi/5.4.1/armv7-m/crtbegin.o
 .jcr           0x1fff80c8        0x4 c:/program files (x86)/cypress/psoc creator/4.4/psoc creator/import/gnu/arm/5.4.1/bin/../lib/gcc/arm-none-eabi/5.4.1/armv7-m/crtend.o
 *(.got.plt)
 *(.got)
 *(.shdata)
 *(.data .data.* .gnu.linkonce.d.*)
 .data          0x1fff80cc        0x1 .\ARM_GCC_541\Debug\app.o
                0x1fff80cc                rearme
 *fill*         0x1fff80cd        0x3 
 .data          0x1fff80d0        0x8 .\ARM_GCC_541\Debug\BCC722-RTOS-MOINHO.a(CyDmac.o)
 .data          0x1fff80d8       0x10 .\ARM_GCC_541\Debug\BCC722-RTOS-MOINHO.a(CyLib.o)
                0x1fff80d8                cydelay_freq_hz
                0x1fff80dc                cydelay_freq_khz
                0x1fff80e0                cydelay_freq_mhz
                0x1fff80e4                cydelay_32k_ms
 .data          0x1fff80e8        0x2 .\ARM_GCC_541\Debug\BCC722-RTOS-MOINHO.a(ADC_SAR_Seq.o)
 .data          0x1fff80ea        0x1 .\ARM_GCC_541\Debug\BCC722-RTOS-MOINHO.a(ADC_SAR_Seq_TempBuf_dma.o)
                0x1fff80ea                ADC_SAR_Seq_TempBuf_DmaHandle
 .data          0x1fff80eb        0x1 .\ARM_GCC_541\Debug\BCC722-RTOS-MOINHO.a(ADC_SAR_Seq_FinalBuf_dma.o)
                0x1fff80eb                ADC_SAR_Seq_FinalBuf_DmaHandle
 .data.__fdlib_version
                0x1fff80ec        0x1 c:/program files (x86)/cypress/psoc creator/4.4/psoc creator/import/gnu/arm/5.4.1/bin/../lib/gcc/arm-none-eabi/5.4.1/../../../../arm-none-eabi/lib/armv7-m\libm.a(lib_a-s_lib_ver.o)
                0x1fff80ec                __fdlib_version
 *fill*         0x1fff80ed        0x3 
 .data.impure_data
                0x1fff80f0       0x60 c:/program files (x86)/cypress/psoc creator/4.4/psoc creator/import/gnu/arm/5.4.1/bin/../lib/gcc/arm-none-eabi/5.4.1/../../../../arm-none-eabi/lib/armv7-m\libg_nano.a(lib_a-impure.o)
 .data._impure_ptr
                0x1fff8150        0x4 c:/program files (x86)/cypress/psoc creator/4.4/psoc creator/import/gnu/arm/5.4.1/bin/../lib/gcc/arm-none-eabi/5.4.1/../../../../arm-none-eabi/lib/armv7-m\libg_nano.a(lib_a-impure.o)
                0x1fff8150                _impure_ptr
                0x1fff8158                . = ALIGN (0x8)
 *fill*         0x1fff8154        0x4 
 *(.ram)
                0x1fff8158                _edata = .

.igot.plt       0x1fff8158        0x0 load address 0x00009378
 .igot.plt      0x1fff8158        0x0 c:/program files (x86)/cypress/psoc creator/4.4/psoc creator/import/gnu/arm/5.4.1/bin/../lib/gcc/arm-none-eabi/5.4.1/armv7-m/crtbegin.o

.bss            0x1fff8158     0x3048 load address 0x00009378
                0x1fff8158                PROVIDE (__bss_start__, .)
 *(.shbss)
 *(.bss .bss.* .gnu.linkonce.b.*)
 .bss           0x1fff8158       0x1c c:/program files (x86)/cypress/psoc creator/4.4/psoc creator/import/gnu/arm/5.4.1/bin/../lib/gcc/arm-none-eabi/5.4.1/armv7-m/crtbegin.o
 .bss           0x1fff8174     0x134c .\ARM_GCC_541\Debug\app.o
                0x1fff94b4                motor
                0x1fff94b5                emerg
                0x1fff94b6                alerta
                0x1fff94b8                tempM
                0x1fff94bc                tempQ
 .bss           0x1fff94c0      0x2e8 .\ARM_GCC_541\Debug\probe_rs232_os.o
 .bss           0x1fff97a8      0x424 .\ARM_GCC_541\Debug\probe_rs232.o
 .bss           0x1fff9bcc        0x4 .\ARM_GCC_541\Debug\probe_com.o
 .bss           0x1fff9bd0        0x2 .\ARM_GCC_541\Debug\BCC722-RTOS-MOINHO.a(LCD_Disp.o)
                0x1fff9bd0                LCD_Disp_enableState
                0x1fff9bd1                LCD_Disp_initVar
 .bss           0x1fff9bd2        0x2 .\ARM_GCC_541\Debug\BCC722-RTOS-MOINHO.a(ProbeUART.o)
                0x1fff9bd2                ProbeUART_initVar
 .bss           0x1fff9bd4        0xc .\ARM_GCC_541\Debug\BCC722-RTOS-MOINHO.a(ADC_SAR_Seq.o)
                0x1fff9bd4                ADC_SAR_Seq_initVar
 .bss           0x1fff9be0        0x1 .\ARM_GCC_541\Debug\BCC722-RTOS-MOINHO.a(ADC_SAR_Seq_SAR.o)
                0x1fff9be0                ADC_SAR_Seq_SAR_initVar
 *(COMMON)
 COMMON         0x1fff9be1        0x1 .\ARM_GCC_541\Debug\bsp.o
                0x1fff9be1                LED_REG_VAL
 *fill*         0x1fff9be2        0x2 
 COMMON         0x1fff9be4       0x14 .\ARM_GCC_541\Debug\cpu_core.o
                0x1fff9be4                CPU_TS_TmrFreq_Hz
                0x1fff9be8                CPU_Name
 COMMON         0x1fff9bf8        0x4 .\ARM_GCC_541\Debug\os_prio.o
                0x1fff9bf8                OSPrioTbl
 COMMON         0x1fff9bfc      0x418 .\ARM_GCC_541\Debug\os_var.o
                0x1fff9bfc                OSSchedLockNestingCtr
                0x1fff9c00                OS_AppTaskReturnHookPtr
                0x1fff9c04                OSStatTaskTimeMax
                0x1fff9c08                OSStatTaskCtr
                0x1fff9c0c                OSTaskRegNextAvailID
                0x1fff9c0d                OSRunning
                0x1fff9c10                OSRdyList
                0x1fff9c70                OSPrioHighRdy
                0x1fff9c71                OSStatTaskRdy
                0x1fff9c74                OSSemDbgListPtr
                0x1fff9c78                OS_AppTaskCreateHookPtr
                0x1fff9c7c                OSPrioCur
                0x1fff9c80                OSTickTaskTCB
                0x1fff9d40                OSTmrTickCtr
                0x1fff9d44                OSTCBCurPtr
                0x1fff9d48                OSQQty
                0x1fff9d4a                OSStatTaskCPUUsageMax
                0x1fff9d4c                OSPrioSaved
                0x1fff9d50                OSTCBHighRdyPtr
                0x1fff9d54                OSTaskDbgListPtr
                0x1fff9d58                OSTmrTaskTimeMax
                0x1fff9d5c                OS_AppTaskDelHookPtr
                0x1fff9d60                OS_AppTimeTickHookPtr
                0x1fff9d64                OSTaskCtxSwCtr
                0x1fff9d68                OSStatTaskCPUUsage
                0x1fff9d6a                OSIntNestingCtr
                0x1fff9d6c                OSTaskQty
                0x1fff9d70                OSTmrTaskTCB
                0x1fff9e30                OSMsgPool
                0x1fff9e3c                OSIdleTaskTCB
                0x1fff9efc                OSQDbgListPtr
                0x1fff9f00                OSSemQty
                0x1fff9f04                OSMemDbgListPtr
                0x1fff9f08                OSSchedRoundRobinDfltTimeQuanta
                0x1fff9f0c                OS_AppIdleTaskHookPtr
                0x1fff9f10                OSStatTaskCtrMax
                0x1fff9f14                OSTickCtr
                0x1fff9f18                OS_AppTaskSwHookPtr
                0x1fff9f1c                OSTmrQty
                0x1fff9f20                OSIdleTaskCtr
                0x1fff9f24                OSStatTaskCtrRun
                0x1fff9f28                OS_AppStatTaskHookPtr
                0x1fff9f2c                OSFlagQty
                0x1fff9f30                OSFlagDbgListPtr
                0x1fff9f34                OSStatResetFlag
                0x1fff9f36                OSMemQty
                0x1fff9f38                OSMutexQty
                0x1fff9f3c                OSStatTaskTCB
                0x1fff9ffc                OSTmrDbgListPtr
                0x1fffa000                OSTickTaskTimeMax
                0x1fffa004                OSTmrUpdateCnt
                0x1fffa008                OSSchedRoundRobinEn
                0x1fffa00c                OSMutexDbgListPtr
                0x1fffa010                OSTmrUpdateCtr
 COMMON         0x1fffa014     0x1150 .\ARM_GCC_541\Debug\os_cfg_app.o
                0x1fffa014                OSCfg_StatTaskStk
                0x1fffa214                OSCfg_TickWheel
                0x1fffa29c                OSCfg_MsgPool
                0x1fffa8dc                OSCfg_TmrTaskStk
                0x1fffaadc                OSCfg_TmrWheel
                0x1fffab64                OSCfg_ISRStk
                0x1fffad64                OSCfg_TickTaskStk
                0x1fffaf64                OSCfg_IdleTaskStk
 COMMON         0x1fffb164        0x8 .\ARM_GCC_541\Debug\probe_rs232.o
                0x1fffb164                ProbeRS232_TxCtr
                0x1fffb168                ProbeRS232_RxCtr
 COMMON         0x1fffb16c       0x1c .\ARM_GCC_541\Debug\probe_com.o
                0x1fffb16c                ProbeCom_RxPktCtr
                0x1fffb170                ProbeCom_TxPktCtr
                0x1fffb174                ProbeCom_RxSymByteCtr
                0x1fffb178                ProbeCom_RxSymCtr
                0x1fffb17c                ProbeCom_ErrPktCtr
                0x1fffb180                ProbeCom_TxSymCtr
                0x1fffb184                ProbeCom_TxSymByteCtr
 COMMON         0x1fffb188        0x4 .\ARM_GCC_541\Debug\BCC722-RTOS-MOINHO.a(ADC_SAR_Seq.o)
                0x1fffb188                ADC_SAR_Seq_finalArray
 COMMON         0x1fffb18c        0xa .\ARM_GCC_541\Debug\BCC722-RTOS-MOINHO.a(ADC_SAR_Seq_SAR.o)
                0x1fffb18c                ADC_SAR_Seq_SAR_offset
                0x1fffb18e                ADC_SAR_Seq_SAR_countsPerVolt
                0x1fffb190                ADC_SAR_Seq_SAR_countsPer10Volt
                0x1fffb194                ADC_SAR_Seq_SAR_shift
 *fill*         0x1fffb196        0x2 
 COMMON         0x1fffb198        0x4 ..\..\..\..\..\..\uCOS-III\Lib\ARM-Cortex-M3\PSoC_GNU/uCOS-III-ARM-Cortex-M3.a(os_cpu_c.o)
                0x1fffb198                OS_CPU_ExceptStkBase
                0x1fffb1a0                . = ALIGN (0x8)
 *fill*         0x1fffb19c        0x4 
 *(.ram.b)
                0x1fffb1a0                _end = .
                0x1fffb1a0                __end = .
                0x1fffb1a0                PROVIDE (end, .)
                0x1fffb1a0                PROVIDE (__bss_end__, .)
                0x000092e8                __cy_region_init_ram = LOADADDR (.data)
                0x00000090                __cy_region_init_size_ram = (_edata - ADDR (.data))
                0x00003048                __cy_region_zero_size_ram = (_end - _edata)

.heap           0x1fffb1a0       0x80 load address 0x00009378
                0x1fffb1a0                . = _end
                0x1fffb220                . = (. + 0x80)
 *fill*         0x1fffb1a0       0x80 
                0x1fffb220                __cy_heap_limit = .

.stack          0x20007800      0x800
                0x20007800                __cy_stack_limit = .
                0x20008000                . = (. + 0x800)
 *fill*         0x20007800      0x800 
                0x00000001                ASSERT ((__cy_stack_limit >= __cy_heap_limit), region RAM overflowed with stack)
                0x00000000                cy_checksum_exclude_size = (CY_APPL_LOADABLE == 0x1)?SIZEOF (.cy_checksum_exclude):0x0
                0x00000001                ASSERT ((cy_checksum_exclude_size <= CY_CHECKSUM_EXCLUDE_SIZE), CY_BOOT: Section .cy_checksum_exclude size exceedes specified limit.)

.cyloadermeta
 *(.cyloadermeta)

.cyloadablemeta
 *(.cyloadablemeta)

.cyconfigecc    0x80000000      0x850
 *(.cyconfigecc)
 .cyconfigecc   0x80000000      0x850 .\ARM_GCC_541\Debug\cymetadata.o
                0x80000000                cy_meta_configecc

.cycustnvl      0x90000000        0x4
 *(.cycustnvl)
 .cycustnvl     0x90000000        0x4 .\ARM_GCC_541\Debug\cymetadata.o
                0x90000000                cy_meta_custnvl

.cywolatch      0x90100000        0x4
 *(.cywolatch)
 .cywolatch     0x90100000        0x4 .\ARM_GCC_541\Debug\cymetadata.o
                0x90100000                cy_meta_wonvl

.cyeeprom       0x90200000        0x0
 *(.cyeeprom)
                0x00000001                ASSERT ((. <= ((0x90200000 + ee_offset) + ee_size)), .cyeeprom data will not fit in EEPROM)

.cyflashprotect
                0x90400000      0x100
 *(.cyflashprotect)
 .cyflashprotect
                0x90400000      0x100 .\ARM_GCC_541\Debug\cymetadata.o
                0x90400000                cy_meta_flashprotect

.cymeta         0x90500000        0xc
 *(.cymeta)
 .cymeta        0x90500000        0xc .\ARM_GCC_541\Debug\cymetadata.o
                0x90500000                cy_metadata

.rel.dyn        0x00009378        0x0 load address 0x9050000c
 .rel.iplt      0x00009378        0x0 c:/program files (x86)/cypress/psoc creator/4.4/psoc creator/import/gnu/arm/5.4.1/bin/../lib/gcc/arm-none-eabi/5.4.1/armv7-m/crtbegin.o

.stab
 *(.stab)

.stabstr
 *(.stabstr)

.debug
 *(.debug)

.line
 *(.line)

.debug_srcinfo
 *(.debug_srcinfo)

.debug_sfnames
 *(.debug_sfnames)

.debug_aranges  0x00000000     0x1d50
 *(.debug_aranges)
 .debug_aranges
                0x00000000       0x20 .\ARM_GCC_541\Debug\app_probe.o
 .debug_aranges
                0x00000020       0xa0 .\ARM_GCC_541\Debug\app.o
 .debug_aranges
                0x000000c0       0x68 .\ARM_GCC_541\Debug\os_app_hooks.o
 .debug_aranges
                0x00000128       0x38 .\ARM_GCC_541\Debug\bsp_os.o
 .debug_aranges
                0x00000160       0x58 .\ARM_GCC_541\Debug\bsp.o
 .debug_aranges
                0x000001b8       0x30 .\ARM_GCC_541\Debug\cpu_bsp.o
 .debug_aranges
                0x000001e8       0xb0 .\ARM_GCC_541\Debug\cpu_core.o
 .debug_aranges
                0x00000298       0x98 .\ARM_GCC_541\Debug\lib_ascii.o
 .debug_aranges
                0x00000330       0x38 .\ARM_GCC_541\Debug\lib_math.o
 .debug_aranges
                0x00000368       0x48 .\ARM_GCC_541\Debug\lib_mem.o
 .debug_aranges
                0x000003b0       0xd8 .\ARM_GCC_541\Debug\lib_str.o
 .debug_aranges
                0x00000488       0x20 .\ARM_GCC_541\Debug\os_dbg.o
 .debug_aranges
                0x000004a8      0x140 .\ARM_GCC_541\Debug\os_core.o
 .debug_aranges
                0x000005e8       0x80 .\ARM_GCC_541\Debug\os_flag.o
 .debug_aranges
                0x00000668       0x18 .\ARM_GCC_541\Debug\os_int.o
 .debug_aranges
                0x00000680       0x40 .\ARM_GCC_541\Debug\os_mem.o
 .debug_aranges
                0x000006c0       0x40 .\ARM_GCC_541\Debug\os_msg.o
 .debug_aranges
                0x00000700       0x60 .\ARM_GCC_541\Debug\os_mutex.o
 .debug_aranges
                0x00000760       0x38 .\ARM_GCC_541\Debug\os_pend_multi.o
 .debug_aranges
                0x00000798       0x38 .\ARM_GCC_541\Debug\os_prio.o
 .debug_aranges
                0x000007d0       0x70 .\ARM_GCC_541\Debug\os_q.o
 .debug_aranges
                0x00000840       0x70 .\ARM_GCC_541\Debug\os_sem.o
 .debug_aranges
                0x000008b0       0x38 .\ARM_GCC_541\Debug\os_stat.o
 .debug_aranges
                0x000008e8       0xf0 .\ARM_GCC_541\Debug\os_task.o
 .debug_aranges
                0x000009d8       0x50 .\ARM_GCC_541\Debug\os_tick.o
 .debug_aranges
                0x00000a28       0x48 .\ARM_GCC_541\Debug\os_time.o
 .debug_aranges
                0x00000a70       0x88 .\ARM_GCC_541\Debug\os_tmr.o
 .debug_aranges
                0x00000af8       0x18 .\ARM_GCC_541\Debug\os_var.o
 .debug_aranges
                0x00000b10       0x20 .\ARM_GCC_541\Debug\os_cfg_app.o
 .debug_aranges
                0x00000b30       0x18 .\ARM_GCC_541\Debug\probe_com_os.o
 .debug_aranges
                0x00000b48       0x60 .\ARM_GCC_541\Debug\probe_rs232c.o
 .debug_aranges
                0x00000ba8       0x38 .\ARM_GCC_541\Debug\probe_rs232_os.o
 .debug_aranges
                0x00000be0       0x60 .\ARM_GCC_541\Debug\probe_rs232.o
 .debug_aranges
                0x00000c40       0x88 .\ARM_GCC_541\Debug\probe_com.o
 .debug_aranges
                0x00000cc8       0x60 .\ARM_GCC_541\Debug\cyfitter_cfg.o
 .debug_aranges
                0x00000d28       0x48 .\ARM_GCC_541\Debug\Cm3Start.o
 .debug_aranges
                0x00000d70       0x18 .\ARM_GCC_541\Debug\cymetadata.o
 .debug_aranges
                0x00000d88       0x20 .\ARM_GCC_541\Debug\cpu_a.o
 .debug_aranges
                0x00000da8       0x28 .\ARM_GCC_541\Debug\BCC722-RTOS-MOINHO.a(LED_Status.o)
 .debug_aranges
                0x00000dd0       0x98 .\ARM_GCC_541\Debug\BCC722-RTOS-MOINHO.a(LCD_Disp.o)
 .debug_aranges
                0x00000e68       0xd8 .\ARM_GCC_541\Debug\BCC722-RTOS-MOINHO.a(CyDmac.o)
 .debug_aranges
                0x00000f40      0x2a0 .\ARM_GCC_541\Debug\BCC722-RTOS-MOINHO.a(CyLib.o)
 .debug_aranges
                0x000011e0       0x98 .\ARM_GCC_541\Debug\BCC722-RTOS-MOINHO.a(cyPm.o)
 .debug_aranges
                0x00001278       0xf0 .\ARM_GCC_541\Debug\BCC722-RTOS-MOINHO.a(ProbeUART.o)
 .debug_aranges
                0x00001368       0x80 .\ARM_GCC_541\Debug\BCC722-RTOS-MOINHO.a(ProbeUART_TxISR.o)
 .debug_aranges
                0x000013e8       0x80 .\ARM_GCC_541\Debug\BCC722-RTOS-MOINHO.a(ProbeUART_RxISR.o)
 .debug_aranges
                0x00001468       0x38 .\ARM_GCC_541\Debug\BCC722-RTOS-MOINHO.a(PB_2.o)
 .debug_aranges
                0x000014a0       0x38 .\ARM_GCC_541\Debug\BCC722-RTOS-MOINHO.a(PB_3.o)
 .debug_aranges
                0x000014d8       0x70 .\ARM_GCC_541\Debug\BCC722-RTOS-MOINHO.a(ProbeUART_IntClock.o)
 .debug_aranges
                0x00001548       0x48 .\ARM_GCC_541\Debug\BCC722-RTOS-MOINHO.a(se_indut_porta.o)
 .debug_aranges
                0x00001590       0x38 .\ARM_GCC_541\Debug\BCC722-RTOS-MOINHO.a(bt_liga.o)
 .debug_aranges
                0x000015c8       0x38 .\ARM_GCC_541\Debug\BCC722-RTOS-MOINHO.a(si_liga.o)
 .debug_aranges
                0x00001600       0x38 .\ARM_GCC_541\Debug\BCC722-RTOS-MOINHO.a(si_desl.o)
 .debug_aranges
                0x00001638       0x38 .\ARM_GCC_541\Debug\BCC722-RTOS-MOINHO.a(si_rearme.o)
 .debug_aranges
                0x00001670       0x38 .\ARM_GCC_541\Debug\BCC722-RTOS-MOINHO.a(si_emerg.o)
 .debug_aranges
                0x000016a8       0x38 .\ARM_GCC_541\Debug\BCC722-RTOS-MOINHO.a(bt_desl.o)
 .debug_aranges
                0x000016e0       0x38 .\ARM_GCC_541\Debug\BCC722-RTOS-MOINHO.a(bt_rearme.o)
 .debug_aranges
                0x00001718       0x48 .\ARM_GCC_541\Debug\BCC722-RTOS-MOINHO.a(bt_emerg.o)
 .debug_aranges
                0x00001760       0x38 .\ARM_GCC_541\Debug\BCC722-RTOS-MOINHO.a(si_alerta.o)
 .debug_aranges
                0x00001798       0x80 .\ARM_GCC_541\Debug\BCC722-RTOS-MOINHO.a(bt_emerg_int.o)
 .debug_aranges
                0x00001818       0x80 .\ARM_GCC_541\Debug\BCC722-RTOS-MOINHO.a(se_indut_porta_int.o)
 .debug_aranges
                0x00001898       0x48 .\ARM_GCC_541\Debug\BCC722-RTOS-MOINHO.a(se_indut_motor.o)
 .debug_aranges
                0x000018e0       0x80 .\ARM_GCC_541\Debug\BCC722-RTOS-MOINHO.a(se_indut_motor_int.o)
 .debug_aranges
                0x00001960       0x38 .\ARM_GCC_541\Debug\BCC722-RTOS-MOINHO.a(ct_motor.o)
 .debug_aranges
                0x00001998       0xa0 .\ARM_GCC_541\Debug\BCC722-RTOS-MOINHO.a(ADC_SAR_Seq.o)
 .debug_aranges
                0x00001a38       0x20 .\ARM_GCC_541\Debug\BCC722-RTOS-MOINHO.a(ADC_SAR_Seq_INT.o)
 .debug_aranges
                0x00001a58       0xa8 .\ARM_GCC_541\Debug\BCC722-RTOS-MOINHO.a(ADC_SAR_Seq_SAR.o)
 .debug_aranges
                0x00001b00       0x28 .\ARM_GCC_541\Debug\BCC722-RTOS-MOINHO.a(ADC_SAR_Seq_TempBuf_dma.o)
 .debug_aranges
                0x00001b28       0x28 .\ARM_GCC_541\Debug\BCC722-RTOS-MOINHO.a(ADC_SAR_Seq_FinalBuf_dma.o)
 .debug_aranges
                0x00001b50       0x80 .\ARM_GCC_541\Debug\BCC722-RTOS-MOINHO.a(ADC_SAR_Seq_IRQ.o)
 .debug_aranges
                0x00001bd0       0x38 .\ARM_GCC_541\Debug\BCC722-RTOS-MOINHO.a(bt_test.o)
 .debug_aranges
                0x00001c08       0x20 .\ARM_GCC_541\Debug\BCC722-RTOS-MOINHO.a(CyBootAsmGnu.o)
 .debug_aranges
                0x00001c28       0x88 .\ARM_GCC_541\Debug\BCC722-RTOS-MOINHO.a(CyFlash.o)
 .debug_aranges
                0x00001cb0       0x80 .\ARM_GCC_541\Debug\BCC722-RTOS-MOINHO.a(CySpc.o)
 .debug_aranges
                0x00001d30       0x20 ..\..\..\..\..\..\uCOS-III\Lib\ARM-Cortex-M3\PSoC_GNU/uCOS-III-ARM-Cortex-M3.a(os_cpu_a.o)

.debug_pubnames
 *(.debug_pubnames)

.debug_info     0x00000000    0x1c2c5
 *(.debug_info .gnu.linkonce.wi.*)
 .debug_info    0x00000000       0xe9 .\ARM_GCC_541\Debug\app_probe.o
 .debug_info    0x000000e9     0x10af .\ARM_GCC_541\Debug\app.o
 .debug_info    0x00001198      0x844 .\ARM_GCC_541\Debug\os_app_hooks.o
 .debug_info    0x000019dc      0xd23 .\ARM_GCC_541\Debug\bsp_os.o
 .debug_info    0x000026ff      0x2e8 .\ARM_GCC_541\Debug\bsp.o
 .debug_info    0x000029e7      0x135 .\ARM_GCC_541\Debug\cpu_bsp.o
 .debug_info    0x00002b1c      0x52f .\ARM_GCC_541\Debug\cpu_core.o
 .debug_info    0x0000304b      0x421 .\ARM_GCC_541\Debug\lib_ascii.o
 .debug_info    0x0000346c      0x166 .\ARM_GCC_541\Debug\lib_math.o
 .debug_info    0x000035d2      0x45d .\ARM_GCC_541\Debug\lib_mem.o
 .debug_info    0x00003a2f      0xd53 .\ARM_GCC_541\Debug\lib_str.o
 .debug_info    0x00004782     0x136d .\ARM_GCC_541\Debug\os_dbg.o
 .debug_info    0x00005aef     0x17b1 .\ARM_GCC_541\Debug\os_core.o
 .debug_info    0x000072a0     0x1173 .\ARM_GCC_541\Debug\os_flag.o
 .debug_info    0x00008413       0x72 .\ARM_GCC_541\Debug\os_int.o
 .debug_info    0x00008485      0x7fe .\ARM_GCC_541\Debug\os_mem.o
 .debug_info    0x00008c83      0x85c .\ARM_GCC_541\Debug\os_msg.o
 .debug_info    0x000094df      0xf8d .\ARM_GCC_541\Debug\os_mutex.o
 .debug_info    0x0000a46c      0xe9e .\ARM_GCC_541\Debug\os_pend_multi.o
 .debug_info    0x0000b30a      0x1bf .\ARM_GCC_541\Debug\os_prio.o
 .debug_info    0x0000b4c9     0x1095 .\ARM_GCC_541\Debug\os_q.o
 .debug_info    0x0000c55e     0x1072 .\ARM_GCC_541\Debug\os_sem.o
 .debug_info    0x0000d5d0      0xf16 .\ARM_GCC_541\Debug\os_stat.o
 .debug_info    0x0000e4e6     0x15e4 .\ARM_GCC_541\Debug\os_task.o
 .debug_info    0x0000faca      0xe44 .\ARM_GCC_541\Debug\os_tick.o
 .debug_info    0x0001090e      0xe3e .\ARM_GCC_541\Debug\os_time.o
 .debug_info    0x0001174c     0x129e .\ARM_GCC_541\Debug\os_tmr.o
 .debug_info    0x000129ea      0xf37 .\ARM_GCC_541\Debug\os_var.o
 .debug_info    0x00013921      0xbc5 .\ARM_GCC_541\Debug\os_cfg_app.o
 .debug_info    0x000144e6       0x72 .\ARM_GCC_541\Debug\probe_com_os.o
 .debug_info    0x00014558      0x179 .\ARM_GCC_541\Debug\probe_rs232c.o
 .debug_info    0x000146d1      0xc9a .\ARM_GCC_541\Debug\probe_rs232_os.o
 .debug_info    0x0001536b      0x2dd .\ARM_GCC_541\Debug\probe_rs232.o
 .debug_info    0x00015648      0x6c0 .\ARM_GCC_541\Debug\probe_com.o
 .debug_info    0x00015d08      0x3b8 .\ARM_GCC_541\Debug\cyfitter_cfg.o
 .debug_info    0x000160c0      0x32b .\ARM_GCC_541\Debug\Cm3Start.o
 .debug_info    0x000163eb      0x139 .\ARM_GCC_541\Debug\cymetadata.o
 .debug_info    0x00016524       0xd5 .\ARM_GCC_541\Debug\cpu_a.o
 .debug_info    0x000165f9       0xd7 .\ARM_GCC_541\Debug\BCC722-RTOS-MOINHO.a(LED_Status.o)
 .debug_info    0x000166d0      0x3cf .\ARM_GCC_541\Debug\BCC722-RTOS-MOINHO.a(LCD_Disp.o)
 .debug_info    0x00016a9f      0x8c0 .\ARM_GCC_541\Debug\BCC722-RTOS-MOINHO.a(CyDmac.o)
 .debug_info    0x0001735f      0xe51 .\ARM_GCC_541\Debug\BCC722-RTOS-MOINHO.a(CyLib.o)
 .debug_info    0x000181b0      0x57a .\ARM_GCC_541\Debug\BCC722-RTOS-MOINHO.a(cyPm.o)
 .debug_info    0x0001872a      0x50a .\ARM_GCC_541\Debug\BCC722-RTOS-MOINHO.a(ProbeUART.o)
 .debug_info    0x00018c34      0x253 .\ARM_GCC_541\Debug\BCC722-RTOS-MOINHO.a(ProbeUART_TxISR.o)