Archive member included to satisfy reference by file (symbol)

.\ARM_GCC_541\Debug\BCC722-RTOS-MOINHO.a(LED_Status.o)
                              .\ARM_GCC_541\Debug\bsp.o (LED_Status_Write)
.\ARM_GCC_541\Debug\BCC722-RTOS-MOINHO.a(LCD_Disp.o)
                              .\ARM_GCC_541\Debug\app.o (LCD_Disp_Start)
.\ARM_GCC_541\Debug\BCC722-RTOS-MOINHO.a(CyDmac.o)
                              .\ARM_GCC_541\Debug\Cm3Start.o (CyDmacConfigure)
.\ARM_GCC_541\Debug\BCC722-RTOS-MOINHO.a(CyLib.o)
                              .\ARM_GCC_541\Debug\Cm3Start.o (CyResetStatus)
.\ARM_GCC_541\Debug\BCC722-RTOS-MOINHO.a(cyPm.o)
                              .\ARM_GCC_541\Debug\BCC722-RTOS-MOINHO.a(CyLib.o) (CyPmReadStatus)
.\ARM_GCC_541\Debug\BCC722-RTOS-MOINHO.a(ProbeUART.o)
                              .\ARM_GCC_541\Debug\probe_rs232c.o (ProbeUART_Start)
.\ARM_GCC_541\Debug\BCC722-RTOS-MOINHO.a(ProbeUART_TxISR.o)
                              .\ARM_GCC_541\Debug\probe_rs232c.o (ProbeUART_TxISR_Start)
.\ARM_GCC_541\Debug\BCC722-RTOS-MOINHO.a(ProbeUART_RxISR.o)
                              .\ARM_GCC_541\Debug\probe_rs232c.o (ProbeUART_RxISR_Start)
.\ARM_GCC_541\Debug\BCC722-RTOS-MOINHO.a(PB_2.o)
                              .\ARM_GCC_541\Debug\bsp.o (PB_2_Read)
.\ARM_GCC_541\Debug\BCC722-RTOS-MOINHO.a(PB_3.o)
                              .\ARM_GCC_541\Debug\bsp.o (PB_3_Read)
.\ARM_GCC_541\Debug\BCC722-RTOS-MOINHO.a(ProbeUART_IntClock.o)
                              .\ARM_GCC_541\Debug\BCC722-RTOS-MOINHO.a(ProbeUART.o) (ProbeUART_IntClock_Start)
.\ARM_GCC_541\Debug\BCC722-RTOS-MOINHO.a(Pin_SV01_VE.o)
                              .\ARM_GCC_541\Debug\app.o (Pin_SV01_VE_Write)
.\ARM_GCC_541\Debug\BCC722-RTOS-MOINHO.a(Pin_BP01.o)
                              .\ARM_GCC_541\Debug\app.o (Pin_BP01_ClearInterrupt)
.\ARM_GCC_541\Debug\BCC722-RTOS-MOINHO.a(Pin_SP01_VE.o)
                              .\ARM_GCC_541\Debug\app.o (Pin_SP01_VE_Write)
.\ARM_GCC_541\Debug\BCC722-RTOS-MOINHO.a(Pin_SV01_AM.o)
                              .\ARM_GCC_541\Debug\app.o (Pin_SV01_AM_Write)
.\ARM_GCC_541\Debug\BCC722-RTOS-MOINHO.a(Pin_SV01_VM.o)
                              .\ARM_GCC_541\Debug\app.o (Pin_SV01_VM_Write)
.\ARM_GCC_541\Debug\BCC722-RTOS-MOINHO.a(Pin_SP01_VM.o)
                              .\ARM_GCC_541\Debug\app.o (Pin_SP01_VM_Write)
.\ARM_GCC_541\Debug\BCC722-RTOS-MOINHO.a(Pin_SV02_VE.o)
                              .\ARM_GCC_541\Debug\app.o (Pin_SV02_VE_Write)
.\ARM_GCC_541\Debug\BCC722-RTOS-MOINHO.a(Pin_BP02.o)
                              .\ARM_GCC_541\Debug\app.o (Pin_BP02_ClearInterrupt)
.\ARM_GCC_541\Debug\BCC722-RTOS-MOINHO.a(Pin_SP02_VE.o)
                              .\ARM_GCC_541\Debug\app.o (Pin_SP02_VE_Write)
.\ARM_GCC_541\Debug\BCC722-RTOS-MOINHO.a(Pin_SV02_AM.o)
                              .\ARM_GCC_541\Debug\app.o (Pin_SV02_AM_Write)
.\ARM_GCC_541\Debug\BCC722-RTOS-MOINHO.a(Pin_SV02_VM.o)
                              .\ARM_GCC_541\Debug\app.o (Pin_SV02_VM_Write)
.\ARM_GCC_541\Debug\BCC722-RTOS-MOINHO.a(Pin_SP02_VM.o)
                              .\ARM_GCC_541\Debug\app.o (Pin_SP02_VM_Write)
.\ARM_GCC_541\Debug\BCC722-RTOS-MOINHO.a(CyBootAsmGnu.o)
                              .\ARM_GCC_541\Debug\cyfitter_cfg.o (CyDelayCycles)
.\ARM_GCC_541\Debug\BCC722-RTOS-MOINHO.a(CyFlash.o)
                              .\ARM_GCC_541\Debug\BCC722-RTOS-MOINHO.a(cyPm.o) (CyFlash_SetWaitCycles)
.\ARM_GCC_541\Debug\BCC722-RTOS-MOINHO.a(CySpc.o)
                              .\ARM_GCC_541\Debug\BCC722-RTOS-MOINHO.a(CyFlash.o) (CySpcStart)
..\..\..\..\..\..\uCOS-III\Lib\ARM-Cortex-M3\PSoC_GNU/uCOS-III-ARM-Cortex-M3.a(os_cpu_a.o)
                              .\ARM_GCC_541\Debug\os_core.o (OSStartHighRdy)
..\..\..\..\..\..\uCOS-III\Lib\ARM-Cortex-M3\PSoC_GNU/uCOS-III-ARM-Cortex-M3.a(os_cpu_c.o)
                              .\ARM_GCC_541\Debug\os_core.o (OSIdleTaskHook)
c:/program files (x86)/cypress/psoc creator/4.4/psoc creator/import/gnu/arm/5.4.1/bin/../lib/gcc/arm-none-eabi/5.4.1/../../../../arm-none-eabi/lib/armv7-m\libg_nano.a(lib_a-errno.o)
                              .\ARM_GCC_541\Debug\Cm3Start.o (__errno)
c:/program files (x86)/cypress/psoc creator/4.4/psoc creator/import/gnu/arm/5.4.1/bin/../lib/gcc/arm-none-eabi/5.4.1/../../../../arm-none-eabi/lib/armv7-m\libg_nano.a(lib_a-exit.o)
                              c:/program files (x86)/cypress/psoc creator/4.4/psoc creator/import/gnu/arm/5.4.1/bin/../lib/gcc/arm-none-eabi/5.4.1/../../../../arm-none-eabi/lib/armv7-m/crt0.o (exit)
c:/program files (x86)/cypress/psoc creator/4.4/psoc creator/import/gnu/arm/5.4.1/bin/../lib/gcc/arm-none-eabi/5.4.1/../../../../arm-none-eabi/lib/armv7-m\libg_nano.a(lib_a-impure.o)
                              c:/program files (x86)/cypress/psoc creator/4.4/psoc creator/import/gnu/arm/5.4.1/bin/../lib/gcc/arm-none-eabi/5.4.1/../../../../arm-none-eabi/lib/armv7-m\libg_nano.a(lib_a-exit.o) (_global_impure_ptr)
[...]
Memory Configuration

Name             Origin             Length             Attributes
rom              0x00000000         0x00040000         xr
ram              0x1fff8000         0x00010000         xrw
*default*        0x00000000         0xffffffff

Linker script and memory map

LOAD c:/program files (x86)/cypress/psoc creator/4.4/psoc creator/import/gnu/arm/5.4.1/bin/../lib/gcc/arm-none-eabi/5.4.1/armv7-m/crti.o
LOAD c:/program files (x86)/cypress/psoc creator/4.4/psoc creator/import/gnu/arm/5.4.1/bin/../lib/gcc/arm-none-eabi/5.4.1/armv7-m/crtbegin.o
LOAD c:/program files (x86)/cypress/psoc creator/4.4/psoc creator/import/gnu/arm/5.4.1/bin/../lib/gcc/arm-none-eabi/5.4.1/../../../../arm-none-eabi/lib/armv7-m/crt0.o
START GROUP
LOAD .\ARM_GCC_541\Debug\app_probe.o
LOAD .\ARM_GCC_541\Debug\app.o
LOAD .\ARM_GCC_541\Debug\os_app_hooks.o
LOAD .\ARM_GCC_541\Debug\bsp_os.o
LOAD .\ARM_GCC_541\Debug\bsp.o
LOAD .\ARM_GCC_541\Debug\cpu_bsp.o
LOAD .\ARM_GCC_541\Debug\cpu_core.o
LOAD .\ARM_GCC_541\Debug\lib_ascii.o
LOAD .\ARM_GCC_541\Debug\lib_math.o
LOAD .\ARM_GCC_541\Debug\lib_mem.o
LOAD .\ARM_GCC_541\Debug\lib_str.o
LOAD .\ARM_GCC_541\Debug\os_dbg.o
LOAD .\ARM_GCC_541\Debug\os_core.o
LOAD .\ARM_GCC_541\Debug\os_flag.o
LOAD .\ARM_GCC_541\Debug\os_int.o
LOAD .\ARM_GCC_541\Debug\os_mem.o
LOAD .\ARM_GCC_541\Debug\os_msg.o
LOAD .\ARM_GCC_541\Debug\os_mutex.o
LOAD .\ARM_GCC_541\Debug\os_pend_multi.o
LOAD .\ARM_GCC_541\Debug\os_prio.o
LOAD .\ARM_GCC_541\Debug\os_q.o
LOAD .\ARM_GCC_541\Debug\os_sem.o
LOAD .\ARM_GCC_541\Debug\os_stat.o
LOAD .\ARM_GCC_541\Debug\os_task.o
LOAD .\ARM_GCC_541\Debug\os_tick.o
LOAD .\ARM_GCC_541\Debug\os_time.o
LOAD .\ARM_GCC_541\Debug\os_tmr.o
LOAD .\ARM_GCC_541\Debug\os_var.o
LOAD .\ARM_GCC_541\Debug\os_cfg_app.o
LOAD .\ARM_GCC_541\Debug\probe_com_os.o
LOAD .\ARM_GCC_541\Debug\probe_rs232c.o
LOAD .\ARM_GCC_541\Debug\probe_rs232_os.o
LOAD .\ARM_GCC_541\Debug\probe_rs232.o
LOAD .\ARM_GCC_541\Debug\probe_com.o
LOAD .\ARM_GCC_541\Debug\cyfitter_cfg.o
LOAD .\ARM_GCC_541\Debug\Cm3Start.o
LOAD .\ARM_GCC_541\Debug\cymetadata.o
LOAD .\ARM_GCC_541\Debug\cpu_a.o
LOAD .\ARM_GCC_541\Debug\BCC722-RTOS-MOINHO.a
LOAD C:\Program Files (x86)\Cypress\PSoC Creator\4.4\PSoC Creator\psoc\content\cycomponentlibrary\CyComponentLibrary.cylib\CortexM3\ARM_GCC_541\Debug\CyComponentLibrary.a
LOAD ..\..\..\..\..\..\uCOS-III\Lib\ARM-Cortex-M3\PSoC_GNU/uCOS-III-ARM-Cortex-M3.a
END GROUP
START GROUP
LOAD c:/program files (x86)/cypress/psoc creator/4.4/psoc creator/import/gnu/arm/5.4.1/bin/../lib/gcc/arm-none-eabi/5.4.1/armv7-m\libgcc.a
LOAD c:/program files (x86)/cypress/psoc creator/4.4/psoc creator/import/gnu/arm/5.4.1/bin/../lib/gcc/arm-none-eabi/5.4.1/../../../../arm-none-eabi/lib/armv7-m\libg_nano.a
LOAD c:/program files (x86)/cypress/psoc creator/4.4/psoc creator/import/gnu/arm/5.4.1/bin/../lib/gcc/arm-none-eabi/5.4.1/../../../../arm-none-eabi/lib/armv7-m\libc_nano.a
END GROUP
START GROUP
LOAD c:/program files (x86)/cypress/psoc creator/4.4/psoc creator/import/gnu/arm/5.4.1/bin/../lib/gcc/arm-none-eabi/5.4.1/armv7-m\libgcc.a
LOAD c:/program files (x86)/cypress/psoc creator/4.4/psoc creator/import/gnu/arm/5.4.1/bin/../lib/gcc/arm-none-eabi/5.4.1/../../../../arm-none-eabi/lib/armv7-m\libc_nano.a
END GROUP
LOAD c:/program files (x86)/cypress/psoc creator/4.4/psoc creator/import/gnu/arm/5.4.1/bin/../lib/gcc/arm-none-eabi/5.4.1/armv7-m/crtend.o
LOAD c:/program files (x86)/cypress/psoc creator/4.4/psoc creator/import/gnu/arm/5.4.1/bin/../lib/gcc/arm-none-eabi/5.4.1/armv7-m/crtn.o
START GROUP
LOAD c:/program files (x86)/cypress/psoc creator/4.4/psoc creator/import/gnu/arm/5.4.1/bin/../lib/gcc/arm-none-eabi/5.4.1/armv7-m\libgcc.a
LOAD c:/program files (x86)/cypress/psoc creator/4.4/psoc creator/import/gnu/arm/5.4.1/bin/../lib/gcc/arm-none-eabi/5.4.1/../../../../arm-none-eabi/lib/armv7-m\libc.a
LOAD c:/program files (x86)/cypress/psoc creator/4.4/psoc creator/import/gnu/arm/5.4.1/bin/../lib/gcc/arm-none-eabi/5.4.1/../../../../arm-none-eabi/lib/armv7-m\libnosys.a
END GROUP
                0x00000000                CY_APPL_ORIGIN = 0x0
                0x00000100                CY_FLASH_ROW_SIZE = 0x100
                0x00000020                CY_ECC_ROW_SIZE = 0x20
                0x00000000                CY_EE_IN_BTLDR = 0x0
                0x00000000                CY_APPL_LOADABLE = 0x0
                0x00000800                CY_EE_SIZE = 0x800
                0x00000001                CY_APPL_NUM = 0x1
                0x00000001                CY_APPL_MAX = 0x1
                0x00000040                CY_METADATA_SIZE = 0x40
                0x00000000                CY_APPL_LOADABLE = 0x0
                0x00000000                CY_CHECKSUM_EXCLUDE_SIZE = ALIGN (0x0, CY_FLASH_ROW_SIZE)
                [!provide]                PROVIDE (__cy_heap_start, _end)
                0x00000001                PROVIDE (__cy_region_num, ((__cy_regions_end - __cy_regions) / 0x10))
                0x20008000                PROVIDE (__cy_stack, (ORIGIN (ram) + LENGTH (ram)))
                [!provide]                PROVIDE (__cy_heap_end, (__cy_stack - 0x800))

.cybootloader   0x00000000        0x0
 *(.cybootloader)
                0x00000000                appl1_start = CY_APPL_ORIGIN?CY_APPL_ORIGIN:ALIGN (CY_FLASH_ROW_SIZE)
                0x0001ff00                appl2_start = (appl1_start + ALIGN ((((LENGTH (rom) - appl1_start) - (0x2 * CY_FLASH_ROW_SIZE)) / 0x2), CY_FLASH_ROW_SIZE))
                0x00000000                appl_start = (CY_APPL_NUM == 0x1)?appl1_start:appl2_start
                0x00000000                ecc_offset = ((appl_start / CY_FLASH_ROW_SIZE) * CY_ECC_ROW_SIZE)
                0x00000000                ee_offset = (CY_APPL_LOADABLE && ! (CY_EE_IN_BTLDR))?((CY_EE_SIZE / CY_APPL_MAX) * (CY_APPL_NUM - 0x1)):0x0
                0x00000800                ee_size = (CY_APPL_LOADABLE && ! (CY_EE_IN_BTLDR))?(CY_EE_SIZE / CY_APPL_MAX):CY_EE_SIZE
                [!provide]                PROVIDE (CY_ECC_OFFSET, ecc_offset)

.text           0x00000000     0x704a
 CREATE_OBJECT_SYMBOLS
                0x00000000                PROVIDE (__cy_interrupt_vector, RomVectors)
 *(.romvectors)
 .romvectors    0x00000000       0x10 .\ARM_GCC_541\Debug\Cm3Start.o
                0x00000000                RomVectors
                0x00000001                ASSERT ((. != __cy_interrupt_vector), No interrupt vector)
                0x00000001                ASSERT (CY_APPL_ORIGIN?(SIZEOF (.cybootloader) <= CY_APPL_ORIGIN):0x1, Wrong image location)
                0x00000010                PROVIDE (__cy_reset, Reset)
 *(.text.Reset)
 .text.Reset    0x00000010       0x18 .\ARM_GCC_541\Debug\Cm3Start.o
                0x00000010                Reset
                0x00000001                ASSERT ((. != __cy_reset), No reset code)
 *(.dma_init)
                0x00000001                ASSERT ((((appl_start + .) <= 0x10000) || 0x1), DMA Init must be within the first 64k of flash)
 *(.text .text.* .gnu.linkonce.t.*)
 .text          0x00000028       0x5c c:/program files (x86)/cypress/psoc creator/4.4/psoc creator/import/gnu/arm/5.4.1/bin/../lib/gcc/arm-none-eabi/5.4.1/armv7-m/crtbegin.o
 .text.App_ProbeInit
                0x00000084       0x18 .\ARM_GCC_541\Debug\app_probe.o
                0x00000084                App_ProbeInit
 .text.main     0x0000009c       0x68 .\ARM_GCC_541\Debug\app.o
                0x0000009c                main
 .text.App_TaskStart
                0x00000104       0x4c .\ARM_GCC_541\Debug\app.o
 .text.App_TaskCreate
                0x00000150      0x294 .\ARM_GCC_541\Debug\app.o
 .text.App_Task_Ihm
                0x000003e4       0x14 .\ARM_GCC_541\Debug\app.o
 .text.App_Task_Emerg
                0x000003f8       0x14 .\ARM_GCC_541\Debug\app.o
 .text.App_Task_Sen_Mec
                0x0000040c       0x14 .\ARM_GCC_541\Debug\app.o
 .text.App_Task_Sen_Temp
                0x00000420       0x14 .\ARM_GCC_541\Debug\app.o
 .text.App_Task_Display
                0x00000434       0x14 .\ARM_GCC_541\Debug\app.o
 .text.App_Task_SV01
                0x00000448       0x98 .\ARM_GCC_541\Debug\app.o
 .text.App_Task_SP01
                0x000004e0       0xe4 .\ARM_GCC_541\Debug\app.o
 .text.App_Task_SV02
                0x000005c4       0x9c .\ARM_GCC_541\Debug\app.o
 .text.App_Task_SP02
                0x00000660       0xe8 .\ARM_GCC_541\Debug\app.o
 .text.App_ObjCreate
                0x00000748        0xc .\ARM_GCC_541\Debug\app.o
 .text.App_TaskUserIF
                0x00000754      0x3b8 .\ARM_GCC_541\Debug\app.o
 .text.go_to_E1
                0x00000b0c       0x5c .\ARM_GCC_541\Debug\app.o
                0x00000b0c                go_to_E1
 .text.go_to_E2
                0x00000b68       0x5c .\ARM_GCC_541\Debug\app.o
                0x00000b68                go_to_E2
 .text.go_to_E3
                0x00000bc4       0x5c .\ARM_GCC_541\Debug\app.o
                0x00000bc4                go_to_E3
 .text.BSP_PreInit
                0x00000c20       0x40 .\ARM_GCC_541\Debug\bsp.o
                0x00000c20                BSP_PreInit
 .text.BSP_PostInit
                0x00000c60        0xc .\ARM_GCC_541\Debug\bsp.o
                0x00000c60                BSP_PostInit
 .text.BSP_CPU_TickInit
                0x00000c6c       0x2c .\ARM_GCC_541\Debug\bsp.o
                0x00000c6c                BSP_CPU_TickInit
 .text.BSP_CPU_ClkFreq
                0x00000c98       0x14 .\ARM_GCC_541\Debug\bsp.o
                0x00000c98                BSP_CPU_ClkFreq
 .text.BSP_LED_Off
                0x00000cac       0x90 .\ARM_GCC_541\Debug\bsp.o
                0x00000cac                BSP_LED_Off
 .text.BSP_LED_Toggle
                0x00000d3c       0x94 .\ARM_GCC_541\Debug\bsp.o
                0x00000d3c                BSP_LED_Toggle
 .text.BSP_PB_StatusGet
                0x00000dd0       0x5c .\ARM_GCC_541\Debug\bsp.o
                0x00000dd0                BSP_PB_StatusGet
 .text.CPU_TS_TmrInit
                0x00000e2c       0x3c .\ARM_GCC_541\Debug\cpu_bsp.o
                0x00000e2c                CPU_TS_TmrInit
 .text.CPU_TS_TmrRd
                0x00000e68       0x1c .\ARM_GCC_541\Debug\cpu_bsp.o
                0x00000e68                CPU_TS_TmrRd
 .text.CPU_Init
                0x00000e84       0x10 .\ARM_GCC_541\Debug\cpu_core.o
                0x00000e84                CPU_Init
 .text.CPU_NameClr
                0x00000e94       0x2c .\ARM_GCC_541\Debug\cpu_core.o
                0x00000e94                CPU_NameClr
 .text.CPU_TS_TmrFreqSet
                0x00000ec0       0x1c .\ARM_GCC_541\Debug\cpu_core.o
                0x00000ec0                CPU_TS_TmrFreqSet
 .text.CPU_NameInit
                0x00000edc        0xc .\ARM_GCC_541\Debug\cpu_core.o
 .text.CPU_TS_Init
                0x00000ee8       0x18 .\ARM_GCC_541\Debug\cpu_core.o
 .text.ASCII_IsPrint
                0x00000f00       0x2c .\ARM_GCC_541\Debug\lib_ascii.o
                0x00000f00                ASCII_IsPrint
 .text.Mem_Clr  0x00000f2c       0x1c .\ARM_GCC_541\Debug\lib_mem.o
                0x00000f2c                Mem_Clr
 .text.Mem_Set  0x00000f48       0xb4 .\ARM_GCC_541\Debug\lib_mem.o
                0x00000f48                Mem_Set
 .text.Mem_Copy
                0x00000ffc       0xd8 .\ARM_GCC_541\Debug\lib_mem.o
                0x00000ffc                Mem_Copy
 .text.Str_Copy
                0x000010d4       0x24 .\ARM_GCC_541\Debug\lib_str.o
                0x000010d4                Str_Copy
 .text.Str_Copy_N
                0x000010f8       0x90 .\ARM_GCC_541\Debug\lib_str.o
                0x000010f8                Str_Copy_N
 .text.Str_FmtNbr_Int32U
                0x00001188       0x44 .\ARM_GCC_541\Debug\lib_str.o
                0x00001188                Str_FmtNbr_Int32U
 .text.Str_FmtNbr_Int32
                0x000011cc      0x274 .\ARM_GCC_541\Debug\lib_str.o
 .text.OS_Dbg_Init
                0x00001440      0x240 .\ARM_GCC_541\Debug\os_dbg.o
                0x00001440                OS_Dbg_Init
 .text.OSInit   0x00001680      0x1ec .\ARM_GCC_541\Debug\os_core.o
                0x00001680                OSInit
 .text.OSIntExit
                0x0000186c       0xe0 .\ARM_GCC_541\Debug\os_core.o
                0x0000186c                OSIntExit
 .text.OSSched  0x0000194c       0xac .\ARM_GCC_541\Debug\os_core.o
                0x0000194c                OSSched
 .text.OSSchedLock
                0x000019f8       0x74 .\ARM_GCC_541\Debug\os_core.o
                0x000019f8                OSSchedLock
 .text.OSSchedUnlock
                0x00001a6c       0x90 .\ARM_GCC_541\Debug\os_core.o
                0x00001a6c                OSSchedUnlock
 .text.OSStart  0x00001afc       0x80 .\ARM_GCC_541\Debug\os_core.o
                0x00001afc                OSStart
 .text.OSVersion
                0x00001b7c       0x1c .\ARM_GCC_541\Debug\os_core.o
                0x00001b7c                OSVersion
 .text.OS_IdleTask
                0x00001b98       0x3c .\ARM_GCC_541\Debug\os_core.o
                0x00001b98                OS_IdleTask
 .text.OS_IdleTaskInit
                0x00001bd4       0x68 .\ARM_GCC_541\Debug\os_core.o
                0x00001bd4                OS_IdleTaskInit
 .text.OS_Pend  0x00001c3c       0x84 .\ARM_GCC_541\Debug\os_core.o
                0x00001c3c                OS_Pend
 .text.OS_PendDataInit
                0x00001cc0       0x68 .\ARM_GCC_541\Debug\os_core.o
                0x00001cc0                OS_PendDataInit
 .text.OS_PendDbgNameAdd
                0x00001d28       0x7c .\ARM_GCC_541\Debug\os_core.o
                0x00001d28                OS_PendDbgNameAdd
 .text.OS_PendDbgNameRemove
                0x00001da4       0x48 .\ARM_GCC_541\Debug\os_core.o
                0x00001da4                OS_PendDbgNameRemove
 .text.OS_PendListInit
                0x00001dec       0x24 .\ARM_GCC_541\Debug\os_core.o
                0x00001dec                OS_PendListInit
 .text.OS_PendListInsertPrio
                0x00001e10       0xe8 .\ARM_GCC_541\Debug\os_core.o
                0x00001e10                OS_PendListInsertPrio
 .text.OS_PendListRemove
                0x00001ef8       0x50 .\ARM_GCC_541\Debug\os_core.o
                0x00001ef8                OS_PendListRemove
 .text.OS_PendListRemove1
                0x00001f48       0x94 .\ARM_GCC_541\Debug\os_core.o
                0x00001f48                OS_PendListRemove1
 .text.OS_Post  0x00001fdc      0x118 .\ARM_GCC_541\Debug\os_core.o
                0x00001fdc                OS_Post
 .text.OS_Post1
                0x000020f4       0x5c .\ARM_GCC_541\Debug\os_core.o
                0x000020f4                OS_Post1
 .text.OS_RdyListInit
                0x00002150       0x48 .\ARM_GCC_541\Debug\os_core.o
                0x00002150                OS_RdyListInit
 .text.OS_RdyListInsert
                0x00002198       0x3c .\ARM_GCC_541\Debug\os_core.o
                0x00002198                OS_RdyListInsert
 .text.OS_RdyListInsertHead
                0x000021d4       0x80 .\ARM_GCC_541\Debug\os_core.o
                0x000021d4                OS_RdyListInsertHead
 .text.OS_RdyListInsertTail
                0x00002254       0x80 .\ARM_GCC_541\Debug\os_core.o
                0x00002254                OS_RdyListInsertTail
 .text.OS_RdyListMoveHeadToTail
                0x000022d4       0x90 .\ARM_GCC_541\Debug\os_core.o
                0x000022d4                OS_RdyListMoveHeadToTail
 .text.OS_RdyListRemove
                0x00002364       0xb0 .\ARM_GCC_541\Debug\os_core.o
                0x00002364                OS_RdyListRemove
 .text.OS_SchedRoundRobin
                0x00002414       0xc8 .\ARM_GCC_541\Debug\os_core.o
                0x00002414                OS_SchedRoundRobin
 .text.OS_TaskBlock
                0x000024dc       0x50 .\ARM_GCC_541\Debug\os_core.o
                0x000024dc                OS_TaskBlock
 .text.OS_TaskRdy
                0x0000252c       0x2c .\ARM_GCC_541\Debug\os_core.o
                0x0000252c                OS_TaskRdy
 .text.OS_FlagInit
                0x00002558       0x2c .\ARM_GCC_541\Debug\os_flag.o
                0x00002558                OS_FlagInit
 .text.OS_MemInit
                0x00002584       0x2c .\ARM_GCC_541\Debug\os_mem.o
                0x00002584                OS_MemInit
 .text.OS_MsgPoolInit
                0x000025b0       0xcc .\ARM_GCC_541\Debug\os_msg.o
                0x000025b0                OS_MsgPoolInit
 .text.OS_MsgQFreeAll
                0x0000267c       0x74 .\ARM_GCC_541\Debug\os_msg.o
                0x0000267c                OS_MsgQFreeAll
 .text.OS_MsgQInit
                0x000026f0       0x34 .\ARM_GCC_541\Debug\os_msg.o
                0x000026f0                OS_MsgQInit
 .text.OS_MutexInit
                0x00002724       0x2c .\ARM_GCC_541\Debug\os_mutex.o
                0x00002724                OS_MutexInit
 .text.OS_PrioInit
                0x00002750       0x30 .\ARM_GCC_541\Debug\os_prio.o
                0x00002750                OS_PrioInit
 .text.OS_PrioGetHighest
                0x00002780       0x48 .\ARM_GCC_541\Debug\os_prio.o
                0x00002780                OS_PrioGetHighest
 .text.OS_PrioInsert
                0x000027c8       0x4c .\ARM_GCC_541\Debug\os_prio.o
                0x000027c8                OS_PrioInsert
 .text.OS_PrioRemove
                0x00002814       0x50 .\ARM_GCC_541\Debug\os_prio.o
                0x00002814                OS_PrioRemove
 .text.OS_QInit
                0x00002864       0x2c .\ARM_GCC_541\Debug\os_q.o
                0x00002864                OS_QInit
 .text.OSSemCreate
                0x00002890       0x8c .\ARM_GCC_541\Debug\os_sem.o
                0x00002890                OSSemCreate
 .text.OSSemPend
                0x0000291c      0x1b0 .\ARM_GCC_541\Debug\os_sem.o
                0x0000291c                OSSemPend
 .text.OSSemPost
                0x00002acc       0x6c .\ARM_GCC_541\Debug\os_sem.o
                0x00002acc                OSSemPost
 .text.OS_SemDbgListAdd
                0x00002b38       0x4c .\ARM_GCC_541\Debug\os_sem.o
                0x00002b38                OS_SemDbgListAdd
 .text.OS_SemInit
                0x00002b84       0x2c .\ARM_GCC_541\Debug\os_sem.o
                0x00002b84                OS_SemInit
 .text.OS_SemPost
                0x00002bb0       0xe0 .\ARM_GCC_541\Debug\os_sem.o
                0x00002bb0                OS_SemPost
 .text.OSStatReset
                0x00002c90      0x11c .\ARM_GCC_541\Debug\os_stat.o
                0x00002c90                OSStatReset
 .text.OSStatTaskCPUUsageInit
                0x00002dac       0xfc .\ARM_GCC_541\Debug\os_stat.o
                0x00002dac                OSStatTaskCPUUsageInit
 .text.OS_StatTask
                0x00002ea8      0x314 .\ARM_GCC_541\Debug\os_stat.o
                0x00002ea8                OS_StatTask
 .text.OS_StatTaskInit
                0x000031bc       0xd4 .\ARM_GCC_541\Debug\os_stat.o
                0x000031bc                OS_StatTaskInit
 .text.OSTaskCreate
                0x00003290      0x210 .\ARM_GCC_541\Debug\os_task.o
                0x00003290                OSTaskCreate
 .text.OSTaskDel
                0x000034a0      0x13c .\ARM_GCC_541\Debug\os_task.o
                0x000034a0                OSTaskDel
 .text.OSTaskResume
                0x000035dc       0x64 .\ARM_GCC_541\Debug\os_task.o
                0x000035dc                OSTaskResume
 .text.OSTaskSemPend
                0x00003640      0x1e0 .\ARM_GCC_541\Debug\os_task.o
                0x00003640                OSTaskSemPend
 .text.OSTaskSemPost
                0x00003820       0x48 .\ARM_GCC_541\Debug\os_task.o
                0x00003820                OSTaskSemPost
 .text.OSTaskStkChk
                0x00003868       0xf0 .\ARM_GCC_541\Debug\os_task.o
                0x00003868                OSTaskStkChk
 .text.OSTaskSuspend
                0x00003958       0x44 .\ARM_GCC_541\Debug\os_task.o
                0x00003958                OSTaskSuspend
 .text.OS_TaskDbgListAdd
                0x0000399c       0x4c .\ARM_GCC_541\Debug\os_task.o
                0x0000399c                OS_TaskDbgListAdd
 .text.OS_TaskDbgListRemove
                0x000039e8       0x84 .\ARM_GCC_541\Debug\os_task.o
                0x000039e8                OS_TaskDbgListRemove
 .text.OS_TaskInit
                0x00003a6c       0x38 .\ARM_GCC_541\Debug\os_task.o
                0x00003a6c                OS_TaskInit
 .text.OS_TaskInitTCB
                0x00003aa4      0x198 .\ARM_GCC_541\Debug\os_task.o
                0x00003aa4                OS_TaskInitTCB
 .text.OS_TaskResume
                0x00003c3c      0x124 .\ARM_GCC_541\Debug\os_task.o
                0x00003c3c                OS_TaskResume
 .text.OS_TaskReturn
                0x00003d60       0x28 .\ARM_GCC_541\Debug\os_task.o
                0x00003d60                OS_TaskReturn
 .text.OS_TaskSemPost
                0x00003d88      0x128 .\ARM_GCC_541\Debug\os_task.o
                0x00003d88                OS_TaskSemPost
 .text.OS_TaskSuspend
                0x00003eb0      0x118 .\ARM_GCC_541\Debug\os_task.o
                0x00003eb0                OS_TaskSuspend
 .text.OS_TickTask
                0x00003fc8       0x30 .\ARM_GCC_541\Debug\os_tick.o
                0x00003fc8                OS_TickTask
 .text.OS_TickTaskInit
                0x00003ff8       0xb8 .\ARM_GCC_541\Debug\os_tick.o
                0x00003ff8                OS_TickTaskInit
 .text.OS_TickListInit
                0x000040b0       0x4c .\ARM_GCC_541\Debug\os_tick.o
                0x000040b0                OS_TickListInit
 .text.OS_TickListInsert
                0x000040fc      0x1f0 .\ARM_GCC_541\Debug\os_tick.o
                0x000040fc                OS_TickListInsert
 .text.OS_TickListRemove
                0x000042ec       0x8c .\ARM_GCC_541\Debug\os_tick.o
                0x000042ec                OS_TickListRemove
 .text.OS_TickListResetPeak
                0x00004378       0x40 .\ARM_GCC_541\Debug\os_tick.o
                0x00004378                OS_TickListResetPeak
 .text.OS_TickListUpdate
                0x000043b8      0x1f8 .\ARM_GCC_541\Debug\os_tick.o
                0x000043b8                OS_TickListUpdate
 .text.OSTimeDly
                0x000045b0       0xe4 .\ARM_GCC_541\Debug\os_time.o
                0x000045b0                OSTimeDly
 .text.OSTimeDlyHMSM
                0x00004694      0x200 .\ARM_GCC_541\Debug\os_time.o
                0x00004694                OSTimeDlyHMSM
 .text.OSTimeTick
                0x00004894       0x74 .\ARM_GCC_541\Debug\os_time.o
                0x00004894                OSTimeTick
 .text.OS_TmrInit
                0x00004908      0x140 .\ARM_GCC_541\Debug\os_tmr.o
                0x00004908                OS_TmrInit
 .text.OS_TmrLink
                0x00004a48      0x168 .\ARM_GCC_541\Debug\os_tmr.o
                0x00004a48                OS_TmrLink
 .text.OS_TmrResetPeak
                0x00004bb0       0x40 .\ARM_GCC_541\Debug\os_tmr.o
                0x00004bb0                OS_TmrResetPeak
 .text.OS_TmrUnlink
                0x00004bf0       0x9c .\ARM_GCC_541\Debug\os_tmr.o
                0x00004bf0                OS_TmrUnlink
 .text.OS_TmrTask
                0x00004c8c      0x104 .\ARM_GCC_541\Debug\os_tmr.o
                0x00004c8c                OS_TmrTask
 .text.OSCfg_Init
                0x00004d90        0xc .\ARM_GCC_541\Debug\os_cfg_app.o
                0x00004d90                OSCfg_Init
 .text.ProbeRS232_InitTarget
                0x00004d9c       0x34 .\ARM_GCC_541\Debug\probe_rs232c.o
                0x00004d9c                ProbeRS232_InitTarget
 .text.ProbeRS232_RxISRHandler
                0x00004dd0       0x20 .\ARM_GCC_541\Debug\probe_rs232c.o
                0x00004dd0                ProbeRS232_RxISRHandler
 .text.ProbeRS232_RxIntEn
                0x00004df0        0xc .\ARM_GCC_541\Debug\probe_rs232c.o
                0x00004df0                ProbeRS232_RxIntEn
 .text.ProbeRS232_TxISRHandler
                0x00004dfc        0xc .\ARM_GCC_541\Debug\probe_rs232c.o
                0x00004dfc                ProbeRS232_TxISRHandler
 .text.ProbeRS232_Tx1
                0x00004e08       0x20 .\ARM_GCC_541\Debug\probe_rs232c.o
                0x00004e08                ProbeRS232_Tx1
 .text.ProbeRS232_TxIntDis
                0x00004e28        0xc .\ARM_GCC_541\Debug\probe_rs232c.o
                0x00004e28                ProbeRS232_TxIntDis
 .text.ProbeRS232_TxIntEn
                0x00004e34        0xc .\ARM_GCC_541\Debug\probe_rs232c.o
                0x00004e34                ProbeRS232_TxIntEn
 .text.ProbeRS232_OS_Init
                0x00004e40       0x78 .\ARM_GCC_541\Debug\probe_rs232_os.o
                0x00004e40                ProbeRS232_OS_Init
 .text.ProbeRS232_OS_Pend
                0x00004eb8       0x24 .\ARM_GCC_541\Debug\probe_rs232_os.o
                0x00004eb8                ProbeRS232_OS_Pend
 .text.ProbeRS232_OS_Post
                0x00004edc       0x20 .\ARM_GCC_541\Debug\probe_rs232_os.o
                0x00004edc                ProbeRS232_OS_Post
 .text.ProbeRS232_OS_Task
                0x00004efc       0x14 .\ARM_GCC_541\Debug\probe_rs232_os.o
 .text.ProbeRS232_Init
                0x00004f10       0x70 .\ARM_GCC_541\Debug\probe_rs232.o
                0x00004f10                ProbeRS232_Init
 .text.ProbeRS232_Task
                0x00004f80       0x28 .\ARM_GCC_541\Debug\probe_rs232.o
                0x00004f80                ProbeRS232_Task
 .text.ProbeRS232_RxHandler
                0x00004fa8      0x168 .\ARM_GCC_541\Debug\probe_rs232.o
                0x00004fa8                ProbeRS232_RxHandler
 .text.ProbeRS232_TxHandler
                0x00005110      0x19c .\ARM_GCC_541\Debug\probe_rs232.o
                0x00005110                ProbeRS232_TxHandler
 .text.ProbeRS232_ParseRxPkt
                0x000052ac       0x44 .\ARM_GCC_541\Debug\probe_rs232.o
 .text.ProbeRS232_RxPkt
                0x000052f0        0xc .\ARM_GCC_541\Debug\probe_rs232.o
 .text.ProbeRS232_RxStoINT8U
                0x000052fc       0x38 .\ARM_GCC_541\Debug\probe_rs232.o
 .text.ProbeRS232_RxBufClr
                0x00005334       0x18 .\ARM_GCC_541\Debug\probe_rs232.o
 .text.ProbeRS232_TxStart
                0x0000534c       0x1c .\ARM_GCC_541\Debug\probe_rs232.o
 .text.ProbeCom_Init
                0x00005368       0x64 .\ARM_GCC_541\Debug\probe_com.o
                0x00005368                ProbeCom_Init
 .text.ProbeCom_ParseRxPkt
                0x000053cc       0xf0 .\ARM_GCC_541\Debug\probe_com.o
                0x000053cc                ProbeCom_ParseRxPkt
 .text.ProbeCom_PktModifier
                0x000054bc       0x18 .\ARM_GCC_541\Debug\probe_com.o
 .text.ProbeCom_ReqErr
                0x000054d4       0x54 .\ARM_GCC_541\Debug\probe_com.o
 .text.ProbeCom_ReqQuery
                0x00005528      0x1c4 .\ARM_GCC_541\Debug\probe_com.o
 .text.ProbeCom_ReqRd
                0x000056ec       0xc0 .\ARM_GCC_541\Debug\probe_com.o
 .text.ProbeCom_ReqRdMulti
                0x000057ac      0x118 .\ARM_GCC_541\Debug\probe_com.o
 .text.ProbeCom_ReqWr
                0x000058c4       0xd0 .\ARM_GCC_541\Debug\probe_com.o
 .text.ProbeCom_ReqWrMulti
                0x00005994      0x128 .\ARM_GCC_541\Debug\probe_com.o
 .text.ProbeCom_GetINT08U
                0x00005abc       0x20 .\ARM_GCC_541\Debug\probe_com.o
 .text.ProbeCom_GetINT16U
                0x00005adc       0x30 .\ARM_GCC_541\Debug\probe_com.o
 .text.ProbeCom_GetINT32U
                0x00005b0c       0x2c .\ARM_GCC_541\Debug\probe_com.o
 .text.ProbeCom_StoINT08U
                0x00005b38       0x24 .\ARM_GCC_541\Debug\probe_com.o
 .text.ProbeCom_StoINT16U
                0x00005b5c       0x30 .\ARM_GCC_541\Debug\probe_com.o
 .text.CYMEMZERO
                0x00005b8c       0x1c .\ARM_GCC_541\Debug\cyfitter_cfg.o
 .text.CYCONFIGCPY
                0x00005ba8       0x20 .\ARM_GCC_541\Debug\cyfitter_cfg.o
 .text.CyClockStartupError
                0x00005bc8        0xc .\ARM_GCC_541\Debug\cyfitter_cfg.o
 .text.cfg_write_bytes32
                0x00005bd4       0x74 .\ARM_GCC_541\Debug\cyfitter_cfg.o
 .text.ClockSetup
                0x00005c48      0x114 .\ARM_GCC_541\Debug\cyfitter_cfg.o
 .text.AnalogSetDefault
                0x00005d5c       0xb0 .\ARM_GCC_541\Debug\cyfitter_cfg.o
 .text.cyfitter_cfg
                0x00005e0c      0x190 .\ARM_GCC_541\Debug\cyfitter_cfg.o
                0x00005e0c                cyfitter_cfg
 .text.IntDefaultHandler
                0x00005f9c       0x14 .\ARM_GCC_541\Debug\Cm3Start.o
                0x00005f9c                IntDefaultHandler
 .text.Start_c  0x00005fb0       0x98 .\ARM_GCC_541\Debug\Cm3Start.o
                0x00005fb0                Start_c
 .text.initialize_psoc
                0x00006048       0x94 .\ARM_GCC_541\Debug\Cm3Start.o
                0x00006048                initialize_psoc
 .text          0x000060dc       0x34 .\ARM_GCC_541\Debug\cpu_a.o
                0x000060dc                CPU_IntDis
                0x000060e0                CPU_IntEn
                0x000060e4                CPU_SR_Save
                0x000060ec                CPU_SR_Restore
                0x000060f2                CPU_WaitForInt
                0x000060f6                CPU_WaitForExcept
                0x000060fa                CPU_CntLeadZeros
                0x00006100                CPU_CntTrailZeros
                0x0000610a                CPU_RevBits
 .text.LED_Status_Write
                0x00006110       0x20 .\ARM_GCC_541\Debug\BCC722-RTOS-MOINHO.a(LED_Status.o)
                0x00006110                LED_Status_Write
 .text.LED_Status_Read
                0x00006130       0x18 .\ARM_GCC_541\Debug\BCC722-RTOS-MOINHO.a(LED_Status.o)
                0x00006130                LED_Status_Read
 .text.LCD_Disp_Init
                0x00006148       0x70 .\ARM_GCC_541\Debug\BCC722-RTOS-MOINHO.a(LCD_Disp.o)
                0x00006148                LCD_Disp_Init
 .text.LCD_Disp_Enable
                0x000061b8       0x18 .\ARM_GCC_541\Debug\BCC722-RTOS-MOINHO.a(LCD_Disp.o)
                0x000061b8                LCD_Disp_Enable
 .text.LCD_Disp_Start
                0x000061d0       0x24 .\ARM_GCC_541\Debug\BCC722-RTOS-MOINHO.a(LCD_Disp.o)
                0x000061d0                LCD_Disp_Start
 .text.LCD_Disp_Position
                0x000061f4       0x70 .\ARM_GCC_541\Debug\BCC722-RTOS-MOINHO.a(LCD_Disp.o)
                0x000061f4                LCD_Disp_Position
 .text.LCD_Disp_PrintString
                0x00006264       0x3c .\ARM_GCC_541\Debug\BCC722-RTOS-MOINHO.a(LCD_Disp.o)
                0x00006264                LCD_Disp_PrintString
 .text.LCD_Disp_WriteData
                0x000062a0       0x34 .\ARM_GCC_541\Debug\BCC722-RTOS-MOINHO.a(LCD_Disp.o)
                0x000062a0                LCD_Disp_WriteData
 .text.LCD_Disp_WriteControl
                0x000062d4       0x34 .\ARM_GCC_541\Debug\BCC722-RTOS-MOINHO.a(LCD_Disp.o)
                0x000062d4                LCD_Disp_WriteControl
 .text.LCD_Disp_IsReady
                0x00006308      0x178 .\ARM_GCC_541\Debug\BCC722-RTOS-MOINHO.a(LCD_Disp.o)
                0x00006308                LCD_Disp_IsReady
 .text.LCD_Disp_WrDatNib
                0x00006480       0x78 .\ARM_GCC_541\Debug\BCC722-RTOS-MOINHO.a(LCD_Disp.o)
 .text.LCD_Disp_WrCntrlNib
                0x000064f8       0x64 .\ARM_GCC_541\Debug\BCC722-RTOS-MOINHO.a(LCD_Disp.o)
 .text.CyDmacConfigure
                0x0000655c       0x5c .\ARM_GCC_541\Debug\BCC722-RTOS-MOINHO.a(CyDmac.o)
                0x0000655c                CyDmacConfigure
 .text.CyDelay  0x000065b8       0x44 .\ARM_GCC_541\Debug\BCC722-RTOS-MOINHO.a(CyLib.o)
                0x000065b8                CyDelay
 .text.CyDelayUs
                0x000065fc       0x28 .\ARM_GCC_541\Debug\BCC722-RTOS-MOINHO.a(CyLib.o)
                0x000065fc                CyDelayUs
 .text.ProbeUART_Start
                0x00006624       0x24 .\ARM_GCC_541\Debug\BCC722-RTOS-MOINHO.a(ProbeUART.o)
                0x00006624                ProbeUART_Start
 .text.ProbeUART_Init
                0x00006648       0x40 .\ARM_GCC_541\Debug\BCC722-RTOS-MOINHO.a(ProbeUART.o)
                0x00006648                ProbeUART_Init
 .text.ProbeUART_Enable
                0x00006688       0x60 .\ARM_GCC_541\Debug\BCC722-RTOS-MOINHO.a(ProbeUART.o)
                0x00006688                ProbeUART_Enable
 .text.ProbeUART_ReadRxData
                0x000066e8       0x1c .\ARM_GCC_541\Debug\BCC722-RTOS-MOINHO.a(ProbeUART.o)
                0x000066e8                ProbeUART_ReadRxData
 .text.ProbeUART_ReadRxStatus
                0x00006704       0x24 .\ARM_GCC_541\Debug\BCC722-RTOS-MOINHO.a(ProbeUART.o)
                0x00006704                ProbeUART_ReadRxStatus
 .text.ProbeUART_GetByte
                0x00006728       0x20 .\ARM_GCC_541\Debug\BCC722-RTOS-MOINHO.a(ProbeUART.o)
                0x00006728                ProbeUART_GetByte
 .text.ProbeUART_PutChar
                0x00006748       0x34 .\ARM_GCC_541\Debug\BCC722-RTOS-MOINHO.a(ProbeUART.o)
                0x00006748                ProbeUART_PutChar
 .text.ProbeUART_TxISR_Start
                0x0000677c       0x20 .\ARM_GCC_541\Debug\BCC722-RTOS-MOINHO.a(ProbeUART_TxISR.o)
                0x0000677c                ProbeUART_TxISR_Start
 .text.ProbeUART_TxISR_Interrupt
                0x0000679c        0xc .\ARM_GCC_541\Debug\BCC722-RTOS-MOINHO.a(ProbeUART_TxISR.o)
                0x0000679c                ProbeUART_TxISR_Interrupt
 .text.ProbeUART_TxISR_SetVector
                0x000067a8       0x24 .\ARM_GCC_541\Debug\BCC722-RTOS-MOINHO.a(ProbeUART_TxISR.o)
                0x000067a8                ProbeUART_TxISR_SetVector
 .text.ProbeUART_TxISR_SetPriority
                0x000067cc       0x24 .\ARM_GCC_541\Debug\BCC722-RTOS-MOINHO.a(ProbeUART_TxISR.o)
                0x000067cc                ProbeUART_TxISR_SetPriority
 .text.ProbeUART_TxISR_Enable
                0x000067f0       0x18 .\ARM_GCC_541\Debug\BCC722-RTOS-MOINHO.a(ProbeUART_TxISR.o)
                0x000067f0                ProbeUART_TxISR_Enable
 .text.ProbeUART_TxISR_Disable
                0x00006808       0x18 .\ARM_GCC_541\Debug\BCC722-RTOS-MOINHO.a(ProbeUART_TxISR.o)
                0x00006808                ProbeUART_TxISR_Disable
 .text.ProbeUART_TxISR_ClearPending
                0x00006820       0x18 .\ARM_GCC_541\Debug\BCC722-RTOS-MOINHO.a(ProbeUART_TxISR.o)
                0x00006820                ProbeUART_TxISR_ClearPending
 .text.ProbeUART_RxISR_Start
                0x00006838       0x20 .\ARM_GCC_541\Debug\BCC722-RTOS-MOINHO.a(ProbeUART_RxISR.o)
                0x00006838                ProbeUART_RxISR_Start
 .text.ProbeUART_RxISR_Interrupt
                0x00006858        0xc .\ARM_GCC_541\Debug\BCC722-RTOS-MOINHO.a(ProbeUART_RxISR.o)
                0x00006858                ProbeUART_RxISR_Interrupt
 .text.ProbeUART_RxISR_SetVector
                0x00006864       0x24 .\ARM_GCC_541\Debug\BCC722-RTOS-MOINHO.a(ProbeUART_RxISR.o)
                0x00006864                ProbeUART_RxISR_SetVector
 .text.ProbeUART_RxISR_SetPriority
                0x00006888       0x24 .\ARM_GCC_541\Debug\BCC722-RTOS-MOINHO.a(ProbeUART_RxISR.o)
                0x00006888                ProbeUART_RxISR_SetPriority
 .text.ProbeUART_RxISR_Enable
                0x000068ac       0x18 .\ARM_GCC_541\Debug\BCC722-RTOS-MOINHO.a(ProbeUART_RxISR.o)
                0x000068ac                ProbeUART_RxISR_Enable
 .text.ProbeUART_RxISR_Disable
                0x000068c4       0x18 .\ARM_GCC_541\Debug\BCC722-RTOS-MOINHO.a(ProbeUART_RxISR.o)
                0x000068c4                ProbeUART_RxISR_Disable
 .text.ProbeUART_RxISR_ClearPending
                0x000068dc       0x18 .\ARM_GCC_541\Debug\BCC722-RTOS-MOINHO.a(ProbeUART_RxISR.o)
                0x000068dc                ProbeUART_RxISR_ClearPending
 .text.PB_2_Read
                0x000068f4       0x20 .\ARM_GCC_541\Debug\BCC722-RTOS-MOINHO.a(PB_2.o)
                0x000068f4                PB_2_Read
 .text.PB_3_Read
                0x00006914       0x20 .\ARM_GCC_541\Debug\BCC722-RTOS-MOINHO.a(PB_3.o)
                0x00006914                PB_3_Read
 .text.ProbeUART_IntClock_Start
                0x00006934       0x34 .\ARM_GCC_541\Debug\BCC722-RTOS-MOINHO.a(ProbeUART_IntClock.o)
                0x00006934                ProbeUART_IntClock_Start
 .text.Pin_SV01_VE_Write
                0x00006968       0x3c .\ARM_GCC_541\Debug\BCC722-RTOS-MOINHO.a(Pin_SV01_VE.o)
                0x00006968                Pin_SV01_VE_Write
 .text.Pin_SP01_VE_Write
                0x000069a4       0x3c .\ARM_GCC_541\Debug\BCC722-RTOS-MOINHO.a(Pin_SP01_VE.o)
                0x000069a4                Pin_SP01_VE_Write
 .text.Pin_SV01_AM_Write
                0x000069e0       0x38 .\ARM_GCC_541\Debug\BCC722-RTOS-MOINHO.a(Pin_SV01_AM.o)
                0x000069e0                Pin_SV01_AM_Write
 .text.Pin_SV01_VM_Write
                0x00006a18       0x3c .\ARM_GCC_541\Debug\BCC722-RTOS-MOINHO.a(Pin_SV01_VM.o)
                0x00006a18                Pin_SV01_VM_Write
 .text.Pin_SP01_VM_Write
                0x00006a54       0x34 .\ARM_GCC_541\Debug\BCC722-RTOS-MOINHO.a(Pin_SP01_VM.o)
                0x00006a54                Pin_SP01_VM_Write
 .text.Pin_SV02_VE_Write
                0x00006a88       0x3c .\ARM_GCC_541\Debug\BCC722-RTOS-MOINHO.a(Pin_SV02_VE.o)
                0x00006a88                Pin_SV02_VE_Write
 .text.Pin_SP02_VE_Write
                0x00006ac4       0x3c .\ARM_GCC_541\Debug\BCC722-RTOS-MOINHO.a(Pin_SP02_VE.o)
                0x00006ac4                Pin_SP02_VE_Write
 .text.Pin_SV02_AM_Write
                0x00006b00       0x3c .\ARM_GCC_541\Debug\BCC722-RTOS-MOINHO.a(Pin_SV02_AM.o)
                0x00006b00                Pin_SV02_AM_Write
 .text.Pin_SV02_VM_Write
                0x00006b3c       0x3c .\ARM_GCC_541\Debug\BCC722-RTOS-MOINHO.a(Pin_SV02_VM.o)
                0x00006b3c                Pin_SV02_VM_Write
 .text.Pin_SP02_VM_Write
                0x00006b78       0x34 .\ARM_GCC_541\Debug\BCC722-RTOS-MOINHO.a(Pin_SP02_VM.o)
                0x00006b78                Pin_SP02_VM_Write
 *fill*         0x00006bac        0x4 
 .text          0x00006bb0       0x20 .\ARM_GCC_541\Debug\BCC722-RTOS-MOINHO.a(CyBootAsmGnu.o)
                0x00006bb0                CyDelayCycles
                0x00006bc0                CyEnterCriticalSection
                0x00006bc8                CyExitCriticalSection
 .text          0x00006bd0       0x98 ..\..\..\..\..\..\uCOS-III\Lib\ARM-Cortex-M3\PSoC_GNU/uCOS-III-ARM-Cortex-M3.a(os_cpu_a.o)
                0x00006bd0                OSStartHighRdy
                0x00006bee                OSCtxSw
                0x00006bf6                OSIntCtxSw
                0x00006bfe                OS_CPU_PendSVHandler
 .text.OSIdleTaskHook
                0x00006c68       0x1c ..\..\..\..\..\..\uCOS-III\Lib\ARM-Cortex-M3\PSoC_GNU/uCOS-III-ARM-Cortex-M3.a(os_cpu_c.o)
                0x00006c68                OSIdleTaskHook
 .text.OSInitHook
                0x00006c84       0x64 ..\..\..\..\..\..\uCOS-III\Lib\ARM-Cortex-M3\PSoC_GNU/uCOS-III-ARM-Cortex-M3.a(os_cpu_c.o)
                0x00006c84                OSInitHook
 .text.OSStatTaskHook
                0x00006ce8       0x1c ..\..\..\..\..\..\uCOS-III\Lib\ARM-Cortex-M3\PSoC_GNU/uCOS-III-ARM-Cortex-M3.a(os_cpu_c.o)
                0x00006ce8                OSStatTaskHook
 .text.OSTaskCreateHook
                0x00006d04       0x24 ..\..\..\..\..\..\uCOS-III\Lib\ARM-Cortex-M3\PSoC_GNU/uCOS-III-ARM-Cortex-M3.a(os_cpu_c.o)
                0x00006d04                OSTaskCreateHook
 .text.OSTaskDelHook
                0x00006d28       0x24 ..\..\..\..\..\..\uCOS-III\Lib\ARM-Cortex-M3\PSoC_GNU/uCOS-III-ARM-Cortex-M3.a(os_cpu_c.o)
                0x00006d28                OSTaskDelHook
 .text.OSTaskReturnHook
                0x00006d4c       0x24 ..\..\..\..\..\..\uCOS-III\Lib\ARM-Cortex-M3\PSoC_GNU/uCOS-III-ARM-Cortex-M3.a(os_cpu_c.o)
                0x00006d4c                OSTaskReturnHook
 .text.OSTaskStkInit
                0x00006d70      0x130 ..\..\..\..\..\..\uCOS-III\Lib\ARM-Cortex-M3\PSoC_GNU/uCOS-III-ARM-Cortex-M3.a(os_cpu_c.o)
                0x00006d70                OSTaskStkInit
 .text.OSTaskSwHook
                0x00006ea0       0x80 ..\..\..\..\..\..\uCOS-III\Lib\ARM-Cortex-M3\PSoC_GNU/uCOS-III-ARM-Cortex-M3.a(os_cpu_c.o)
                0x00006ea0                OSTaskSwHook
 .text.OSTimeTickHook
                0x00006f20       0x1c ..\..\..\..\..\..\uCOS-III\Lib\ARM-Cortex-M3\PSoC_GNU/uCOS-III-ARM-Cortex-M3.a(os_cpu_c.o)
                0x00006f20                OSTimeTickHook
 .text.OS_CPU_SysTickHandler
                0x00006f3c       0x3c ..\..\..\..\..\..\uCOS-III\Lib\ARM-Cortex-M3\PSoC_GNU/uCOS-III-ARM-Cortex-M3.a(os_cpu_c.o)
                0x00006f3c                OS_CPU_SysTickHandler
 .text.OS_CPU_SysTickInit
                0x00006f78       0x54 ..\..\..\..\..\..\uCOS-III\Lib\ARM-Cortex-M3\PSoC_GNU/uCOS-III-ARM-Cortex-M3.a(os_cpu_c.o)
                0x00006f78                OS_CPU_SysTickInit
 .text.__errno  0x00006fcc        0xc c:/program files (x86)/cypress/psoc creator/4.4/psoc creator/import/gnu/arm/5.4.1/bin/../lib/gcc/arm-none-eabi/5.4.1/../../../../arm-none-eabi/lib/armv7-m\libg_nano.a(lib_a-errno.o)
                0x00006fcc                __errno
 .text.__libc_init_array
                0x00006fd8       0x4c c:/program files (x86)/cypress/psoc creator/4.4/psoc creator/import/gnu/arm/5.4.1/bin/../lib/gcc/arm-none-eabi/5.4.1/../../../../arm-none-eabi/lib/armv7-m\libg_nano.a(lib_a-init.o)
                0x00006fd8                __libc_init_array
 .text.memcpy   0x00007024       0x16 c:/program files (x86)/cypress/psoc creator/4.4/psoc creator/import/gnu/arm/5.4.1/bin/../lib/gcc/arm-none-eabi/5.4.1/../../../../arm-none-eabi/lib/armv7-m\libg_nano.a(lib_a-memcpy-stub.o)
                0x00007024                memcpy
 .text.memset   0x0000703a       0x10 c:/program files (x86)/cypress/psoc creator/4.4/psoc creator/import/gnu/arm/5.4.1/bin/../lib/gcc/arm-none-eabi/5.4.1/../../../../arm-none-eabi/lib/armv7-m\libg_nano.a(lib_a-memset.o)
                0x0000703a                memset
 *(.plt)
 *(.gnu.warning)
 *(.glue_7t)
 .glue_7t       0x0000704a        0x0 linker stubs
 *(.glue_7)
 .glue_7        0x0000704a        0x0 linker stubs
 *(.vfp11_veneer)
 .vfp11_veneer  0x0000704a        0x0 linker stubs
 *(.bootloader)
 *(.ARM.extab* .gnu.linkonce.armextab.*)
 *(.gcc_except_table)

.v4_bx          0x0000704c        0x0
 .v4_bx         0x0000704c        0x0 linker stubs

.iplt           0x0000704c        0x0
 .iplt          0x0000704c        0x0 c:/program files (x86)/cypress/psoc creator/4.4/psoc creator/import/gnu/arm/5.4.1/bin/../lib/gcc/arm-none-eabi/5.4.1/armv7-m/crtbegin.o

.eh_frame_hdr
 *(.eh_frame_hdr)

.eh_frame       0x0000704c        0x4
 *(.eh_frame)
 .eh_frame      0x0000704c        0x0 c:/program files (x86)/cypress/psoc creator/4.4/psoc creator/import/gnu/arm/5.4.1/bin/../lib/gcc/arm-none-eabi/5.4.1/armv7-m/crtbegin.o
 .eh_frame      0x0000704c        0x4 c:/program files (x86)/cypress/psoc creator/4.4/psoc creator/import/gnu/arm/5.4.1/bin/../lib/gcc/arm-none-eabi/5.4.1/armv7-m/crtend.o
                [!provide]                PROVIDE (__exidx_start, .)

.ARM.exidx
 *(.ARM.exidx* .gnu.linkonce.armexidx.*)
                0x00007050                __exidx_end = .

.rodata         0x00007050      0x460
 *(.rodata .rodata.* .gnu.linkonce.r.*)
 .rodata        0x00007050      0x145 .\ARM_GCC_541\Debug\app.o
 *fill*         0x00007195        0x3 
 .rodata        0x00007198      0x16c .\ARM_GCC_541\Debug\os_dbg.o
                0x00007198                OSDbg_DbgEn
                0x00007199                OSDbg_ArgChkEn
                0x0000719a                OSDbg_AppHooksEn
                0x0000719c                OSDbg_EndiannessTest
                0x000071a0                OSDbg_CalledFromISRChkEn
                0x000071a1                OSDbg_FlagEn
                0x000071a4                OSDbg_FlagGrp
                0x000071cc                OSDbg_FlagDelEn
                0x000071cd                OSDbg_FlagModeClrEn
                0x000071ce                OSDbg_FlagPendAbortEn
                0x000071d0                OSDbg_FlagGrpSize
                0x000071d2                OSDbg_FlagWidth
                0x000071d4                OSDbg_IntQ
                0x000071d6                OSDbg_ISRPostDeferredEn
                0x000071d8                OSDbg_Mem
                0x000071f8                OSDbg_MemEn
                0x000071fa                OSDbg_MemSize
                0x000071fc                OSDbg_MsgEn
                0x000071fe                OSDbg_MsgSize
                0x00007200                OSDbg_MsgPoolSize
                0x00007202                OSDbg_MsgQSize
                0x00007204                OSDbg_Mutex
                0x00007230                OSDbg_MutexEn
                0x00007231                OSDbg_MutexDelEn
                0x00007232                OSDbg_MutexPendAbortEn
                0x00007234                OSDbg_MutexSize
                0x00007236                OSDbg_ObjTypeChkEn
                0x00007237                OSDbg_PendMultiEn
                0x00007238                OSDbg_PendDataSize
                0x0000723a                OSDbg_PendListSize
                0x0000723c                OSDbg_PendObjSize
                0x0000723e                OSDbg_PrioMax
                0x00007240                OSDbg_PrioTblSize
                0x00007242                OSDbg_PtrSize
                0x00007244                OSDbg_Q
                0x00007274                OSDbg_QEn
                0x00007275                OSDbg_QDelEn
                0x00007276                OSDbg_QFlushEn
                0x00007277                OSDbg_QPendAbortEn
                0x00007278                OSDbg_QSize
                0x0000727a                OSDbg_SchedRoundRobinEn
                0x0000727c                OSDbg_Sem
                0x000072a4                OSDbg_SemEn
                0x000072a5                OSDbg_SemDelEn
                0x000072a6                OSDbg_SemPendAbortEn
                0x000072a7                OSDbg_SemSetEn
                0x000072a8                OSDbg_SemSize
                0x000072aa                OSDbg_RdyList
                0x000072ac                OSDbg_RdyListSize
                0x000072b0                OSDbg_StkWidth
                0x000072b1                OSDbg_StatTaskEn
                0x000072b2                OSDbg_StatTaskStkChkEn
                0x000072b3                OSDbg_TaskChangePrioEn
                0x000072b4                OSDbg_TaskDelEn
                0x000072b5                OSDbg_TaskQEn
                0x000072b6                OSDbg_TaskQPendAbortEn
                0x000072b7                OSDbg_TaskProfileEn
                0x000072b8                OSDbg_TaskRegTblSize
                0x000072ba                OSDbg_TaskSemPendAbortEn
                0x000072bb                OSDbg_TaskSuspendEn
                0x000072bc                OSDbg_TCBSize
                0x000072be                OSDbg_TickSpokeSize
                0x000072c0                OSDbg_TimeDlyHMSMEn
                0x000072c1                OSDbg_TimeDlyResumeEn
                0x000072c2                OSDbg_TLS_TblSize
                0x000072c4                OSDbg_Tmr
                0x000072f8                OSDbg_TmrEn
                0x000072f9                OSDbg_TmrDelEn
                0x000072fa                OSDbg_TmrSize
                0x000072fc                OSDbg_TmrSpokeSize
                0x000072fe                OSDbg_VersionNbr
                0x00007300                OSDbg_DataSize
 .rodata        0x00007304       0x2a .\ARM_GCC_541\Debug\os_core.o
 *fill*         0x0000732e        0x2 
 .rodata        0x00007330        0xa .\ARM_GCC_541\Debug\os_sem.o
 *fill*         0x0000733a        0x2 
 .rodata        0x0000733c       0x14 .\ARM_GCC_541\Debug\os_stat.o
 .rodata        0x00007350        0xa .\ARM_GCC_541\Debug\os_task.o
 *fill*         0x0000735a        0x2 
 .rodata        0x0000735c       0x14 .\ARM_GCC_541\Debug\os_tick.o
 .rodata        0x00007370       0x1d .\ARM_GCC_541\Debug\os_tmr.o
 *fill*         0x0000738d        0x3 
 .rodata        0x00007390       0xa4 .\ARM_GCC_541\Debug\os_cfg_app.o
                0x00007390                OSCfg_IdleTaskStkBasePtr
                0x00007394                OSCfg_IdleTaskStkLimit
                0x00007398                OSCfg_IdleTaskStkSize
                0x0000739c                OSCfg_IdleTaskStkSizeRAM
                0x000073a0                OSCfg_IntQBasePtr
                0x000073a4                OSCfg_IntQSize
                0x000073a8                OSCfg_IntQSizeRAM
                0x000073ac                OSCfg_IntQTaskStkBasePtr
                0x000073b0                OSCfg_IntQTaskStkLimit
                0x000073b4                OSCfg_IntQTaskStkSize
                0x000073b8                OSCfg_IntQTaskStkSizeRAM
                0x000073bc                OSCfg_ISRStkBasePtr
                0x000073c0                OSCfg_ISRStkSize
                0x000073c4                OSCfg_ISRStkSizeRAM
                0x000073c8                OSCfg_MsgPoolSize
                0x000073cc                OSCfg_MsgPoolSizeRAM
                0x000073d0                OSCfg_MsgPoolBasePtr
                0x000073d4                OSCfg_StatTaskPrio
                0x000073d8                OSCfg_StatTaskRate_Hz
                0x000073dc                OSCfg_StatTaskStkBasePtr
                0x000073e0                OSCfg_StatTaskStkLimit
                0x000073e4                OSCfg_StatTaskStkSize
                0x000073e8                OSCfg_StatTaskStkSizeRAM
                0x000073ec                OSCfg_StkSizeMin
                0x000073f0                OSCfg_TickRate_Hz
                0x000073f4                OSCfg_TickTaskPrio
                0x000073f8                OSCfg_TickTaskStkBasePtr
                0x000073fc                OSCfg_TickTaskStkLimit
                0x00007400                OSCfg_TickTaskStkSize
                0x00007404                OSCfg_TickTaskStkSizeRAM
                0x00007408                OSCfg_TickWheelSize
                0x0000740c                OSCfg_TickWheelSizeRAM
                0x00007410                OSCfg_TmrTaskPrio
                0x00007414                OSCfg_TmrTaskRate_Hz
                0x00007418                OSCfg_TmrTaskStkBasePtr
                0x0000741c                OSCfg_TmrTaskStkLimit
                0x00007420                OSCfg_TmrTaskStkSize
                0x00007424                OSCfg_TmrTaskStkSizeRAM
                0x00007428                OSCfg_TmrWheelSize
                0x0000742c                OSCfg_TmrWheelSizeRAM
                0x00007430                OSCfg_DataSizeRAM
 .rodata        0x00007434       0x1c .\ARM_GCC_541\Debug\probe_rs232_os.o
 .rodata        0x00007450       0x2a .\ARM_GCC_541\Debug\cyfitter_cfg.o
 .rodata.str1.1
                0x0000747a        0x2 c:/program files (x86)/cypress/psoc creator/4.4/psoc creator/import/gnu/arm/5.4.1/bin/../lib/gcc/arm-none-eabi/5.4.1/../../../../arm-none-eabi/lib/armv7-m\libg_nano.a(lib_a-impure.o)
                0x0000747c                . = ALIGN (0x4)
 *(.init)
 .init          0x0000747c        0x4 c:/program files (x86)/cypress/psoc creator/4.4/psoc creator/import/gnu/arm/5.4.1/bin/../lib/gcc/arm-none-eabi/5.4.1/armv7-m/crti.o
                0x0000747c                _init
 .init          0x00007480        0x8 c:/program files (x86)/cypress/psoc creator/4.4/psoc creator/import/gnu/arm/5.4.1/bin/../lib/gcc/arm-none-eabi/5.4.1/armv7-m/crtn.o
                0x00007488                . = ALIGN (0x4)
                0x00007488                __preinit_array_start = .
 *(.preinit_array)
                0x00007488                __preinit_array_end = .
                0x00007488                . = ALIGN (0x4)
                0x00007488                __init_array_start = .
 *(SORT(.init_array.*))
 *(.init_array)
 .init_array    0x00007488        0x4 c:/program files (x86)/cypress/psoc creator/4.4/psoc creator/import/gnu/arm/5.4.1/bin/../lib/gcc/arm-none-eabi/5.4.1/armv7-m/crtbegin.o
 .init_array    0x0000748c        0x4 .\ARM_GCC_541\Debug\Cm3Start.o
                0x00007490                __init_array_end = .
                0x00007490                . = ALIGN (0x4)
 *(.fini)
 .fini          0x00007490        0x4 c:/program files (x86)/cypress/psoc creator/4.4/psoc creator/import/gnu/arm/5.4.1/bin/../lib/gcc/arm-none-eabi/5.4.1/armv7-m/crti.o
                0x00007490                _fini
 .fini          0x00007494        0x8 c:/program files (x86)/cypress/psoc creator/4.4/psoc creator/import/gnu/arm/5.4.1/bin/../lib/gcc/arm-none-eabi/5.4.1/armv7-m/crtn.o
                0x0000749c                . = ALIGN (0x4)
                0x0000749c                __fini_array_start = .
 *(.fini_array)
 .fini_array    0x0000749c        0x4 c:/program files (x86)/cypress/psoc creator/4.4/psoc creator/import/gnu/arm/5.4.1/bin/../lib/gcc/arm-none-eabi/5.4.1/armv7-m/crtbegin.o
 *(SORT(.fini_array.*))
                0x000074a0                __fini_array_end = .
                0x000074a0                . = ALIGN (0x4)
 *crtbegin.o(.ctors)
 *(EXCLUDE_FILE(*crtend.o) .ctors)
 *(SORT(.ctors.*))
 *crtend.o(.ctors)
                0x000074a0                . = ALIGN (0x4)
 *crtbegin.o(.dtors)
 *(EXCLUDE_FILE(*crtend.o) .dtors)
 *(SORT(.dtors.*))
 *crtend.o(.dtors)
                0x000074a0                . = ALIGN (0x4)
                0x000074a0                __cy_regions = .
                0x000074a0        0x4 LONG 0x74b0 __cy_region_init_ram
                0x000074a4        0x4 LONG 0x1fff80c8 __cy_region_start_data
                0x000074a8        0x4 LONG 0x88 __cy_region_init_size_ram
                0x000074ac        0x4 LONG 0x4028 __cy_region_zero_size_ram
                0x000074b0                __cy_regions_end = .
                0x000074b0                . = ALIGN (0x8)
                0x000074b0                _etext = .

.cy_checksum_exclude
                0x000074b0        0x0
 *(.cy_checksum_exclude)

.ramvectors     0x1fff8000       0xc0
                0x1fff8000                __cy_region_start_ram = .
 *(.ramvectors)
 .ramvectors    0x1fff8000       0xc0 .\ARM_GCC_541\Debug\Cm3Start.o
                0x1fff8000                CyRamVectors

.noinit         0x1fff80c0        0x5
 *(.noinit)
 .noinit        0x1fff80c0        0x4 .\ARM_GCC_541\Debug\Cm3Start.o
 .noinit        0x1fff80c4        0x1 .\ARM_GCC_541\Debug\BCC722-RTOS-MOINHO.a(CyLib.o)
                0x1fff80c4                CyResetStatus

.data           0x1fff80c8       0x88 load address 0x000074b0
                0x1fff80c8                __cy_region_start_data = .
 *(.jcr)
 .jcr           0x1fff80c8        0x0 c:/program files (x86)/cypress/psoc creator/4.4/psoc creator/import/gnu/arm/5.4.1/bin/../lib/gcc/arm-none-eabi/5.4.1/armv7-m/crtbegin.o
 .jcr           0x1fff80c8        0x4 c:/program files (x86)/cypress/psoc creator/4.4/psoc creator/import/gnu/arm/5.4.1/bin/../lib/gcc/arm-none-eabi/5.4.1/armv7-m/crtend.o
 *(.got.plt)
 *(.got)
 *(.shdata)
 *(.data .data.* .gnu.linkonce.d.*)
 .data          0x1fff80cc        0x4 .\ARM_GCC_541\Debug\app.o
                0x1fff80cc                t_qtde3
                0x1fff80ce                t_qtde4
 .data          0x1fff80d0        0x8 .\ARM_GCC_541\Debug\BCC722-RTOS-MOINHO.a(CyDmac.o)
 .data          0x1fff80d8       0x10 .\ARM_GCC_541\Debug\BCC722-RTOS-MOINHO.a(CyLib.o)
                0x1fff80d8                cydelay_freq_hz
                0x1fff80dc                cydelay_freq_khz
                0x1fff80e0                cydelay_freq_mhz
                0x1fff80e4                cydelay_32k_ms
 .data.impure_data
                0x1fff80e8       0x60 c:/program files (x86)/cypress/psoc creator/4.4/psoc creator/import/gnu/arm/5.4.1/bin/../lib/gcc/arm-none-eabi/5.4.1/../../../../arm-none-eabi/lib/armv7-m\libg_nano.a(lib_a-impure.o)
 .data._impure_ptr
                0x1fff8148        0x4 c:/program files (x86)/cypress/psoc creator/4.4/psoc creator/import/gnu/arm/5.4.1/bin/../lib/gcc/arm-none-eabi/5.4.1/../../../../arm-none-eabi/lib/armv7-m\libg_nano.a(lib_a-impure.o)
                0x1fff8148                _impure_ptr
                0x1fff8150                . = ALIGN (0x8)
 *fill*         0x1fff814c        0x4 
 *(.ram)
                0x1fff8150                _edata = .

.igot.plt       0x1fff8150        0x0 load address 0x00007538
 .igot.plt      0x1fff8150        0x0 c:/program files (x86)/cypress/psoc creator/4.4/psoc creator/import/gnu/arm/5.4.1/bin/../lib/gcc/arm-none-eabi/5.4.1/armv7-m/crtbegin.o

.bss            0x1fff8150     0x4028 load address 0x00007538
                0x1fff8150                PROVIDE (__bss_start__, .)
 *(.shbss)
 *(.bss .bss.* .gnu.linkonce.b.*)
 .bss           0x1fff8150       0x1c c:/program files (x86)/cypress/psoc creator/4.4/psoc creator/import/gnu/arm/5.4.1/bin/../lib/gcc/arm-none-eabi/5.4.1/armv7-m/crtbegin.o
 .bss           0x1fff816c     0x2346 .\ARM_GCC_541\Debug\app.o
                0x1fffa4ac                bp01Msg
                0x1fffa4ad                bp02Msg
                0x1fffa4ae                t_qtde1
                0x1fffa4b0                t_qtde2
 *fill*         0x1fffa4b2        0x2 
 .bss           0x1fffa4b4      0x2e8 .\ARM_GCC_541\Debug\probe_rs232_os.o
 .bss           0x1fffa79c      0x424 .\ARM_GCC_541\Debug\probe_rs232.o
 .bss           0x1fffabc0        0x4 .\ARM_GCC_541\Debug\probe_com.o
 .bss           0x1fffabc4        0x2 .\ARM_GCC_541\Debug\BCC722-RTOS-MOINHO.a(LCD_Disp.o)
                0x1fffabc4                LCD_Disp_enableState
                0x1fffabc5                LCD_Disp_initVar
 .bss           0x1fffabc6        0x2 .\ARM_GCC_541\Debug\BCC722-RTOS-MOINHO.a(ProbeUART.o)
                0x1fffabc6                ProbeUART_initVar
 *(COMMON)
 COMMON         0x1fffabc8        0x1 .\ARM_GCC_541\Debug\bsp.o
                0x1fffabc8                LED_REG_VAL
 *fill*         0x1fffabc9        0x3 
 COMMON         0x1fffabcc       0x14 .\ARM_GCC_541\Debug\cpu_core.o
                0x1fffabcc                CPU_TS_TmrFreq_Hz
                0x1fffabd0                CPU_Name
 COMMON         0x1fffabe0        0x4 .\ARM_GCC_541\Debug\os_prio.o
                0x1fffabe0                OSPrioTbl
 COMMON         0x1fffabe4      0x418 .\ARM_GCC_541\Debug\os_var.o
                0x1fffabe4                OSSchedLockNestingCtr
                0x1fffabe8                OS_AppTaskReturnHookPtr
                0x1fffabec                OSStatTaskTimeMax
                0x1fffabf0                OSStatTaskCtr
                0x1fffabf4                OSTaskRegNextAvailID
                0x1fffabf5                OSRunning
                0x1fffabf8                OSRdyList
                0x1fffac58                OSPrioHighRdy
                0x1fffac59                OSStatTaskRdy
                0x1fffac5c                OSSemDbgListPtr
                0x1fffac60                OS_AppTaskCreateHookPtr
                0x1fffac64                OSPrioCur
                0x1fffac68                OSTickTaskTCB
                0x1fffad28                OSTmrTickCtr
                0x1fffad2c                OSTCBCurPtr
                0x1fffad30                OSQQty
                0x1fffad32                OSStatTaskCPUUsageMax
                0x1fffad34                OSPrioSaved
                0x1fffad38                OSTCBHighRdyPtr
                0x1fffad3c                OSTaskDbgListPtr
                0x1fffad40                OSTmrTaskTimeMax
                0x1fffad44                OS_AppTaskDelHookPtr
                0x1fffad48                OS_AppTimeTickHookPtr
                0x1fffad4c                OSTaskCtxSwCtr
                0x1fffad50                OSStatTaskCPUUsage
                0x1fffad52                OSIntNestingCtr
                0x1fffad54                OSTaskQty
                0x1fffad58                OSTmrTaskTCB
                0x1fffae18                OSMsgPool
                0x1fffae24                OSIdleTaskTCB
                0x1fffaee4                OSQDbgListPtr
                0x1fffaee8                OSSemQty
                0x1fffaeec                OSMemDbgListPtr
                0x1fffaef0                OSSchedRoundRobinDfltTimeQuanta
                0x1fffaef4                OS_AppIdleTaskHookPtr
                0x1fffaef8                OSStatTaskCtrMax
                0x1fffaefc                OSTickCtr
                0x1fffaf00                OS_AppTaskSwHookPtr
                0x1fffaf04                OSTmrQty
                0x1fffaf08                OSIdleTaskCtr
                0x1fffaf0c                OSStatTaskCtrRun
                0x1fffaf10                OS_AppStatTaskHookPtr
                0x1fffaf14                OSFlagQty
                0x1fffaf18                OSFlagDbgListPtr
                0x1fffaf1c                OSStatResetFlag
                0x1fffaf1e                OSMemQty
                0x1fffaf20                OSMutexQty
                0x1fffaf24                OSStatTaskTCB
                0x1fffafe4                OSTmrDbgListPtr
                0x1fffafe8                OSTickTaskTimeMax
                0x1fffafec                OSTmrUpdateCnt
                0x1fffaff0                OSSchedRoundRobinEn
                0x1fffaff4                OSMutexDbgListPtr
                0x1fffaff8                OSTmrUpdateCtr
 COMMON         0x1fffaffc     0x1150 .\ARM_GCC_541\Debug\os_cfg_app.o
                0x1fffaffc                OSCfg_StatTaskStk
                0x1fffb1fc                OSCfg_TickWheel
                0x1fffb284                OSCfg_MsgPool
                0x1fffb8c4                OSCfg_TmrTaskStk
                0x1fffbac4                OSCfg_TmrWheel
                0x1fffbb4c                OSCfg_ISRStk
                0x1fffbd4c                OSCfg_TickTaskStk
                0x1fffbf4c                OSCfg_IdleTaskStk
 COMMON         0x1fffc14c        0x8 .\ARM_GCC_541\Debug\probe_rs232.o
                0x1fffc14c                ProbeRS232_TxCtr
                0x1fffc150                ProbeRS232_RxCtr
 COMMON         0x1fffc154       0x1c .\ARM_GCC_541\Debug\probe_com.o
                0x1fffc154                ProbeCom_RxPktCtr
                0x1fffc158                ProbeCom_TxPktCtr
                0x1fffc15c                ProbeCom_RxSymByteCtr
                0x1fffc160                ProbeCom_RxSymCtr
                0x1fffc164                ProbeCom_ErrPktCtr
                0x1fffc168                ProbeCom_TxSymCtr
                0x1fffc16c                ProbeCom_TxSymByteCtr
 COMMON         0x1fffc170        0x4 ..\..\..\..\..\..\uCOS-III\Lib\ARM-Cortex-M3\PSoC_GNU/uCOS-III-ARM-Cortex-M3.a(os_cpu_c.o)
                0x1fffc170                OS_CPU_ExceptStkBase
                0x1fffc178                . = ALIGN (0x8)
 *fill*         0x1fffc174        0x4 
 *(.ram.b)
                0x1fffc178                _end = .
                0x1fffc178                __end = .
                0x1fffc178                PROVIDE (end, .)
                0x1fffc178                PROVIDE (__bss_end__, .)
                0x000074b0                __cy_region_init_ram = LOADADDR (.data)
                0x00000088                __cy_region_init_size_ram = (_edata - ADDR (.data))
                0x00004028                __cy_region_zero_size_ram = (_end - _edata)

.heap           0x1fffc178       0x80 load address 0x00007538
                0x1fffc178                . = _end
                0x1fffc1f8                . = (. + 0x80)
 *fill*         0x1fffc178       0x80 
                0x1fffc1f8                __cy_heap_limit = .

.stack          0x20007800      0x800
                0x20007800                __cy_stack_limit = .
                0x20008000                . = (. + 0x800)
 *fill*         0x20007800      0x800 
                0x00000001                ASSERT ((__cy_stack_limit >= __cy_heap_limit), region RAM overflowed with stack)
                0x00000000                cy_checksum_exclude_size = (CY_APPL_LOADABLE == 0x1)?SIZEOF (.cy_checksum_exclude):0x0
                0x00000001                ASSERT ((cy_checksum_exclude_size <= CY_CHECKSUM_EXCLUDE_SIZE), CY_BOOT: Section .cy_checksum_exclude size exceedes specified limit.)

.cyloadermeta
 *(.cyloadermeta)

.cyloadablemeta
 *(.cyloadablemeta)

.cyconfigecc    0x80000000      0x87c
 *(.cyconfigecc)
 .cyconfigecc   0x80000000      0x87c .\ARM_GCC_541\Debug\cymetadata.o
                0x80000000                cy_meta_configecc

.cycustnvl      0x90000000        0x4
 *(.cycustnvl)
 .cycustnvl     0x90000000        0x4 .\ARM_GCC_541\Debug\cymetadata.o
                0x90000000                cy_meta_custnvl

.cywolatch      0x90100000        0x4
 *(.cywolatch)
 .cywolatch     0x90100000        0x4 .\ARM_GCC_541\Debug\cymetadata.o
                0x90100000                cy_meta_wonvl

.cyeeprom       0x90200000        0x0
 *(.cyeeprom)
                0x00000001                ASSERT ((. <= ((0x90200000 + ee_offset) + ee_size)), .cyeeprom data will not fit in EEPROM)

.cyflashprotect
                0x90400000      0x100
 *(.cyflashprotect)
 .cyflashprotect
                0x90400000      0x100 .\ARM_GCC_541\Debug\cymetadata.o
                0x90400000                cy_meta_flashprotect

.cymeta         0x90500000        0xc
 *(.cymeta)
 .cymeta        0x90500000        0xc .\ARM_GCC_541\Debug\cymetadata.o
                0x90500000                cy_metadata

.rel.dyn        0x00007538        0x0 load address 0x9050000c
 .rel.iplt      0x00007538        0x0 c:/program files (x86)/cypress/psoc creator/4.4/psoc creator/import/gnu/arm/5.4.1/bin/../lib/gcc/arm-none-eabi/5.4.1/armv7-m/crtbegin.o

.stab
 *(.stab)

.stabstr
 *(.stabstr)

.debug
 *(.debug)

.line
 *(.line)

.debug_srcinfo
 *(.debug_srcinfo)

.debug_sfnames
 *(.debug_sfnames)

.debug_aranges  0x00000000     0x1960
 *(.debug_aranges)
 .debug_aranges
                0x00000000       0x20 .\ARM_GCC_541\Debug\app_probe.o
 .debug_aranges
                0x00000020       0xb0 .\ARM_GCC_541\Debug\app.o
 .debug_aranges
                0x000000d0       0x68 .\ARM_GCC_541\Debug\os_app_hooks.o
 .debug_aranges
                0x00000138       0x38 .\ARM_GCC_541\Debug\bsp_os.o
 .debug_aranges
                0x00000170       0x58 .\ARM_GCC_541\Debug\bsp.o
 .debug_aranges
                0x000001c8       0x30 .\ARM_GCC_541\Debug\cpu_bsp.o
 .debug_aranges
                0x000001f8       0xb0 .\ARM_GCC_541\Debug\cpu_core.o
 .debug_aranges
                0x000002a8       0x98 .\ARM_GCC_541\Debug\lib_ascii.o
 .debug_aranges
                0x00000340       0x38 .\ARM_GCC_541\Debug\lib_math.o
 .debug_aranges
                0x00000378       0x48 .\ARM_GCC_541\Debug\lib_mem.o
 .debug_aranges
                0x000003c0       0xd8 .\ARM_GCC_541\Debug\lib_str.o
 .debug_aranges
                0x00000498       0x20 .\ARM_GCC_541\Debug\os_dbg.o
 .debug_aranges
                0x000004b8      0x140 .\ARM_GCC_541\Debug\os_core.o
 .debug_aranges
                0x000005f8       0x80 .\ARM_GCC_541\Debug\os_flag.o
 .debug_aranges
                0x00000678       0x18 .\ARM_GCC_541\Debug\os_int.o
 .debug_aranges
                0x00000690       0x40 .\ARM_GCC_541\Debug\os_mem.o
 .debug_aranges
                0x000006d0       0x40 .\ARM_GCC_541\Debug\os_msg.o
 .debug_aranges
                0x00000710       0x60 .\ARM_GCC_541\Debug\os_mutex.o
 .debug_aranges
                0x00000770       0x38 .\ARM_GCC_541\Debug\os_pend_multi.o
 .debug_aranges
                0x000007a8       0x38 .\ARM_GCC_541\Debug\os_prio.o
 .debug_aranges
                0x000007e0       0x70 .\ARM_GCC_541\Debug\os_q.o
 .debug_aranges
                0x00000850       0x70 .\ARM_GCC_541\Debug\os_sem.o
 .debug_aranges
                0x000008c0       0x38 .\ARM_GCC_541\Debug\os_stat.o
 .debug_aranges
                0x000008f8       0xf0 .\ARM_GCC_541\Debug\os_task.o
 .debug_aranges
                0x000009e8       0x50 .\ARM_GCC_541\Debug\os_tick.o
 .debug_aranges
                0x00000a38       0x48 .\ARM_GCC_541\Debug\os_time.o
 .debug_aranges
                0x00000a80       0x88 .\ARM_GCC_541\Debug\os_tmr.o
 .debug_aranges
                0x00000b08       0x18 .\ARM_GCC_541\Debug\os_var.o
 .debug_aranges
                0x00000b20       0x20 .\ARM_GCC_541\Debug\os_cfg_app.o
 .debug_aranges
                0x00000b40       0x18 .\ARM_GCC_541\Debug\probe_com_os.o
 .debug_aranges
                0x00000b58       0x60 .\ARM_GCC_541\Debug\probe_rs232c.o
 .debug_aranges
                0x00000bb8       0x38 .\ARM_GCC_541\Debug\probe_rs232_os.o
 .debug_aranges
                0x00000bf0       0x60 .\ARM_GCC_541\Debug\probe_rs232.o
 .debug_aranges
                0x00000c50       0x88 .\ARM_GCC_541\Debug\probe_com.o
 .debug_aranges
                0x00000cd8       0x60 .\ARM_GCC_541\Debug\cyfitter_cfg.o
 .debug_aranges
                0x00000d38       0x48 .\ARM_GCC_541\Debug\Cm3Start.o
 .debug_aranges
                0x00000d80       0x18 .\ARM_GCC_541\Debug\cymetadata.o
 .debug_aranges
                0x00000d98       0x20 .\ARM_GCC_541\Debug\cpu_a.o
 .debug_aranges
                0x00000db8       0x28 .\ARM_GCC_541\Debug\BCC722-RTOS-MOINHO.a(LED_Status.o)
 .debug_aranges
                0x00000de0       0x98 .\ARM_GCC_541\Debug\BCC722-RTOS-MOINHO.a(LCD_Disp.o)
 .debug_aranges
                0x00000e78       0xd8 .\ARM_GCC_541\Debug\BCC722-RTOS-MOINHO.a(CyDmac.o)
 .debug_aranges
                0x00000f50      0x2a0 .\ARM_GCC_541\Debug\BCC722-RTOS-MOINHO.a(CyLib.o)
 .debug_aranges
                0x000011f0       0x98 .\ARM_GCC_541\Debug\BCC722-RTOS-MOINHO.a(cyPm.o)
 .debug_aranges
                0x00001288       0xf0 .\ARM_GCC_541\Debug\BCC722-RTOS-MOINHO.a(ProbeUART.o)
 .debug_aranges
                0x00001378       0x80 .\ARM_GCC_541\Debug\BCC722-RTOS-MOINHO.a(ProbeUART_TxISR.o)
 .debug_aranges
                0x000013f8       0x80 .\ARM_GCC_541\Debug\BCC722-RTOS-MOINHO.a(ProbeUART_RxISR.o)
 .debug_aranges
                0x00001478       0x38 .\ARM_GCC_541\Debug\BCC722-RTOS-MOINHO.a(PB_2.o)
 .debug_aranges
                0x000014b0       0x38 .\ARM_GCC_541\Debug\BCC722-RTOS-MOINHO.a(PB_3.o)
 .debug_aranges
                0x000014e8       0x70 .\ARM_GCC_541\Debug\BCC722-RTOS-MOINHO.a(ProbeUART_IntClock.o)
 .debug_aranges
                0x00001558       0x38 .\ARM_GCC_541\Debug\BCC722-RTOS-MOINHO.a(Pin_SV01_VE.o)
 .debug_aranges
                0x00001590       0x48 .\ARM_GCC_541\Debug\BCC722-RTOS-MOINHO.a(Pin_BP01.o)
 .debug_aranges
                0x000015d8       0x38 .\ARM_GCC_541\Debug\BCC722-RTOS-MOINHO.a(Pin_SP01_VE.o)
 .debug_aranges
                0x00001610       0x38 .\ARM_GCC_541\Debug\BCC722-RTOS-MOINHO.a(Pin_SV01_AM.o)
 .debug_aranges
                0x00001648       0x38 .\ARM_GCC_541\Debug\BCC722-RTOS-MOINHO.a(Pin_SV01_VM.o)
 .debug_aranges
                0x00001680       0x38 .\ARM_GCC_541\Debug\BCC722-RTOS-MOINHO.a(Pin_SP01_VM.o)
 .debug_aranges
                0x000016b8       0x38 .\ARM_GCC_541\Debug\BCC722-RTOS-MOINHO.a(Pin_SV02_VE.o)
 .debug_aranges
                0x000016f0       0x48 .\ARM_GCC_541\Debug\BCC722-RTOS-MOINHO.a(Pin_BP02.o)
 .debug_aranges
                0x00001738       0x38 .\ARM_GCC_541\Debug\BCC722-RTOS-MOINHO.a(Pin_SP02_VE.o)
 .debug_aranges
                0x00001770       0x38 .\ARM_GCC_541\Debug\BCC722-RTOS-MOINHO.a(Pin_SV02_AM.o)
 .debug_aranges
                0x000017a8       0x38 .\ARM_GCC_541\Debug\BCC722-RTOS-MOINHO.a(Pin_SV02_VM.o)
 .debug_aranges
                0x000017e0       0x38 .\ARM_GCC_541\Debug\BCC722-RTOS-MOINHO.a(Pin_SP02_VM.o)
 .debug_aranges
                0x00001818       0x20 .\ARM_GCC_541\Debug\BCC722-RTOS-MOINHO.a(CyBootAsmGnu.o)
 .debug_aranges
                0x00001838       0x88 .\ARM_GCC_541\Debug\BCC722-RTOS-MOINHO.a(CyFlash.o)
 .debug_aranges
                0x000018c0       0x80 .\ARM_GCC_541\Debug\BCC722-RTOS-MOINHO.a(CySpc.o)
 .debug_aranges
                0x00001940       0x20 ..\..\..\..\..\..\uCOS-III\Lib\ARM-Cortex-M3\PSoC_GNU/uCOS-III-ARM-Cortex-M3.a(os_cpu_a.o)

.debug_pubnames
 *(.debug_pubnames)

.debug_info     0x00000000    0x1b175
 *(.debug_info .gnu.linkonce.wi.*)
 .debug_info    0x00000000       0xe9 .\ARM_GCC_541\Debug\app_probe.o
 .debug_info    0x000000e9     0x14b7 .\ARM_GCC_541\Debug\app.o
 .debug_info    0x000015a0      0x844 .\ARM_GCC_541\Debug\os_app_hooks.o
 .debug_info    0x00001de4      0xd23 .\ARM_GCC_541\Debug\bsp_os.o
 .debug_info    0x00002b07      0x2e8 .\ARM_GCC_541\Debug\bsp.o
 .debug_info    0x00002def      0x135 .\ARM_GCC_541\Debug\cpu_bsp.o
 .debug_info    0x00002f24      0x52f .\ARM_GCC_541\Debug\cpu_core.o
 .debug_info    0x00003453      0x421 .\ARM_GCC_541\Debug\lib_ascii.o
 .debug_info    0x00003874      0x166 .\ARM_GCC_541\Debug\lib_math.o
 .debug_info    0x000039da      0x45d .\ARM_GCC_541\Debug\lib_mem.o
 .debug_info    0x00003e37      0xd53 .\ARM_GCC_541\Debug\lib_str.o
 .debug_info    0x00004b8a     0x136d .\ARM_GCC_541\Debug\os_dbg.o
 .debug_info    0x00005ef7     0x17b1 .\ARM_GCC_541\Debug\os_core.o
 .debug_info    0x000076a8     0x1173 .\ARM_GCC_541\Debug\os_flag.o
 .debug_info    0x0000881b       0x72 .\ARM_GCC_541\Debug\os_int.o
 .debug_info    0x0000888d      0x7fe .\ARM_GCC_541\Debug\os_mem.o
 .debug_info    0x0000908b      0x85c .\ARM_GCC_541\Debug\os_msg.o
 .debug_info    0x000098e7      0xf8d .\ARM_GCC_541\Debug\os_mutex.o
 .debug_info    0x0000a874      0xe9e .\ARM_GCC_541\Debug\os_pend_multi.o
 .debug_info    0x0000b712      0x1bf .\ARM_GCC_541\Debug\os_prio.o
 .debug_info    0x0000b8d1     0x1095 .\ARM_GCC_541\Debug\os_q.o
 .debug_info    0x0000c966     0x1072 .\ARM_GCC_541\Debug\os_sem.o
 .debug_info    0x0000d9d8      0xf16 .\ARM_GCC_541\Debug\os_stat.o
 .debug_info    0x0000e8ee     0x15e4 .\ARM_GCC_541\Debug\os_task.o
 .debug_info    0x0000fed2      0xe44 .\ARM_GCC_541\Debug\os_tick.o
 .debug_info    0x00010d16      0xe3e .\ARM_GCC_541\Debug\os_time.o
 .debug_info    0x00011b54     0x129e .\ARM_GCC_541\Debug\os_tmr.o
 .debug_info    0x00012df2      0xf37 .\ARM_GCC_541\Debug\os_var.o
 .debug_info    0x00013d29      0xbc5 .\ARM_GCC_541\Debug\os_cfg_app.o
 .debug_info    0x000148ee       0x72 .\ARM_GCC_541\Debug\probe_com_os.o
 .debug_info    0x00014960      0x179 .\ARM_GCC_541\Debug\probe_rs232c.o
 .debug_info    0x00014ad9      0xc9a .\ARM_GCC_541\Debug\probe_rs232_os.o
 .debug_info    0x00015773      0x2dd .\ARM_GCC_541\Debug\probe_rs232.o
 .debug_info    0x00015a50      0x6c0 .\ARM_GCC_541\Debug\probe_com.o
 .debug_info    0x00016110      0x3b8 .\ARM_GCC_541\Debug\cyfitter_cfg.o
 .debug_info    0x000164c8      0x32b .\ARM_GCC_541\Debug\Cm3Start.o
 .debug_info    0x000167f3      0x139 .\ARM_GCC_541\Debug\cymetadata.o
 .debug_info    0x0001692c       0xd5 .\ARM_GCC_541\Debug\cpu_a.o
 .debug_info    0x00016a01       0xd7 .\ARM_GCC_541\Debug\BCC722-RTOS-MOINHO.a(LED_Status.o)
 .debug_info    0x00016ad8      0x3cf .\ARM_GCC_541\Debug\BCC722-RTOS-MOINHO.a(LCD_Disp.o)
 .debug_info    0x00016ea7      0x8c0 .\ARM_GCC_541\Debug\BCC722-RTOS-MOINHO.a(CyDmac.o)
 .debug_info    0x00017767      0xe51 .\ARM_GCC_541\Debug\BCC722-RTOS-MOINHO.a(CyLib.o)
 .debug_info    0x000185b8      0x57a .\ARM_GCC_541\Debug\BCC722-RTOS-MOINHO.a(cyPm.o)
 .debug_info    0x00018b32      0x50a .\ARM_GCC_541\Debug\BCC722-RTOS-MOINHO.a(ProbeUART.o)
 .debug_info    0x0001903c      0x253 .\ARM_GCC_541\Debug\BCC722-RTOS-MOINHO.a(ProbeUART_TxISR.o)
 .debug_info    0x0001928f      0x253 .\ARM_GCC_541\Debug\BCC722-RTOS-MOINHO.a(ProbeUART_RxISR.o)
 .debug_info    0x000194e2      0x11e .\ARM_GCC_541\Debug\BCC722-RTOS-MOINHO.a(PB_2.o)
 .debug_info    0x00019600      0x11e .\ARM_GCC_541\Debug\BCC722-RTOS-MOINHO.a(PB_3.o)
 .debug_info    0x0001971e      0x25d .\ARM_GCC_541\Debug\BCC722-RTOS-MOINHO.a(ProbeUART_IntClock.o)
 .debug_info    0x0001997b      0x11e .\ARM_GCC_541\Debug\BCC722-RTOS-MOINHO.a(Pin_SV01_VE.o)
 .debug_info    0x00019a99      0x171 .\ARM_GCC_541\Debug\BCC722-RTOS-MOINHO.a(Pin_BP01.o)
 .debug_info    0x00019c0a      0x11e .\ARM_GCC_541\Debug\BCC722-RTOS-MOINHO.a(Pin_SP01_VE.o)
 .debug_info    0x00019d28      0x11e .\ARM_GCC_541\Debug\BCC722-RTOS-MOINHO.a(Pin_SV01_AM.o)
 .debug_info    0x00019e46      0x11e .\ARM_GCC_541\Debug\BCC722-RTOS-MOINHO.a(Pin_SV01_VM.o)
 .debug_info    0x00019f64      0x11e .\ARM_GCC_541\Debug\BCC722-RTOS-MOINHO.a(Pin_SP01_VM.o)
 .debug_info    0x0001a082      0x11e .\ARM_GCC_541\Debug\BCC722-RTOS-MOINHO.a(Pin_SV02_VE.o)
 .debug_info    0x0001a1a0      0x171 .\ARM_GCC_541\Debug\BCC722-RTOS-MOINHO.a(Pin_BP02.o)
 .debug_info    0x0001a311      0x11e .\ARM_GCC_541\Debug\BCC722-RTOS-MOINHO.a(Pin_SP02_VE.o)
 .debug_info    0x0001a42f      0x11e .\ARM_GCC_541\Debug\BCC722-RTOS-MOINHO.a(Pin_SV02_AM.o)
 .debug_info    0x0001a54d      0x11e .\ARM_GCC_541\Debug\BCC722-RTOS-MOINHO.a(Pin_SV02_VM.o)
 .debug_info    0x0001a66b      0x11e .\ARM_GCC_541\Debug\BCC722-RTOS-MOINHO.a(Pin_SP02_VM.o)
 .debug_info    0x0001a789       0xc8 .\ARM_GCC_541\Debug\BCC722-RTOS-MOINHO.a(CyBootAsmGnu.o)
 .debug_info    0x0001a851      0x3b9 .\ARM_GCC_541\Debug\BCC722-RTOS-MOINHO.a(CyFlash.o)
 .debug_info    0x0001ac0a      0x4c0 .\ARM_GCC_541\Debug\BCC722-RTOS-MOINHO.a(CySpc.o)
 .debug_info    0x0001b0ca       0xab ..\..\..\..\..\..\uCOS-III\Lib\ARM-Cortex-M3\PSoC_GNU/uCOS-III-ARM-Cortex-M3.a(os_cpu_a.o)

.debug_abbrev   0x00000000     0x456c
 *(.debug_abbrev)
 .debug_abbrev  0x00000000       0x98 .\ARM_GCC_541\Debug\app_probe.o
 .debug_abbrev  0x00000098      0x207 .\ARM_GCC_541\Debug\app.o
 .debug_abbrev  0x0000029f      0x125 .\ARM_GCC_541\Debug\os_app_hooks.o
 .debug_abbrev  0x000003c4      0x150 .\ARM_GCC_541\Debug\bsp_os.o
 .debug_abbrev  0x00000514      0x18d .\ARM_GCC_541\Debug\bsp.o
 .debug_abbrev  0x000006a1       0xbb .\ARM_GCC_541\Debug\cpu_bsp.o
 .debug_abbrev  0x0000075c      0x1af .\ARM_GCC_541\Debug\cpu_core.o
 .debug_abbrev  0x0000090b       0xd4 .\ARM_GCC_541\Debug\lib_ascii.o
 .debug_abbrev  0x000009df       0xfb .\ARM_GCC_541\Debug\lib_math.o
 .debug_abbrev  0x00000ada      0x10f .\ARM_GCC_541\Debug\lib_mem.o
 .debug_abbrev  0x00000be9      0x130 .\ARM_GCC_541\Debug\lib_str.o
 .debug_abbrev  0x00000d19       0xfc .\ARM_GCC_541\Debug\os_dbg.o
 .debug_abbrev  0x00000e15      0x1c8 .\ARM_GCC_541\Debug\os_core.o
 .debug_abbrev  0x00000fdd      0x1d5 .\ARM_GCC_541\Debug\os_flag.o
 .debug_abbrev  0x000011b2       0x26 .\ARM_GCC_541\Debug\os_int.o
 .debug_abbrev  0x000011d8      0x132 .\ARM_GCC_541\Debug\os_mem.o
 .debug_abbrev  0x0000130a      0x157 .\ARM_GCC_541\Debug\os_msg.o
 .debug_abbrev  0x00001461      0x1d5 .\ARM_GCC_541\Debug\os_mutex.o
 .debug_abbrev  0x00001636      0x183 .\ARM_GCC_541\Debug\os_pend_multi.o
 .debug_abbrev  0x000017b9       0xc6 .\ARM_GCC_541\Debug\os_prio.o
 .debug_abbrev  0x0000187f      0x1d5 .\ARM_GCC_541\Debug\os_q.o
 .debug_abbrev  0x00001a54      0x1d5 .\ARM_GCC_541\Debug\os_sem.o
 .debug_abbrev  0x00001c29      0x16c .\ARM_GCC_541\Debug\os_stat.o
 .debug_abbrev  0x00001d95      0x1a2 .\ARM_GCC_541\Debug\os_task.o
 .debug_abbrev  0x00001f37      0x1b4 .\ARM_GCC_541\Debug\os_tick.o
 .debug_abbrev  0x000020eb      0x188 .\ARM_GCC_541\Debug\os_time.o
 .debug_abbrev  0x00002273      0x1e1 .\ARM_GCC_541\Debug\os_tmr.o
 .debug_abbrev  0x00002454       0xb7 .\ARM_GCC_541\Debug\os_var.o
 .debug_abbrev  0x0000250b       0xdc .\ARM_GCC_541\Debug\os_cfg_app.o
 .debug_abbrev  0x000025e7       0x26 .\ARM_GCC_541\Debug\probe_com_os.o
 .debug_abbrev  0x0000260d       0xe0 .\ARM_GCC_541\Debug\probe_rs232c.o
 .debug_abbrev  0x000026ed      0x132 .\ARM_GCC_541\Debug\probe_rs232_os.o
 .debug_abbrev  0x0000281f      0x148 .\ARM_GCC_541\Debug\probe_rs232.o
 .debug_abbrev  0x00002967      0x13b .\ARM_GCC_541\Debug\probe_com.o
 .debug_abbrev  0x00002aa2      0x19d .\ARM_GCC_541\Debug\cyfitter_cfg.o
 .debug_abbrev  0x00002c3f      0x1d6 .\ARM_GCC_541\Debug\Cm3Start.o
 .debug_abbrev  0x00002e15       0x77 .\ARM_GCC_541\Debug\cymetadata.o
 .debug_abbrev  0x00002e8c       0x14 .\ARM_GCC_541\Debug\cpu_a.o
 .debug_abbrev  0x00002ea0       0x81 .\ARM_GCC_541\Debug\BCC722-RTOS-MOINHO.a(LED_Status.o)
 .debug_abbrev  0x00002f21      0x120 .\ARM_GCC_541\Debug\BCC722-RTOS-MOINHO.a(LCD_Disp.o)
 .debug_abbrev  0x00003041      0x194 .\ARM_GCC_541\Debug\BCC722-RTOS-MOINHO.a(CyDmac.o)
 .debug_abbrev  0x000031d5      0x217 .\ARM_GCC_541\Debug\BCC722-RTOS-MOINHO.a(CyLib.o)
 .debug_abbrev  0x000033ec      0x161 .\ARM_GCC_541\Debug\BCC722-RTOS-MOINHO.a(cyPm.o)
 .debug_abbrev  0x0000354d      0x163 .\ARM_GCC_541\Debug\BCC722-RTOS-MOINHO.a(ProbeUART.o)
 .debug_abbrev  0x000036b0      0x170 .\ARM_GCC_541\Debug\BCC722-RTOS-MOINHO.a(ProbeUART_TxISR.o)
 .debug_abbrev  0x00003820      0x170 .\ARM_GCC_541\Debug\BCC722-RTOS-MOINHO.a(ProbeUART_RxISR.o)
 .debug_abbrev  0x00003990       0x90 .\ARM_GCC_541\Debug\BCC722-RTOS-MOINHO.a(PB_2.o)
 .debug_abbrev  0x00003a20       0x90 .\ARM_GCC_541\Debug\BCC722-RTOS-MOINHO.a(PB_3.o)
 .debug_abbrev  0x00003ab0      0x11d .\ARM_GCC_541\Debug\BCC722-RTOS-MOINHO.a(ProbeUART_IntClock.o)
 .debug_abbrev  0x00003bcd       0x90 .\ARM_GCC_541\Debug\BCC722-RTOS-MOINHO.a(Pin_SV01_VE.o)
 .debug_abbrev  0x00003c5d       0x90 .\ARM_GCC_541\Debug\BCC722-RTOS-MOINHO.a(Pin_BP01.o)
 .debug_abbrev  0x00003ced       0x90 .\ARM_GCC_541\Debug\BCC722-RTOS-MOINHO.a(Pin_SP01_VE.o)
 .debug_abbrev  0x00003d7d       0x90 .\ARM_GCC_541\Debug\BCC722-RTOS-MOINHO.a(Pin_SV01_AM.o)
 .debug_abbrev  0x00003e0d       0x90 .\ARM_GCC_541\Debug\BCC722-RTOS-MOINHO.a(Pin_SV01_VM.o)
 .debug_abbrev  0x00003e9d       0x90 .\ARM_GCC_541\Debug\BCC722-RTOS-MOINHO.a(Pin_SP01_VM.o)
 .debug_abbrev  0x00003f2d       0x90 .\ARM_GCC_541\Debug\BCC722-RTOS-MOINHO.a(Pin_SV02_VE.o)
 .debug_abbrev  0x00003fbd       0x90 .\ARM_GCC_541\Debug\BCC722-RTOS-MOINHO.a(Pin_BP02.o)
 .debug_abbrev  0x0000404d       0x90 .\ARM_GCC_541\Debug\BCC722-RTOS-MOINHO.a(Pin_SP02_VE.o)
 .debug_abbrev  0x000040dd       0x90 .\ARM_GCC_541\Debug\BCC722-RTOS-MOINHO.a(Pin_SV02_AM.o)
 .debug_abbrev  0x0000416d       0x90 .\ARM_GCC_541\Debug\BCC722-RTOS-MOINHO.a(Pin_SV02_VM.o)
 .debug_abbrev  0x000041fd       0x90 .\ARM_GCC_541\Debug\BCC722-RTOS-MOINHO.a(Pin_SP02_VM.o)
 .debug_abbrev  0x0000428d       0x14 .\ARM_GCC_541\Debug\BCC722-RTOS-MOINHO.a(CyBootAsmGnu.o)
 .debug_abbrev  0x000042a1      0x14b .\ARM_GCC_541\Debug\BCC722-RTOS-MOINHO.a(CyFlash.o)
 .debug_abbrev  0x000043ec      0x16c .\ARM_GCC_541\Debug\BCC722-RTOS-MOINHO.a(CySpc.o)
 .debug_abbrev  0x00004558       0x14 ..\..\..\..\..\..\uCOS-III\Lib\ARM-Cortex-M3\PSoC_GNU/uCOS-III-ARM-Cortex-M3.a(os_cpu_a.o)

.debug_line     0x00000000     0x7557
 *(.debug_line)
 .debug_line    0x00000000      0x175 .\ARM_GCC_541\Debug\app_probe.o
 .debug_line    0x00000175      0x4a4 .\ARM_GCC_541\Debug\app.o
 .debug_line    0x00000619      0x181 .\ARM_GCC_541\Debug\os_app_hooks.o
 .debug_line    0x0000079a      0x142 .\ARM_GCC_541\Debug\bsp_os.o
 .debug_line    0x000008dc      0x188 .\ARM_GCC_541\Debug\bsp.o
 .debug_line    0x00000a64       0xc9 .\ARM_GCC_541\Debug\cpu_bsp.o
 .debug_line    0x00000b2d      0x26a .\ARM_GCC_541\Debug\cpu_core.o
 .debug_line    0x00000d97      0x40d .\ARM_GCC_541\Debug\lib_ascii.o
 .debug_line    0x000011a4       0xd8 .\ARM_GCC_541\Debug\lib_math.o
 .debug_line    0x0000127c      0x1f5 .\ARM_GCC_541\Debug\lib_mem.o
 .debug_line    0x00001471      0x51a .\ARM_GCC_541\Debug\lib_str.o
 .debug_line    0x0000198b      0x113 .\ARM_GCC_541\Debug\os_dbg.o
 .debug_line    0x00001a9e      0x622 .\ARM_GCC_541\Debug\os_core.o
 .debug_line    0x000020c0      0x346 .\ARM_GCC_541\Debug\os_flag.o
 .debug_line    0x00002406       0x1d .\ARM_GCC_541\Debug\os_int.o
 .debug_line    0x00002423      0x15b .\ARM_GCC_541\Debug\os_mem.o
 .debug_line    0x0000257e      0x19b .\ARM_GCC_541\Debug\os_msg.o
 .debug_line    0x00002719      0x28a .\ARM_GCC_541\Debug\os_mutex.o
 .debug_line    0x000029a3      0x1b6 .\ARM_GCC_541\Debug\os_pend_multi.o
 .debug_line    0x00002b59       0xf4 .\ARM_GCC_541\Debug\os_prio.o
 .debug_line    0x00002c4d      0x290 .\ARM_GCC_541\Debug\os_q.o
 .debug_line    0x00002edd      0x294 .\ARM_GCC_541\Debug\os_sem.o
 .debug_line    0x00003171      0x1c9 .\ARM_GCC_541\Debug\os_stat.o
 .debug_line    0x0000333a      0x5c7 .\ARM_GCC_541\Debug\os_task.o
 .debug_line    0x00003901      0x21f .\ARM_GCC_541\Debug\os_tick.o
 .debug_line    0x00003b20      0x1e0 .\ARM_GCC_541\Debug\os_time.o
 .debug_line    0x00003d00      0x364 .\ARM_GCC_541\Debug\os_tmr.o
 .debug_line    0x00004064       0xaf .\ARM_GCC_541\Debug\os_var.o
 .debug_line    0x00004113       0xd2 .\ARM_GCC_541\Debug\os_cfg_app.o
 .debug_line    0x000041e5       0x1d .\ARM_GCC_541\Debug\probe_com_os.o
 .debug_line    0x00004202      0x161 .\ARM_GCC_541\Debug\probe_rs232c.o
 .debug_line    0x00004363      0x163 .\ARM_GCC_541\Debug\probe_rs232_os.o
 .debug_line    0x000044c6      0x1fc .\ARM_GCC_541\Debug\probe_rs232.o
 .debug_line    0x000046c2      0x288 .\ARM_GCC_541\Debug\probe_com.o
 .debug_line    0x0000494a      0x203 .\ARM_GCC_541\Debug\cyfitter_cfg.o
 .debug_line    0x00004b4d      0x1db .\ARM_GCC_541\Debug\Cm3Start.o
 .debug_line    0x00004d28      0x141 .\ARM_GCC_541\Debug\cymetadata.o
 .debug_line    0x00004e69       0x82 .\ARM_GCC_541\Debug\cpu_a.o
 .debug_line    0x00004eeb       0x73 .\ARM_GCC_541\Debug\BCC722-RTOS-MOINHO.a(LED_Status.o)
 .debug_line    0x00004f5e      0x1e6 .\ARM_GCC_541\Debug\BCC722-RTOS-MOINHO.a(LCD_Disp.o)
 .debug_line    0x00005144      0x2b6 .\ARM_GCC_541\Debug\BCC722-RTOS-MOINHO.a(CyDmac.o)
 .debug_line    0x000053fa      0x883 .\ARM_GCC_541\Debug\BCC722-RTOS-MOINHO.a(CyLib.o)
 .debug_line    0x00005c7d      0x38e .\ARM_GCC_541\Debug\BCC722-RTOS-MOINHO.a(cyPm.o)
 .debug_line    0x0000600b      0x2e7 .\ARM_GCC_541\Debug\BCC722-RTOS-MOINHO.a(ProbeUART.o)
 .debug_line    0x000062f2      0x159 .\ARM_GCC_541\Debug\BCC722-RTOS-MOINHO.a(ProbeUART_TxISR.o)
 .debug_line    0x0000644b      0x149 .\ARM_GCC_541\Debug\BCC722-RTOS-MOINHO.a(ProbeUART_RxISR.o)
 .debug_line    0x00006594       0x94 .\ARM_GCC_541\Debug\BCC722-RTOS-MOINHO.a(PB_2.o)
 .debug_line    0x00006628       0x94 .\ARM_GCC_541\Debug\BCC722-RTOS-MOINHO.a(PB_3.o)
 .debug_line    0x000066bc      0x1b1 .\ARM_GCC_541\Debug\BCC722-RTOS-MOINHO.a(ProbeUART_IntClock.o)
 .debug_line    0x0000686d       0x9b .\ARM_GCC_541\Debug\BCC722-RTOS-MOINHO.a(Pin_SV01_VE.o)
 .debug_line    0x00006908       0xbd .\ARM_GCC_541\Debug\BCC722-RTOS-MOINHO.a(Pin_BP01.o)
 .debug_line    0x000069c5       0x9b .\ARM_GCC_541\Debug\BCC722-RTOS-MOINHO.a(Pin_SP01_VE.o)
 .debug_line    0x00006a60       0x9b .\ARM_GCC_541\Debug\BCC722-RTOS-MOINHO.a(Pin_SV01_AM.o)
 .debug_line    0x00006afb       0x9b .\ARM_GCC_541\Debug\BCC722-RTOS-MOINHO.a(Pin_SV01_VM.o)
 .debug_line    0x00006b96       0x9b .\ARM_GCC_541\Debug\BCC722-RTOS-MOINHO.a(Pin_SP01_VM.o)
 .debug_line    0x00006c31       0x9b .\ARM_GCC_541\Debug\BCC722-RTOS-MOINHO.a(Pin_SV02_VE.o)
 .debug_line    0x00006ccc       0xbd .\ARM_GCC_541\Debug\BCC722-RTOS-MOINHO.a(Pin_BP02.o)
 .debug_line    0x00006d89       0x9b .\ARM_GCC_541\Debug\BCC722-RTOS-MOINHO.a(Pin_SP02_VE.o)
 .debug_line    0x00006e24       0x9b .\ARM_GCC_541\Debug\BCC722-RTOS-MOINHO.a(Pin_SV02_AM.o)
 .debug_line    0x00006ebf       0x9b .\ARM_GCC_541\Debug\BCC722-RTOS-MOINHO.a(Pin_SV02_VM.o)
 .debug_line    0x00006f5a       0x9b .\ARM_GCC_541\Debug\BCC722-RTOS-MOINHO.a(Pin_SP02_VM.o)
 .debug_line    0x00006ff5       0x66 .\ARM_GCC_541\Debug\BCC722-RTOS-MOINHO.a(CyBootAsmGnu.o)
 .debug_line    0x0000705b      0x22f .\ARM_GCC_541\Debug\BCC722-RTOS-MOINHO.a(CyFlash.o)
 .debug_line    0x0000728a      0x231 .\ARM_GCC_541\Debug\BCC722-RTOS-MOINHO.a(CySpc.o)
 .debug_line    0x000074bb       0x9c ..\..\..\..\..\..\uCOS-III\Lib\ARM-Cortex-M3\PSoC_GNU/uCOS-III-ARM-Cortex-M3.a(os_cpu_a.o)

.debug_frame    0x00000000     0x60c8
 *(.debug_frame)
 .debug_frame   0x00000000       0x2c .\ARM_GCC_541\Debug\app_probe.o
 .debug_frame   0x0000002c      0x2bc .\ARM_GCC_541\Debug\app.o
 .debug_frame   0x000002e8      0x18c .\ARM_GCC_541\Debug\os_app_hooks.o
 .debug_frame   0x00000474       0xb0 .\ARM_GCC_541\Debug\bsp_os.o
 .debug_frame   0x00000524      0x148 .\ARM_GCC_541\Debug\bsp.o
 .debug_frame   0x0000066c       0x8c .\ARM_GCC_541\Debug\cpu_bsp.o
 .debug_frame   0x000006f8      0x2f8 .\ARM_GCC_541\Debug\cpu_core.o
 .debug_frame   0x000009f0      0x290 .\ARM_GCC_541\Debug\lib_ascii.o
 .debug_frame   0x00000c80       0xa4 .\ARM_GCC_541\Debug\lib_math.o
 .debug_frame   0x00000d24       0xfc .\ARM_GCC_541\Debug\lib_mem.o
 .debug_frame   0x00000e20      0x3d4 .\ARM_GCC_541\Debug\lib_str.o
 .debug_frame   0x000011f4       0x38 .\ARM_GCC_541\Debug\os_dbg.o
 .debug_frame   0x0000122c      0x5cc .\ARM_GCC_541\Debug\os_core.o
 .debug_frame   0x000017f8      0x218 .\ARM_GCC_541\Debug\os_flag.o
 .debug_frame   0x00001a10       0xd8 .\ARM_GCC_541\Debug\os_mem.o
 .debug_frame   0x00001ae8       0xd8 .\ARM_GCC_541\Debug\os_msg.o
 .debug_frame   0x00001bc0      0x178 .\ARM_GCC_541\Debug\os_mutex.o
 .debug_frame   0x00001d38       0xb0 .\ARM_GCC_541\Debug\os_pend_multi.o
 .debug_frame   0x00001de8       0xb0 .\ARM_GCC_541\Debug\os_prio.o
 .debug_frame   0x00001e98      0x1c8 .\ARM_GCC_541\Debug\os_q.o
 .debug_frame   0x00002060      0x1c8 .\ARM_GCC_541\Debug\os_sem.o
 .debug_frame   0x00002228       0xac .\ARM_GCC_541\Debug\os_stat.o
 .debug_frame   0x000022d4      0x450 .\ARM_GCC_541\Debug\os_task.o
 .debug_frame   0x00002724      0x124 .\ARM_GCC_541\Debug\os_tick.o
 .debug_frame   0x00002848      0x100 .\ARM_GCC_541\Debug\os_time.o
 .debug_frame   0x00002948      0x23c .\ARM_GCC_541\Debug\os_tmr.o
 .debug_frame   0x00002b84       0x34 .\ARM_GCC_541\Debug\os_cfg_app.o
 .debug_frame   0x00002bb8      0x138 .\ARM_GCC_541\Debug\probe_rs232c.o
 .debug_frame   0x00002cf0       0xb0 .\ARM_GCC_541\Debug\probe_rs232_os.o
 .debug_frame   0x00002da0      0x154 .\ARM_GCC_541\Debug\probe_rs232.o
 .debug_frame   0x00002ef4      0x240 .\ARM_GCC_541\Debug\probe_com.o
 .debug_frame   0x00003134      0x16c .\ARM_GCC_541\Debug\cyfitter_cfg.o
 .debug_frame   0x000032a0       0xd8 .\ARM_GCC_541\Debug\Cm3Start.o
 .debug_frame   0x00003378       0x5c .\ARM_GCC_541\Debug\BCC722-RTOS-MOINHO.a(LED_Status.o)
 .debug_frame   0x000033d4      0x260 .\ARM_GCC_541\Debug\BCC722-RTOS-MOINHO.a(LCD_Disp.o)
 .debug_frame   0x00003634      0x3d0 .\ARM_GCC_541\Debug\BCC722-RTOS-MOINHO.a(CyDmac.o)
 .debug_frame   0x00003a04      0xc0c .\ARM_GCC_541\Debug\BCC722-RTOS-MOINHO.a(CyLib.o)
 .debug_frame   0x00004610      0x234 .\ARM_GCC_541\Debug\BCC722-RTOS-MOINHO.a(cyPm.o)
 .debug_frame   0x00004844      0x42c .\ARM_GCC_541\Debug\BCC722-RTOS-MOINHO.a(ProbeUART.o)
 .debug_frame   0x00004c70      0x1e0 .\ARM_GCC_541\Debug\BCC722-RTOS-MOINHO.a(ProbeUART_TxISR.o)
 .debug_frame   0x00004e50      0x1e0 .\ARM_GCC_541\Debug\BCC722-RTOS-MOINHO.a(ProbeUART_RxISR.o)
 .debug_frame   0x00005030       0xa8 .\ARM_GCC_541\Debug\BCC722-RTOS-MOINHO.a(PB_2.o)
 .debug_frame   0x000050d8       0xa8 .\ARM_GCC_541\Debug\BCC722-RTOS-MOINHO.a(PB_3.o)
 .debug_frame   0x00005180      0x1b4 .\ARM_GCC_541\Debug\BCC722-RTOS-MOINHO.a(ProbeUART_IntClock.o)
 .debug_frame   0x00005334       0xa8 .\ARM_GCC_541\Debug\BCC722-RTOS-MOINHO.a(Pin_SV01_VE.o)
 .debug_frame   0x000053dc       0xf4 .\ARM_GCC_541\Debug\BCC722-RTOS-MOINHO.a(Pin_BP01.o)
 .debug_frame   0x000054d0       0xa8 .\ARM_GCC_541\Debug\BCC722-RTOS-MOINHO.a(Pin_SP01_VE.o)
 .debug_frame   0x00005578       0xa8 .\ARM_GCC_541\Debug\BCC722-RTOS-MOINHO.a(Pin_SV01_AM.o)
 .debug_frame   0x00005620       0xa8 .\ARM_GCC_541\Debug\BCC722-RTOS-MOINHO.a(Pin_SV01_VM.o)
 .debug_frame   0x000056c8       0xa8 .\ARM_GCC_541\Debug\BCC722-RTOS-MOINHO.a(Pin_SP01_VM.o)
 .debug_frame   0x00005770       0xa8 .\ARM_GCC_541\Debug\BCC722-RTOS-MOINHO.a(Pin_SV02_VE.o)
 .debug_frame   0x00005818       0xf4 .\ARM_GCC_541\Debug\BCC722-RTOS-MOINHO.a(Pin_BP02.o)
 .debug_frame   0x0000590c       0xa8 .\ARM_GCC_541\Debug\BCC722-RTOS-MOINHO.a(Pin_SP02_VE.o)
 .debug_frame   0x000059b4       0xa8 .\ARM_GCC_541\Debug\BCC722-RTOS-MOINHO.a(Pin_SV02_AM.o)
 .debug_frame   0x00005a5c       0xa8 .\ARM_GCC_541\Debug\BCC722-RTOS-MOINHO.a(Pin_SV02_VM.o)
 .debug_frame   0x00005b04       0xa8 .\ARM_GCC_541\Debug\BCC722-RTOS-MOINHO.a(Pin_SP02_VM.o)
 .debug_frame   0x00005bac      0x238 .\ARM_GCC_541\Debug\BCC722-RTOS-MOINHO.a(CyFlash.o)
 .debug_frame   0x00005de4      0x228 .\ARM_GCC_541\Debug\BCC722-RTOS-MOINHO.a(CySpc.o)
 .debug_frame   0x0000600c       0x20 c:/program files (x86)/cypress/psoc creator/4.4/psoc creator/import/gnu/arm/5.4.1/bin/../lib/gcc/arm-none-eabi/5.4.1/../../../../arm-none-eabi/lib/armv7-m\libg_nano.a(lib_a-errno.o)
 .debug_frame   0x0000602c       0x28 c:/program files (x86)/cypress/psoc creator/4.4/psoc creator/import/gnu/arm/5.4.1/bin/../lib/gcc/arm-none-eabi/5.4.1/../../../../arm-none-eabi/lib/armv7-m\libg_nano.a(lib_a-exit.o)
 .debug_frame   0x00006054       0x2c c:/program files (x86)/cypress/psoc creator/4.4/psoc creator/import/gnu/arm/5.4.1/bin/../lib/gcc/arm-none-eabi/5.4.1/../../../../arm-none-eabi/lib/armv7-m\libg_nano.a(lib_a-init.o)
 .debug_frame   0x00006080       0x28 c:/program files (x86)/cypress/psoc creator/4.4/psoc creator/import/gnu/arm/5.4.1/bin/../lib/gcc/arm-none-eabi/5.4.1/../../../../arm-none-eabi/lib/armv7-m\libg_nano.a(lib_a-memcpy-stub.o)
 .debug_frame   0x000060a8       0x20 c:/program files (x86)/cypress/psoc creator/4.4/psoc creator/import/gnu/arm/5.4.1/bin/../lib/gcc/arm-none-eabi/5.4.1/../../../../arm-none-eabi/lib/armv7-m\libg_nano.a(lib_a-memset.o)

.debug_str      0x00000000     0x6b71
 *(.debug_str)
 .debug_str     0x00000000      0x1ae .\ARM_GCC_541\Debug\app_probe.o
                                0x1f6 (size before relaxing)
 .debug_str     0x000001ae     0x13e0 .\ARM_GCC_541\Debug\app.o
                               0x1638 (size before relaxing)
 .debug_str     0x0000158e      0x1a5 .\ARM_GCC_541\Debug\os_app_hooks.o
                                0x774 (size before relaxing)
 .debug_str     0x00001733       0xaa .\ARM_GCC_541\Debug\bsp_os.o
                               0x12ff (size before relaxing)
 .debug_str     0x000017dd      0x101 .\ARM_GCC_541\Debug\bsp.o