Archive member included to satisfy reference by file (symbol)

.\ARM_GCC_541\Debug\Pratica03-uCOS-III.a(LED_Status.o)
                              .\ARM_GCC_541\Debug\bsp.o (LED_Status_Write)
.\ARM_GCC_541\Debug\Pratica03-uCOS-III.a(LCD_Disp.o)
                              .\ARM_GCC_541\Debug\app.o (LCD_Disp_Start)
.\ARM_GCC_541\Debug\Pratica03-uCOS-III.a(CyLib.o)
                              .\ARM_GCC_541\Debug\Cm3Start.o (CyResetStatus)
.\ARM_GCC_541\Debug\Pratica03-uCOS-III.a(cyPm.o)
                              .\ARM_GCC_541\Debug\Pratica03-uCOS-III.a(CyLib.o) (CyPmReadStatus)
.\ARM_GCC_541\Debug\Pratica03-uCOS-III.a(ProbeUART.o)
                              .\ARM_GCC_541\Debug\probe_rs232c.o (ProbeUART_Start)
.\ARM_GCC_541\Debug\Pratica03-uCOS-III.a(ProbeUART_TxISR.o)
                              .\ARM_GCC_541\Debug\probe_rs232c.o (ProbeUART_TxISR_Start)
.\ARM_GCC_541\Debug\Pratica03-uCOS-III.a(ProbeUART_RxISR.o)
                              .\ARM_GCC_541\Debug\probe_rs232c.o (ProbeUART_RxISR_Start)
.\ARM_GCC_541\Debug\Pratica03-uCOS-III.a(PB_2.o)
                              .\ARM_GCC_541\Debug\bsp.o (PB_2_Read)
.\ARM_GCC_541\Debug\Pratica03-uCOS-III.a(PB_3.o)
                              .\ARM_GCC_541\Debug\bsp.o (PB_3_Read)
.\ARM_GCC_541\Debug\Pratica03-uCOS-III.a(ProbeUART_IntClock.o)
                              .\ARM_GCC_541\Debug\Pratica03-uCOS-III.a(ProbeUART.o) (ProbeUART_IntClock_Start)
.\ARM_GCC_541\Debug\Pratica03-uCOS-III.a(Pin_SV01_VE.o)
                              .\ARM_GCC_541\Debug\app.o (Pin_SV01_VE_Write)
.\ARM_GCC_541\Debug\Pratica03-uCOS-III.a(Pin_BP01.o)
                              .\ARM_GCC_541\Debug\app.o (Pin_BP01_ClearInterrupt)
.\ARM_GCC_541\Debug\Pratica03-uCOS-III.a(Pin_SP01_VE.o)
                              .\ARM_GCC_541\Debug\app.o (Pin_SP01_VE_Write)
.\ARM_GCC_541\Debug\Pratica03-uCOS-III.a(Pin_SV01_AM.o)
                              .\ARM_GCC_541\Debug\app.o (Pin_SV01_AM_Write)
.\ARM_GCC_541\Debug\Pratica03-uCOS-III.a(Pin_SV01_VM.o)
                              .\ARM_GCC_541\Debug\app.o (Pin_SV01_VM_Write)
.\ARM_GCC_541\Debug\Pratica03-uCOS-III.a(Pin_SP01_VM.o)
                              .\ARM_GCC_541\Debug\app.o (Pin_SP01_VM_Write)
.\ARM_GCC_541\Debug\Pratica03-uCOS-III.a(Pin_BP01_int.o)
                              .\ARM_GCC_541\Debug\app.o (Pin_BP01_int_StartEx)
.\ARM_GCC_541\Debug\Pratica03-uCOS-III.a(Pin_SV02_VE.o)
                              .\ARM_GCC_541\Debug\app.o (Pin_SV02_VE_Write)
.\ARM_GCC_541\Debug\Pratica03-uCOS-III.a(Pin_BP02.o)
                              .\ARM_GCC_541\Debug\app.o (Pin_BP02_ClearInterrupt)
.\ARM_GCC_541\Debug\Pratica03-uCOS-III.a(Pin_SP02_VE.o)
                              .\ARM_GCC_541\Debug\app.o (Pin_SP02_VE_Write)
.\ARM_GCC_541\Debug\Pratica03-uCOS-III.a(Pin_SV02_AM.o)
                              .\ARM_GCC_541\Debug\app.o (Pin_SV02_AM_Write)
.\ARM_GCC_541\Debug\Pratica03-uCOS-III.a(Pin_SV02_VM.o)
                              .\ARM_GCC_541\Debug\app.o (Pin_SV02_VM_Write)
.\ARM_GCC_541\Debug\Pratica03-uCOS-III.a(Pin_SP02_VM.o)
                              .\ARM_GCC_541\Debug\app.o (Pin_SP02_VM_Write)
.\ARM_GCC_541\Debug\Pratica03-uCOS-III.a(Pin_BP02_int.o)
                              .\ARM_GCC_541\Debug\app.o (Pin_BP02_int_StartEx)
.\ARM_GCC_541\Debug\Pratica03-uCOS-III.a(CyBootAsmGnu.o)
                              .\ARM_GCC_541\Debug\cyfitter_cfg.o (CyDelayCycles)
.\ARM_GCC_541\Debug\Pratica03-uCOS-III.a(CyFlash.o)
                              .\ARM_GCC_541\Debug\Pratica03-uCOS-III.a(cyPm.o) (CyFlash_SetWaitCycles)
.\ARM_GCC_541\Debug\Pratica03-uCOS-III.a(CySpc.o)
                              .\ARM_GCC_541\Debug\Pratica03-uCOS-III.a(CyFlash.o) (CySpcStart)
..\..\..\..\..\..\uCOS-III\Lib\ARM-Cortex-M3\PSoC_GNU/uCOS-III-ARM-Cortex-M3.a(os_cpu_a.o)
                              .\ARM_GCC_541\Debug\os_core.o (OSStartHighRdy)
..\..\..\..\..\..\uCOS-III\Lib\ARM-Cortex-M3\PSoC_GNU/uCOS-III-ARM-Cortex-M3.a(os_cpu_c.o)
                              .\ARM_GCC_541\Debug\os_core.o (OSIdleTaskHook)
c:/program files (x86)/cypress/psoc creator/4.4/psoc creator/import/gnu/arm/5.4.1/bin/../lib/gcc/arm-none-eabi/5.4.1/../../../../arm-none-eabi/lib/armv7-m\libg_nano.a(lib_a-errno.o)
                              .\ARM_GCC_541\Debug\Cm3Start.o (__errno)
c:/program files (x86)/cypress/psoc creator/4.4/psoc creator/import/gnu/arm/5.4.1/bin/../lib/gcc/arm-none-eabi/5.4.1/../../../../arm-none-eabi/lib/armv7-m\libg_nano.a(lib_a-exit.o)
                              c:/program files (x86)/cypress/psoc creator/4.4/psoc creator/import/gnu/arm/5.4.1/bin/../lib/gcc/arm-none-eabi/5.4.1/../../../../arm-none-eabi/lib/armv7-m/crt0.o (exit)
c:/program files (x86)/cypress/psoc creator/4.4/psoc creator/import/gnu/arm/5.4.1/bin/../lib/gcc/arm-none-eabi/5.4.1/../../../../arm-none-eabi/lib/armv7-m\libg_nano.a(lib_a-impure.o)
[...]
Memory Configuration

Name             Origin             Length             Attributes
rom              0x00000000         0x00040000         xr
ram              0x1fff8000         0x00010000         xrw
*default*        0x00000000         0xffffffff

Linker script and memory map

LOAD c:/program files (x86)/cypress/psoc creator/4.4/psoc creator/import/gnu/arm/5.4.1/bin/../lib/gcc/arm-none-eabi/5.4.1/armv7-m/crti.o
LOAD c:/program files (x86)/cypress/psoc creator/4.4/psoc creator/import/gnu/arm/5.4.1/bin/../lib/gcc/arm-none-eabi/5.4.1/armv7-m/crtbegin.o
LOAD c:/program files (x86)/cypress/psoc creator/4.4/psoc creator/import/gnu/arm/5.4.1/bin/../lib/gcc/arm-none-eabi/5.4.1/../../../../arm-none-eabi/lib/armv7-m/crt0.o
START GROUP
LOAD .\ARM_GCC_541\Debug\app_probe.o
LOAD .\ARM_GCC_541\Debug\app.o
LOAD .\ARM_GCC_541\Debug\os_app_hooks.o
LOAD .\ARM_GCC_541\Debug\bsp_os.o
LOAD .\ARM_GCC_541\Debug\bsp.o
LOAD .\ARM_GCC_541\Debug\cpu_bsp.o
LOAD .\ARM_GCC_541\Debug\cpu_core.o
LOAD .\ARM_GCC_541\Debug\lib_ascii.o
LOAD .\ARM_GCC_541\Debug\lib_math.o
LOAD .\ARM_GCC_541\Debug\lib_mem.o
LOAD .\ARM_GCC_541\Debug\lib_str.o
LOAD .\ARM_GCC_541\Debug\os_dbg.o
LOAD .\ARM_GCC_541\Debug\os_core.o
LOAD .\ARM_GCC_541\Debug\os_flag.o
LOAD .\ARM_GCC_541\Debug\os_int.o
LOAD .\ARM_GCC_541\Debug\os_mem.o
LOAD .\ARM_GCC_541\Debug\os_msg.o
LOAD .\ARM_GCC_541\Debug\os_mutex.o
LOAD .\ARM_GCC_541\Debug\os_pend_multi.o
LOAD .\ARM_GCC_541\Debug\os_prio.o
LOAD .\ARM_GCC_541\Debug\os_q.o
LOAD .\ARM_GCC_541\Debug\os_sem.o
LOAD .\ARM_GCC_541\Debug\os_stat.o
LOAD .\ARM_GCC_541\Debug\os_task.o
LOAD .\ARM_GCC_541\Debug\os_tick.o
LOAD .\ARM_GCC_541\Debug\os_time.o
LOAD .\ARM_GCC_541\Debug\os_tmr.o
LOAD .\ARM_GCC_541\Debug\os_var.o
LOAD .\ARM_GCC_541\Debug\os_cfg_app.o
LOAD .\ARM_GCC_541\Debug\probe_com_os.o
LOAD .\ARM_GCC_541\Debug\probe_rs232c.o
LOAD .\ARM_GCC_541\Debug\probe_rs232_os.o
LOAD .\ARM_GCC_541\Debug\probe_rs232.o
LOAD .\ARM_GCC_541\Debug\probe_com.o
LOAD .\ARM_GCC_541\Debug\cyfitter_cfg.o
LOAD .\ARM_GCC_541\Debug\Cm3Start.o
LOAD .\ARM_GCC_541\Debug\cymetadata.o
LOAD .\ARM_GCC_541\Debug\cpu_a.o
LOAD .\ARM_GCC_541\Debug\Pratica03-uCOS-III.a
LOAD C:\Program Files (x86)\Cypress\PSoC Creator\4.4\PSoC Creator\psoc\content\cycomponentlibrary\CyComponentLibrary.cylib\CortexM3\ARM_GCC_541\Debug\CyComponentLibrary.a
LOAD ..\..\..\..\..\..\uCOS-III\Lib\ARM-Cortex-M3\PSoC_GNU/uCOS-III-ARM-Cortex-M3.a
END GROUP
START GROUP
LOAD c:/program files (x86)/cypress/psoc creator/4.4/psoc creator/import/gnu/arm/5.4.1/bin/../lib/gcc/arm-none-eabi/5.4.1/armv7-m\libgcc.a
LOAD c:/program files (x86)/cypress/psoc creator/4.4/psoc creator/import/gnu/arm/5.4.1/bin/../lib/gcc/arm-none-eabi/5.4.1/../../../../arm-none-eabi/lib/armv7-m\libg_nano.a
LOAD c:/program files (x86)/cypress/psoc creator/4.4/psoc creator/import/gnu/arm/5.4.1/bin/../lib/gcc/arm-none-eabi/5.4.1/../../../../arm-none-eabi/lib/armv7-m\libc_nano.a
END GROUP
START GROUP
LOAD c:/program files (x86)/cypress/psoc creator/4.4/psoc creator/import/gnu/arm/5.4.1/bin/../lib/gcc/arm-none-eabi/5.4.1/armv7-m\libgcc.a
LOAD c:/program files (x86)/cypress/psoc creator/4.4/psoc creator/import/gnu/arm/5.4.1/bin/../lib/gcc/arm-none-eabi/5.4.1/../../../../arm-none-eabi/lib/armv7-m\libc_nano.a
END GROUP
LOAD c:/program files (x86)/cypress/psoc creator/4.4/psoc creator/import/gnu/arm/5.4.1/bin/../lib/gcc/arm-none-eabi/5.4.1/armv7-m/crtend.o
LOAD c:/program files (x86)/cypress/psoc creator/4.4/psoc creator/import/gnu/arm/5.4.1/bin/../lib/gcc/arm-none-eabi/5.4.1/armv7-m/crtn.o
START GROUP
LOAD c:/program files (x86)/cypress/psoc creator/4.4/psoc creator/import/gnu/arm/5.4.1/bin/../lib/gcc/arm-none-eabi/5.4.1/armv7-m\libgcc.a
LOAD c:/program files (x86)/cypress/psoc creator/4.4/psoc creator/import/gnu/arm/5.4.1/bin/../lib/gcc/arm-none-eabi/5.4.1/../../../../arm-none-eabi/lib/armv7-m\libc.a
LOAD c:/program files (x86)/cypress/psoc creator/4.4/psoc creator/import/gnu/arm/5.4.1/bin/../lib/gcc/arm-none-eabi/5.4.1/../../../../arm-none-eabi/lib/armv7-m\libnosys.a
END GROUP
                0x00000000                CY_APPL_ORIGIN = 0x0
                0x00000100                CY_FLASH_ROW_SIZE = 0x100
                0x00000020                CY_ECC_ROW_SIZE = 0x20
                0x00000000                CY_EE_IN_BTLDR = 0x0
                0x00000000                CY_APPL_LOADABLE = 0x0
                0x00000800                CY_EE_SIZE = 0x800
                0x00000001                CY_APPL_NUM = 0x1
                0x00000001                CY_APPL_MAX = 0x1
                0x00000040                CY_METADATA_SIZE = 0x40
                0x00000000                CY_APPL_LOADABLE = 0x0
                0x00000000                CY_CHECKSUM_EXCLUDE_SIZE = ALIGN (0x0, CY_FLASH_ROW_SIZE)
                [!provide]                PROVIDE (__cy_heap_start, _end)
                0x00000001                PROVIDE (__cy_region_num, ((__cy_regions_end - __cy_regions) / 0x10))
                0x20008000                PROVIDE (__cy_stack, (ORIGIN (ram) + LENGTH (ram)))
                [!provide]                PROVIDE (__cy_heap_end, (__cy_stack - 0x800))

.cybootloader   0x00000000        0x0
 *(.cybootloader)
                0x00000000                appl1_start = CY_APPL_ORIGIN?CY_APPL_ORIGIN:ALIGN (CY_FLASH_ROW_SIZE)
                0x0001ff00                appl2_start = (appl1_start + ALIGN ((((LENGTH (rom) - appl1_start) - (0x2 * CY_FLASH_ROW_SIZE)) / 0x2), CY_FLASH_ROW_SIZE))
                0x00000000                appl_start = (CY_APPL_NUM == 0x1)?appl1_start:appl2_start
                0x00000000                ecc_offset = ((appl_start / CY_FLASH_ROW_SIZE) * CY_ECC_ROW_SIZE)
                0x00000000                ee_offset = (CY_APPL_LOADABLE && ! (CY_EE_IN_BTLDR))?((CY_EE_SIZE / CY_APPL_MAX) * (CY_APPL_NUM - 0x1)):0x0
                0x00000800                ee_size = (CY_APPL_LOADABLE && ! (CY_EE_IN_BTLDR))?(CY_EE_SIZE / CY_APPL_MAX):CY_EE_SIZE
                [!provide]                PROVIDE (CY_ECC_OFFSET, ecc_offset)

.text           0x00000000     0x6fba
 CREATE_OBJECT_SYMBOLS
                0x00000000                PROVIDE (__cy_interrupt_vector, RomVectors)
 *(.romvectors)
 .romvectors    0x00000000       0x10 .\ARM_GCC_541\Debug\Cm3Start.o
                0x00000000                RomVectors
                0x00000001                ASSERT ((. != __cy_interrupt_vector), No interrupt vector)
                0x00000001                ASSERT (CY_APPL_ORIGIN?(SIZEOF (.cybootloader) <= CY_APPL_ORIGIN):0x1, Wrong image location)
                0x00000010                PROVIDE (__cy_reset, Reset)
 *(.text.Reset)
 .text.Reset    0x00000010       0x18 .\ARM_GCC_541\Debug\Cm3Start.o
                0x00000010                Reset
                0x00000001                ASSERT ((. != __cy_reset), No reset code)
 *(.dma_init)
                0x00000001                ASSERT ((((appl_start + .) <= 0x10000) || 0x1), DMA Init must be within the first 64k of flash)
 *(.text .text.* .gnu.linkonce.t.*)
 .text          0x00000028       0x5c c:/program files (x86)/cypress/psoc creator/4.4/psoc creator/import/gnu/arm/5.4.1/bin/../lib/gcc/arm-none-eabi/5.4.1/armv7-m/crtbegin.o
 .text.App_ProbeInit
                0x00000084       0x18 .\ARM_GCC_541\Debug\app_probe.o
                0x00000084                App_ProbeInit
 .text.Pin_BP01_Handler
                0x0000009c       0x24 .\ARM_GCC_541\Debug\app.o
                0x0000009c                Pin_BP01_Handler
 .text.Pin_BP02_Handler
                0x000000c0       0x24 .\ARM_GCC_541\Debug\app.o
                0x000000c0                Pin_BP02_Handler
 .text.main     0x000000e4       0x7c .\ARM_GCC_541\Debug\app.o
                0x000000e4                main
 .text.App_TaskStart
                0x00000160       0x4c .\ARM_GCC_541\Debug\app.o
 .text.App_TaskCreate
                0x000001ac      0x158 .\ARM_GCC_541\Debug\app.o
 .text.App_Task_SV01
                0x00000304       0x98 .\ARM_GCC_541\Debug\app.o
 .text.App_Task_SP01
                0x0000039c       0xe4 .\ARM_GCC_541\Debug\app.o
 .text.App_Task_SV02
                0x00000480       0x9c .\ARM_GCC_541\Debug\app.o
 .text.App_Task_SP02
                0x0000051c       0xe8 .\ARM_GCC_541\Debug\app.o
 .text.App_ObjCreate
                0x00000604        0xc .\ARM_GCC_541\Debug\app.o
 .text.App_TaskUserIF
                0x00000610      0x3b8 .\ARM_GCC_541\Debug\app.o
 .text.go_to_E1
                0x000009c8       0x5c .\ARM_GCC_541\Debug\app.o
                0x000009c8                go_to_E1
 .text.go_to_E2
                0x00000a24       0x5c .\ARM_GCC_541\Debug\app.o
                0x00000a24                go_to_E2
 .text.go_to_E3
                0x00000a80       0x5c .\ARM_GCC_541\Debug\app.o
                0x00000a80                go_to_E3
 .text.BSP_PreInit
                0x00000adc       0x40 .\ARM_GCC_541\Debug\bsp.o
                0x00000adc                BSP_PreInit
 .text.BSP_PostInit
                0x00000b1c        0xc .\ARM_GCC_541\Debug\bsp.o
                0x00000b1c                BSP_PostInit
 .text.BSP_CPU_TickInit
                0x00000b28       0x2c .\ARM_GCC_541\Debug\bsp.o
                0x00000b28                BSP_CPU_TickInit
 .text.BSP_CPU_ClkFreq
                0x00000b54       0x14 .\ARM_GCC_541\Debug\bsp.o
                0x00000b54                BSP_CPU_ClkFreq
 .text.BSP_LED_Off
                0x00000b68       0x90 .\ARM_GCC_541\Debug\bsp.o
                0x00000b68                BSP_LED_Off
 .text.BSP_LED_Toggle
                0x00000bf8       0x94 .\ARM_GCC_541\Debug\bsp.o
                0x00000bf8                BSP_LED_Toggle
 .text.BSP_PB_StatusGet
                0x00000c8c       0x5c .\ARM_GCC_541\Debug\bsp.o
                0x00000c8c                BSP_PB_StatusGet
 .text.CPU_TS_TmrInit
                0x00000ce8       0x3c .\ARM_GCC_541\Debug\cpu_bsp.o
                0x00000ce8                CPU_TS_TmrInit
 .text.CPU_TS_TmrRd
                0x00000d24       0x1c .\ARM_GCC_541\Debug\cpu_bsp.o
                0x00000d24                CPU_TS_TmrRd
 .text.CPU_Init
                0x00000d40       0x10 .\ARM_GCC_541\Debug\cpu_core.o
                0x00000d40                CPU_Init
 .text.CPU_NameClr
                0x00000d50       0x2c .\ARM_GCC_541\Debug\cpu_core.o
                0x00000d50                CPU_NameClr
 .text.CPU_TS_TmrFreqSet
                0x00000d7c       0x1c .\ARM_GCC_541\Debug\cpu_core.o
                0x00000d7c                CPU_TS_TmrFreqSet
 .text.CPU_NameInit
                0x00000d98        0xc .\ARM_GCC_541\Debug\cpu_core.o
 .text.CPU_TS_Init
                0x00000da4       0x18 .\ARM_GCC_541\Debug\cpu_core.o
 .text.ASCII_IsPrint
                0x00000dbc       0x2c .\ARM_GCC_541\Debug\lib_ascii.o
                0x00000dbc                ASCII_IsPrint
 .text.Mem_Clr  0x00000de8       0x1c .\ARM_GCC_541\Debug\lib_mem.o
                0x00000de8                Mem_Clr
 .text.Mem_Set  0x00000e04       0xb4 .\ARM_GCC_541\Debug\lib_mem.o
                0x00000e04                Mem_Set
 .text.Mem_Copy
                0x00000eb8       0xd8 .\ARM_GCC_541\Debug\lib_mem.o
                0x00000eb8                Mem_Copy
 .text.Str_Copy
                0x00000f90       0x24 .\ARM_GCC_541\Debug\lib_str.o
                0x00000f90                Str_Copy
 .text.Str_Copy_N
                0x00000fb4       0x90 .\ARM_GCC_541\Debug\lib_str.o
                0x00000fb4                Str_Copy_N
 .text.Str_FmtNbr_Int32U
                0x00001044       0x44 .\ARM_GCC_541\Debug\lib_str.o
                0x00001044                Str_FmtNbr_Int32U
 .text.Str_FmtNbr_Int32
                0x00001088      0x274 .\ARM_GCC_541\Debug\lib_str.o
 .text.OS_Dbg_Init
                0x000012fc      0x240 .\ARM_GCC_541\Debug\os_dbg.o
                0x000012fc                OS_Dbg_Init
 .text.OSInit   0x0000153c      0x1ec .\ARM_GCC_541\Debug\os_core.o
                0x0000153c                OSInit
 .text.OSIntExit
                0x00001728       0xe0 .\ARM_GCC_541\Debug\os_core.o
                0x00001728                OSIntExit
 .text.OSSched  0x00001808       0xac .\ARM_GCC_541\Debug\os_core.o
                0x00001808                OSSched
 .text.OSSchedLock
                0x000018b4       0x74 .\ARM_GCC_541\Debug\os_core.o
                0x000018b4                OSSchedLock
 .text.OSSchedUnlock
                0x00001928       0x90 .\ARM_GCC_541\Debug\os_core.o
                0x00001928                OSSchedUnlock
 .text.OSStart  0x000019b8       0x80 .\ARM_GCC_541\Debug\os_core.o
                0x000019b8                OSStart
 .text.OSVersion
                0x00001a38       0x1c .\ARM_GCC_541\Debug\os_core.o
                0x00001a38                OSVersion
 .text.OS_IdleTask
                0x00001a54       0x3c .\ARM_GCC_541\Debug\os_core.o
                0x00001a54                OS_IdleTask
 .text.OS_IdleTaskInit
                0x00001a90       0x68 .\ARM_GCC_541\Debug\os_core.o
                0x00001a90                OS_IdleTaskInit
 .text.OS_Pend  0x00001af8       0x84 .\ARM_GCC_541\Debug\os_core.o
                0x00001af8                OS_Pend
 .text.OS_PendDataInit
                0x00001b7c       0x68 .\ARM_GCC_541\Debug\os_core.o
                0x00001b7c                OS_PendDataInit
 .text.OS_PendDbgNameAdd
                0x00001be4       0x7c .\ARM_GCC_541\Debug\os_core.o
                0x00001be4                OS_PendDbgNameAdd
 .text.OS_PendDbgNameRemove
                0x00001c60       0x48 .\ARM_GCC_541\Debug\os_core.o
                0x00001c60                OS_PendDbgNameRemove
 .text.OS_PendListInit
                0x00001ca8       0x24 .\ARM_GCC_541\Debug\os_core.o
                0x00001ca8                OS_PendListInit
 .text.OS_PendListInsertPrio
                0x00001ccc       0xe8 .\ARM_GCC_541\Debug\os_core.o
                0x00001ccc                OS_PendListInsertPrio
 .text.OS_PendListRemove
                0x00001db4       0x50 .\ARM_GCC_541\Debug\os_core.o
                0x00001db4                OS_PendListRemove
 .text.OS_PendListRemove1
                0x00001e04       0x94 .\ARM_GCC_541\Debug\os_core.o
                0x00001e04                OS_PendListRemove1
 .text.OS_Post  0x00001e98      0x118 .\ARM_GCC_541\Debug\os_core.o
                0x00001e98                OS_Post
 .text.OS_Post1
                0x00001fb0       0x5c .\ARM_GCC_541\Debug\os_core.o
                0x00001fb0                OS_Post1
 .text.OS_RdyListInit
                0x0000200c       0x48 .\ARM_GCC_541\Debug\os_core.o
                0x0000200c                OS_RdyListInit
 .text.OS_RdyListInsert
                0x00002054       0x3c .\ARM_GCC_541\Debug\os_core.o
                0x00002054                OS_RdyListInsert
 .text.OS_RdyListInsertHead
                0x00002090       0x80 .\ARM_GCC_541\Debug\os_core.o
                0x00002090                OS_RdyListInsertHead
 .text.OS_RdyListInsertTail
                0x00002110       0x80 .\ARM_GCC_541\Debug\os_core.o
                0x00002110                OS_RdyListInsertTail
 .text.OS_RdyListMoveHeadToTail
                0x00002190       0x90 .\ARM_GCC_541\Debug\os_core.o
                0x00002190                OS_RdyListMoveHeadToTail
 .text.OS_RdyListRemove
                0x00002220       0xb0 .\ARM_GCC_541\Debug\os_core.o
                0x00002220                OS_RdyListRemove
 .text.OS_SchedRoundRobin
                0x000022d0       0xc8 .\ARM_GCC_541\Debug\os_core.o
                0x000022d0                OS_SchedRoundRobin
 .text.OS_TaskBlock
                0x00002398       0x50 .\ARM_GCC_541\Debug\os_core.o
                0x00002398                OS_TaskBlock
 .text.OS_TaskRdy
                0x000023e8       0x2c .\ARM_GCC_541\Debug\os_core.o
                0x000023e8                OS_TaskRdy
 .text.OS_FlagInit
                0x00002414       0x2c .\ARM_GCC_541\Debug\os_flag.o
                0x00002414                OS_FlagInit
 .text.OS_MemInit
                0x00002440       0x2c .\ARM_GCC_541\Debug\os_mem.o
                0x00002440                OS_MemInit
 .text.OS_MsgPoolInit
                0x0000246c       0xcc .\ARM_GCC_541\Debug\os_msg.o
                0x0000246c                OS_MsgPoolInit
 .text.OS_MsgQFreeAll
                0x00002538       0x74 .\ARM_GCC_541\Debug\os_msg.o
                0x00002538                OS_MsgQFreeAll
 .text.OS_MsgQInit
                0x000025ac       0x34 .\ARM_GCC_541\Debug\os_msg.o
                0x000025ac                OS_MsgQInit
 .text.OS_MutexInit
                0x000025e0       0x2c .\ARM_GCC_541\Debug\os_mutex.o
                0x000025e0                OS_MutexInit
 .text.OS_PrioInit
                0x0000260c       0x30 .\ARM_GCC_541\Debug\os_prio.o
                0x0000260c                OS_PrioInit
 .text.OS_PrioGetHighest
                0x0000263c       0x48 .\ARM_GCC_541\Debug\os_prio.o
                0x0000263c                OS_PrioGetHighest
 .text.OS_PrioInsert
                0x00002684       0x4c .\ARM_GCC_541\Debug\os_prio.o
                0x00002684                OS_PrioInsert
 .text.OS_PrioRemove
                0x000026d0       0x50 .\ARM_GCC_541\Debug\os_prio.o
                0x000026d0                OS_PrioRemove
 .text.OS_QInit
                0x00002720       0x2c .\ARM_GCC_541\Debug\os_q.o
                0x00002720                OS_QInit
 .text.OSSemCreate
                0x0000274c       0x8c .\ARM_GCC_541\Debug\os_sem.o
                0x0000274c                OSSemCreate
 .text.OSSemPend
                0x000027d8      0x1b0 .\ARM_GCC_541\Debug\os_sem.o
                0x000027d8                OSSemPend
 .text.OSSemPost
                0x00002988       0x6c .\ARM_GCC_541\Debug\os_sem.o
                0x00002988                OSSemPost
 .text.OS_SemDbgListAdd
                0x000029f4       0x4c .\ARM_GCC_541\Debug\os_sem.o
                0x000029f4                OS_SemDbgListAdd
 .text.OS_SemInit
                0x00002a40       0x2c .\ARM_GCC_541\Debug\os_sem.o
                0x00002a40                OS_SemInit
 .text.OS_SemPost
                0x00002a6c       0xe0 .\ARM_GCC_541\Debug\os_sem.o
                0x00002a6c                OS_SemPost
 .text.OSStatReset
                0x00002b4c      0x11c .\ARM_GCC_541\Debug\os_stat.o
                0x00002b4c                OSStatReset
 .text.OSStatTaskCPUUsageInit
                0x00002c68       0xfc .\ARM_GCC_541\Debug\os_stat.o
                0x00002c68                OSStatTaskCPUUsageInit
 .text.OS_StatTask
                0x00002d64      0x314 .\ARM_GCC_541\Debug\os_stat.o
                0x00002d64                OS_StatTask
 .text.OS_StatTaskInit
                0x00003078       0xd4 .\ARM_GCC_541\Debug\os_stat.o
                0x00003078                OS_StatTaskInit
 .text.OSTaskCreate
                0x0000314c      0x210 .\ARM_GCC_541\Debug\os_task.o
                0x0000314c                OSTaskCreate
 .text.OSTaskDel
                0x0000335c      0x13c .\ARM_GCC_541\Debug\os_task.o
                0x0000335c                OSTaskDel
 .text.OSTaskResume
                0x00003498       0x64 .\ARM_GCC_541\Debug\os_task.o
                0x00003498                OSTaskResume
 .text.OSTaskSemPend
                0x000034fc      0x1e0 .\ARM_GCC_541\Debug\os_task.o
                0x000034fc                OSTaskSemPend
 .text.OSTaskSemPost
                0x000036dc       0x48 .\ARM_GCC_541\Debug\os_task.o
                0x000036dc                OSTaskSemPost
 .text.OSTaskStkChk
                0x00003724       0xf0 .\ARM_GCC_541\Debug\os_task.o
                0x00003724                OSTaskStkChk
 .text.OSTaskSuspend
                0x00003814       0x44 .\ARM_GCC_541\Debug\os_task.o
                0x00003814                OSTaskSuspend
 .text.OS_TaskDbgListAdd
                0x00003858       0x4c .\ARM_GCC_541\Debug\os_task.o
                0x00003858                OS_TaskDbgListAdd
 .text.OS_TaskDbgListRemove
                0x000038a4       0x84 .\ARM_GCC_541\Debug\os_task.o
                0x000038a4                OS_TaskDbgListRemove
 .text.OS_TaskInit
                0x00003928       0x38 .\ARM_GCC_541\Debug\os_task.o
                0x00003928                OS_TaskInit
 .text.OS_TaskInitTCB
                0x00003960      0x198 .\ARM_GCC_541\Debug\os_task.o
                0x00003960                OS_TaskInitTCB
 .text.OS_TaskResume
                0x00003af8      0x124 .\ARM_GCC_541\Debug\os_task.o
                0x00003af8                OS_TaskResume
 .text.OS_TaskReturn
                0x00003c1c       0x28 .\ARM_GCC_541\Debug\os_task.o
                0x00003c1c                OS_TaskReturn
 .text.OS_TaskSemPost
                0x00003c44      0x128 .\ARM_GCC_541\Debug\os_task.o
                0x00003c44                OS_TaskSemPost
 .text.OS_TaskSuspend
                0x00003d6c      0x118 .\ARM_GCC_541\Debug\os_task.o
                0x00003d6c                OS_TaskSuspend
 .text.OS_TickTask
                0x00003e84       0x30 .\ARM_GCC_541\Debug\os_tick.o
                0x00003e84                OS_TickTask
 .text.OS_TickTaskInit
                0x00003eb4       0xb8 .\ARM_GCC_541\Debug\os_tick.o
                0x00003eb4                OS_TickTaskInit
 .text.OS_TickListInit
                0x00003f6c       0x4c .\ARM_GCC_541\Debug\os_tick.o
                0x00003f6c                OS_TickListInit
 .text.OS_TickListInsert
                0x00003fb8      0x1f0 .\ARM_GCC_541\Debug\os_tick.o
                0x00003fb8                OS_TickListInsert
 .text.OS_TickListRemove
                0x000041a8       0x8c .\ARM_GCC_541\Debug\os_tick.o
                0x000041a8                OS_TickListRemove
 .text.OS_TickListResetPeak
                0x00004234       0x40 .\ARM_GCC_541\Debug\os_tick.o
                0x00004234                OS_TickListResetPeak
 .text.OS_TickListUpdate
                0x00004274      0x1f8 .\ARM_GCC_541\Debug\os_tick.o
                0x00004274                OS_TickListUpdate
 .text.OSTimeDly
                0x0000446c       0xe4 .\ARM_GCC_541\Debug\os_time.o
                0x0000446c                OSTimeDly
 .text.OSTimeDlyHMSM
                0x00004550      0x200 .\ARM_GCC_541\Debug\os_time.o
                0x00004550                OSTimeDlyHMSM
 .text.OSTimeTick
                0x00004750       0x74 .\ARM_GCC_541\Debug\os_time.o
                0x00004750                OSTimeTick
 .text.OS_TmrInit
                0x000047c4      0x140 .\ARM_GCC_541\Debug\os_tmr.o
                0x000047c4                OS_TmrInit
 .text.OS_TmrLink
                0x00004904      0x168 .\ARM_GCC_541\Debug\os_tmr.o
                0x00004904                OS_TmrLink
 .text.OS_TmrResetPeak
                0x00004a6c       0x40 .\ARM_GCC_541\Debug\os_tmr.o
                0x00004a6c                OS_TmrResetPeak
 .text.OS_TmrUnlink
                0x00004aac       0x9c .\ARM_GCC_541\Debug\os_tmr.o
                0x00004aac                OS_TmrUnlink
 .text.OS_TmrTask
                0x00004b48      0x104 .\ARM_GCC_541\Debug\os_tmr.o
                0x00004b48                OS_TmrTask
 .text.OSCfg_Init
                0x00004c4c        0xc .\ARM_GCC_541\Debug\os_cfg_app.o
                0x00004c4c                OSCfg_Init
 .text.ProbeRS232_InitTarget
                0x00004c58       0x34 .\ARM_GCC_541\Debug\probe_rs232c.o
                0x00004c58                ProbeRS232_InitTarget
 .text.ProbeRS232_RxISRHandler
                0x00004c8c       0x20 .\ARM_GCC_541\Debug\probe_rs232c.o
                0x00004c8c                ProbeRS232_RxISRHandler
 .text.ProbeRS232_RxIntEn
                0x00004cac        0xc .\ARM_GCC_541\Debug\probe_rs232c.o
                0x00004cac                ProbeRS232_RxIntEn
 .text.ProbeRS232_TxISRHandler
                0x00004cb8        0xc .\ARM_GCC_541\Debug\probe_rs232c.o
                0x00004cb8                ProbeRS232_TxISRHandler
 .text.ProbeRS232_Tx1
                0x00004cc4       0x20 .\ARM_GCC_541\Debug\probe_rs232c.o
                0x00004cc4                ProbeRS232_Tx1
 .text.ProbeRS232_TxIntDis
                0x00004ce4        0xc .\ARM_GCC_541\Debug\probe_rs232c.o
                0x00004ce4                ProbeRS232_TxIntDis
 .text.ProbeRS232_TxIntEn
                0x00004cf0        0xc .\ARM_GCC_541\Debug\probe_rs232c.o
                0x00004cf0                ProbeRS232_TxIntEn
 .text.ProbeRS232_OS_Init
                0x00004cfc       0x78 .\ARM_GCC_541\Debug\probe_rs232_os.o
                0x00004cfc                ProbeRS232_OS_Init
 .text.ProbeRS232_OS_Pend
                0x00004d74       0x24 .\ARM_GCC_541\Debug\probe_rs232_os.o
                0x00004d74                ProbeRS232_OS_Pend
 .text.ProbeRS232_OS_Post
                0x00004d98       0x20 .\ARM_GCC_541\Debug\probe_rs232_os.o
                0x00004d98                ProbeRS232_OS_Post
 .text.ProbeRS232_OS_Task
                0x00004db8       0x14 .\ARM_GCC_541\Debug\probe_rs232_os.o
 .text.ProbeRS232_Init
                0x00004dcc       0x70 .\ARM_GCC_541\Debug\probe_rs232.o
                0x00004dcc                ProbeRS232_Init
 .text.ProbeRS232_Task
                0x00004e3c       0x28 .\ARM_GCC_541\Debug\probe_rs232.o
                0x00004e3c                ProbeRS232_Task
 .text.ProbeRS232_RxHandler
                0x00004e64      0x168 .\ARM_GCC_541\Debug\probe_rs232.o
                0x00004e64                ProbeRS232_RxHandler
 .text.ProbeRS232_TxHandler
                0x00004fcc      0x19c .\ARM_GCC_541\Debug\probe_rs232.o
                0x00004fcc                ProbeRS232_TxHandler
 .text.ProbeRS232_ParseRxPkt
                0x00005168       0x44 .\ARM_GCC_541\Debug\probe_rs232.o
 .text.ProbeRS232_RxPkt
                0x000051ac        0xc .\ARM_GCC_541\Debug\probe_rs232.o
 .text.ProbeRS232_RxStoINT8U
                0x000051b8       0x38 .\ARM_GCC_541\Debug\probe_rs232.o
 .text.ProbeRS232_RxBufClr
                0x000051f0       0x18 .\ARM_GCC_541\Debug\probe_rs232.o
 .text.ProbeRS232_TxStart
                0x00005208       0x1c .\ARM_GCC_541\Debug\probe_rs232.o
 .text.ProbeCom_Init
                0x00005224       0x64 .\ARM_GCC_541\Debug\probe_com.o
                0x00005224                ProbeCom_Init
 .text.ProbeCom_ParseRxPkt
                0x00005288       0xf0 .\ARM_GCC_541\Debug\probe_com.o
                0x00005288                ProbeCom_ParseRxPkt
 .text.ProbeCom_PktModifier
                0x00005378       0x18 .\ARM_GCC_541\Debug\probe_com.o
 .text.ProbeCom_ReqErr
                0x00005390       0x54 .\ARM_GCC_541\Debug\probe_com.o
 .text.ProbeCom_ReqQuery
                0x000053e4      0x1c4 .\ARM_GCC_541\Debug\probe_com.o
 .text.ProbeCom_ReqRd
                0x000055a8       0xc0 .\ARM_GCC_541\Debug\probe_com.o
 .text.ProbeCom_ReqRdMulti
                0x00005668      0x118 .\ARM_GCC_541\Debug\probe_com.o
 .text.ProbeCom_ReqWr
                0x00005780       0xd0 .\ARM_GCC_541\Debug\probe_com.o
 .text.ProbeCom_ReqWrMulti
                0x00005850      0x128 .\ARM_GCC_541\Debug\probe_com.o
 .text.ProbeCom_GetINT08U
                0x00005978       0x20 .\ARM_GCC_541\Debug\probe_com.o
 .text.ProbeCom_GetINT16U
                0x00005998       0x30 .\ARM_GCC_541\Debug\probe_com.o
 .text.ProbeCom_GetINT32U
                0x000059c8       0x2c .\ARM_GCC_541\Debug\probe_com.o
 .text.ProbeCom_StoINT08U
                0x000059f4       0x24 .\ARM_GCC_541\Debug\probe_com.o
 .text.ProbeCom_StoINT16U
                0x00005a18       0x30 .\ARM_GCC_541\Debug\probe_com.o
 .text.CYMEMZERO
                0x00005a48       0x1c .\ARM_GCC_541\Debug\cyfitter_cfg.o
 .text.CYCONFIGCPY
                0x00005a64       0x20 .\ARM_GCC_541\Debug\cyfitter_cfg.o
 .text.CyClockStartupError
                0x00005a84        0xc .\ARM_GCC_541\Debug\cyfitter_cfg.o
 .text.cfg_write_bytes32
                0x00005a90       0x74 .\ARM_GCC_541\Debug\cyfitter_cfg.o
 .text.ClockSetup
                0x00005b04      0x100 .\ARM_GCC_541\Debug\cyfitter_cfg.o
 .text.AnalogSetDefault
                0x00005c04       0x44 .\ARM_GCC_541\Debug\cyfitter_cfg.o
 .text.cyfitter_cfg
                0x00005c48      0x1ac .\ARM_GCC_541\Debug\cyfitter_cfg.o
                0x00005c48                cyfitter_cfg
 .text.IntDefaultHandler
                0x00005df4       0x14 .\ARM_GCC_541\Debug\Cm3Start.o
                0x00005df4                IntDefaultHandler
 .text.Start_c  0x00005e08       0x98 .\ARM_GCC_541\Debug\Cm3Start.o
                0x00005e08                Start_c
 .text.initialize_psoc
                0x00005ea0       0x90 .\ARM_GCC_541\Debug\Cm3Start.o
                0x00005ea0                initialize_psoc
 .text          0x00005f30       0x34 .\ARM_GCC_541\Debug\cpu_a.o
                0x00005f30                CPU_IntDis
                0x00005f34                CPU_IntEn
                0x00005f38                CPU_SR_Save
                0x00005f40                CPU_SR_Restore
                0x00005f46                CPU_WaitForInt
                0x00005f4a                CPU_WaitForExcept
                0x00005f4e                CPU_CntLeadZeros
                0x00005f54                CPU_CntTrailZeros
                0x00005f5e                CPU_RevBits
 .text.LED_Status_Write
                0x00005f64       0x20 .\ARM_GCC_541\Debug\Pratica03-uCOS-III.a(LED_Status.o)
                0x00005f64                LED_Status_Write
 .text.LED_Status_Read
                0x00005f84       0x18 .\ARM_GCC_541\Debug\Pratica03-uCOS-III.a(LED_Status.o)
                0x00005f84                LED_Status_Read
 .text.LCD_Disp_Init
                0x00005f9c       0x70 .\ARM_GCC_541\Debug\Pratica03-uCOS-III.a(LCD_Disp.o)
                0x00005f9c                LCD_Disp_Init
 .text.LCD_Disp_Enable
                0x0000600c       0x18 .\ARM_GCC_541\Debug\Pratica03-uCOS-III.a(LCD_Disp.o)
                0x0000600c                LCD_Disp_Enable
 .text.LCD_Disp_Start
                0x00006024       0x24 .\ARM_GCC_541\Debug\Pratica03-uCOS-III.a(LCD_Disp.o)
                0x00006024                LCD_Disp_Start
 .text.LCD_Disp_Position
                0x00006048       0x70 .\ARM_GCC_541\Debug\Pratica03-uCOS-III.a(LCD_Disp.o)
                0x00006048                LCD_Disp_Position
 .text.LCD_Disp_PrintString
                0x000060b8       0x3c .\ARM_GCC_541\Debug\Pratica03-uCOS-III.a(LCD_Disp.o)
                0x000060b8                LCD_Disp_PrintString
 .text.LCD_Disp_WriteData
                0x000060f4       0x34 .\ARM_GCC_541\Debug\Pratica03-uCOS-III.a(LCD_Disp.o)
                0x000060f4                LCD_Disp_WriteData
 .text.LCD_Disp_WriteControl
                0x00006128       0x34 .\ARM_GCC_541\Debug\Pratica03-uCOS-III.a(LCD_Disp.o)
                0x00006128                LCD_Disp_WriteControl
 .text.LCD_Disp_IsReady
                0x0000615c      0x178 .\ARM_GCC_541\Debug\Pratica03-uCOS-III.a(LCD_Disp.o)
                0x0000615c                LCD_Disp_IsReady
 .text.LCD_Disp_WrDatNib
                0x000062d4       0x78 .\ARM_GCC_541\Debug\Pratica03-uCOS-III.a(LCD_Disp.o)
 .text.LCD_Disp_WrCntrlNib
                0x0000634c       0x64 .\ARM_GCC_541\Debug\Pratica03-uCOS-III.a(LCD_Disp.o)
 .text.CyDelay  0x000063b0       0x44 .\ARM_GCC_541\Debug\Pratica03-uCOS-III.a(CyLib.o)
                0x000063b0                CyDelay
 .text.CyDelayUs
                0x000063f4       0x28 .\ARM_GCC_541\Debug\Pratica03-uCOS-III.a(CyLib.o)
                0x000063f4                CyDelayUs
 .text.ProbeUART_Start
                0x0000641c       0x24 .\ARM_GCC_541\Debug\Pratica03-uCOS-III.a(ProbeUART.o)
                0x0000641c                ProbeUART_Start
 .text.ProbeUART_Init
                0x00006440       0x40 .\ARM_GCC_541\Debug\Pratica03-uCOS-III.a(ProbeUART.o)
                0x00006440                ProbeUART_Init
 .text.ProbeUART_Enable
                0x00006480       0x60 .\ARM_GCC_541\Debug\Pratica03-uCOS-III.a(ProbeUART.o)
                0x00006480                ProbeUART_Enable
 .text.ProbeUART_ReadRxData
                0x000064e0       0x1c .\ARM_GCC_541\Debug\Pratica03-uCOS-III.a(ProbeUART.o)
                0x000064e0                ProbeUART_ReadRxData
 .text.ProbeUART_ReadRxStatus
                0x000064fc       0x24 .\ARM_GCC_541\Debug\Pratica03-uCOS-III.a(ProbeUART.o)
                0x000064fc                ProbeUART_ReadRxStatus
 .text.ProbeUART_GetByte
                0x00006520       0x20 .\ARM_GCC_541\Debug\Pratica03-uCOS-III.a(ProbeUART.o)
                0x00006520                ProbeUART_GetByte
 .text.ProbeUART_PutChar
                0x00006540       0x34 .\ARM_GCC_541\Debug\Pratica03-uCOS-III.a(ProbeUART.o)
                0x00006540                ProbeUART_PutChar
 .text.ProbeUART_TxISR_Start
                0x00006574       0x20 .\ARM_GCC_541\Debug\Pratica03-uCOS-III.a(ProbeUART_TxISR.o)
                0x00006574                ProbeUART_TxISR_Start
 .text.ProbeUART_TxISR_Interrupt
                0x00006594        0xc .\ARM_GCC_541\Debug\Pratica03-uCOS-III.a(ProbeUART_TxISR.o)
                0x00006594                ProbeUART_TxISR_Interrupt
 .text.ProbeUART_TxISR_SetVector
                0x000065a0       0x24 .\ARM_GCC_541\Debug\Pratica03-uCOS-III.a(ProbeUART_TxISR.o)
                0x000065a0                ProbeUART_TxISR_SetVector
 .text.ProbeUART_TxISR_SetPriority
                0x000065c4       0x24 .\ARM_GCC_541\Debug\Pratica03-uCOS-III.a(ProbeUART_TxISR.o)
                0x000065c4                ProbeUART_TxISR_SetPriority
 .text.ProbeUART_TxISR_Enable
                0x000065e8       0x18 .\ARM_GCC_541\Debug\Pratica03-uCOS-III.a(ProbeUART_TxISR.o)
                0x000065e8                ProbeUART_TxISR_Enable
 .text.ProbeUART_TxISR_Disable
                0x00006600       0x18 .\ARM_GCC_541\Debug\Pratica03-uCOS-III.a(ProbeUART_TxISR.o)
                0x00006600                ProbeUART_TxISR_Disable
 .text.ProbeUART_TxISR_ClearPending
                0x00006618       0x18 .\ARM_GCC_541\Debug\Pratica03-uCOS-III.a(ProbeUART_TxISR.o)
                0x00006618                ProbeUART_TxISR_ClearPending
 .text.ProbeUART_RxISR_Start
                0x00006630       0x20 .\ARM_GCC_541\Debug\Pratica03-uCOS-III.a(ProbeUART_RxISR.o)
                0x00006630                ProbeUART_RxISR_Start
 .text.ProbeUART_RxISR_Interrupt
                0x00006650        0xc .\ARM_GCC_541\Debug\Pratica03-uCOS-III.a(ProbeUART_RxISR.o)
                0x00006650                ProbeUART_RxISR_Interrupt
 .text.ProbeUART_RxISR_SetVector
                0x0000665c       0x24 .\ARM_GCC_541\Debug\Pratica03-uCOS-III.a(ProbeUART_RxISR.o)
                0x0000665c                ProbeUART_RxISR_SetVector
 .text.ProbeUART_RxISR_SetPriority
                0x00006680       0x24 .\ARM_GCC_541\Debug\Pratica03-uCOS-III.a(ProbeUART_RxISR.o)
                0x00006680                ProbeUART_RxISR_SetPriority
 .text.ProbeUART_RxISR_Enable
                0x000066a4       0x18 .\ARM_GCC_541\Debug\Pratica03-uCOS-III.a(ProbeUART_RxISR.o)
                0x000066a4                ProbeUART_RxISR_Enable
 .text.ProbeUART_RxISR_Disable
                0x000066bc       0x18 .\ARM_GCC_541\Debug\Pratica03-uCOS-III.a(ProbeUART_RxISR.o)
                0x000066bc                ProbeUART_RxISR_Disable
 .text.ProbeUART_RxISR_ClearPending
                0x000066d4       0x18 .\ARM_GCC_541\Debug\Pratica03-uCOS-III.a(ProbeUART_RxISR.o)
                0x000066d4                ProbeUART_RxISR_ClearPending
 .text.PB_2_Read
                0x000066ec       0x20 .\ARM_GCC_541\Debug\Pratica03-uCOS-III.a(PB_2.o)
                0x000066ec                PB_2_Read
 .text.PB_3_Read
                0x0000670c       0x20 .\ARM_GCC_541\Debug\Pratica03-uCOS-III.a(PB_3.o)
                0x0000670c                PB_3_Read
 .text.ProbeUART_IntClock_Start
                0x0000672c       0x34 .\ARM_GCC_541\Debug\Pratica03-uCOS-III.a(ProbeUART_IntClock.o)
                0x0000672c                ProbeUART_IntClock_Start
 .text.Pin_SV01_VE_Write
                0x00006760       0x3c .\ARM_GCC_541\Debug\Pratica03-uCOS-III.a(Pin_SV01_VE.o)
                0x00006760                Pin_SV01_VE_Write
 .text.Pin_BP01_ClearInterrupt
                0x0000679c       0x20 .\ARM_GCC_541\Debug\Pratica03-uCOS-III.a(Pin_BP01.o)
                0x0000679c                Pin_BP01_ClearInterrupt
 .text.Pin_SP01_VE_Write
                0x000067bc       0x3c .\ARM_GCC_541\Debug\Pratica03-uCOS-III.a(Pin_SP01_VE.o)
                0x000067bc                Pin_SP01_VE_Write
 .text.Pin_SV01_AM_Write
                0x000067f8       0x3c .\ARM_GCC_541\Debug\Pratica03-uCOS-III.a(Pin_SV01_AM.o)
                0x000067f8                Pin_SV01_AM_Write
 .text.Pin_SV01_VM_Write
                0x00006834       0x3c .\ARM_GCC_541\Debug\Pratica03-uCOS-III.a(Pin_SV01_VM.o)
                0x00006834                Pin_SV01_VM_Write
 .text.Pin_SP01_VM_Write
                0x00006870       0x34 .\ARM_GCC_541\Debug\Pratica03-uCOS-III.a(Pin_SP01_VM.o)
                0x00006870                Pin_SP01_VM_Write
 .text.Pin_BP01_int_StartEx
                0x000068a4       0x24 .\ARM_GCC_541\Debug\Pratica03-uCOS-III.a(Pin_BP01_int.o)
                0x000068a4                Pin_BP01_int_StartEx
 .text.Pin_BP01_int_SetVector
                0x000068c8       0x24 .\ARM_GCC_541\Debug\Pratica03-uCOS-III.a(Pin_BP01_int.o)
                0x000068c8                Pin_BP01_int_SetVector
 .text.Pin_BP01_int_SetPriority
                0x000068ec       0x24 .\ARM_GCC_541\Debug\Pratica03-uCOS-III.a(Pin_BP01_int.o)
                0x000068ec                Pin_BP01_int_SetPriority
 .text.Pin_BP01_int_Enable
                0x00006910       0x18 .\ARM_GCC_541\Debug\Pratica03-uCOS-III.a(Pin_BP01_int.o)
                0x00006910                Pin_BP01_int_Enable
 .text.Pin_BP01_int_Disable
                0x00006928       0x18 .\ARM_GCC_541\Debug\Pratica03-uCOS-III.a(Pin_BP01_int.o)
                0x00006928                Pin_BP01_int_Disable
 .text.Pin_SV02_VE_Write
                0x00006940       0x38 .\ARM_GCC_541\Debug\Pratica03-uCOS-III.a(Pin_SV02_VE.o)
                0x00006940                Pin_SV02_VE_Write
 .text.Pin_BP02_ClearInterrupt
                0x00006978       0x20 .\ARM_GCC_541\Debug\Pratica03-uCOS-III.a(Pin_BP02.o)
                0x00006978                Pin_BP02_ClearInterrupt
 .text.Pin_SP02_VE_Write
                0x00006998       0x3c .\ARM_GCC_541\Debug\Pratica03-uCOS-III.a(Pin_SP02_VE.o)
                0x00006998                Pin_SP02_VE_Write
 .text.Pin_SV02_AM_Write
                0x000069d4       0x3c .\ARM_GCC_541\Debug\Pratica03-uCOS-III.a(Pin_SV02_AM.o)
                0x000069d4                Pin_SV02_AM_Write
 .text.Pin_SV02_VM_Write
                0x00006a10       0x3c .\ARM_GCC_541\Debug\Pratica03-uCOS-III.a(Pin_SV02_VM.o)
                0x00006a10                Pin_SV02_VM_Write
 .text.Pin_SP02_VM_Write
                0x00006a4c       0x34 .\ARM_GCC_541\Debug\Pratica03-uCOS-III.a(Pin_SP02_VM.o)
                0x00006a4c                Pin_SP02_VM_Write
 .text.Pin_BP02_int_StartEx
                0x00006a80       0x24 .\ARM_GCC_541\Debug\Pratica03-uCOS-III.a(Pin_BP02_int.o)
                0x00006a80                Pin_BP02_int_StartEx
 .text.Pin_BP02_int_SetVector
                0x00006aa4       0x24 .\ARM_GCC_541\Debug\Pratica03-uCOS-III.a(Pin_BP02_int.o)
                0x00006aa4                Pin_BP02_int_SetVector
 .text.Pin_BP02_int_SetPriority
                0x00006ac8       0x24 .\ARM_GCC_541\Debug\Pratica03-uCOS-III.a(Pin_BP02_int.o)
                0x00006ac8                Pin_BP02_int_SetPriority
 .text.Pin_BP02_int_Enable
                0x00006aec       0x18 .\ARM_GCC_541\Debug\Pratica03-uCOS-III.a(Pin_BP02_int.o)
                0x00006aec                Pin_BP02_int_Enable
 .text.Pin_BP02_int_Disable
                0x00006b04       0x18 .\ARM_GCC_541\Debug\Pratica03-uCOS-III.a(Pin_BP02_int.o)
                0x00006b04                Pin_BP02_int_Disable
 *fill*         0x00006b1c        0x4 
 .text          0x00006b20       0x20 .\ARM_GCC_541\Debug\Pratica03-uCOS-III.a(CyBootAsmGnu.o)
                0x00006b20                CyDelayCycles
                0x00006b30                CyEnterCriticalSection
                0x00006b38                CyExitCriticalSection
 .text          0x00006b40       0x98 ..\..\..\..\..\..\uCOS-III\Lib\ARM-Cortex-M3\PSoC_GNU/uCOS-III-ARM-Cortex-M3.a(os_cpu_a.o)
                0x00006b40                OSStartHighRdy
                0x00006b5e                OSCtxSw
                0x00006b66                OSIntCtxSw
                0x00006b6e                OS_CPU_PendSVHandler
 .text.OSIdleTaskHook
                0x00006bd8       0x1c ..\..\..\..\..\..\uCOS-III\Lib\ARM-Cortex-M3\PSoC_GNU/uCOS-III-ARM-Cortex-M3.a(os_cpu_c.o)
                0x00006bd8                OSIdleTaskHook
 .text.OSInitHook
                0x00006bf4       0x64 ..\..\..\..\..\..\uCOS-III\Lib\ARM-Cortex-M3\PSoC_GNU/uCOS-III-ARM-Cortex-M3.a(os_cpu_c.o)
                0x00006bf4                OSInitHook
 .text.OSStatTaskHook
                0x00006c58       0x1c ..\..\..\..\..\..\uCOS-III\Lib\ARM-Cortex-M3\PSoC_GNU/uCOS-III-ARM-Cortex-M3.a(os_cpu_c.o)
                0x00006c58                OSStatTaskHook
 .text.OSTaskCreateHook
                0x00006c74       0x24 ..\..\..\..\..\..\uCOS-III\Lib\ARM-Cortex-M3\PSoC_GNU/uCOS-III-ARM-Cortex-M3.a(os_cpu_c.o)
                0x00006c74                OSTaskCreateHook
 .text.OSTaskDelHook
                0x00006c98       0x24 ..\..\..\..\..\..\uCOS-III\Lib\ARM-Cortex-M3\PSoC_GNU/uCOS-III-ARM-Cortex-M3.a(os_cpu_c.o)
                0x00006c98                OSTaskDelHook
 .text.OSTaskReturnHook
                0x00006cbc       0x24 ..\..\..\..\..\..\uCOS-III\Lib\ARM-Cortex-M3\PSoC_GNU/uCOS-III-ARM-Cortex-M3.a(os_cpu_c.o)
                0x00006cbc                OSTaskReturnHook
 .text.OSTaskStkInit
                0x00006ce0      0x130 ..\..\..\..\..\..\uCOS-III\Lib\ARM-Cortex-M3\PSoC_GNU/uCOS-III-ARM-Cortex-M3.a(os_cpu_c.o)
                0x00006ce0                OSTaskStkInit
 .text.OSTaskSwHook
                0x00006e10       0x80 ..\..\..\..\..\..\uCOS-III\Lib\ARM-Cortex-M3\PSoC_GNU/uCOS-III-ARM-Cortex-M3.a(os_cpu_c.o)
                0x00006e10                OSTaskSwHook
 .text.OSTimeTickHook
                0x00006e90       0x1c ..\..\..\..\..\..\uCOS-III\Lib\ARM-Cortex-M3\PSoC_GNU/uCOS-III-ARM-Cortex-M3.a(os_cpu_c.o)
                0x00006e90                OSTimeTickHook
 .text.OS_CPU_SysTickHandler
                0x00006eac       0x3c ..\..\..\..\..\..\uCOS-III\Lib\ARM-Cortex-M3\PSoC_GNU/uCOS-III-ARM-Cortex-M3.a(os_cpu_c.o)
                0x00006eac                OS_CPU_SysTickHandler
 .text.OS_CPU_SysTickInit
                0x00006ee8       0x54 ..\..\..\..\..\..\uCOS-III\Lib\ARM-Cortex-M3\PSoC_GNU/uCOS-III-ARM-Cortex-M3.a(os_cpu_c.o)
                0x00006ee8                OS_CPU_SysTickInit
 .text.__errno  0x00006f3c        0xc c:/program files (x86)/cypress/psoc creator/4.4/psoc creator/import/gnu/arm/5.4.1/bin/../lib/gcc/arm-none-eabi/5.4.1/../../../../arm-none-eabi/lib/armv7-m\libg_nano.a(lib_a-errno.o)
                0x00006f3c                __errno
 .text.__libc_init_array
                0x00006f48       0x4c c:/program files (x86)/cypress/psoc creator/4.4/psoc creator/import/gnu/arm/5.4.1/bin/../lib/gcc/arm-none-eabi/5.4.1/../../../../arm-none-eabi/lib/armv7-m\libg_nano.a(lib_a-init.o)
                0x00006f48                __libc_init_array
 .text.memcpy   0x00006f94       0x16 c:/program files (x86)/cypress/psoc creator/4.4/psoc creator/import/gnu/arm/5.4.1/bin/../lib/gcc/arm-none-eabi/5.4.1/../../../../arm-none-eabi/lib/armv7-m\libg_nano.a(lib_a-memcpy-stub.o)
                0x00006f94                memcpy
 .text.memset   0x00006faa       0x10 c:/program files (x86)/cypress/psoc creator/4.4/psoc creator/import/gnu/arm/5.4.1/bin/../lib/gcc/arm-none-eabi/5.4.1/../../../../arm-none-eabi/lib/armv7-m\libg_nano.a(lib_a-memset.o)
                0x00006faa                memset
 *(.plt)
 *(.gnu.warning)
 *(.glue_7t)
 .glue_7t       0x00006fba        0x0 linker stubs
 *(.glue_7)
 .glue_7        0x00006fba        0x0 linker stubs
 *(.vfp11_veneer)
 .vfp11_veneer  0x00006fba        0x0 linker stubs
 *(.bootloader)
 *(.ARM.extab* .gnu.linkonce.armextab.*)
 *(.gcc_except_table)

.v4_bx          0x00006fbc        0x0
 .v4_bx         0x00006fbc        0x0 linker stubs

.iplt           0x00006fbc        0x0
 .iplt          0x00006fbc        0x0 c:/program files (x86)/cypress/psoc creator/4.4/psoc creator/import/gnu/arm/5.4.1/bin/../lib/gcc/arm-none-eabi/5.4.1/armv7-m/crtbegin.o

.eh_frame_hdr
 *(.eh_frame_hdr)

.eh_frame       0x00006fbc        0x4
 *(.eh_frame)
 .eh_frame      0x00006fbc        0x0 c:/program files (x86)/cypress/psoc creator/4.4/psoc creator/import/gnu/arm/5.4.1/bin/../lib/gcc/arm-none-eabi/5.4.1/armv7-m/crtbegin.o
 .eh_frame      0x00006fbc        0x4 c:/program files (x86)/cypress/psoc creator/4.4/psoc creator/import/gnu/arm/5.4.1/bin/../lib/gcc/arm-none-eabi/5.4.1/armv7-m/crtend.o
                [!provide]                PROVIDE (__exidx_start, .)

.ARM.exidx
 *(.ARM.exidx* .gnu.linkonce.armexidx.*)
                0x00006fc0                __exidx_end = .

.rodata         0x00006fc0      0x428
 *(.rodata .rodata.* .gnu.linkonce.r.*)
 .rodata        0x00006fc0       0xfd .\ARM_GCC_541\Debug\app.o
 *fill*         0x000070bd        0x3 
 .rodata        0x000070c0      0x16c .\ARM_GCC_541\Debug\os_dbg.o
                0x000070c0                OSDbg_DbgEn
                0x000070c1                OSDbg_ArgChkEn
                0x000070c2                OSDbg_AppHooksEn
                0x000070c4                OSDbg_EndiannessTest
                0x000070c8                OSDbg_CalledFromISRChkEn
                0x000070c9                OSDbg_FlagEn
                0x000070cc                OSDbg_FlagGrp
                0x000070f4                OSDbg_FlagDelEn
                0x000070f5                OSDbg_FlagModeClrEn
                0x000070f6                OSDbg_FlagPendAbortEn
                0x000070f8                OSDbg_FlagGrpSize
                0x000070fa                OSDbg_FlagWidth
                0x000070fc                OSDbg_IntQ
                0x000070fe                OSDbg_ISRPostDeferredEn
                0x00007100                OSDbg_Mem
                0x00007120                OSDbg_MemEn
                0x00007122                OSDbg_MemSize
                0x00007124                OSDbg_MsgEn
                0x00007126                OSDbg_MsgSize
                0x00007128                OSDbg_MsgPoolSize
                0x0000712a                OSDbg_MsgQSize
                0x0000712c                OSDbg_Mutex
                0x00007158                OSDbg_MutexEn
                0x00007159                OSDbg_MutexDelEn
                0x0000715a                OSDbg_MutexPendAbortEn
                0x0000715c                OSDbg_MutexSize
                0x0000715e                OSDbg_ObjTypeChkEn
                0x0000715f                OSDbg_PendMultiEn
                0x00007160                OSDbg_PendDataSize
                0x00007162                OSDbg_PendListSize
                0x00007164                OSDbg_PendObjSize
                0x00007166                OSDbg_PrioMax
                0x00007168                OSDbg_PrioTblSize
                0x0000716a                OSDbg_PtrSize
                0x0000716c                OSDbg_Q
                0x0000719c                OSDbg_QEn
                0x0000719d                OSDbg_QDelEn
                0x0000719e                OSDbg_QFlushEn
                0x0000719f                OSDbg_QPendAbortEn
                0x000071a0                OSDbg_QSize
                0x000071a2                OSDbg_SchedRoundRobinEn
                0x000071a4                OSDbg_Sem
                0x000071cc                OSDbg_SemEn
                0x000071cd                OSDbg_SemDelEn
                0x000071ce                OSDbg_SemPendAbortEn
                0x000071cf                OSDbg_SemSetEn
                0x000071d0                OSDbg_SemSize
                0x000071d2                OSDbg_RdyList
                0x000071d4                OSDbg_RdyListSize
                0x000071d8                OSDbg_StkWidth
                0x000071d9                OSDbg_StatTaskEn
                0x000071da                OSDbg_StatTaskStkChkEn
                0x000071db                OSDbg_TaskChangePrioEn
                0x000071dc                OSDbg_TaskDelEn
                0x000071dd                OSDbg_TaskQEn
                0x000071de                OSDbg_TaskQPendAbortEn
                0x000071df                OSDbg_TaskProfileEn
                0x000071e0                OSDbg_TaskRegTblSize
                0x000071e2                OSDbg_TaskSemPendAbortEn
                0x000071e3                OSDbg_TaskSuspendEn
                0x000071e4                OSDbg_TCBSize
                0x000071e6                OSDbg_TickSpokeSize
                0x000071e8                OSDbg_TimeDlyHMSMEn
                0x000071e9                OSDbg_TimeDlyResumeEn
                0x000071ea                OSDbg_TLS_TblSize
                0x000071ec                OSDbg_Tmr
                0x00007220                OSDbg_TmrEn
                0x00007221                OSDbg_TmrDelEn
                0x00007222                OSDbg_TmrSize
                0x00007224                OSDbg_TmrSpokeSize
                0x00007226                OSDbg_VersionNbr
                0x00007228                OSDbg_DataSize
 .rodata        0x0000722c       0x2a .\ARM_GCC_541\Debug\os_core.o
 *fill*         0x00007256        0x2 
 .rodata        0x00007258        0xa .\ARM_GCC_541\Debug\os_sem.o
 *fill*         0x00007262        0x2 
 .rodata        0x00007264       0x14 .\ARM_GCC_541\Debug\os_stat.o
 .rodata        0x00007278        0xa .\ARM_GCC_541\Debug\os_task.o
 *fill*         0x00007282        0x2 
 .rodata        0x00007284       0x14 .\ARM_GCC_541\Debug\os_tick.o
 .rodata        0x00007298       0x1d .\ARM_GCC_541\Debug\os_tmr.o
 *fill*         0x000072b5        0x3 
 .rodata        0x000072b8       0xa4 .\ARM_GCC_541\Debug\os_cfg_app.o
                0x000072b8                OSCfg_IdleTaskStkBasePtr
                0x000072bc                OSCfg_IdleTaskStkLimit
                0x000072c0                OSCfg_IdleTaskStkSize
                0x000072c4                OSCfg_IdleTaskStkSizeRAM
                0x000072c8                OSCfg_IntQBasePtr
                0x000072cc                OSCfg_IntQSize
                0x000072d0                OSCfg_IntQSizeRAM
                0x000072d4                OSCfg_IntQTaskStkBasePtr
                0x000072d8                OSCfg_IntQTaskStkLimit
                0x000072dc                OSCfg_IntQTaskStkSize
                0x000072e0                OSCfg_IntQTaskStkSizeRAM
                0x000072e4                OSCfg_ISRStkBasePtr
                0x000072e8                OSCfg_ISRStkSize
                0x000072ec                OSCfg_ISRStkSizeRAM
                0x000072f0                OSCfg_MsgPoolSize
                0x000072f4                OSCfg_MsgPoolSizeRAM
                0x000072f8                OSCfg_MsgPoolBasePtr
                0x000072fc                OSCfg_StatTaskPrio
                0x00007300                OSCfg_StatTaskRate_Hz
                0x00007304                OSCfg_StatTaskStkBasePtr
                0x00007308                OSCfg_StatTaskStkLimit
                0x0000730c                OSCfg_StatTaskStkSize
                0x00007310                OSCfg_StatTaskStkSizeRAM
                0x00007314                OSCfg_StkSizeMin
                0x00007318                OSCfg_TickRate_Hz
                0x0000731c                OSCfg_TickTaskPrio
                0x00007320                OSCfg_TickTaskStkBasePtr
                0x00007324                OSCfg_TickTaskStkLimit
                0x00007328                OSCfg_TickTaskStkSize
                0x0000732c                OSCfg_TickTaskStkSizeRAM
                0x00007330                OSCfg_TickWheelSize
                0x00007334                OSCfg_TickWheelSizeRAM
                0x00007338                OSCfg_TmrTaskPrio
                0x0000733c                OSCfg_TmrTaskRate_Hz
                0x00007340                OSCfg_TmrTaskStkBasePtr
                0x00007344                OSCfg_TmrTaskStkLimit
                0x00007348                OSCfg_TmrTaskStkSize
                0x0000734c                OSCfg_TmrTaskStkSizeRAM
                0x00007350                OSCfg_TmrWheelSize
                0x00007354                OSCfg_TmrWheelSizeRAM
                0x00007358                OSCfg_DataSizeRAM
 .rodata        0x0000735c       0x1c .\ARM_GCC_541\Debug\probe_rs232_os.o
 .rodata        0x00007378       0x36 .\ARM_GCC_541\Debug\cyfitter_cfg.o
 .rodata.str1.1
                0x000073ae        0x2 c:/program files (x86)/cypress/psoc creator/4.4/psoc creator/import/gnu/arm/5.4.1/bin/../lib/gcc/arm-none-eabi/5.4.1/../../../../arm-none-eabi/lib/armv7-m\libg_nano.a(lib_a-impure.o)
                0x000073b0                . = ALIGN (0x4)
 *(.init)
 .init          0x000073b0        0x4 c:/program files (x86)/cypress/psoc creator/4.4/psoc creator/import/gnu/arm/5.4.1/bin/../lib/gcc/arm-none-eabi/5.4.1/armv7-m/crti.o
                0x000073b0                _init
 .init          0x000073b4        0x8 c:/program files (x86)/cypress/psoc creator/4.4/psoc creator/import/gnu/arm/5.4.1/bin/../lib/gcc/arm-none-eabi/5.4.1/armv7-m/crtn.o
                0x000073bc                . = ALIGN (0x4)
                0x000073bc                __preinit_array_start = .
 *(.preinit_array)
                0x000073bc                __preinit_array_end = .
                0x000073bc                . = ALIGN (0x4)
                0x000073bc                __init_array_start = .
 *(SORT(.init_array.*))
 *(.init_array)
 .init_array    0x000073bc        0x4 c:/program files (x86)/cypress/psoc creator/4.4/psoc creator/import/gnu/arm/5.4.1/bin/../lib/gcc/arm-none-eabi/5.4.1/armv7-m/crtbegin.o
 .init_array    0x000073c0        0x4 .\ARM_GCC_541\Debug\Cm3Start.o
                0x000073c4                __init_array_end = .
                0x000073c4                . = ALIGN (0x4)
 *(.fini)
 .fini          0x000073c4        0x4 c:/program files (x86)/cypress/psoc creator/4.4/psoc creator/import/gnu/arm/5.4.1/bin/../lib/gcc/arm-none-eabi/5.4.1/armv7-m/crti.o
                0x000073c4                _fini
 .fini          0x000073c8        0x8 c:/program files (x86)/cypress/psoc creator/4.4/psoc creator/import/gnu/arm/5.4.1/bin/../lib/gcc/arm-none-eabi/5.4.1/armv7-m/crtn.o
                0x000073d0                . = ALIGN (0x4)
                0x000073d0                __fini_array_start = .
 *(.fini_array)
 .fini_array    0x000073d0        0x4 c:/program files (x86)/cypress/psoc creator/4.4/psoc creator/import/gnu/arm/5.4.1/bin/../lib/gcc/arm-none-eabi/5.4.1/armv7-m/crtbegin.o
 *(SORT(.fini_array.*))
                0x000073d4                __fini_array_end = .
                0x000073d4                . = ALIGN (0x4)
 *crtbegin.o(.ctors)
 *(EXCLUDE_FILE(*crtend.o) .ctors)
 *(SORT(.ctors.*))
 *crtend.o(.ctors)
                0x000073d4                . = ALIGN (0x4)
 *crtbegin.o(.dtors)
 *(EXCLUDE_FILE(*crtend.o) .dtors)
 *(SORT(.dtors.*))
 *crtend.o(.dtors)
                0x000073d4                . = ALIGN (0x4)
                0x000073d4                __cy_regions = .
                0x000073d4        0x4 LONG 0x73e8 __cy_region_init_ram
                0x000073d8        0x4 LONG 0x1fff80c8 __cy_region_start_data
                0x000073dc        0x4 LONG 0x80 __cy_region_init_size_ram
                0x000073e0        0x4 LONG 0x3768 __cy_region_zero_size_ram
                0x000073e4                __cy_regions_end = .
                0x000073e8                . = ALIGN (0x8)
 *fill*         0x000073e4        0x4 
                0x000073e8                _etext = .

.cy_checksum_exclude
                0x000073e8        0x0
 *(.cy_checksum_exclude)

.ramvectors     0x1fff8000       0xc0
                0x1fff8000                __cy_region_start_ram = .
 *(.ramvectors)
 .ramvectors    0x1fff8000       0xc0 .\ARM_GCC_541\Debug\Cm3Start.o
                0x1fff8000                CyRamVectors

.noinit         0x1fff80c0        0x5
 *(.noinit)
 .noinit        0x1fff80c0        0x4 .\ARM_GCC_541\Debug\Cm3Start.o
 .noinit        0x1fff80c4        0x1 .\ARM_GCC_541\Debug\Pratica03-uCOS-III.a(CyLib.o)
                0x1fff80c4                CyResetStatus

.data           0x1fff80c8       0x80 load address 0x000073e8
                0x1fff80c8                __cy_region_start_data = .
 *(.jcr)
 .jcr           0x1fff80c8        0x0 c:/program files (x86)/cypress/psoc creator/4.4/psoc creator/import/gnu/arm/5.4.1/bin/../lib/gcc/arm-none-eabi/5.4.1/armv7-m/crtbegin.o
 .jcr           0x1fff80c8        0x4 c:/program files (x86)/cypress/psoc creator/4.4/psoc creator/import/gnu/arm/5.4.1/bin/../lib/gcc/arm-none-eabi/5.4.1/armv7-m/crtend.o
 *(.got.plt)
 *(.got)
 *(.shdata)
 *(.data .data.* .gnu.linkonce.d.*)
 .data          0x1fff80cc        0x4 .\ARM_GCC_541\Debug\app.o
                0x1fff80cc                t_qtde3
                0x1fff80ce                t_qtde4
 .data          0x1fff80d0       0x10 .\ARM_GCC_541\Debug\Pratica03-uCOS-III.a(CyLib.o)
                0x1fff80d0                cydelay_freq_hz
                0x1fff80d4                cydelay_freq_khz
                0x1fff80d8                cydelay_freq_mhz
                0x1fff80dc                cydelay_32k_ms
 .data.impure_data
                0x1fff80e0       0x60 c:/program files (x86)/cypress/psoc creator/4.4/psoc creator/import/gnu/arm/5.4.1/bin/../lib/gcc/arm-none-eabi/5.4.1/../../../../arm-none-eabi/lib/armv7-m\libg_nano.a(lib_a-impure.o)
 .data._impure_ptr
                0x1fff8140        0x4 c:/program files (x86)/cypress/psoc creator/4.4/psoc creator/import/gnu/arm/5.4.1/bin/../lib/gcc/arm-none-eabi/5.4.1/../../../../arm-none-eabi/lib/armv7-m\libg_nano.a(lib_a-impure.o)
                0x1fff8140                _impure_ptr
                0x1fff8148                . = ALIGN (0x8)
 *fill*         0x1fff8144        0x4 
 *(.ram)
                0x1fff8148                _edata = .

.igot.plt       0x1fff8148        0x0 load address 0x00007468
 .igot.plt      0x1fff8148        0x0 c:/program files (x86)/cypress/psoc creator/4.4/psoc creator/import/gnu/arm/5.4.1/bin/../lib/gcc/arm-none-eabi/5.4.1/armv7-m/crtbegin.o

.bss            0x1fff8148     0x3768 load address 0x00007468
                0x1fff8148                PROVIDE (__bss_start__, .)
 *(.shbss)
 *(.bss .bss.* .gnu.linkonce.b.*)
 .bss           0x1fff8148       0x1c c:/program files (x86)/cypress/psoc creator/4.4/psoc creator/import/gnu/arm/5.4.1/bin/../lib/gcc/arm-none-eabi/5.4.1/armv7-m/crtbegin.o
 .bss           0x1fff8164     0x1a86 .\ARM_GCC_541\Debug\app.o
                0x1fff9be4                bp01Msg
                0x1fff9be5                bp02Msg
                0x1fff9be6                t_qtde1
                0x1fff9be8                t_qtde2
 *fill*         0x1fff9bea        0x2 
 .bss           0x1fff9bec      0x2e8 .\ARM_GCC_541\Debug\probe_rs232_os.o
 .bss           0x1fff9ed4      0x424 .\ARM_GCC_541\Debug\probe_rs232.o
 .bss           0x1fffa2f8        0x4 .\ARM_GCC_541\Debug\probe_com.o
 .bss           0x1fffa2fc        0x2 .\ARM_GCC_541\Debug\Pratica03-uCOS-III.a(LCD_Disp.o)
                0x1fffa2fc                LCD_Disp_enableState
                0x1fffa2fd                LCD_Disp_initVar
 .bss           0x1fffa2fe        0x2 .\ARM_GCC_541\Debug\Pratica03-uCOS-III.a(ProbeUART.o)
                0x1fffa2fe                ProbeUART_initVar
 *(COMMON)
 COMMON         0x1fffa300        0x1 .\ARM_GCC_541\Debug\bsp.o
                0x1fffa300                LED_REG_VAL
 *fill*         0x1fffa301        0x3 
 COMMON         0x1fffa304       0x14 .\ARM_GCC_541\Debug\cpu_core.o
                0x1fffa304                CPU_TS_TmrFreq_Hz
                0x1fffa308                CPU_Name
 COMMON         0x1fffa318        0x4 .\ARM_GCC_541\Debug\os_prio.o
                0x1fffa318                OSPrioTbl
 COMMON         0x1fffa31c      0x418 .\ARM_GCC_541\Debug\os_var.o
                0x1fffa31c                OSSchedLockNestingCtr
                0x1fffa320                OS_AppTaskReturnHookPtr
                0x1fffa324                OSStatTaskTimeMax
                0x1fffa328                OSStatTaskCtr
                0x1fffa32c                OSTaskRegNextAvailID
                0x1fffa32d                OSRunning
                0x1fffa330                OSRdyList
                0x1fffa390                OSPrioHighRdy
                0x1fffa391                OSStatTaskRdy
                0x1fffa394                OSSemDbgListPtr
                0x1fffa398                OS_AppTaskCreateHookPtr
                0x1fffa39c                OSPrioCur
                0x1fffa3a0                OSTickTaskTCB
                0x1fffa460                OSTmrTickCtr
                0x1fffa464                OSTCBCurPtr
                0x1fffa468                OSQQty
                0x1fffa46a                OSStatTaskCPUUsageMax
                0x1fffa46c                OSPrioSaved
                0x1fffa470                OSTCBHighRdyPtr
                0x1fffa474                OSTaskDbgListPtr
                0x1fffa478                OSTmrTaskTimeMax
                0x1fffa47c                OS_AppTaskDelHookPtr
                0x1fffa480                OS_AppTimeTickHookPtr
                0x1fffa484                OSTaskCtxSwCtr
                0x1fffa488                OSStatTaskCPUUsage
                0x1fffa48a                OSIntNestingCtr
                0x1fffa48c                OSTaskQty
                0x1fffa490                OSTmrTaskTCB
                0x1fffa550                OSMsgPool
                0x1fffa55c                OSIdleTaskTCB
                0x1fffa61c                OSQDbgListPtr
                0x1fffa620                OSSemQty
                0x1fffa624                OSMemDbgListPtr
                0x1fffa628                OSSchedRoundRobinDfltTimeQuanta
                0x1fffa62c                OS_AppIdleTaskHookPtr
                0x1fffa630                OSStatTaskCtrMax
                0x1fffa634                OSTickCtr
                0x1fffa638                OS_AppTaskSwHookPtr
                0x1fffa63c                OSTmrQty
                0x1fffa640                OSIdleTaskCtr
                0x1fffa644                OSStatTaskCtrRun
                0x1fffa648                OS_AppStatTaskHookPtr
                0x1fffa64c                OSFlagQty
                0x1fffa650                OSFlagDbgListPtr
                0x1fffa654                OSStatResetFlag
                0x1fffa656                OSMemQty
                0x1fffa658                OSMutexQty
                0x1fffa65c                OSStatTaskTCB
                0x1fffa71c                OSTmrDbgListPtr
                0x1fffa720                OSTickTaskTimeMax
                0x1fffa724                OSTmrUpdateCnt
                0x1fffa728                OSSchedRoundRobinEn
                0x1fffa72c                OSMutexDbgListPtr
                0x1fffa730                OSTmrUpdateCtr
 COMMON         0x1fffa734     0x1150 .\ARM_GCC_541\Debug\os_cfg_app.o
                0x1fffa734                OSCfg_StatTaskStk
                0x1fffa934                OSCfg_TickWheel
                0x1fffa9bc                OSCfg_MsgPool
                0x1fffaffc                OSCfg_TmrTaskStk
                0x1fffb1fc                OSCfg_TmrWheel
                0x1fffb284                OSCfg_ISRStk
                0x1fffb484                OSCfg_TickTaskStk
                0x1fffb684                OSCfg_IdleTaskStk
 COMMON         0x1fffb884        0x8 .\ARM_GCC_541\Debug\probe_rs232.o
                0x1fffb884                ProbeRS232_TxCtr
                0x1fffb888                ProbeRS232_RxCtr
 COMMON         0x1fffb88c       0x1c .\ARM_GCC_541\Debug\probe_com.o
                0x1fffb88c                ProbeCom_RxPktCtr
                0x1fffb890                ProbeCom_TxPktCtr
                0x1fffb894                ProbeCom_RxSymByteCtr
                0x1fffb898                ProbeCom_RxSymCtr
                0x1fffb89c                ProbeCom_ErrPktCtr
                0x1fffb8a0                ProbeCom_TxSymCtr
                0x1fffb8a4                ProbeCom_TxSymByteCtr
 COMMON         0x1fffb8a8        0x4 ..\..\..\..\..\..\uCOS-III\Lib\ARM-Cortex-M3\PSoC_GNU/uCOS-III-ARM-Cortex-M3.a(os_cpu_c.o)
                0x1fffb8a8                OS_CPU_ExceptStkBase
                0x1fffb8b0                . = ALIGN (0x8)
 *fill*         0x1fffb8ac        0x4 
 *(.ram.b)
                0x1fffb8b0                _end = .
                0x1fffb8b0                __end = .
                0x1fffb8b0                PROVIDE (end, .)
                0x1fffb8b0                PROVIDE (__bss_end__, .)
                0x000073e8                __cy_region_init_ram = LOADADDR (.data)
                0x00000080                __cy_region_init_size_ram = (_edata - ADDR (.data))
                0x00003768                __cy_region_zero_size_ram = (_end - _edata)

.heap           0x1fffb8b0       0x80 load address 0x00007468
                0x1fffb8b0                . = _end
                0x1fffb930                . = (. + 0x80)
 *fill*         0x1fffb8b0       0x80 
                0x1fffb930                __cy_heap_limit = .

.stack          0x20007800      0x800
                0x20007800                __cy_stack_limit = .
                0x20008000                . = (. + 0x800)
 *fill*         0x20007800      0x800 
                0x00000001                ASSERT ((__cy_stack_limit >= __cy_heap_limit), region RAM overflowed with stack)
                0x00000000                cy_checksum_exclude_size = (CY_APPL_LOADABLE == 0x1)?SIZEOF (.cy_checksum_exclude):0x0
                0x00000001                ASSERT ((cy_checksum_exclude_size <= CY_CHECKSUM_EXCLUDE_SIZE), CY_BOOT: Section .cy_checksum_exclude size exceedes specified limit.)

.cyloadermeta
 *(.cyloadermeta)

.cyloadablemeta
 *(.cyloadablemeta)

.cyconfigecc    0x80000000      0x38c
 *(.cyconfigecc)
 .cyconfigecc   0x80000000      0x38c .\ARM_GCC_541\Debug\cymetadata.o
                0x80000000                cy_meta_configecc

.cycustnvl      0x90000000        0x4
 *(.cycustnvl)
 .cycustnvl     0x90000000        0x4 .\ARM_GCC_541\Debug\cymetadata.o
                0x90000000                cy_meta_custnvl

.cywolatch      0x90100000        0x4
 *(.cywolatch)
 .cywolatch     0x90100000        0x4 .\ARM_GCC_541\Debug\cymetadata.o
                0x90100000                cy_meta_wonvl

.cyeeprom       0x90200000        0x0
 *(.cyeeprom)
                0x00000001                ASSERT ((. <= ((0x90200000 + ee_offset) + ee_size)), .cyeeprom data will not fit in EEPROM)

.cyflashprotect
                0x90400000      0x100
 *(.cyflashprotect)
 .cyflashprotect
                0x90400000      0x100 .\ARM_GCC_541\Debug\cymetadata.o
                0x90400000                cy_meta_flashprotect

.cymeta         0x90500000        0xc
 *(.cymeta)
 .cymeta        0x90500000        0xc .\ARM_GCC_541\Debug\cymetadata.o
                0x90500000                cy_metadata

.rel.dyn        0x00007468        0x0 load address 0x9050000c
 .rel.iplt      0x00007468        0x0 c:/program files (x86)/cypress/psoc creator/4.4/psoc creator/import/gnu/arm/5.4.1/bin/../lib/gcc/arm-none-eabi/5.4.1/armv7-m/crtbegin.o

.stab
 *(.stab)

.stabstr
 *(.stabstr)

.debug
 *(.debug)

.line
 *(.line)

.debug_srcinfo
 *(.debug_srcinfo)

.debug_sfnames
 *(.debug_sfnames)

.debug_aranges  0x00000000     0x1960
 *(.debug_aranges)
 .debug_aranges
                0x00000000       0x20 .\ARM_GCC_541\Debug\app_probe.o
 .debug_aranges
                0x00000020       0x88 .\ARM_GCC_541\Debug\app.o
 .debug_aranges
                0x000000a8       0x68 .\ARM_GCC_541\Debug\os_app_hooks.o
 .debug_aranges
                0x00000110       0x38 .\ARM_GCC_541\Debug\bsp_os.o
 .debug_aranges
                0x00000148       0x58 .\ARM_GCC_541\Debug\bsp.o
 .debug_aranges
                0x000001a0       0x30 .\ARM_GCC_541\Debug\cpu_bsp.o
 .debug_aranges
                0x000001d0       0xb0 .\ARM_GCC_541\Debug\cpu_core.o
 .debug_aranges
                0x00000280       0x98 .\ARM_GCC_541\Debug\lib_ascii.o
 .debug_aranges
                0x00000318       0x38 .\ARM_GCC_541\Debug\lib_math.o
 .debug_aranges
                0x00000350       0x48 .\ARM_GCC_541\Debug\lib_mem.o
 .debug_aranges
                0x00000398       0xd8 .\ARM_GCC_541\Debug\lib_str.o
 .debug_aranges
                0x00000470       0x20 .\ARM_GCC_541\Debug\os_dbg.o
 .debug_aranges
                0x00000490      0x140 .\ARM_GCC_541\Debug\os_core.o
 .debug_aranges
                0x000005d0       0x80 .\ARM_GCC_541\Debug\os_flag.o
 .debug_aranges
                0x00000650       0x18 .\ARM_GCC_541\Debug\os_int.o
 .debug_aranges
                0x00000668       0x40 .\ARM_GCC_541\Debug\os_mem.o
 .debug_aranges
                0x000006a8       0x40 .\ARM_GCC_541\Debug\os_msg.o
 .debug_aranges
                0x000006e8       0x60 .\ARM_GCC_541\Debug\os_mutex.o
 .debug_aranges
                0x00000748       0x38 .\ARM_GCC_541\Debug\os_pend_multi.o
 .debug_aranges
                0x00000780       0x38 .\ARM_GCC_541\Debug\os_prio.o
 .debug_aranges
                0x000007b8       0x70 .\ARM_GCC_541\Debug\os_q.o
 .debug_aranges
                0x00000828       0x70 .\ARM_GCC_541\Debug\os_sem.o
 .debug_aranges
                0x00000898       0x38 .\ARM_GCC_541\Debug\os_stat.o
 .debug_aranges
                0x000008d0       0xf0 .\ARM_GCC_541\Debug\os_task.o
 .debug_aranges
                0x000009c0       0x50 .\ARM_GCC_541\Debug\os_tick.o
 .debug_aranges
                0x00000a10       0x48 .\ARM_GCC_541\Debug\os_time.o
 .debug_aranges
                0x00000a58       0x88 .\ARM_GCC_541\Debug\os_tmr.o
 .debug_aranges
                0x00000ae0       0x18 .\ARM_GCC_541\Debug\os_var.o
 .debug_aranges
                0x00000af8       0x20 .\ARM_GCC_541\Debug\os_cfg_app.o
 .debug_aranges
                0x00000b18       0x18 .\ARM_GCC_541\Debug\probe_com_os.o
 .debug_aranges
                0x00000b30       0x60 .\ARM_GCC_541\Debug\probe_rs232c.o
 .debug_aranges
                0x00000b90       0x38 .\ARM_GCC_541\Debug\probe_rs232_os.o
 .debug_aranges
                0x00000bc8       0x60 .\ARM_GCC_541\Debug\probe_rs232.o
 .debug_aranges
                0x00000c28       0x88 .\ARM_GCC_541\Debug\probe_com.o
 .debug_aranges
                0x00000cb0       0x60 .\ARM_GCC_541\Debug\cyfitter_cfg.o
 .debug_aranges
                0x00000d10       0x48 .\ARM_GCC_541\Debug\Cm3Start.o
 .debug_aranges
                0x00000d58       0x18 .\ARM_GCC_541\Debug\cymetadata.o
 .debug_aranges
                0x00000d70       0x20 .\ARM_GCC_541\Debug\cpu_a.o
 .debug_aranges
                0x00000d90       0x28 .\ARM_GCC_541\Debug\Pratica03-uCOS-III.a(LED_Status.o)
 .debug_aranges
                0x00000db8       0x98 .\ARM_GCC_541\Debug\Pratica03-uCOS-III.a(LCD_Disp.o)
 .debug_aranges
                0x00000e50      0x2a0 .\ARM_GCC_541\Debug\Pratica03-uCOS-III.a(CyLib.o)
 .debug_aranges
                0x000010f0       0x98 .\ARM_GCC_541\Debug\Pratica03-uCOS-III.a(cyPm.o)
 .debug_aranges
                0x00001188       0xf0 .\ARM_GCC_541\Debug\Pratica03-uCOS-III.a(ProbeUART.o)
 .debug_aranges
                0x00001278       0x80 .\ARM_GCC_541\Debug\Pratica03-uCOS-III.a(ProbeUART_TxISR.o)
 .debug_aranges
                0x000012f8       0x80 .\ARM_GCC_541\Debug\Pratica03-uCOS-III.a(ProbeUART_RxISR.o)
 .debug_aranges
                0x00001378       0x38 .\ARM_GCC_541\Debug\Pratica03-uCOS-III.a(PB_2.o)
 .debug_aranges
                0x000013b0       0x38 .\ARM_GCC_541\Debug\Pratica03-uCOS-III.a(PB_3.o)
 .debug_aranges
                0x000013e8       0x70 .\ARM_GCC_541\Debug\Pratica03-uCOS-III.a(ProbeUART_IntClock.o)
 .debug_aranges
                0x00001458       0x38 .\ARM_GCC_541\Debug\Pratica03-uCOS-III.a(Pin_SV01_VE.o)
 .debug_aranges
                0x00001490       0x48 .\ARM_GCC_541\Debug\Pratica03-uCOS-III.a(Pin_BP01.o)
 .debug_aranges
                0x000014d8       0x38 .\ARM_GCC_541\Debug\Pratica03-uCOS-III.a(Pin_SP01_VE.o)
 .debug_aranges
                0x00001510       0x38 .\ARM_GCC_541\Debug\Pratica03-uCOS-III.a(Pin_SV01_AM.o)
 .debug_aranges
                0x00001548       0x38 .\ARM_GCC_541\Debug\Pratica03-uCOS-III.a(Pin_SV01_VM.o)
 .debug_aranges
                0x00001580       0x38 .\ARM_GCC_541\Debug\Pratica03-uCOS-III.a(Pin_SP01_VM.o)
 .debug_aranges
                0x000015b8       0x80 .\ARM_GCC_541\Debug\Pratica03-uCOS-III.a(Pin_BP01_int.o)
 .debug_aranges
                0x00001638       0x38 .\ARM_GCC_541\Debug\Pratica03-uCOS-III.a(Pin_SV02_VE.o)
 .debug_aranges
                0x00001670       0x48 .\ARM_GCC_541\Debug\Pratica03-uCOS-III.a(Pin_BP02.o)
 .debug_aranges
                0x000016b8       0x38 .\ARM_GCC_541\Debug\Pratica03-uCOS-III.a(Pin_SP02_VE.o)
 .debug_aranges
                0x000016f0       0x38 .\ARM_GCC_541\Debug\Pratica03-uCOS-III.a(Pin_SV02_AM.o)
 .debug_aranges
                0x00001728       0x38 .\ARM_GCC_541\Debug\Pratica03-uCOS-III.a(Pin_SV02_VM.o)
 .debug_aranges
                0x00001760       0x38 .\ARM_GCC_541\Debug\Pratica03-uCOS-III.a(Pin_SP02_VM.o)
 .debug_aranges
                0x00001798       0x80 .\ARM_GCC_541\Debug\Pratica03-uCOS-III.a(Pin_BP02_int.o)
 .debug_aranges
                0x00001818       0x20 .\ARM_GCC_541\Debug\Pratica03-uCOS-III.a(CyBootAsmGnu.o)
 .debug_aranges
                0x00001838       0x88 .\ARM_GCC_541\Debug\Pratica03-uCOS-III.a(CyFlash.o)
 .debug_aranges
                0x000018c0       0x80 .\ARM_GCC_541\Debug\Pratica03-uCOS-III.a(CySpc.o)
 .debug_aranges
                0x00001940       0x20 ..\..\..\..\..\..\uCOS-III\Lib\ARM-Cortex-M3\PSoC_GNU/uCOS-III-ARM-Cortex-M3.a(os_cpu_a.o)

.debug_pubnames
 *(.debug_pubnames)

.debug_info     0x00000000    0x1aaa5
 *(.debug_info .gnu.linkonce.wi.*)
 .debug_info    0x00000000       0xe9 .\ARM_GCC_541\Debug\app_probe.o
 .debug_info    0x000000e9     0x114b .\ARM_GCC_541\Debug\app.o
 .debug_info    0x00001234      0x844 .\ARM_GCC_541\Debug\os_app_hooks.o
 .debug_info    0x00001a78      0xd23 .\ARM_GCC_541\Debug\bsp_os.o
 .debug_info    0x0000279b      0x2e8 .\ARM_GCC_541\Debug\bsp.o
 .debug_info    0x00002a83      0x135 .\ARM_GCC_541\Debug\cpu_bsp.o
 .debug_info    0x00002bb8      0x52f .\ARM_GCC_541\Debug\cpu_core.o
 .debug_info    0x000030e7      0x421 .\ARM_GCC_541\Debug\lib_ascii.o
 .debug_info    0x00003508      0x166 .\ARM_GCC_541\Debug\lib_math.o
 .debug_info    0x0000366e      0x45d .\ARM_GCC_541\Debug\lib_mem.o
 .debug_info    0x00003acb      0xd53 .\ARM_GCC_541\Debug\lib_str.o
 .debug_info    0x0000481e     0x136d .\ARM_GCC_541\Debug\os_dbg.o
 .debug_info    0x00005b8b     0x17b1 .\ARM_GCC_541\Debug\os_core.o
 .debug_info    0x0000733c     0x1173 .\ARM_GCC_541\Debug\os_flag.o
 .debug_info    0x000084af       0x72 .\ARM_GCC_541\Debug\os_int.o
 .debug_info    0x00008521      0x7fe .\ARM_GCC_541\Debug\os_mem.o
 .debug_info    0x00008d1f      0x85c .\ARM_GCC_541\Debug\os_msg.o
 .debug_info    0x0000957b      0xf8d .\ARM_GCC_541\Debug\os_mutex.o
 .debug_info    0x0000a508      0xe9e .\ARM_GCC_541\Debug\os_pend_multi.o
 .debug_info    0x0000b3a6      0x1bf .\ARM_GCC_541\Debug\os_prio.o
 .debug_info    0x0000b565     0x1095 .\ARM_GCC_541\Debug\os_q.o
 .debug_info    0x0000c5fa     0x1072 .\ARM_GCC_541\Debug\os_sem.o
 .debug_info    0x0000d66c      0xf16 .\ARM_GCC_541\Debug\os_stat.o
 .debug_info    0x0000e582     0x15e4 .\ARM_GCC_541\Debug\os_task.o
 .debug_info    0x0000fb66      0xe44 .\ARM_GCC_541\Debug\os_tick.o
 .debug_info    0x000109aa      0xe3e .\ARM_GCC_541\Debug\os_time.o
 .debug_info    0x000117e8     0x129e .\ARM_GCC_541\Debug\os_tmr.o
 .debug_info    0x00012a86      0xf37 .\ARM_GCC_541\Debug\os_var.o
 .debug_info    0x000139bd      0xbc5 .\ARM_GCC_541\Debug\os_cfg_app.o
 .debug_info    0x00014582       0x72 .\ARM_GCC_541\Debug\probe_com_os.o
 .debug_info    0x000145f4      0x179 .\ARM_GCC_541\Debug\probe_rs232c.o
 .debug_info    0x0001476d      0xc9a .\ARM_GCC_541\Debug\probe_rs232_os.o
 .debug_info    0x00015407      0x2dd .\ARM_GCC_541\Debug\probe_rs232.o
 .debug_info    0x000156e4      0x6c0 .\ARM_GCC_541\Debug\probe_com.o
 .debug_info    0x00015da4      0x452 .\ARM_GCC_541\Debug\cyfitter_cfg.o
 .debug_info    0x000161f6      0x32b .\ARM_GCC_541\Debug\Cm3Start.o
 .debug_info    0x00016521      0x135 .\ARM_GCC_541\Debug\cymetadata.o
 .debug_info    0x00016656       0xf7 .\ARM_GCC_541\Debug\cpu_a.o
 .debug_info    0x0001674d       0xd7 .\ARM_GCC_541\Debug\Pratica03-uCOS-III.a(LED_Status.o)
 .debug_info    0x00016824      0x3cf .\ARM_GCC_541\Debug\Pratica03-uCOS-III.a(LCD_Disp.o)
 .debug_info    0x00016bf3      0xe51 .\ARM_GCC_541\Debug\Pratica03-uCOS-III.a(CyLib.o)
 .debug_info    0x00017a44      0x57a .\ARM_GCC_541\Debug\Pratica03-uCOS-III.a(cyPm.o)
 .debug_info    0x00017fbe      0x50a .\ARM_GCC_541\Debug\Pratica03-uCOS-III.a(ProbeUART.o)
 .debug_info    0x000184c8      0x253 .\ARM_GCC_541\Debug\Pratica03-uCOS-III.a(ProbeUART_TxISR.o)
 .debug_info    0x0001871b      0x253 .\ARM_GCC_541\Debug\Pratica03-uCOS-III.a(ProbeUART_RxISR.o)
 .debug_info    0x0001896e      0x11e .\ARM_GCC_541\Debug\Pratica03-uCOS-III.a(PB_2.o)
 .debug_info    0x00018a8c      0x11e .\ARM_GCC_541\Debug\Pratica03-uCOS-III.a(PB_3.o)
 .debug_info    0x00018baa      0x25d .\ARM_GCC_541\Debug\Pratica03-uCOS-III.a(ProbeUART_IntClock.o)
 .debug_info    0x00018e07      0x11e .\ARM_GCC_541\Debug\Pratica03-uCOS-III.a(Pin_SV01_VE.o)
 .debug_info    0x00018f25      0x171 .\ARM_GCC_541\Debug\Pratica03-uCOS-III.a(Pin_BP01.o)
 .debug_info    0x00019096      0x11e .\ARM_GCC_541\Debug\Pratica03-uCOS-III.a(Pin_SP01_VE.o)
 .debug_info    0x000191b4      0x11e .\ARM_GCC_541\Debug\Pratica03-uCOS-III.a(Pin_SV01_AM.o)
 .debug_info    0x000192d2      0x11e .\ARM_GCC_541\Debug\Pratica03-uCOS-III.a(Pin_SV01_VM.o)
 .debug_info    0x000193f0      0x11e .\ARM_GCC_541\Debug\Pratica03-uCOS-III.a(Pin_SP01_VM.o)
 .debug_info    0x0001950e      0x241 .\ARM_GCC_541\Debug\Pratica03-uCOS-III.a(Pin_BP01_int.o)
 .debug_info    0x0001974f      0x11e .\ARM_GCC_541\Debug\Pratica03-uCOS-III.a(Pin_SV02_VE.o)
 .debug_info    0x0001986d      0x171 .\ARM_GCC_541\Debug\Pratica03-uCOS-III.a(Pin_BP02.o)
 .debug_info    0x000199de      0x11e .\ARM_GCC_541\Debug\Pratica03-uCOS-III.a(Pin_SP02_VE.o)
 .debug_info    0x00019afc      0x11e .\ARM_GCC_541\Debug\Pratica03-uCOS-III.a(Pin_SV02_AM.o)
 .debug_info    0x00019c1a      0x11e .\ARM_GCC_541\Debug\Pratica03-uCOS-III.a(Pin_SV02_VM.o)
 .debug_info    0x00019d38      0x11e .\ARM_GCC_541\Debug\Pratica03-uCOS-III.a(Pin_SP02_VM.o)
 .debug_info    0x00019e56      0x241 .\ARM_GCC_541\Debug\Pratica03-uCOS-III.a(Pin_BP02_int.o)
 .debug_info    0x0001a097       0xea .\ARM_GCC_541\Debug\Pratica03-uCOS-III.a(CyBootAsmGnu.o)
 .debug_info    0x0001a181      0x3b9 .\ARM_GCC_541\Debug\Pratica03-uCOS-III.a(CyFlash.o)
 .debug_info    0x0001a53a      0x4c0 .\ARM_GCC_541\Debug\Pratica03-uCOS-III.a(CySpc.o)
 .debug_info    0x0001a9fa       0xab ..\..\..\..\..\..\uCOS-III\Lib\ARM-Cortex-M3\PSoC_GNU/uCOS-III-ARM-Cortex-M3.a(os_cpu_a.o)

.debug_abbrev   0x00000000     0x46ad
 *(.debug_abbrev)
 .debug_abbrev  0x00000000       0x98 .\ARM_GCC_541\Debug\app_probe.o
 .debug_abbrev  0x00000098      0x1ef .\ARM_GCC_541\Debug\app.o
 .debug_abbrev  0x00000287      0x125 .\ARM_GCC_541\Debug\os_app_hooks.o
 .debug_abbrev  0x000003ac      0x150 .\ARM_GCC_541\Debug\bsp_os.o
 .debug_abbrev  0x000004fc      0x18d .\ARM_GCC_541\Debug\bsp.o
 .debug_abbrev  0x00000689       0xbb .\ARM_GCC_541\Debug\cpu_bsp.o
 .debug_abbrev  0x00000744      0x1af .\ARM_GCC_541\Debug\cpu_core.o
 .debug_abbrev  0x000008f3       0xd4 .\ARM_GCC_541\Debug\lib_ascii.o
 .debug_abbrev  0x000009c7       0xfb .\ARM_GCC_541\Debug\lib_math.o
 .debug_abbrev  0x00000ac2      0x10f .\ARM_GCC_541\Debug\lib_mem.o
 .debug_abbrev  0x00000bd1      0x130 .\ARM_GCC_541\Debug\lib_str.o
 .debug_abbrev  0x00000d01       0xfc .\ARM_GCC_541\Debug\os_dbg.o
 .debug_abbrev  0x00000dfd      0x1c8 .\ARM_GCC_541\Debug\os_core.o
 .debug_abbrev  0x00000fc5      0x1d5 .\ARM_GCC_541\Debug\os_flag.o
 .debug_abbrev  0x0000119a       0x26 .\ARM_GCC_541\Debug\os_int.o
 .debug_abbrev  0x000011c0      0x132 .\ARM_GCC_541\Debug\os_mem.o
 .debug_abbrev  0x000012f2      0x157 .\ARM_GCC_541\Debug\os_msg.o
 .debug_abbrev  0x00001449      0x1d5 .\ARM_GCC_541\Debug\os_mutex.o
 .debug_abbrev  0x0000161e      0x183 .\ARM_GCC_541\Debug\os_pend_multi.o
 .debug_abbrev  0x000017a1       0xc6 .\ARM_GCC_541\Debug\os_prio.o
 .debug_abbrev  0x00001867      0x1d5 .\ARM_GCC_541\Debug\os_q.o
 .debug_abbrev  0x00001a3c      0x1d5 .\ARM_GCC_541\Debug\os_sem.o
 .debug_abbrev  0x00001c11      0x16c .\ARM_GCC_541\Debug\os_stat.o
 .debug_abbrev  0x00001d7d      0x1a2 .\ARM_GCC_541\Debug\os_task.o
 .debug_abbrev  0x00001f1f      0x1b4 .\ARM_GCC_541\Debug\os_tick.o
 .debug_abbrev  0x000020d3      0x188 .\ARM_GCC_541\Debug\os_time.o
 .debug_abbrev  0x0000225b      0x1e1 .\ARM_GCC_541\Debug\os_tmr.o
 .debug_abbrev  0x0000243c       0xb7 .\ARM_GCC_541\Debug\os_var.o
 .debug_abbrev  0x000024f3       0xdc .\ARM_GCC_541\Debug\os_cfg_app.o
 .debug_abbrev  0x000025cf       0x26 .\ARM_GCC_541\Debug\probe_com_os.o
 .debug_abbrev  0x000025f5       0xe0 .\ARM_GCC_541\Debug\probe_rs232c.o
 .debug_abbrev  0x000026d5      0x132 .\ARM_GCC_541\Debug\probe_rs232_os.o
 .debug_abbrev  0x00002807      0x148 .\ARM_GCC_541\Debug\probe_rs232.o
 .debug_abbrev  0x0000294f      0x13b .\ARM_GCC_541\Debug\probe_com.o
 .debug_abbrev  0x00002a8a      0x1b7 .\ARM_GCC_541\Debug\cyfitter_cfg.o
 .debug_abbrev  0x00002c41      0x1d6 .\ARM_GCC_541\Debug\Cm3Start.o
 .debug_abbrev  0x00002e17       0x66 .\ARM_GCC_541\Debug\cymetadata.o
 .debug_abbrev  0x00002e7d       0x14 .\ARM_GCC_541\Debug\cpu_a.o
 .debug_abbrev  0x00002e91       0x81 .\ARM_GCC_541\Debug\Pratica03-uCOS-III.a(LED_Status.o)
 .debug_abbrev  0x00002f12      0x120 .\ARM_GCC_541\Debug\Pratica03-uCOS-III.a(LCD_Disp.o)
 .debug_abbrev  0x00003032      0x217 .\ARM_GCC_541\Debug\Pratica03-uCOS-III.a(CyLib.o)
 .debug_abbrev  0x00003249      0x161 .\ARM_GCC_541\Debug\Pratica03-uCOS-III.a(cyPm.o)
 .debug_abbrev  0x000033aa      0x163 .\ARM_GCC_541\Debug\Pratica03-uCOS-III.a(ProbeUART.o)
 .debug_abbrev  0x0000350d      0x170 .\ARM_GCC_541\Debug\Pratica03-uCOS-III.a(ProbeUART_TxISR.o)
 .debug_abbrev  0x0000367d      0x170 .\ARM_GCC_541\Debug\Pratica03-uCOS-III.a(ProbeUART_RxISR.o)
 .debug_abbrev  0x000037ed       0x90 .\ARM_GCC_541\Debug\Pratica03-uCOS-III.a(PB_2.o)
 .debug_abbrev  0x0000387d       0x90 .\ARM_GCC_541\Debug\Pratica03-uCOS-III.a(PB_3.o)
 .debug_abbrev  0x0000390d      0x11d .\ARM_GCC_541\Debug\Pratica03-uCOS-III.a(ProbeUART_IntClock.o)
 .debug_abbrev  0x00003a2a       0x90 .\ARM_GCC_541\Debug\Pratica03-uCOS-III.a(Pin_SV01_VE.o)
 .debug_abbrev  0x00003aba       0x90 .\ARM_GCC_541\Debug\Pratica03-uCOS-III.a(Pin_BP01.o)
 .debug_abbrev  0x00003b4a       0x90 .\ARM_GCC_541\Debug\Pratica03-uCOS-III.a(Pin_SP01_VE.o)
 .debug_abbrev  0x00003bda       0x90 .\ARM_GCC_541\Debug\Pratica03-uCOS-III.a(Pin_SV01_AM.o)
 .debug_abbrev  0x00003c6a       0x90 .\ARM_GCC_541\Debug\Pratica03-uCOS-III.a(Pin_SV01_VM.o)
 .debug_abbrev  0x00003cfa       0x90 .\ARM_GCC_541\Debug\Pratica03-uCOS-III.a(Pin_SP01_VM.o)
 .debug_abbrev  0x00003d8a      0x172 .\ARM_GCC_541\Debug\Pratica03-uCOS-III.a(Pin_BP01_int.o)
 .debug_abbrev  0x00003efc       0x90 .\ARM_GCC_541\Debug\Pratica03-uCOS-III.a(Pin_SV02_VE.o)
 .debug_abbrev  0x00003f8c       0x90 .\ARM_GCC_541\Debug\Pratica03-uCOS-III.a(Pin_BP02.o)
 .debug_abbrev  0x0000401c       0x90 .\ARM_GCC_541\Debug\Pratica03-uCOS-III.a(Pin_SP02_VE.o)
 .debug_abbrev  0x000040ac       0x90 .\ARM_GCC_541\Debug\Pratica03-uCOS-III.a(Pin_SV02_AM.o)
 .debug_abbrev  0x0000413c       0x90 .\ARM_GCC_541\Debug\Pratica03-uCOS-III.a(Pin_SV02_VM.o)
 .debug_abbrev  0x000041cc       0x90 .\ARM_GCC_541\Debug\Pratica03-uCOS-III.a(Pin_SP02_VM.o)
 .debug_abbrev  0x0000425c      0x172 .\ARM_GCC_541\Debug\Pratica03-uCOS-III.a(Pin_BP02_int.o)
 .debug_abbrev  0x000043ce       0x14 .\ARM_GCC_541\Debug\Pratica03-uCOS-III.a(CyBootAsmGnu.o)
 .debug_abbrev  0x000043e2      0x14b .\ARM_GCC_541\Debug\Pratica03-uCOS-III.a(CyFlash.o)
 .debug_abbrev  0x0000452d      0x16c .\ARM_GCC_541\Debug\Pratica03-uCOS-III.a(CySpc.o)
 .debug_abbrev  0x00004699       0x14 ..\..\..\..\..\..\uCOS-III\Lib\ARM-Cortex-M3\PSoC_GNU/uCOS-III-ARM-Cortex-M3.a(os_cpu_a.o)

.debug_line     0x00000000     0x74f4
 *(.debug_line)
 .debug_line    0x00000000      0x175 .\ARM_GCC_541\Debug\app_probe.o
 .debug_line    0x00000175      0x431 .\ARM_GCC_541\Debug\app.o
 .debug_line    0x000005a6      0x181 .\ARM_GCC_541\Debug\os_app_hooks.o
 .debug_line    0x00000727      0x142 .\ARM_GCC_541\Debug\bsp_os.o
 .debug_line    0x00000869      0x188 .\ARM_GCC_541\Debug\bsp.o
 .debug_line    0x000009f1       0xc9 .\ARM_GCC_541\Debug\cpu_bsp.o
 .debug_line    0x00000aba      0x26a .\ARM_GCC_541\Debug\cpu_core.o
 .debug_line    0x00000d24      0x40d .\ARM_GCC_541\Debug\lib_ascii.o
 .debug_line    0x00001131       0xd8 .\ARM_GCC_541\Debug\lib_math.o
 .debug_line    0x00001209      0x1f5 .\ARM_GCC_541\Debug\lib_mem.o
 .debug_line    0x000013fe      0x51a .\ARM_GCC_541\Debug\lib_str.o
 .debug_line    0x00001918      0x113 .\ARM_GCC_541\Debug\os_dbg.o
 .debug_line    0x00001a2b      0x622 .\ARM_GCC_541\Debug\os_core.o
 .debug_line    0x0000204d      0x346 .\ARM_GCC_541\Debug\os_flag.o
 .debug_line    0x00002393       0x1d .\ARM_GCC_541\Debug\os_int.o
 .debug_line    0x000023b0      0x15b .\ARM_GCC_541\Debug\os_mem.o
 .debug_line    0x0000250b      0x19b .\ARM_GCC_541\Debug\os_msg.o
 .debug_line    0x000026a6      0x28a .\ARM_GCC_541\Debug\os_mutex.o
 .debug_line    0x00002930      0x1b6 .\ARM_GCC_541\Debug\os_pend_multi.o
 .debug_line    0x00002ae6       0xf4 .\ARM_GCC_541\Debug\os_prio.o
 .debug_line    0x00002bda      0x290 .\ARM_GCC_541\Debug\os_q.o
 .debug_line    0x00002e6a      0x294 .\ARM_GCC_541\Debug\os_sem.o
 .debug_line    0x000030fe      0x1c9 .\ARM_GCC_541\Debug\os_stat.o
 .debug_line    0x000032c7      0x5c7 .\ARM_GCC_541\Debug\os_task.o
 .debug_line    0x0000388e      0x21f .\ARM_GCC_541\Debug\os_tick.o
 .debug_line    0x00003aad      0x1e0 .\ARM_GCC_541\Debug\os_time.o
 .debug_line    0x00003c8d      0x364 .\ARM_GCC_541\Debug\os_tmr.o
 .debug_line    0x00003ff1       0xaf .\ARM_GCC_541\Debug\os_var.o
 .debug_line    0x000040a0       0xd2 .\ARM_GCC_541\Debug\os_cfg_app.o
 .debug_line    0x00004172       0x1d .\ARM_GCC_541\Debug\probe_com_os.o
 .debug_line    0x0000418f      0x161 .\ARM_GCC_541\Debug\probe_rs232c.o
 .debug_line    0x000042f0      0x163 .\ARM_GCC_541\Debug\probe_rs232_os.o
 .debug_line    0x00004453      0x1fc .\ARM_GCC_541\Debug\probe_rs232.o
 .debug_line    0x0000464f      0x288 .\ARM_GCC_541\Debug\probe_com.o
 .debug_line    0x000048d7      0x21a .\ARM_GCC_541\Debug\cyfitter_cfg.o
 .debug_line    0x00004af1      0x1dc .\ARM_GCC_541\Debug\Cm3Start.o
 .debug_line    0x00004ccd      0x141 .\ARM_GCC_541\Debug\cymetadata.o
 .debug_line    0x00004e0e       0x82 .\ARM_GCC_541\Debug\cpu_a.o
 .debug_line    0x00004e90       0x73 .\ARM_GCC_541\Debug\Pratica03-uCOS-III.a(LED_Status.o)
 .debug_line    0x00004f03      0x1e6 .\ARM_GCC_541\Debug\Pratica03-uCOS-III.a(LCD_Disp.o)
 .debug_line    0x000050e9      0x883 .\ARM_GCC_541\Debug\Pratica03-uCOS-III.a(CyLib.o)
 .debug_line    0x0000596c      0x38e .\ARM_GCC_541\Debug\Pratica03-uCOS-III.a(cyPm.o)
 .debug_line    0x00005cfa      0x2e7 .\ARM_GCC_541\Debug\Pratica03-uCOS-III.a(ProbeUART.o)
 .debug_line    0x00005fe1      0x159 .\ARM_GCC_541\Debug\Pratica03-uCOS-III.a(ProbeUART_TxISR.o)
 .debug_line    0x0000613a      0x149 .\ARM_GCC_541\Debug\Pratica03-uCOS-III.a(ProbeUART_RxISR.o)
 .debug_line    0x00006283       0x94 .\ARM_GCC_541\Debug\Pratica03-uCOS-III.a(PB_2.o)
 .debug_line    0x00006317       0x94 .\ARM_GCC_541\Debug\Pratica03-uCOS-III.a(PB_3.o)
 .debug_line    0x000063ab      0x1b1 .\ARM_GCC_541\Debug\Pratica03-uCOS-III.a(ProbeUART_IntClock.o)
 .debug_line    0x0000655c       0x9b .\ARM_GCC_541\Debug\Pratica03-uCOS-III.a(Pin_SV01_VE.o)
 .debug_line    0x000065f7       0xbd .\ARM_GCC_541\Debug\Pratica03-uCOS-III.a(Pin_BP01.o)
 .debug_line    0x000066b4       0x9b .\ARM_GCC_541\Debug\Pratica03-uCOS-III.a(Pin_SP01_VE.o)
 .debug_line    0x0000674f       0x9b .\ARM_GCC_541\Debug\Pratica03-uCOS-III.a(Pin_SV01_AM.o)
 .debug_line    0x000067ea       0x9b .\ARM_GCC_541\Debug\Pratica03-uCOS-III.a(Pin_SV01_VM.o)
 .debug_line    0x00006885       0x9b .\ARM_GCC_541\Debug\Pratica03-uCOS-III.a(Pin_SP01_VM.o)
 .debug_line    0x00006920      0x157 .\ARM_GCC_541\Debug\Pratica03-uCOS-III.a(Pin_BP01_int.o)
 .debug_line    0x00006a77       0x9b .\ARM_GCC_541\Debug\Pratica03-uCOS-III.a(Pin_SV02_VE.o)
 .debug_line    0x00006b12       0xbd .\ARM_GCC_541\Debug\Pratica03-uCOS-III.a(Pin_BP02.o)
 .debug_line    0x00006bcf       0x9b .\ARM_GCC_541\Debug\Pratica03-uCOS-III.a(Pin_SP02_VE.o)
 .debug_line    0x00006c6a       0x9b .\ARM_GCC_541\Debug\Pratica03-uCOS-III.a(Pin_SV02_AM.o)
 .debug_line    0x00006d05       0x9b .\ARM_GCC_541\Debug\Pratica03-uCOS-III.a(Pin_SV02_VM.o)
 .debug_line    0x00006da0       0x9b .\ARM_GCC_541\Debug\Pratica03-uCOS-III.a(Pin_SP02_VM.o)
 .debug_line    0x00006e3b      0x157 .\ARM_GCC_541\Debug\Pratica03-uCOS-III.a(Pin_BP02_int.o)
 .debug_line    0x00006f92       0x66 .\ARM_GCC_541\Debug\Pratica03-uCOS-III.a(CyBootAsmGnu.o)
 .debug_line    0x00006ff8      0x22f .\ARM_GCC_541\Debug\Pratica03-uCOS-III.a(CyFlash.o)
 .debug_line    0x00007227      0x231 .\ARM_GCC_541\Debug\Pratica03-uCOS-III.a(CySpc.o)
 .debug_line    0x00007458       0x9c ..\..\..\..\..\..\uCOS-III\Lib\ARM-Cortex-M3\PSoC_GNU/uCOS-III-ARM-Cortex-M3.a(os_cpu_a.o)

.debug_frame    0x00000000     0x6000
 *(.debug_frame)
 .debug_frame   0x00000000       0x2c .\ARM_GCC_541\Debug\app_probe.o
 .debug_frame   0x0000002c      0x1f4 .\ARM_GCC_541\Debug\app.o
 .debug_frame   0x00000220      0x18c .\ARM_GCC_541\Debug\os_app_hooks.o
 .debug_frame   0x000003ac       0xb0 .\ARM_GCC_541\Debug\bsp_os.o
 .debug_frame   0x0000045c      0x148 .\ARM_GCC_541\Debug\bsp.o
 .debug_frame   0x000005a4       0x8c .\ARM_GCC_541\Debug\cpu_bsp.o
 .debug_frame   0x00000630      0x2f8 .\ARM_GCC_541\Debug\cpu_core.o
 .debug_frame   0x00000928      0x290 .\ARM_GCC_541\Debug\lib_ascii.o
 .debug_frame   0x00000bb8       0xa4 .\ARM_GCC_541\Debug\lib_math.o
 .debug_frame   0x00000c5c       0xfc .\ARM_GCC_541\Debug\lib_mem.o
 .debug_frame   0x00000d58      0x3d4 .\ARM_GCC_541\Debug\lib_str.o
 .debug_frame   0x0000112c       0x38 .\ARM_GCC_541\Debug\os_dbg.o
 .debug_frame   0x00001164      0x5cc .\ARM_GCC_541\Debug\os_core.o
 .debug_frame   0x00001730      0x218 .\ARM_GCC_541\Debug\os_flag.o
 .debug_frame   0x00001948       0xd8 .\ARM_GCC_541\Debug\os_mem.o
 .debug_frame   0x00001a20       0xd8 .\ARM_GCC_541\Debug\os_msg.o
 .debug_frame   0x00001af8      0x178 .\ARM_GCC_541\Debug\os_mutex.o
 .debug_frame   0x00001c70       0xb0 .\ARM_GCC_541\Debug\os_pend_multi.o
 .debug_frame   0x00001d20       0xb0 .\ARM_GCC_541\Debug\os_prio.o
 .debug_frame   0x00001dd0      0x1c8 .\ARM_GCC_541\Debug\os_q.o
 .debug_frame   0x00001f98      0x1c8 .\ARM_GCC_541\Debug\os_sem.o
 .debug_frame   0x00002160       0xac .\ARM_GCC_541\Debug\os_stat.o
 .debug_frame   0x0000220c      0x450 .\ARM_GCC_541\Debug\os_task.o
 .debug_frame   0x0000265c      0x124 .\ARM_GCC_541\Debug\os_tick.o
 .debug_frame   0x00002780      0x100 .\ARM_GCC_541\Debug\os_time.o
 .debug_frame   0x00002880      0x23c .\ARM_GCC_541\Debug\os_tmr.o
 .debug_frame   0x00002abc       0x34 .\ARM_GCC_541\Debug\os_cfg_app.o
 .debug_frame   0x00002af0      0x138 .\ARM_GCC_541\Debug\probe_rs232c.o
 .debug_frame   0x00002c28       0xb0 .\ARM_GCC_541\Debug\probe_rs232_os.o
 .debug_frame   0x00002cd8      0x154 .\ARM_GCC_541\Debug\probe_rs232.o
 .debug_frame   0x00002e2c      0x240 .\ARM_GCC_541\Debug\probe_com.o
 .debug_frame   0x0000306c      0x16c .\ARM_GCC_541\Debug\cyfitter_cfg.o
 .debug_frame   0x000031d8       0xd8 .\ARM_GCC_541\Debug\Cm3Start.o
 .debug_frame   0x000032b0       0x5c .\ARM_GCC_541\Debug\Pratica03-uCOS-III.a(LED_Status.o)