ARM GAS  C:\Users\alex\AppData\Local\Temp\cciEJGxR.s 			page 1


   1              		.syntax unified
   2              		.cpu cortex-m3
   3              		.fpu softvfp
   4              		.eabi_attribute 20, 1
   5              		.eabi_attribute 21, 1
   6              		.eabi_attribute 23, 3
   7              		.eabi_attribute 24, 1
   8              		.eabi_attribute 25, 1
   9              		.eabi_attribute 26, 1
  10              		.eabi_attribute 30, 6
  11              		.eabi_attribute 34, 1
  12              		.eabi_attribute 18, 4
  13              		.thumb
  14              		.syntax unified
  15              		.file	"ProbeUART_RxISR.c"
  16              		.text
  17              	.Ltext0:
  18              		.cfi_sections	.debug_frame
  19              		.section	.text.ProbeUART_RxISR_Start,"ax",%progbits
  20              		.align	2
  21              		.global	ProbeUART_RxISR_Start
  22              		.thumb
  23              		.thumb_func
  24              		.type	ProbeUART_RxISR_Start, %function
  25              	ProbeUART_RxISR_Start:
  26              	.LFB0:
  27              		.file 1 "Generated_Source\\PSoC5\\ProbeUART_RxISR.c"
   1:Generated_Source\PSoC5/ProbeUART_RxISR.c **** /*******************************************************************************
   2:Generated_Source\PSoC5/ProbeUART_RxISR.c **** * File Name: ProbeUART_RxISR.c  
   3:Generated_Source\PSoC5/ProbeUART_RxISR.c **** * Version 1.70
   4:Generated_Source\PSoC5/ProbeUART_RxISR.c **** *
   5:Generated_Source\PSoC5/ProbeUART_RxISR.c **** *  Description:
   6:Generated_Source\PSoC5/ProbeUART_RxISR.c **** *   API for controlling the state of an interrupt.
   7:Generated_Source\PSoC5/ProbeUART_RxISR.c **** *
   8:Generated_Source\PSoC5/ProbeUART_RxISR.c **** *
   9:Generated_Source\PSoC5/ProbeUART_RxISR.c **** *  Note:
  10:Generated_Source\PSoC5/ProbeUART_RxISR.c **** *
  11:Generated_Source\PSoC5/ProbeUART_RxISR.c **** ********************************************************************************
  12:Generated_Source\PSoC5/ProbeUART_RxISR.c **** * Copyright 2008-2015, Cypress Semiconductor Corporation.  All rights reserved.
  13:Generated_Source\PSoC5/ProbeUART_RxISR.c **** * You may use this file only in accordance with the license, terms, conditions, 
  14:Generated_Source\PSoC5/ProbeUART_RxISR.c **** * disclaimers, and limitations in the end user license agreement accompanying 
  15:Generated_Source\PSoC5/ProbeUART_RxISR.c **** * the software package with which this file was provided.
  16:Generated_Source\PSoC5/ProbeUART_RxISR.c **** *******************************************************************************/
  17:Generated_Source\PSoC5/ProbeUART_RxISR.c **** 
  18:Generated_Source\PSoC5/ProbeUART_RxISR.c **** 
  19:Generated_Source\PSoC5/ProbeUART_RxISR.c **** #include <cydevice_trm.h>
  20:Generated_Source\PSoC5/ProbeUART_RxISR.c **** #include <CyLib.h>
  21:Generated_Source\PSoC5/ProbeUART_RxISR.c **** #include <ProbeUART_RxISR.h>
  22:Generated_Source\PSoC5/ProbeUART_RxISR.c **** 
  23:Generated_Source\PSoC5/ProbeUART_RxISR.c **** 
  24:Generated_Source\PSoC5/ProbeUART_RxISR.c **** #if !defined(ProbeUART_RxISR__REMOVED) /* Check for removal by optimization */
  25:Generated_Source\PSoC5/ProbeUART_RxISR.c **** 
  26:Generated_Source\PSoC5/ProbeUART_RxISR.c **** /*******************************************************************************
  27:Generated_Source\PSoC5/ProbeUART_RxISR.c **** *  Place your includes, defines and code here 
  28:Generated_Source\PSoC5/ProbeUART_RxISR.c **** ********************************************************************************/
  29:Generated_Source\PSoC5/ProbeUART_RxISR.c **** /* `#START ProbeUART_RxISR_intc` */
  30:Generated_Source\PSoC5/ProbeUART_RxISR.c **** 
ARM GAS  C:\Users\alex\AppData\Local\Temp\cciEJGxR.s 			page 2


  31:Generated_Source\PSoC5/ProbeUART_RxISR.c **** /* `#END` */
  32:Generated_Source\PSoC5/ProbeUART_RxISR.c **** 
  33:Generated_Source\PSoC5/ProbeUART_RxISR.c **** #ifndef CYINT_IRQ_BASE
  34:Generated_Source\PSoC5/ProbeUART_RxISR.c **** #define CYINT_IRQ_BASE      16
  35:Generated_Source\PSoC5/ProbeUART_RxISR.c **** #endif /* CYINT_IRQ_BASE */
  36:Generated_Source\PSoC5/ProbeUART_RxISR.c **** #ifndef CYINT_VECT_TABLE
  37:Generated_Source\PSoC5/ProbeUART_RxISR.c **** #define CYINT_VECT_TABLE    ((cyisraddress **) CYREG_NVIC_VECT_OFFSET)
  38:Generated_Source\PSoC5/ProbeUART_RxISR.c **** #endif /* CYINT_VECT_TABLE */
  39:Generated_Source\PSoC5/ProbeUART_RxISR.c **** 
  40:Generated_Source\PSoC5/ProbeUART_RxISR.c **** /* Declared in startup, used to set unused interrupts to. */
  41:Generated_Source\PSoC5/ProbeUART_RxISR.c **** CY_ISR_PROTO(IntDefaultHandler);
  42:Generated_Source\PSoC5/ProbeUART_RxISR.c **** 
  43:Generated_Source\PSoC5/ProbeUART_RxISR.c **** 
  44:Generated_Source\PSoC5/ProbeUART_RxISR.c **** /*******************************************************************************
  45:Generated_Source\PSoC5/ProbeUART_RxISR.c **** * Function Name: ProbeUART_RxISR_Start
  46:Generated_Source\PSoC5/ProbeUART_RxISR.c **** ********************************************************************************
  47:Generated_Source\PSoC5/ProbeUART_RxISR.c **** *
  48:Generated_Source\PSoC5/ProbeUART_RxISR.c **** * Summary:
  49:Generated_Source\PSoC5/ProbeUART_RxISR.c **** *  Set up the interrupt and enable it. This function disables the interrupt, 
  50:Generated_Source\PSoC5/ProbeUART_RxISR.c **** *  sets the default interrupt vector, sets the priority from the value in the
  51:Generated_Source\PSoC5/ProbeUART_RxISR.c **** *  Design Wide Resources Interrupt Editor, then enables the interrupt to the 
  52:Generated_Source\PSoC5/ProbeUART_RxISR.c **** *  interrupt controller.
  53:Generated_Source\PSoC5/ProbeUART_RxISR.c **** *
  54:Generated_Source\PSoC5/ProbeUART_RxISR.c **** * Parameters:  
  55:Generated_Source\PSoC5/ProbeUART_RxISR.c **** *   None
  56:Generated_Source\PSoC5/ProbeUART_RxISR.c **** *
  57:Generated_Source\PSoC5/ProbeUART_RxISR.c **** * Return:
  58:Generated_Source\PSoC5/ProbeUART_RxISR.c **** *   None
  59:Generated_Source\PSoC5/ProbeUART_RxISR.c **** *
  60:Generated_Source\PSoC5/ProbeUART_RxISR.c **** *******************************************************************************/
  61:Generated_Source\PSoC5/ProbeUART_RxISR.c **** void ProbeUART_RxISR_Start(void)
  62:Generated_Source\PSoC5/ProbeUART_RxISR.c **** {
  28              		.loc 1 62 0
  29              		.cfi_startproc
  30              		@ args = 0, pretend = 0, frame = 0
  31              		@ frame_needed = 1, uses_anonymous_args = 0
  32 0000 80B5     		push	{r7, lr}
  33              		.cfi_def_cfa_offset 8
  34              		.cfi_offset 7, -8
  35              		.cfi_offset 14, -4
  36 0002 00AF     		add	r7, sp, #0
  37              		.cfi_def_cfa_register 7
  63:Generated_Source\PSoC5/ProbeUART_RxISR.c ****     /* For all we know the interrupt is active. */
  64:Generated_Source\PSoC5/ProbeUART_RxISR.c ****     ProbeUART_RxISR_Disable();
  38              		.loc 1 64 0
  39 0004 FFF7FEFF 		bl	ProbeUART_RxISR_Disable
  65:Generated_Source\PSoC5/ProbeUART_RxISR.c **** 
  66:Generated_Source\PSoC5/ProbeUART_RxISR.c ****     /* Set the ISR to point to the ProbeUART_RxISR Interrupt. */
  67:Generated_Source\PSoC5/ProbeUART_RxISR.c ****     ProbeUART_RxISR_SetVector(&ProbeUART_RxISR_Interrupt);
  40              		.loc 1 67 0
  41 0008 0448     		ldr	r0, .L2
  42 000a FFF7FEFF 		bl	ProbeUART_RxISR_SetVector
  68:Generated_Source\PSoC5/ProbeUART_RxISR.c **** 
  69:Generated_Source\PSoC5/ProbeUART_RxISR.c ****     /* Set the priority. */
  70:Generated_Source\PSoC5/ProbeUART_RxISR.c ****     ProbeUART_RxISR_SetPriority((uint8)ProbeUART_RxISR_INTC_PRIOR_NUMBER);
  43              		.loc 1 70 0
  44 000e 0720     		movs	r0, #7
ARM GAS  C:\Users\alex\AppData\Local\Temp\cciEJGxR.s 			page 3


  45 0010 FFF7FEFF 		bl	ProbeUART_RxISR_SetPriority
  71:Generated_Source\PSoC5/ProbeUART_RxISR.c **** 
  72:Generated_Source\PSoC5/ProbeUART_RxISR.c ****     /* Enable it. */
  73:Generated_Source\PSoC5/ProbeUART_RxISR.c ****     ProbeUART_RxISR_Enable();
  46              		.loc 1 73 0
  47 0014 FFF7FEFF 		bl	ProbeUART_RxISR_Enable
  74:Generated_Source\PSoC5/ProbeUART_RxISR.c **** }
  48              		.loc 1 74 0
  49 0018 00BF     		nop
  50 001a 80BD     		pop	{r7, pc}
  51              	.L3:
  52              		.align	2
  53              	.L2:
  54 001c 00000000 		.word	ProbeUART_RxISR_Interrupt
  55              		.cfi_endproc
  56              	.LFE0:
  57              		.size	ProbeUART_RxISR_Start, .-ProbeUART_RxISR_Start
  58              		.section	.text.ProbeUART_RxISR_StartEx,"ax",%progbits
  59              		.align	2
  60              		.global	ProbeUART_RxISR_StartEx
  61              		.thumb
  62              		.thumb_func
  63              		.type	ProbeUART_RxISR_StartEx, %function
  64              	ProbeUART_RxISR_StartEx:
  65              	.LFB1:
  75:Generated_Source\PSoC5/ProbeUART_RxISR.c **** 
  76:Generated_Source\PSoC5/ProbeUART_RxISR.c **** 
  77:Generated_Source\PSoC5/ProbeUART_RxISR.c **** /*******************************************************************************
  78:Generated_Source\PSoC5/ProbeUART_RxISR.c **** * Function Name: ProbeUART_RxISR_StartEx
  79:Generated_Source\PSoC5/ProbeUART_RxISR.c **** ********************************************************************************
  80:Generated_Source\PSoC5/ProbeUART_RxISR.c **** *
  81:Generated_Source\PSoC5/ProbeUART_RxISR.c **** * Summary:
  82:Generated_Source\PSoC5/ProbeUART_RxISR.c **** *  Sets up the interrupt and enables it. This function disables the interrupt,
  83:Generated_Source\PSoC5/ProbeUART_RxISR.c **** *  sets the interrupt vector based on the address passed in, sets the priority 
  84:Generated_Source\PSoC5/ProbeUART_RxISR.c **** *  from the value in the Design Wide Resources Interrupt Editor, then enables 
  85:Generated_Source\PSoC5/ProbeUART_RxISR.c **** *  the interrupt to the interrupt controller.
  86:Generated_Source\PSoC5/ProbeUART_RxISR.c **** *  
  87:Generated_Source\PSoC5/ProbeUART_RxISR.c **** *  When defining ISR functions, the CY_ISR and CY_ISR_PROTO macros should be 
  88:Generated_Source\PSoC5/ProbeUART_RxISR.c **** *  used to provide consistent definition across compilers:
  89:Generated_Source\PSoC5/ProbeUART_RxISR.c **** *  
  90:Generated_Source\PSoC5/ProbeUART_RxISR.c **** *  Function definition example:
  91:Generated_Source\PSoC5/ProbeUART_RxISR.c **** *   CY_ISR(MyISR)
  92:Generated_Source\PSoC5/ProbeUART_RxISR.c **** *   {
  93:Generated_Source\PSoC5/ProbeUART_RxISR.c **** *   }
  94:Generated_Source\PSoC5/ProbeUART_RxISR.c **** *   Function prototype example:
  95:Generated_Source\PSoC5/ProbeUART_RxISR.c **** *   CY_ISR_PROTO(MyISR);
  96:Generated_Source\PSoC5/ProbeUART_RxISR.c **** *
  97:Generated_Source\PSoC5/ProbeUART_RxISR.c **** * Parameters:  
  98:Generated_Source\PSoC5/ProbeUART_RxISR.c **** *   address: Address of the ISR to set in the interrupt vector table.
  99:Generated_Source\PSoC5/ProbeUART_RxISR.c **** *
 100:Generated_Source\PSoC5/ProbeUART_RxISR.c **** * Return:
 101:Generated_Source\PSoC5/ProbeUART_RxISR.c **** *   None
 102:Generated_Source\PSoC5/ProbeUART_RxISR.c **** *
 103:Generated_Source\PSoC5/ProbeUART_RxISR.c **** *******************************************************************************/
 104:Generated_Source\PSoC5/ProbeUART_RxISR.c **** void ProbeUART_RxISR_StartEx(cyisraddress address)
 105:Generated_Source\PSoC5/ProbeUART_RxISR.c **** {
  66              		.loc 1 105 0
ARM GAS  C:\Users\alex\AppData\Local\Temp\cciEJGxR.s 			page 4


  67              		.cfi_startproc
  68              		@ args = 0, pretend = 0, frame = 8
  69              		@ frame_needed = 1, uses_anonymous_args = 0
  70 0000 80B5     		push	{r7, lr}
  71              		.cfi_def_cfa_offset 8
  72              		.cfi_offset 7, -8
  73              		.cfi_offset 14, -4
  74 0002 82B0     		sub	sp, sp, #8
  75              		.cfi_def_cfa_offset 16
  76 0004 00AF     		add	r7, sp, #0
  77              		.cfi_def_cfa_register 7
  78 0006 7860     		str	r0, [r7, #4]
 106:Generated_Source\PSoC5/ProbeUART_RxISR.c ****     /* For all we know the interrupt is active. */
 107:Generated_Source\PSoC5/ProbeUART_RxISR.c ****     ProbeUART_RxISR_Disable();
  79              		.loc 1 107 0
  80 0008 FFF7FEFF 		bl	ProbeUART_RxISR_Disable
 108:Generated_Source\PSoC5/ProbeUART_RxISR.c **** 
 109:Generated_Source\PSoC5/ProbeUART_RxISR.c ****     /* Set the ISR to point to the ProbeUART_RxISR Interrupt. */
 110:Generated_Source\PSoC5/ProbeUART_RxISR.c ****     ProbeUART_RxISR_SetVector(address);
  81              		.loc 1 110 0
  82 000c 7868     		ldr	r0, [r7, #4]
  83 000e FFF7FEFF 		bl	ProbeUART_RxISR_SetVector
 111:Generated_Source\PSoC5/ProbeUART_RxISR.c **** 
 112:Generated_Source\PSoC5/ProbeUART_RxISR.c ****     /* Set the priority. */
 113:Generated_Source\PSoC5/ProbeUART_RxISR.c ****     ProbeUART_RxISR_SetPriority((uint8)ProbeUART_RxISR_INTC_PRIOR_NUMBER);
  84              		.loc 1 113 0
  85 0012 0720     		movs	r0, #7
  86 0014 FFF7FEFF 		bl	ProbeUART_RxISR_SetPriority
 114:Generated_Source\PSoC5/ProbeUART_RxISR.c **** 
 115:Generated_Source\PSoC5/ProbeUART_RxISR.c ****     /* Enable it. */
 116:Generated_Source\PSoC5/ProbeUART_RxISR.c ****     ProbeUART_RxISR_Enable();
  87              		.loc 1 116 0
  88 0018 FFF7FEFF 		bl	ProbeUART_RxISR_Enable
 117:Generated_Source\PSoC5/ProbeUART_RxISR.c **** }
  89              		.loc 1 117 0
  90 001c 00BF     		nop
  91 001e 0837     		adds	r7, r7, #8
  92              		.cfi_def_cfa_offset 8
  93 0020 BD46     		mov	sp, r7
  94              		.cfi_def_cfa_register 13
  95              		@ sp needed
  96 0022 80BD     		pop	{r7, pc}
  97              		.cfi_endproc
  98              	.LFE1:
  99              		.size	ProbeUART_RxISR_StartEx, .-ProbeUART_RxISR_StartEx
 100              		.section	.text.ProbeUART_RxISR_Stop,"ax",%progbits
 101              		.align	2
 102              		.global	ProbeUART_RxISR_Stop
 103              		.thumb
 104              		.thumb_func
 105              		.type	ProbeUART_RxISR_Stop, %function
 106              	ProbeUART_RxISR_Stop:
 107              	.LFB2:
 118:Generated_Source\PSoC5/ProbeUART_RxISR.c **** 
 119:Generated_Source\PSoC5/ProbeUART_RxISR.c **** 
 120:Generated_Source\PSoC5/ProbeUART_RxISR.c **** /*******************************************************************************
 121:Generated_Source\PSoC5/ProbeUART_RxISR.c **** * Function Name: ProbeUART_RxISR_Stop
ARM GAS  C:\Users\alex\AppData\Local\Temp\cciEJGxR.s 			page 5


 122:Generated_Source\PSoC5/ProbeUART_RxISR.c **** ********************************************************************************
 123:Generated_Source\PSoC5/ProbeUART_RxISR.c **** *
 124:Generated_Source\PSoC5/ProbeUART_RxISR.c **** * Summary:
 125:Generated_Source\PSoC5/ProbeUART_RxISR.c **** *   Disables and removes the interrupt.
 126:Generated_Source\PSoC5/ProbeUART_RxISR.c **** *
 127:Generated_Source\PSoC5/ProbeUART_RxISR.c **** * Parameters:  
 128:Generated_Source\PSoC5/ProbeUART_RxISR.c **** *   None
 129:Generated_Source\PSoC5/ProbeUART_RxISR.c **** *
 130:Generated_Source\PSoC5/ProbeUART_RxISR.c **** * Return:
 131:Generated_Source\PSoC5/ProbeUART_RxISR.c **** *   None
 132:Generated_Source\PSoC5/ProbeUART_RxISR.c **** *
 133:Generated_Source\PSoC5/ProbeUART_RxISR.c **** *******************************************************************************/
 134:Generated_Source\PSoC5/ProbeUART_RxISR.c **** void ProbeUART_RxISR_Stop(void)
 135:Generated_Source\PSoC5/ProbeUART_RxISR.c **** {
 108              		.loc 1 135 0
 109              		.cfi_startproc
 110              		@ args = 0, pretend = 0, frame = 0
 111              		@ frame_needed = 1, uses_anonymous_args = 0
 112 0000 80B5     		push	{r7, lr}
 113              		.cfi_def_cfa_offset 8
 114              		.cfi_offset 7, -8
 115              		.cfi_offset 14, -4
 116 0002 00AF     		add	r7, sp, #0
 117              		.cfi_def_cfa_register 7
 136:Generated_Source\PSoC5/ProbeUART_RxISR.c ****     /* Disable this interrupt. */
 137:Generated_Source\PSoC5/ProbeUART_RxISR.c ****     ProbeUART_RxISR_Disable();
 118              		.loc 1 137 0
 119 0004 FFF7FEFF 		bl	ProbeUART_RxISR_Disable
 138:Generated_Source\PSoC5/ProbeUART_RxISR.c **** 
 139:Generated_Source\PSoC5/ProbeUART_RxISR.c ****     /* Set the ISR to point to the passive one. */
 140:Generated_Source\PSoC5/ProbeUART_RxISR.c ****     ProbeUART_RxISR_SetVector(&IntDefaultHandler);
 120              		.loc 1 140 0
 121 0008 0248     		ldr	r0, .L6
 122 000a FFF7FEFF 		bl	ProbeUART_RxISR_SetVector
 141:Generated_Source\PSoC5/ProbeUART_RxISR.c **** }
 123              		.loc 1 141 0
 124 000e 00BF     		nop
 125 0010 80BD     		pop	{r7, pc}
 126              	.L7:
 127 0012 00BF     		.align	2
 128              	.L6:
 129 0014 00000000 		.word	IntDefaultHandler
 130              		.cfi_endproc
 131              	.LFE2:
 132              		.size	ProbeUART_RxISR_Stop, .-ProbeUART_RxISR_Stop
 133              		.section	.text.ProbeUART_RxISR_Interrupt,"ax",%progbits
 134              		.align	2
 135              		.global	ProbeUART_RxISR_Interrupt
 136              		.thumb
 137              		.thumb_func
 138              		.type	ProbeUART_RxISR_Interrupt, %function
 139              	ProbeUART_RxISR_Interrupt:
 140              	.LFB3:
 142:Generated_Source\PSoC5/ProbeUART_RxISR.c **** 
 143:Generated_Source\PSoC5/ProbeUART_RxISR.c **** 
 144:Generated_Source\PSoC5/ProbeUART_RxISR.c **** /*******************************************************************************
 145:Generated_Source\PSoC5/ProbeUART_RxISR.c **** * Function Name: ProbeUART_RxISR_Interrupt
ARM GAS  C:\Users\alex\AppData\Local\Temp\cciEJGxR.s 			page 6


 146:Generated_Source\PSoC5/ProbeUART_RxISR.c **** ********************************************************************************
 147:Generated_Source\PSoC5/ProbeUART_RxISR.c **** *
 148:Generated_Source\PSoC5/ProbeUART_RxISR.c **** * Summary:
 149:Generated_Source\PSoC5/ProbeUART_RxISR.c **** *   The default Interrupt Service Routine for ProbeUART_RxISR.
 150:Generated_Source\PSoC5/ProbeUART_RxISR.c **** *
 151:Generated_Source\PSoC5/ProbeUART_RxISR.c **** *   Add custom code between the coments to keep the next version of this file
 152:Generated_Source\PSoC5/ProbeUART_RxISR.c **** *   from over writting your code.
 153:Generated_Source\PSoC5/ProbeUART_RxISR.c **** *
 154:Generated_Source\PSoC5/ProbeUART_RxISR.c **** * Parameters:  
 155:Generated_Source\PSoC5/ProbeUART_RxISR.c **** *
 156:Generated_Source\PSoC5/ProbeUART_RxISR.c **** * Return:
 157:Generated_Source\PSoC5/ProbeUART_RxISR.c **** *   None
 158:Generated_Source\PSoC5/ProbeUART_RxISR.c **** *
 159:Generated_Source\PSoC5/ProbeUART_RxISR.c **** *******************************************************************************/
 160:Generated_Source\PSoC5/ProbeUART_RxISR.c **** CY_ISR(ProbeUART_RxISR_Interrupt)
 161:Generated_Source\PSoC5/ProbeUART_RxISR.c **** {
 141              		.loc 1 161 0
 142              		.cfi_startproc
 143              		@ args = 0, pretend = 0, frame = 0
 144              		@ frame_needed = 1, uses_anonymous_args = 0
 145 0000 80B5     		push	{r7, lr}
 146              		.cfi_def_cfa_offset 8
 147              		.cfi_offset 7, -8
 148              		.cfi_offset 14, -4
 149 0002 00AF     		add	r7, sp, #0
 150              		.cfi_def_cfa_register 7
 162:Generated_Source\PSoC5/ProbeUART_RxISR.c ****     #ifdef ProbeUART_RxISR_INTERRUPT_INTERRUPT_CALLBACK
 163:Generated_Source\PSoC5/ProbeUART_RxISR.c ****         ProbeUART_RxISR_Interrupt_InterruptCallback();
 164:Generated_Source\PSoC5/ProbeUART_RxISR.c ****     #endif /* ProbeUART_RxISR_INTERRUPT_INTERRUPT_CALLBACK */ 
 165:Generated_Source\PSoC5/ProbeUART_RxISR.c **** 
 166:Generated_Source\PSoC5/ProbeUART_RxISR.c ****     /*  Place your Interrupt code here. */
 167:Generated_Source\PSoC5/ProbeUART_RxISR.c ****     /* `#START ProbeUART_RxISR_Interrupt` */
 168:Generated_Source\PSoC5/ProbeUART_RxISR.c ****     ProbeRS232_RxISRHandler();
 151              		.loc 1 168 0
 152 0004 FFF7FEFF 		bl	ProbeRS232_RxISRHandler
 169:Generated_Source\PSoC5/ProbeUART_RxISR.c ****     /* `#END` */
 170:Generated_Source\PSoC5/ProbeUART_RxISR.c **** }
 153              		.loc 1 170 0
 154 0008 00BF     		nop
 155 000a 80BD     		pop	{r7, pc}
 156              		.cfi_endproc
 157              	.LFE3:
 158              		.size	ProbeUART_RxISR_Interrupt, .-ProbeUART_RxISR_Interrupt
 159              		.section	.text.ProbeUART_RxISR_SetVector,"ax",%progbits
 160              		.align	2
 161              		.global	ProbeUART_RxISR_SetVector
 162              		.thumb
 163              		.thumb_func
 164              		.type	ProbeUART_RxISR_SetVector, %function
 165              	ProbeUART_RxISR_SetVector:
 166              	.LFB4:
 171:Generated_Source\PSoC5/ProbeUART_RxISR.c **** 
 172:Generated_Source\PSoC5/ProbeUART_RxISR.c **** 
 173:Generated_Source\PSoC5/ProbeUART_RxISR.c **** /*******************************************************************************
 174:Generated_Source\PSoC5/ProbeUART_RxISR.c **** * Function Name: ProbeUART_RxISR_SetVector
 175:Generated_Source\PSoC5/ProbeUART_RxISR.c **** ********************************************************************************
 176:Generated_Source\PSoC5/ProbeUART_RxISR.c **** *
ARM GAS  C:\Users\alex\AppData\Local\Temp\cciEJGxR.s 			page 7


 177:Generated_Source\PSoC5/ProbeUART_RxISR.c **** * Summary:
 178:Generated_Source\PSoC5/ProbeUART_RxISR.c **** *   Change the ISR vector for the Interrupt. Note calling ProbeUART_RxISR_Start
 179:Generated_Source\PSoC5/ProbeUART_RxISR.c **** *   will override any effect this method would have had. To set the vector 
 180:Generated_Source\PSoC5/ProbeUART_RxISR.c **** *   before the component has been started use ProbeUART_RxISR_StartEx instead.
 181:Generated_Source\PSoC5/ProbeUART_RxISR.c **** * 
 182:Generated_Source\PSoC5/ProbeUART_RxISR.c **** *   When defining ISR functions, the CY_ISR and CY_ISR_PROTO macros should be 
 183:Generated_Source\PSoC5/ProbeUART_RxISR.c **** *   used to provide consistent definition across compilers:
 184:Generated_Source\PSoC5/ProbeUART_RxISR.c **** *
 185:Generated_Source\PSoC5/ProbeUART_RxISR.c **** *   Function definition example:
 186:Generated_Source\PSoC5/ProbeUART_RxISR.c **** *   CY_ISR(MyISR)
 187:Generated_Source\PSoC5/ProbeUART_RxISR.c **** *   {
 188:Generated_Source\PSoC5/ProbeUART_RxISR.c **** *   }
 189:Generated_Source\PSoC5/ProbeUART_RxISR.c **** *
 190:Generated_Source\PSoC5/ProbeUART_RxISR.c **** *   Function prototype example:
 191:Generated_Source\PSoC5/ProbeUART_RxISR.c **** *     CY_ISR_PROTO(MyISR);
 192:Generated_Source\PSoC5/ProbeUART_RxISR.c **** *
 193:Generated_Source\PSoC5/ProbeUART_RxISR.c **** * Parameters:
 194:Generated_Source\PSoC5/ProbeUART_RxISR.c **** *   address: Address of the ISR to set in the interrupt vector table.
 195:Generated_Source\PSoC5/ProbeUART_RxISR.c **** *
 196:Generated_Source\PSoC5/ProbeUART_RxISR.c **** * Return:
 197:Generated_Source\PSoC5/ProbeUART_RxISR.c **** *   None
 198:Generated_Source\PSoC5/ProbeUART_RxISR.c **** *
 199:Generated_Source\PSoC5/ProbeUART_RxISR.c **** *******************************************************************************/
 200:Generated_Source\PSoC5/ProbeUART_RxISR.c **** void ProbeUART_RxISR_SetVector(cyisraddress address)
 201:Generated_Source\PSoC5/ProbeUART_RxISR.c **** {
 167              		.loc 1 201 0
 168              		.cfi_startproc
 169              		@ args = 0, pretend = 0, frame = 16
 170              		@ frame_needed = 1, uses_anonymous_args = 0
 171              		@ link register save eliminated.
 172 0000 80B4     		push	{r7}
 173              		.cfi_def_cfa_offset 4
 174              		.cfi_offset 7, -4
 175 0002 85B0     		sub	sp, sp, #20
 176              		.cfi_def_cfa_offset 24
 177 0004 00AF     		add	r7, sp, #0
 178              		.cfi_def_cfa_register 7
 179 0006 7860     		str	r0, [r7, #4]
 202:Generated_Source\PSoC5/ProbeUART_RxISR.c ****     cyisraddress * ramVectorTable;
 203:Generated_Source\PSoC5/ProbeUART_RxISR.c **** 
 204:Generated_Source\PSoC5/ProbeUART_RxISR.c ****     ramVectorTable = (cyisraddress *) *CYINT_VECT_TABLE;
 180              		.loc 1 204 0
 181 0008 054B     		ldr	r3, .L10
 182 000a 1B68     		ldr	r3, [r3]
 183 000c FB60     		str	r3, [r7, #12]
 205:Generated_Source\PSoC5/ProbeUART_RxISR.c **** 
 206:Generated_Source\PSoC5/ProbeUART_RxISR.c ****     ramVectorTable[CYINT_IRQ_BASE + (uint32)ProbeUART_RxISR__INTC_NUMBER] = address;
 184              		.loc 1 206 0
 185 000e FB68     		ldr	r3, [r7, #12]
 186 0010 4033     		adds	r3, r3, #64
 187 0012 7A68     		ldr	r2, [r7, #4]
 188 0014 1A60     		str	r2, [r3]
 207:Generated_Source\PSoC5/ProbeUART_RxISR.c **** }
 189              		.loc 1 207 0
 190 0016 00BF     		nop
 191 0018 1437     		adds	r7, r7, #20
 192              		.cfi_def_cfa_offset 4
ARM GAS  C:\Users\alex\AppData\Local\Temp\cciEJGxR.s 			page 8


 193 001a BD46     		mov	sp, r7
 194              		.cfi_def_cfa_register 13
 195              		@ sp needed
 196 001c 80BC     		pop	{r7}
 197              		.cfi_restore 7
 198              		.cfi_def_cfa_offset 0
 199 001e 7047     		bx	lr
 200              	.L11:
 201              		.align	2
 202              	.L10:
 203 0020 08ED00E0 		.word	-536810232
 204              		.cfi_endproc
 205              	.LFE4:
 206              		.size	ProbeUART_RxISR_SetVector, .-ProbeUART_RxISR_SetVector
 207              		.section	.text.ProbeUART_RxISR_GetVector,"ax",%progbits
 208              		.align	2
 209              		.global	ProbeUART_RxISR_GetVector
 210              		.thumb
 211              		.thumb_func
 212              		.type	ProbeUART_RxISR_GetVector, %function
 213              	ProbeUART_RxISR_GetVector:
 214              	.LFB5:
 208:Generated_Source\PSoC5/ProbeUART_RxISR.c **** 
 209:Generated_Source\PSoC5/ProbeUART_RxISR.c **** 
 210:Generated_Source\PSoC5/ProbeUART_RxISR.c **** /*******************************************************************************
 211:Generated_Source\PSoC5/ProbeUART_RxISR.c **** * Function Name: ProbeUART_RxISR_GetVector
 212:Generated_Source\PSoC5/ProbeUART_RxISR.c **** ********************************************************************************
 213:Generated_Source\PSoC5/ProbeUART_RxISR.c **** *
 214:Generated_Source\PSoC5/ProbeUART_RxISR.c **** * Summary:
 215:Generated_Source\PSoC5/ProbeUART_RxISR.c **** *   Gets the "address" of the current ISR vector for the Interrupt.
 216:Generated_Source\PSoC5/ProbeUART_RxISR.c **** *
 217:Generated_Source\PSoC5/ProbeUART_RxISR.c **** * Parameters:
 218:Generated_Source\PSoC5/ProbeUART_RxISR.c **** *   None
 219:Generated_Source\PSoC5/ProbeUART_RxISR.c **** *
 220:Generated_Source\PSoC5/ProbeUART_RxISR.c **** * Return:
 221:Generated_Source\PSoC5/ProbeUART_RxISR.c **** *   Address of the ISR in the interrupt vector table.
 222:Generated_Source\PSoC5/ProbeUART_RxISR.c **** *
 223:Generated_Source\PSoC5/ProbeUART_RxISR.c **** *******************************************************************************/
 224:Generated_Source\PSoC5/ProbeUART_RxISR.c **** cyisraddress ProbeUART_RxISR_GetVector(void)
 225:Generated_Source\PSoC5/ProbeUART_RxISR.c **** {
 215              		.loc 1 225 0
 216              		.cfi_startproc
 217              		@ args = 0, pretend = 0, frame = 8
 218              		@ frame_needed = 1, uses_anonymous_args = 0
 219              		@ link register save eliminated.
 220 0000 80B4     		push	{r7}
 221              		.cfi_def_cfa_offset 4
 222              		.cfi_offset 7, -4
 223 0002 83B0     		sub	sp, sp, #12
 224              		.cfi_def_cfa_offset 16
 225 0004 00AF     		add	r7, sp, #0
 226              		.cfi_def_cfa_register 7
 226:Generated_Source\PSoC5/ProbeUART_RxISR.c ****     cyisraddress * ramVectorTable;
 227:Generated_Source\PSoC5/ProbeUART_RxISR.c **** 
 228:Generated_Source\PSoC5/ProbeUART_RxISR.c ****     ramVectorTable = (cyisraddress *) *CYINT_VECT_TABLE;
 227              		.loc 1 228 0
 228 0006 054B     		ldr	r3, .L14
ARM GAS  C:\Users\alex\AppData\Local\Temp\cciEJGxR.s 			page 9


 229 0008 1B68     		ldr	r3, [r3]
 230 000a 7B60     		str	r3, [r7, #4]
 229:Generated_Source\PSoC5/ProbeUART_RxISR.c **** 
 230:Generated_Source\PSoC5/ProbeUART_RxISR.c ****     return ramVectorTable[CYINT_IRQ_BASE + (uint32)ProbeUART_RxISR__INTC_NUMBER];
 231              		.loc 1 230 0
 232 000c 7B68     		ldr	r3, [r7, #4]
 233 000e 1B6C     		ldr	r3, [r3, #64]
 231:Generated_Source\PSoC5/ProbeUART_RxISR.c **** }
 234              		.loc 1 231 0
 235 0010 1846     		mov	r0, r3
 236 0012 0C37     		adds	r7, r7, #12
 237              		.cfi_def_cfa_offset 4
 238 0014 BD46     		mov	sp, r7
 239              		.cfi_def_cfa_register 13
 240              		@ sp needed
 241 0016 80BC     		pop	{r7}
 242              		.cfi_restore 7
 243              		.cfi_def_cfa_offset 0
 244 0018 7047     		bx	lr
 245              	.L15:
 246 001a 00BF     		.align	2
 247              	.L14:
 248 001c 08ED00E0 		.word	-536810232
 249              		.cfi_endproc
 250              	.LFE5:
 251              		.size	ProbeUART_RxISR_GetVector, .-ProbeUART_RxISR_GetVector
 252              		.section	.text.ProbeUART_RxISR_SetPriority,"ax",%progbits
 253              		.align	2
 254              		.global	ProbeUART_RxISR_SetPriority
 255              		.thumb
 256              		.thumb_func
 257              		.type	ProbeUART_RxISR_SetPriority, %function
 258              	ProbeUART_RxISR_SetPriority:
 259              	.LFB6:
 232:Generated_Source\PSoC5/ProbeUART_RxISR.c **** 
 233:Generated_Source\PSoC5/ProbeUART_RxISR.c **** 
 234:Generated_Source\PSoC5/ProbeUART_RxISR.c **** /*******************************************************************************
 235:Generated_Source\PSoC5/ProbeUART_RxISR.c **** * Function Name: ProbeUART_RxISR_SetPriority
 236:Generated_Source\PSoC5/ProbeUART_RxISR.c **** ********************************************************************************
 237:Generated_Source\PSoC5/ProbeUART_RxISR.c **** *
 238:Generated_Source\PSoC5/ProbeUART_RxISR.c **** * Summary:
 239:Generated_Source\PSoC5/ProbeUART_RxISR.c **** *   Sets the Priority of the Interrupt. 
 240:Generated_Source\PSoC5/ProbeUART_RxISR.c **** *
 241:Generated_Source\PSoC5/ProbeUART_RxISR.c **** *   Note calling ProbeUART_RxISR_Start or ProbeUART_RxISR_StartEx will 
 242:Generated_Source\PSoC5/ProbeUART_RxISR.c **** *   override any effect this API would have had. This API should only be called
 243:Generated_Source\PSoC5/ProbeUART_RxISR.c **** *   after ProbeUART_RxISR_Start or ProbeUART_RxISR_StartEx has been called. 
 244:Generated_Source\PSoC5/ProbeUART_RxISR.c **** *   To set the initial priority for the component, use the Design-Wide Resources
 245:Generated_Source\PSoC5/ProbeUART_RxISR.c **** *   Interrupt Editor.
 246:Generated_Source\PSoC5/ProbeUART_RxISR.c **** *
 247:Generated_Source\PSoC5/ProbeUART_RxISR.c **** *   Note This API has no effect on Non-maskable interrupt NMI).
 248:Generated_Source\PSoC5/ProbeUART_RxISR.c **** *
 249:Generated_Source\PSoC5/ProbeUART_RxISR.c **** * Parameters:
 250:Generated_Source\PSoC5/ProbeUART_RxISR.c **** *   priority: Priority of the interrupt, 0 being the highest priority
 251:Generated_Source\PSoC5/ProbeUART_RxISR.c **** *             PSoC 3 and PSoC 5LP: Priority is from 0 to 7.
 252:Generated_Source\PSoC5/ProbeUART_RxISR.c **** *             PSoC 4: Priority is from 0 to 3.
 253:Generated_Source\PSoC5/ProbeUART_RxISR.c **** *
 254:Generated_Source\PSoC5/ProbeUART_RxISR.c **** * Return:
ARM GAS  C:\Users\alex\AppData\Local\Temp\cciEJGxR.s 			page 10


 255:Generated_Source\PSoC5/ProbeUART_RxISR.c **** *   None
 256:Generated_Source\PSoC5/ProbeUART_RxISR.c **** *
 257:Generated_Source\PSoC5/ProbeUART_RxISR.c **** *******************************************************************************/
 258:Generated_Source\PSoC5/ProbeUART_RxISR.c **** void ProbeUART_RxISR_SetPriority(uint8 priority)
 259:Generated_Source\PSoC5/ProbeUART_RxISR.c **** {
 260              		.loc 1 259 0
 261              		.cfi_startproc
 262              		@ args = 0, pretend = 0, frame = 8
 263              		@ frame_needed = 1, uses_anonymous_args = 0
 264              		@ link register save eliminated.
 265 0000 80B4     		push	{r7}
 266              		.cfi_def_cfa_offset 4
 267              		.cfi_offset 7, -4
 268 0002 83B0     		sub	sp, sp, #12
 269              		.cfi_def_cfa_offset 16
 270 0004 00AF     		add	r7, sp, #0
 271              		.cfi_def_cfa_register 7
 272 0006 0346     		mov	r3, r0
 273 0008 FB71     		strb	r3, [r7, #7]
 260:Generated_Source\PSoC5/ProbeUART_RxISR.c ****     *ProbeUART_RxISR_INTC_PRIOR = priority << 5;
 274              		.loc 1 260 0
 275 000a 054A     		ldr	r2, .L17
 276 000c FB79     		ldrb	r3, [r7, #7]
 277 000e 5B01     		lsls	r3, r3, #5
 278 0010 DBB2     		uxtb	r3, r3
 279 0012 1370     		strb	r3, [r2]
 261:Generated_Source\PSoC5/ProbeUART_RxISR.c **** }
 280              		.loc 1 261 0
 281 0014 00BF     		nop
 282 0016 0C37     		adds	r7, r7, #12
 283              		.cfi_def_cfa_offset 4
 284 0018 BD46     		mov	sp, r7
 285              		.cfi_def_cfa_register 13
 286              		@ sp needed
 287 001a 80BC     		pop	{r7}
 288              		.cfi_restore 7
 289              		.cfi_def_cfa_offset 0
 290 001c 7047     		bx	lr
 291              	.L18:
 292 001e 00BF     		.align	2
 293              	.L17:
 294 0020 00E400E0 		.word	-536812544
 295              		.cfi_endproc
 296              	.LFE6:
 297              		.size	ProbeUART_RxISR_SetPriority, .-ProbeUART_RxISR_SetPriority
 298              		.section	.text.ProbeUART_RxISR_GetPriority,"ax",%progbits
 299              		.align	2
 300              		.global	ProbeUART_RxISR_GetPriority
 301              		.thumb
 302              		.thumb_func
 303              		.type	ProbeUART_RxISR_GetPriority, %function
 304              	ProbeUART_RxISR_GetPriority:
 305              	.LFB7:
 262:Generated_Source\PSoC5/ProbeUART_RxISR.c **** 
 263:Generated_Source\PSoC5/ProbeUART_RxISR.c **** 
 264:Generated_Source\PSoC5/ProbeUART_RxISR.c **** /*******************************************************************************
 265:Generated_Source\PSoC5/ProbeUART_RxISR.c **** * Function Name: ProbeUART_RxISR_GetPriority
ARM GAS  C:\Users\alex\AppData\Local\Temp\cciEJGxR.s 			page 11


 266:Generated_Source\PSoC5/ProbeUART_RxISR.c **** ********************************************************************************
 267:Generated_Source\PSoC5/ProbeUART_RxISR.c **** *
 268:Generated_Source\PSoC5/ProbeUART_RxISR.c **** * Summary:
 269:Generated_Source\PSoC5/ProbeUART_RxISR.c **** *   Gets the Priority of the Interrupt.
 270:Generated_Source\PSoC5/ProbeUART_RxISR.c **** *
 271:Generated_Source\PSoC5/ProbeUART_RxISR.c **** * Parameters:
 272:Generated_Source\PSoC5/ProbeUART_RxISR.c **** *   None
 273:Generated_Source\PSoC5/ProbeUART_RxISR.c **** *
 274:Generated_Source\PSoC5/ProbeUART_RxISR.c **** * Return:
 275:Generated_Source\PSoC5/ProbeUART_RxISR.c **** *   Priority of the interrupt, 0 being the highest priority
 276:Generated_Source\PSoC5/ProbeUART_RxISR.c **** *    PSoC 3 and PSoC 5LP: Priority is from 0 to 7.
 277:Generated_Source\PSoC5/ProbeUART_RxISR.c **** *    PSoC 4: Priority is from 0 to 3.
 278:Generated_Source\PSoC5/ProbeUART_RxISR.c **** *
 279:Generated_Source\PSoC5/ProbeUART_RxISR.c **** *******************************************************************************/
 280:Generated_Source\PSoC5/ProbeUART_RxISR.c **** uint8 ProbeUART_RxISR_GetPriority(void)
 281:Generated_Source\PSoC5/ProbeUART_RxISR.c **** {
 306              		.loc 1 281 0
 307              		.cfi_startproc
 308              		@ args = 0, pretend = 0, frame = 8
 309              		@ frame_needed = 1, uses_anonymous_args = 0
 310              		@ link register save eliminated.
 311 0000 80B4     		push	{r7}
 312              		.cfi_def_cfa_offset 4
 313              		.cfi_offset 7, -4
 314 0002 83B0     		sub	sp, sp, #12
 315              		.cfi_def_cfa_offset 16
 316 0004 00AF     		add	r7, sp, #0
 317              		.cfi_def_cfa_register 7
 282:Generated_Source\PSoC5/ProbeUART_RxISR.c ****     uint8 priority;
 283:Generated_Source\PSoC5/ProbeUART_RxISR.c **** 
 284:Generated_Source\PSoC5/ProbeUART_RxISR.c **** 
 285:Generated_Source\PSoC5/ProbeUART_RxISR.c ****     priority = *ProbeUART_RxISR_INTC_PRIOR >> 5;
 318              		.loc 1 285 0
 319 0006 054B     		ldr	r3, .L21
 320 0008 1B78     		ldrb	r3, [r3]
 321 000a DBB2     		uxtb	r3, r3
 322 000c 5B09     		lsrs	r3, r3, #5
 323 000e FB71     		strb	r3, [r7, #7]
 286:Generated_Source\PSoC5/ProbeUART_RxISR.c **** 
 287:Generated_Source\PSoC5/ProbeUART_RxISR.c ****     return priority;
 324              		.loc 1 287 0
 325 0010 FB79     		ldrb	r3, [r7, #7]	@ zero_extendqisi2
 288:Generated_Source\PSoC5/ProbeUART_RxISR.c **** }
 326              		.loc 1 288 0
 327 0012 1846     		mov	r0, r3
 328 0014 0C37     		adds	r7, r7, #12
 329              		.cfi_def_cfa_offset 4
 330 0016 BD46     		mov	sp, r7
 331              		.cfi_def_cfa_register 13
 332              		@ sp needed
 333 0018 80BC     		pop	{r7}
 334              		.cfi_restore 7
 335              		.cfi_def_cfa_offset 0
 336 001a 7047     		bx	lr
 337              	.L22:
 338              		.align	2
 339              	.L21:
ARM GAS  C:\Users\alex\AppData\Local\Temp\cciEJGxR.s 			page 12


 340 001c 00E400E0 		.word	-536812544
 341              		.cfi_endproc
 342              	.LFE7:
 343              		.size	ProbeUART_RxISR_GetPriority, .-ProbeUART_RxISR_GetPriority
 344              		.section	.text.ProbeUART_RxISR_Enable,"ax",%progbits
 345              		.align	2
 346              		.global	ProbeUART_RxISR_Enable
 347              		.thumb
 348              		.thumb_func
 349              		.type	ProbeUART_RxISR_Enable, %function
 350              	ProbeUART_RxISR_Enable:
 351              	.LFB8:
 289:Generated_Source\PSoC5/ProbeUART_RxISR.c **** 
 290:Generated_Source\PSoC5/ProbeUART_RxISR.c **** 
 291:Generated_Source\PSoC5/ProbeUART_RxISR.c **** /*******************************************************************************
 292:Generated_Source\PSoC5/ProbeUART_RxISR.c **** * Function Name: ProbeUART_RxISR_Enable
 293:Generated_Source\PSoC5/ProbeUART_RxISR.c **** ********************************************************************************
 294:Generated_Source\PSoC5/ProbeUART_RxISR.c **** *
 295:Generated_Source\PSoC5/ProbeUART_RxISR.c **** * Summary:
 296:Generated_Source\PSoC5/ProbeUART_RxISR.c **** *   Enables the interrupt to the interrupt controller. Do not call this function
 297:Generated_Source\PSoC5/ProbeUART_RxISR.c **** *   unless ISR_Start() has been called or the functionality of the ISR_Start() 
 298:Generated_Source\PSoC5/ProbeUART_RxISR.c **** *   function, which sets the vector and the priority, has been called.
 299:Generated_Source\PSoC5/ProbeUART_RxISR.c **** *
 300:Generated_Source\PSoC5/ProbeUART_RxISR.c **** * Parameters:
 301:Generated_Source\PSoC5/ProbeUART_RxISR.c **** *   None
 302:Generated_Source\PSoC5/ProbeUART_RxISR.c **** *
 303:Generated_Source\PSoC5/ProbeUART_RxISR.c **** * Return:
 304:Generated_Source\PSoC5/ProbeUART_RxISR.c **** *   None
 305:Generated_Source\PSoC5/ProbeUART_RxISR.c **** *
 306:Generated_Source\PSoC5/ProbeUART_RxISR.c **** *******************************************************************************/
 307:Generated_Source\PSoC5/ProbeUART_RxISR.c **** void ProbeUART_RxISR_Enable(void)
 308:Generated_Source\PSoC5/ProbeUART_RxISR.c **** {
 352              		.loc 1 308 0
 353              		.cfi_startproc
 354              		@ args = 0, pretend = 0, frame = 0
 355              		@ frame_needed = 1, uses_anonymous_args = 0
 356              		@ link register save eliminated.
 357 0000 80B4     		push	{r7}
 358              		.cfi_def_cfa_offset 4
 359              		.cfi_offset 7, -4
 360 0002 00AF     		add	r7, sp, #0
 361              		.cfi_def_cfa_register 7
 309:Generated_Source\PSoC5/ProbeUART_RxISR.c ****     /* Enable the general interrupt. */
 310:Generated_Source\PSoC5/ProbeUART_RxISR.c ****     *ProbeUART_RxISR_INTC_SET_EN = ProbeUART_RxISR__INTC_MASK;
 362              		.loc 1 310 0
 363 0004 034B     		ldr	r3, .L24
 364 0006 0122     		movs	r2, #1
 365 0008 1A60     		str	r2, [r3]
 311:Generated_Source\PSoC5/ProbeUART_RxISR.c **** }
 366              		.loc 1 311 0
 367 000a 00BF     		nop
 368 000c BD46     		mov	sp, r7
 369              		.cfi_def_cfa_register 13
 370              		@ sp needed
 371 000e 80BC     		pop	{r7}
 372              		.cfi_restore 7
 373              		.cfi_def_cfa_offset 0
ARM GAS  C:\Users\alex\AppData\Local\Temp\cciEJGxR.s 			page 13


 374 0010 7047     		bx	lr
 375              	.L25:
 376 0012 00BF     		.align	2
 377              	.L24:
 378 0014 00E100E0 		.word	-536813312
 379              		.cfi_endproc
 380              	.LFE8:
 381              		.size	ProbeUART_RxISR_Enable, .-ProbeUART_RxISR_Enable
 382              		.section	.text.ProbeUART_RxISR_GetState,"ax",%progbits
 383              		.align	2
 384              		.global	ProbeUART_RxISR_GetState
 385              		.thumb
 386              		.thumb_func
 387              		.type	ProbeUART_RxISR_GetState, %function
 388              	ProbeUART_RxISR_GetState:
 389              	.LFB9:
 312:Generated_Source\PSoC5/ProbeUART_RxISR.c **** 
 313:Generated_Source\PSoC5/ProbeUART_RxISR.c **** 
 314:Generated_Source\PSoC5/ProbeUART_RxISR.c **** /*******************************************************************************
 315:Generated_Source\PSoC5/ProbeUART_RxISR.c **** * Function Name: ProbeUART_RxISR_GetState
 316:Generated_Source\PSoC5/ProbeUART_RxISR.c **** ********************************************************************************
 317:Generated_Source\PSoC5/ProbeUART_RxISR.c **** *
 318:Generated_Source\PSoC5/ProbeUART_RxISR.c **** * Summary:
 319:Generated_Source\PSoC5/ProbeUART_RxISR.c **** *   Gets the state (enabled, disabled) of the Interrupt.
 320:Generated_Source\PSoC5/ProbeUART_RxISR.c **** *
 321:Generated_Source\PSoC5/ProbeUART_RxISR.c **** * Parameters:
 322:Generated_Source\PSoC5/ProbeUART_RxISR.c **** *   None
 323:Generated_Source\PSoC5/ProbeUART_RxISR.c **** *
 324:Generated_Source\PSoC5/ProbeUART_RxISR.c **** * Return:
 325:Generated_Source\PSoC5/ProbeUART_RxISR.c **** *   1 if enabled, 0 if disabled.
 326:Generated_Source\PSoC5/ProbeUART_RxISR.c **** *
 327:Generated_Source\PSoC5/ProbeUART_RxISR.c **** *******************************************************************************/
 328:Generated_Source\PSoC5/ProbeUART_RxISR.c **** uint8 ProbeUART_RxISR_GetState(void)
 329:Generated_Source\PSoC5/ProbeUART_RxISR.c **** {
 390              		.loc 1 329 0
 391              		.cfi_startproc
 392              		@ args = 0, pretend = 0, frame = 0
 393              		@ frame_needed = 1, uses_anonymous_args = 0
 394              		@ link register save eliminated.
 395 0000 80B4     		push	{r7}
 396              		.cfi_def_cfa_offset 4
 397              		.cfi_offset 7, -4
 398 0002 00AF     		add	r7, sp, #0
 399              		.cfi_def_cfa_register 7
 330:Generated_Source\PSoC5/ProbeUART_RxISR.c ****     /* Get the state of the general interrupt. */
 331:Generated_Source\PSoC5/ProbeUART_RxISR.c ****     return ((*ProbeUART_RxISR_INTC_SET_EN & (uint32)ProbeUART_RxISR__INTC_MASK) != 0u) ? 1u:0u;
 400              		.loc 1 331 0
 401 0004 044B     		ldr	r3, .L28
 402 0006 1B68     		ldr	r3, [r3]
 403 0008 DBB2     		uxtb	r3, r3
 404 000a 03F00103 		and	r3, r3, #1
 405 000e DBB2     		uxtb	r3, r3
 332:Generated_Source\PSoC5/ProbeUART_RxISR.c **** }
 406              		.loc 1 332 0
 407 0010 1846     		mov	r0, r3
 408 0012 BD46     		mov	sp, r7
 409              		.cfi_def_cfa_register 13
ARM GAS  C:\Users\alex\AppData\Local\Temp\cciEJGxR.s 			page 14


 410              		@ sp needed
 411 0014 80BC     		pop	{r7}
 412              		.cfi_restore 7
 413              		.cfi_def_cfa_offset 0
 414 0016 7047     		bx	lr
 415              	.L29:
 416              		.align	2
 417              	.L28:
 418 0018 00E100E0 		.word	-536813312
 419              		.cfi_endproc
 420              	.LFE9:
 421              		.size	ProbeUART_RxISR_GetState, .-ProbeUART_RxISR_GetState
 422              		.section	.text.ProbeUART_RxISR_Disable,"ax",%progbits
 423              		.align	2
 424              		.global	ProbeUART_RxISR_Disable
 425              		.thumb
 426              		.thumb_func
 427              		.type	ProbeUART_RxISR_Disable, %function
 428              	ProbeUART_RxISR_Disable:
 429              	.LFB10:
 333:Generated_Source\PSoC5/ProbeUART_RxISR.c **** 
 334:Generated_Source\PSoC5/ProbeUART_RxISR.c **** 
 335:Generated_Source\PSoC5/ProbeUART_RxISR.c **** /*******************************************************************************
 336:Generated_Source\PSoC5/ProbeUART_RxISR.c **** * Function Name: ProbeUART_RxISR_Disable
 337:Generated_Source\PSoC5/ProbeUART_RxISR.c **** ********************************************************************************
 338:Generated_Source\PSoC5/ProbeUART_RxISR.c **** *
 339:Generated_Source\PSoC5/ProbeUART_RxISR.c **** * Summary:
 340:Generated_Source\PSoC5/ProbeUART_RxISR.c **** *   Disables the Interrupt in the interrupt controller.
 341:Generated_Source\PSoC5/ProbeUART_RxISR.c **** *
 342:Generated_Source\PSoC5/ProbeUART_RxISR.c **** * Parameters:
 343:Generated_Source\PSoC5/ProbeUART_RxISR.c **** *   None
 344:Generated_Source\PSoC5/ProbeUART_RxISR.c **** *
 345:Generated_Source\PSoC5/ProbeUART_RxISR.c **** * Return:
 346:Generated_Source\PSoC5/ProbeUART_RxISR.c **** *   None
 347:Generated_Source\PSoC5/ProbeUART_RxISR.c **** *
 348:Generated_Source\PSoC5/ProbeUART_RxISR.c **** *******************************************************************************/
 349:Generated_Source\PSoC5/ProbeUART_RxISR.c **** void ProbeUART_RxISR_Disable(void)
 350:Generated_Source\PSoC5/ProbeUART_RxISR.c **** {
 430              		.loc 1 350 0
 431              		.cfi_startproc
 432              		@ args = 0, pretend = 0, frame = 0
 433              		@ frame_needed = 1, uses_anonymous_args = 0
 434              		@ link register save eliminated.
 435 0000 80B4     		push	{r7}
 436              		.cfi_def_cfa_offset 4
 437              		.cfi_offset 7, -4
 438 0002 00AF     		add	r7, sp, #0
 439              		.cfi_def_cfa_register 7
 351:Generated_Source\PSoC5/ProbeUART_RxISR.c ****     /* Disable the general interrupt. */
 352:Generated_Source\PSoC5/ProbeUART_RxISR.c ****     *ProbeUART_RxISR_INTC_CLR_EN = ProbeUART_RxISR__INTC_MASK;
 440              		.loc 1 352 0
 441 0004 034B     		ldr	r3, .L31
 442 0006 0122     		movs	r2, #1
 443 0008 1A60     		str	r2, [r3]
 353:Generated_Source\PSoC5/ProbeUART_RxISR.c **** }
 444              		.loc 1 353 0
 445 000a 00BF     		nop
ARM GAS  C:\Users\alex\AppData\Local\Temp\cciEJGxR.s 			page 15


 446 000c BD46     		mov	sp, r7
 447              		.cfi_def_cfa_register 13
 448              		@ sp needed
 449 000e 80BC     		pop	{r7}
 450              		.cfi_restore 7
 451              		.cfi_def_cfa_offset 0
 452 0010 7047     		bx	lr
 453              	.L32:
 454 0012 00BF     		.align	2
 455              	.L31:
 456 0014 80E100E0 		.word	-536813184
 457              		.cfi_endproc
 458              	.LFE10:
 459              		.size	ProbeUART_RxISR_Disable, .-ProbeUART_RxISR_Disable
 460              		.section	.text.ProbeUART_RxISR_SetPending,"ax",%progbits
 461              		.align	2
 462              		.global	ProbeUART_RxISR_SetPending
 463              		.thumb
 464              		.thumb_func
 465              		.type	ProbeUART_RxISR_SetPending, %function
 466              	ProbeUART_RxISR_SetPending:
 467              	.LFB11:
 354:Generated_Source\PSoC5/ProbeUART_RxISR.c **** 
 355:Generated_Source\PSoC5/ProbeUART_RxISR.c **** 
 356:Generated_Source\PSoC5/ProbeUART_RxISR.c **** /*******************************************************************************
 357:Generated_Source\PSoC5/ProbeUART_RxISR.c **** * Function Name: ProbeUART_RxISR_SetPending
 358:Generated_Source\PSoC5/ProbeUART_RxISR.c **** ********************************************************************************
 359:Generated_Source\PSoC5/ProbeUART_RxISR.c **** *
 360:Generated_Source\PSoC5/ProbeUART_RxISR.c **** * Summary:
 361:Generated_Source\PSoC5/ProbeUART_RxISR.c **** *   Causes the Interrupt to enter the pending state, a software method of
 362:Generated_Source\PSoC5/ProbeUART_RxISR.c **** *   generating the interrupt.
 363:Generated_Source\PSoC5/ProbeUART_RxISR.c **** *
 364:Generated_Source\PSoC5/ProbeUART_RxISR.c **** * Parameters:
 365:Generated_Source\PSoC5/ProbeUART_RxISR.c **** *   None
 366:Generated_Source\PSoC5/ProbeUART_RxISR.c **** *
 367:Generated_Source\PSoC5/ProbeUART_RxISR.c **** * Return:
 368:Generated_Source\PSoC5/ProbeUART_RxISR.c **** *   None
 369:Generated_Source\PSoC5/ProbeUART_RxISR.c **** *
 370:Generated_Source\PSoC5/ProbeUART_RxISR.c **** * Side Effects:
 371:Generated_Source\PSoC5/ProbeUART_RxISR.c **** *   If interrupts are enabled and the interrupt is set up properly, the ISR is
 372:Generated_Source\PSoC5/ProbeUART_RxISR.c **** *   entered (depending on the priority of this interrupt and other pending 
 373:Generated_Source\PSoC5/ProbeUART_RxISR.c **** *   interrupts).
 374:Generated_Source\PSoC5/ProbeUART_RxISR.c **** *
 375:Generated_Source\PSoC5/ProbeUART_RxISR.c **** *******************************************************************************/
 376:Generated_Source\PSoC5/ProbeUART_RxISR.c **** void ProbeUART_RxISR_SetPending(void)
 377:Generated_Source\PSoC5/ProbeUART_RxISR.c **** {
 468              		.loc 1 377 0
 469              		.cfi_startproc
 470              		@ args = 0, pretend = 0, frame = 0
 471              		@ frame_needed = 1, uses_anonymous_args = 0
 472              		@ link register save eliminated.
 473 0000 80B4     		push	{r7}
 474              		.cfi_def_cfa_offset 4
 475              		.cfi_offset 7, -4
 476 0002 00AF     		add	r7, sp, #0
 477              		.cfi_def_cfa_register 7
 378:Generated_Source\PSoC5/ProbeUART_RxISR.c ****     *ProbeUART_RxISR_INTC_SET_PD = ProbeUART_RxISR__INTC_MASK;
ARM GAS  C:\Users\alex\AppData\Local\Temp\cciEJGxR.s 			page 16


 478              		.loc 1 378 0
 479 0004 034B     		ldr	r3, .L34
 480 0006 0122     		movs	r2, #1
 481 0008 1A60     		str	r2, [r3]
 379:Generated_Source\PSoC5/ProbeUART_RxISR.c **** }
 482              		.loc 1 379 0
 483 000a 00BF     		nop
 484 000c BD46     		mov	sp, r7
 485              		.cfi_def_cfa_register 13
 486              		@ sp needed
 487 000e 80BC     		pop	{r7}
 488              		.cfi_restore 7
 489              		.cfi_def_cfa_offset 0
 490 0010 7047     		bx	lr
 491              	.L35:
 492 0012 00BF     		.align	2
 493              	.L34:
 494 0014 00E200E0 		.word	-536813056
 495              		.cfi_endproc
 496              	.LFE11:
 497              		.size	ProbeUART_RxISR_SetPending, .-ProbeUART_RxISR_SetPending
 498              		.section	.text.ProbeUART_RxISR_ClearPending,"ax",%progbits
 499              		.align	2
 500              		.global	ProbeUART_RxISR_ClearPending
 501              		.thumb
 502              		.thumb_func
 503              		.type	ProbeUART_RxISR_ClearPending, %function
 504              	ProbeUART_RxISR_ClearPending:
 505              	.LFB12:
 380:Generated_Source\PSoC5/ProbeUART_RxISR.c **** 
 381:Generated_Source\PSoC5/ProbeUART_RxISR.c **** 
 382:Generated_Source\PSoC5/ProbeUART_RxISR.c **** /*******************************************************************************
 383:Generated_Source\PSoC5/ProbeUART_RxISR.c **** * Function Name: ProbeUART_RxISR_ClearPending
 384:Generated_Source\PSoC5/ProbeUART_RxISR.c **** ********************************************************************************
 385:Generated_Source\PSoC5/ProbeUART_RxISR.c **** *
 386:Generated_Source\PSoC5/ProbeUART_RxISR.c **** * Summary:
 387:Generated_Source\PSoC5/ProbeUART_RxISR.c **** *   Clears a pending interrupt in the interrupt controller.
 388:Generated_Source\PSoC5/ProbeUART_RxISR.c **** *
 389:Generated_Source\PSoC5/ProbeUART_RxISR.c **** *   Note Some interrupt sources are clear-on-read and require the block 
 390:Generated_Source\PSoC5/ProbeUART_RxISR.c **** *   interrupt/status register to be read/cleared with the appropriate block API 
 391:Generated_Source\PSoC5/ProbeUART_RxISR.c **** *   (GPIO, UART, and so on). Otherwise the ISR will continue to remain in 
 392:Generated_Source\PSoC5/ProbeUART_RxISR.c **** *   pending state even though the interrupt itself is cleared using this API.
 393:Generated_Source\PSoC5/ProbeUART_RxISR.c **** *
 394:Generated_Source\PSoC5/ProbeUART_RxISR.c **** * Parameters:
 395:Generated_Source\PSoC5/ProbeUART_RxISR.c **** *   None
 396:Generated_Source\PSoC5/ProbeUART_RxISR.c **** *
 397:Generated_Source\PSoC5/ProbeUART_RxISR.c **** * Return:
 398:Generated_Source\PSoC5/ProbeUART_RxISR.c **** *   None
 399:Generated_Source\PSoC5/ProbeUART_RxISR.c **** *
 400:Generated_Source\PSoC5/ProbeUART_RxISR.c **** *******************************************************************************/
 401:Generated_Source\PSoC5/ProbeUART_RxISR.c **** void ProbeUART_RxISR_ClearPending(void)
 402:Generated_Source\PSoC5/ProbeUART_RxISR.c **** {
 506              		.loc 1 402 0
 507              		.cfi_startproc
 508              		@ args = 0, pretend = 0, frame = 0
 509              		@ frame_needed = 1, uses_anonymous_args = 0
 510              		@ link register save eliminated.
ARM GAS  C:\Users\alex\AppData\Local\Temp\cciEJGxR.s 			page 17


 511 0000 80B4     		push	{r7}
 512              		.cfi_def_cfa_offset 4
 513              		.cfi_offset 7, -4
 514 0002 00AF     		add	r7, sp, #0
 515              		.cfi_def_cfa_register 7
 403:Generated_Source\PSoC5/ProbeUART_RxISR.c ****     *ProbeUART_RxISR_INTC_CLR_PD = ProbeUART_RxISR__INTC_MASK;
 516              		.loc 1 403 0
 517 0004 034B     		ldr	r3, .L37
 518 0006 0122     		movs	r2, #1
 519 0008 1A60     		str	r2, [r3]
 404:Generated_Source\PSoC5/ProbeUART_RxISR.c **** }
 520              		.loc 1 404 0
 521 000a 00BF     		nop
 522 000c BD46     		mov	sp, r7
 523              		.cfi_def_cfa_register 13
 524              		@ sp needed
 525 000e 80BC     		pop	{r7}
 526              		.cfi_restore 7
 527              		.cfi_def_cfa_offset 0
 528 0010 7047     		bx	lr
 529              	.L38:
 530 0012 00BF     		.align	2
 531              	.L37:
 532 0014 80E200E0 		.word	-536812928
 533              		.cfi_endproc
 534              	.LFE12:
 535              		.size	ProbeUART_RxISR_ClearPending, .-ProbeUART_RxISR_ClearPending
 536              		.text
 537              	.Letext0:
 538              		.file 2 "Generated_Source\\PSoC5/cytypes.h"
 539              		.section	.debug_info,"",%progbits
 540              	.Ldebug_info0:
 541 0000 4F020000 		.4byte	0x24f
 542 0004 0400     		.2byte	0x4
 543 0006 00000000 		.4byte	.Ldebug_abbrev0
 544 000a 04       		.byte	0x4
 545 000b 01       		.uleb128 0x1
 546 000c F4020000 		.4byte	.LASF34
 547 0010 0C       		.byte	0xc
 548 0011 CB020000 		.4byte	.LASF35
 549 0015 06000000 		.4byte	.LASF36
 550 0019 00000000 		.4byte	.Ldebug_ranges0+0
 551 001d 00000000 		.4byte	0
 552 0021 00000000 		.4byte	.Ldebug_line0
 553 0025 02       		.uleb128 0x2
 554 0026 04       		.byte	0x4
 555 0027 05       		.byte	0x5
 556 0028 696E7400 		.ascii	"int\000"
 557 002c 03       		.uleb128 0x3
 558 002d 04       		.byte	0x4
 559 002e 07       		.byte	0x7
 560 002f BB010000 		.4byte	.LASF0
 561 0033 03       		.uleb128 0x3
 562 0034 08       		.byte	0x8
 563 0035 05       		.byte	0x5
 564 0036 15020000 		.4byte	.LASF1
 565 003a 03       		.uleb128 0x3
ARM GAS  C:\Users\alex\AppData\Local\Temp\cciEJGxR.s 			page 18


 566 003b 08       		.byte	0x8
 567 003c 04       		.byte	0x4
 568 003d 9D020000 		.4byte	.LASF2
 569 0041 03       		.uleb128 0x3
 570 0042 01       		.byte	0x1
 571 0043 06       		.byte	0x6
 572 0044 BF020000 		.4byte	.LASF3
 573 0048 03       		.uleb128 0x3
 574 0049 01       		.byte	0x1
 575 004a 08       		.byte	0x8
 576 004b 14010000 		.4byte	.LASF4
 577 004f 03       		.uleb128 0x3
 578 0050 02       		.byte	0x2
 579 0051 05       		.byte	0x5
 580 0052 6B020000 		.4byte	.LASF5
 581 0056 03       		.uleb128 0x3
 582 0057 02       		.byte	0x2
 583 0058 07       		.byte	0x7
 584 0059 C9000000 		.4byte	.LASF6
 585 005d 03       		.uleb128 0x3
 586 005e 04       		.byte	0x4
 587 005f 05       		.byte	0x5
 588 0060 8F020000 		.4byte	.LASF7
 589 0064 03       		.uleb128 0x3
 590 0065 04       		.byte	0x4
 591 0066 07       		.byte	0x7
 592 0067 27010000 		.4byte	.LASF8
 593 006b 03       		.uleb128 0x3
 594 006c 08       		.byte	0x8
 595 006d 07       		.byte	0x7
 596 006e D0010000 		.4byte	.LASF9
 597 0072 03       		.uleb128 0x3
 598 0073 04       		.byte	0x4
 599 0074 07       		.byte	0x7
 600 0075 0C020000 		.4byte	.LASF10
 601 0079 03       		.uleb128 0x3
 602 007a 01       		.byte	0x1
 603 007b 08       		.byte	0x8
 604 007c 98020000 		.4byte	.LASF11
 605 0080 04       		.uleb128 0x4
 606 0081 04       		.byte	0x4
 607 0082 86000000 		.4byte	0x86
 608 0086 05       		.uleb128 0x5
 609 0087 06       		.uleb128 0x6
 610 0088 39010000 		.4byte	.LASF12
 611 008c 02       		.byte	0x2
 612 008d E401     		.2byte	0x1e4
 613 008f 48000000 		.4byte	0x48
 614 0093 06       		.uleb128 0x6
 615 0094 B4010000 		.4byte	.LASF13
 616 0098 02       		.byte	0x2
 617 0099 E601     		.2byte	0x1e6
 618 009b 64000000 		.4byte	0x64
 619 009f 03       		.uleb128 0x3
 620 00a0 04       		.byte	0x4
 621 00a1 04       		.byte	0x4
 622 00a2 0E010000 		.4byte	.LASF14
ARM GAS  C:\Users\alex\AppData\Local\Temp\cciEJGxR.s 			page 19


 623 00a6 03       		.uleb128 0x3
 624 00a7 08       		.byte	0x8
 625 00a8 04       		.byte	0x4
 626 00a9 96010000 		.4byte	.LASF15
 627 00ad 06       		.uleb128 0x6
 628 00ae 22010000 		.4byte	.LASF16
 629 00b2 02       		.byte	0x2
 630 00b3 8E02     		.2byte	0x28e
 631 00b5 B9000000 		.4byte	0xb9
 632 00b9 07       		.uleb128 0x7
 633 00ba 87000000 		.4byte	0x87
 634 00be 06       		.uleb128 0x6
 635 00bf 00000000 		.4byte	.LASF17
 636 00c3 02       		.byte	0x2
 637 00c4 9002     		.2byte	0x290
 638 00c6 CA000000 		.4byte	0xca
 639 00ca 07       		.uleb128 0x7
 640 00cb 93000000 		.4byte	0x93
 641 00cf 06       		.uleb128 0x6
 642 00d0 FF010000 		.4byte	.LASF18
 643 00d4 02       		.byte	0x2
 644 00d5 A002     		.2byte	0x2a0
 645 00d7 80000000 		.4byte	0x80
 646 00db 08       		.uleb128 0x8
 647 00dc A9020000 		.4byte	.LASF19
 648 00e0 01       		.byte	0x1
 649 00e1 3D       		.byte	0x3d
 650 00e2 00000000 		.4byte	.LFB0
 651 00e6 20000000 		.4byte	.LFE0-.LFB0
 652 00ea 01       		.uleb128 0x1
 653 00eb 9C       		.byte	0x9c
 654 00ec 09       		.uleb128 0x9
 655 00ed 62010000 		.4byte	.LASF21
 656 00f1 01       		.byte	0x1
 657 00f2 68       		.byte	0x68
 658 00f3 00000000 		.4byte	.LFB1
 659 00f7 24000000 		.4byte	.LFE1-.LFB1
 660 00fb 01       		.uleb128 0x1
 661 00fc 9C       		.byte	0x9c
 662 00fd 10010000 		.4byte	0x110
 663 0101 0A       		.uleb128 0xa
 664 0102 C8010000 		.4byte	.LASF24
 665 0106 01       		.byte	0x1
 666 0107 68       		.byte	0x68
 667 0108 CF000000 		.4byte	0xcf
 668 010c 02       		.uleb128 0x2
 669 010d 91       		.byte	0x91
 670 010e 74       		.sleb128 -12
 671 010f 00       		.byte	0
 672 0110 08       		.uleb128 0x8
 673 0111 80000000 		.4byte	.LASF20
 674 0115 01       		.byte	0x1
 675 0116 86       		.byte	0x86
 676 0117 00000000 		.4byte	.LFB2
 677 011b 18000000 		.4byte	.LFE2-.LFB2
 678 011f 01       		.uleb128 0x1
 679 0120 9C       		.byte	0x9c
ARM GAS  C:\Users\alex\AppData\Local\Temp\cciEJGxR.s 			page 20


 680 0121 09       		.uleb128 0x9
 681 0122 3F010000 		.4byte	.LASF22
 682 0126 01       		.byte	0x1
 683 0127 A0       		.byte	0xa0
 684 0128 00000000 		.4byte	.LFB3
 685 012c 0C000000 		.4byte	.LFE3-.LFB3
 686 0130 01       		.uleb128 0x1
 687 0131 9C       		.byte	0x9c
 688 0132 44010000 		.4byte	0x144
 689 0136 0B       		.uleb128 0xb
 690 0137 E7010000 		.4byte	.LASF37
 691 013b 01       		.byte	0x1
 692 013c A8       		.byte	0xa8
 693 013d 25000000 		.4byte	0x25
 694 0141 0C       		.uleb128 0xc
 695 0142 00       		.byte	0
 696 0143 00       		.byte	0
 697 0144 0D       		.uleb128 0xd
 698 0145 75020000 		.4byte	.LASF23
 699 0149 01       		.byte	0x1
 700 014a C8       		.byte	0xc8
 701 014b 00000000 		.4byte	.LFB4
 702 014f 24000000 		.4byte	.LFE4-.LFB4
 703 0153 01       		.uleb128 0x1
 704 0154 9C       		.byte	0x9c
 705 0155 76010000 		.4byte	0x176
 706 0159 0A       		.uleb128 0xa
 707 015a C8010000 		.4byte	.LASF24
 708 015e 01       		.byte	0x1
 709 015f C8       		.byte	0xc8
 710 0160 CF000000 		.4byte	0xcf
 711 0164 02       		.uleb128 0x2
 712 0165 91       		.byte	0x91
 713 0166 6C       		.sleb128 -20
 714 0167 0E       		.uleb128 0xe
 715 0168 5C020000 		.4byte	.LASF25
 716 016c 01       		.byte	0x1
 717 016d CA       		.byte	0xca
 718 016e 76010000 		.4byte	0x176
 719 0172 02       		.uleb128 0x2
 720 0173 91       		.byte	0x91
 721 0174 74       		.sleb128 -12
 722 0175 00       		.byte	0
 723 0176 04       		.uleb128 0x4
 724 0177 04       		.byte	0x4
 725 0178 CF000000 		.4byte	0xcf
 726 017c 0F       		.uleb128 0xf
 727 017d DC000000 		.4byte	.LASF28
 728 0181 01       		.byte	0x1
 729 0182 E0       		.byte	0xe0
 730 0183 CF000000 		.4byte	0xcf
 731 0187 00000000 		.4byte	.LFB5
 732 018b 20000000 		.4byte	.LFE5-.LFB5
 733 018f 01       		.uleb128 0x1
 734 0190 9C       		.byte	0x9c
 735 0191 A4010000 		.4byte	0x1a4
 736 0195 0E       		.uleb128 0xe
ARM GAS  C:\Users\alex\AppData\Local\Temp\cciEJGxR.s 			page 21


 737 0196 5C020000 		.4byte	.LASF25
 738 019a 01       		.byte	0x1
 739 019b E2       		.byte	0xe2
 740 019c 76010000 		.4byte	0x176
 741 01a0 02       		.uleb128 0x2
 742 01a1 91       		.byte	0x91
 743 01a2 74       		.sleb128 -12
 744 01a3 00       		.byte	0
 745 01a4 10       		.uleb128 0x10
 746 01a5 23020000 		.4byte	.LASF26
 747 01a9 01       		.byte	0x1
 748 01aa 0201     		.2byte	0x102
 749 01ac 00000000 		.4byte	.LFB6
 750 01b0 24000000 		.4byte	.LFE6-.LFB6
 751 01b4 01       		.uleb128 0x1
 752 01b5 9C       		.byte	0x9c
 753 01b6 CA010000 		.4byte	0x1ca
 754 01ba 11       		.uleb128 0x11
 755 01bb 59010000 		.4byte	.LASF27
 756 01bf 01       		.byte	0x1
 757 01c0 0201     		.2byte	0x102
 758 01c2 87000000 		.4byte	0x87
 759 01c6 02       		.uleb128 0x2
 760 01c7 91       		.byte	0x91
 761 01c8 77       		.sleb128 -9
 762 01c9 00       		.byte	0
 763 01ca 12       		.uleb128 0x12
 764 01cb 7A010000 		.4byte	.LASF29
 765 01cf 01       		.byte	0x1
 766 01d0 1801     		.2byte	0x118
 767 01d2 87000000 		.4byte	0x87
 768 01d6 00000000 		.4byte	.LFB7
 769 01da 20000000 		.4byte	.LFE7-.LFB7
 770 01de 01       		.uleb128 0x1
 771 01df 9C       		.byte	0x9c
 772 01e0 F4010000 		.4byte	0x1f4
 773 01e4 13       		.uleb128 0x13
 774 01e5 59010000 		.4byte	.LASF27
 775 01e9 01       		.byte	0x1
 776 01ea 1A01     		.2byte	0x11a
 777 01ec 87000000 		.4byte	0x87
 778 01f0 02       		.uleb128 0x2
 779 01f1 91       		.byte	0x91
 780 01f2 77       		.sleb128 -9
 781 01f3 00       		.byte	0
 782 01f4 14       		.uleb128 0x14
 783 01f5 9D010000 		.4byte	.LASF30
 784 01f9 01       		.byte	0x1
 785 01fa 3301     		.2byte	0x133
 786 01fc 00000000 		.4byte	.LFB8
 787 0200 18000000 		.4byte	.LFE8-.LFB8
 788 0204 01       		.uleb128 0x1
 789 0205 9C       		.byte	0x9c
 790 0206 15       		.uleb128 0x15
 791 0207 B0000000 		.4byte	.LASF38
 792 020b 01       		.byte	0x1
 793 020c 4801     		.2byte	0x148
ARM GAS  C:\Users\alex\AppData\Local\Temp\cciEJGxR.s 			page 22


 794 020e 87000000 		.4byte	0x87
 795 0212 00000000 		.4byte	.LFB9
 796 0216 1C000000 		.4byte	.LFE9-.LFB9
 797 021a 01       		.uleb128 0x1
 798 021b 9C       		.byte	0x9c
 799 021c 14       		.uleb128 0x14
 800 021d F6000000 		.4byte	.LASF31
 801 0221 01       		.byte	0x1
 802 0222 5D01     		.2byte	0x15d
 803 0224 00000000 		.4byte	.LFB10
 804 0228 18000000 		.4byte	.LFE10-.LFB10
 805 022c 01       		.uleb128 0x1
 806 022d 9C       		.byte	0x9c
 807 022e 14       		.uleb128 0x14
 808 022f 95000000 		.4byte	.LASF32
 809 0233 01       		.byte	0x1
 810 0234 7801     		.2byte	0x178
 811 0236 00000000 		.4byte	.LFB11
 812 023a 18000000 		.4byte	.LFE11-.LFB11
 813 023e 01       		.uleb128 0x1
 814 023f 9C       		.byte	0x9c
 815 0240 14       		.uleb128 0x14
 816 0241 3F020000 		.4byte	.LASF33
 817 0245 01       		.byte	0x1
 818 0246 9101     		.2byte	0x191
 819 0248 00000000 		.4byte	.LFB12
 820 024c 18000000 		.4byte	.LFE12-.LFB12
 821 0250 01       		.uleb128 0x1
 822 0251 9C       		.byte	0x9c
 823 0252 00       		.byte	0
 824              		.section	.debug_abbrev,"",%progbits
 825              	.Ldebug_abbrev0:
 826 0000 01       		.uleb128 0x1
 827 0001 11       		.uleb128 0x11
 828 0002 01       		.byte	0x1
 829 0003 25       		.uleb128 0x25
 830 0004 0E       		.uleb128 0xe
 831 0005 13       		.uleb128 0x13
 832 0006 0B       		.uleb128 0xb
 833 0007 03       		.uleb128 0x3
 834 0008 0E       		.uleb128 0xe
 835 0009 1B       		.uleb128 0x1b
 836 000a 0E       		.uleb128 0xe
 837 000b 55       		.uleb128 0x55
 838 000c 17       		.uleb128 0x17
 839 000d 11       		.uleb128 0x11
 840 000e 01       		.uleb128 0x1
 841 000f 10       		.uleb128 0x10
 842 0010 17       		.uleb128 0x17
 843 0011 00       		.byte	0
 844 0012 00       		.byte	0
 845 0013 02       		.uleb128 0x2
 846 0014 24       		.uleb128 0x24
 847 0015 00       		.byte	0
 848 0016 0B       		.uleb128 0xb
 849 0017 0B       		.uleb128 0xb
 850 0018 3E       		.uleb128 0x3e
ARM GAS  C:\Users\alex\AppData\Local\Temp\cciEJGxR.s 			page 23


 851 0019 0B       		.uleb128 0xb
 852 001a 03       		.uleb128 0x3
 853 001b 08       		.uleb128 0x8
 854 001c 00       		.byte	0
 855 001d 00       		.byte	0
 856 001e 03       		.uleb128 0x3
 857 001f 24       		.uleb128 0x24
 858 0020 00       		.byte	0
 859 0021 0B       		.uleb128 0xb
 860 0022 0B       		.uleb128 0xb
 861 0023 3E       		.uleb128 0x3e
 862 0024 0B       		.uleb128 0xb
 863 0025 03       		.uleb128 0x3
 864 0026 0E       		.uleb128 0xe
 865 0027 00       		.byte	0
 866 0028 00       		.byte	0
 867 0029 04       		.uleb128 0x4
 868 002a 0F       		.uleb128 0xf
 869 002b 00       		.byte	0
 870 002c 0B       		.uleb128 0xb
 871 002d 0B       		.uleb128 0xb
 872 002e 49       		.uleb128 0x49
 873 002f 13       		.uleb128 0x13
 874 0030 00       		.byte	0
 875 0031 00       		.byte	0
 876 0032 05       		.uleb128 0x5
 877 0033 15       		.uleb128 0x15
 878 0034 00       		.byte	0
 879 0035 27       		.uleb128 0x27
 880 0036 19       		.uleb128 0x19
 881 0037 00       		.byte	0
 882 0038 00       		.byte	0
 883 0039 06       		.uleb128 0x6
 884 003a 16       		.uleb128 0x16
 885 003b 00       		.byte	0
 886 003c 03       		.uleb128 0x3
 887 003d 0E       		.uleb128 0xe
 888 003e 3A       		.uleb128 0x3a
 889 003f 0B       		.uleb128 0xb
 890 0040 3B       		.uleb128 0x3b
 891 0041 05       		.uleb128 0x5
 892 0042 49       		.uleb128 0x49
 893 0043 13       		.uleb128 0x13
 894 0044 00       		.byte	0
 895 0045 00       		.byte	0
 896 0046 07       		.uleb128 0x7
 897 0047 35       		.uleb128 0x35
 898 0048 00       		.byte	0
 899 0049 49       		.uleb128 0x49
 900 004a 13       		.uleb128 0x13
 901 004b 00       		.byte	0
 902 004c 00       		.byte	0
 903 004d 08       		.uleb128 0x8
 904 004e 2E       		.uleb128 0x2e
 905 004f 00       		.byte	0
 906 0050 3F       		.uleb128 0x3f
 907 0051 19       		.uleb128 0x19
ARM GAS  C:\Users\alex\AppData\Local\Temp\cciEJGxR.s 			page 24


 908 0052 03       		.uleb128 0x3
 909 0053 0E       		.uleb128 0xe
 910 0054 3A       		.uleb128 0x3a
 911 0055 0B       		.uleb128 0xb
 912 0056 3B       		.uleb128 0x3b
 913 0057 0B       		.uleb128 0xb
 914 0058 27       		.uleb128 0x27
 915 0059 19       		.uleb128 0x19
 916 005a 11       		.uleb128 0x11
 917 005b 01       		.uleb128 0x1
 918 005c 12       		.uleb128 0x12
 919 005d 06       		.uleb128 0x6
 920 005e 40       		.uleb128 0x40
 921 005f 18       		.uleb128 0x18
 922 0060 9642     		.uleb128 0x2116
 923 0062 19       		.uleb128 0x19
 924 0063 00       		.byte	0
 925 0064 00       		.byte	0
 926 0065 09       		.uleb128 0x9
 927 0066 2E       		.uleb128 0x2e
 928 0067 01       		.byte	0x1
 929 0068 3F       		.uleb128 0x3f
 930 0069 19       		.uleb128 0x19
 931 006a 03       		.uleb128 0x3
 932 006b 0E       		.uleb128 0xe
 933 006c 3A       		.uleb128 0x3a
 934 006d 0B       		.uleb128 0xb
 935 006e 3B       		.uleb128 0x3b
 936 006f 0B       		.uleb128 0xb
 937 0070 27       		.uleb128 0x27
 938 0071 19       		.uleb128 0x19
 939 0072 11       		.uleb128 0x11
 940 0073 01       		.uleb128 0x1
 941 0074 12       		.uleb128 0x12
 942 0075 06       		.uleb128 0x6
 943 0076 40       		.uleb128 0x40
 944 0077 18       		.uleb128 0x18
 945 0078 9642     		.uleb128 0x2116
 946 007a 19       		.uleb128 0x19
 947 007b 01       		.uleb128 0x1
 948 007c 13       		.uleb128 0x13
 949 007d 00       		.byte	0
 950 007e 00       		.byte	0
 951 007f 0A       		.uleb128 0xa
 952 0080 05       		.uleb128 0x5
 953 0081 00       		.byte	0
 954 0082 03       		.uleb128 0x3
 955 0083 0E       		.uleb128 0xe
 956 0084 3A       		.uleb128 0x3a
 957 0085 0B       		.uleb128 0xb
 958 0086 3B       		.uleb128 0x3b
 959 0087 0B       		.uleb128 0xb
 960 0088 49       		.uleb128 0x49
 961 0089 13       		.uleb128 0x13
 962 008a 02       		.uleb128 0x2
 963 008b 18       		.uleb128 0x18
 964 008c 00       		.byte	0
ARM GAS  C:\Users\alex\AppData\Local\Temp\cciEJGxR.s 			page 25


 965 008d 00       		.byte	0
 966 008e 0B       		.uleb128 0xb
 967 008f 2E       		.uleb128 0x2e
 968 0090 01       		.byte	0x1
 969 0091 3F       		.uleb128 0x3f
 970 0092 19       		.uleb128 0x19
 971 0093 03       		.uleb128 0x3
 972 0094 0E       		.uleb128 0xe
 973 0095 3A       		.uleb128 0x3a
 974 0096 0B       		.uleb128 0xb
 975 0097 3B       		.uleb128 0x3b
 976 0098 0B       		.uleb128 0xb
 977 0099 49       		.uleb128 0x49
 978 009a 13       		.uleb128 0x13
 979 009b 3C       		.uleb128 0x3c
 980 009c 19       		.uleb128 0x19
 981 009d 00       		.byte	0
 982 009e 00       		.byte	0
 983 009f 0C       		.uleb128 0xc
 984 00a0 18       		.uleb128 0x18
 985 00a1 00       		.byte	0
 986 00a2 00       		.byte	0
 987 00a3 00       		.byte	0
 988 00a4 0D       		.uleb128 0xd
 989 00a5 2E       		.uleb128 0x2e
 990 00a6 01       		.byte	0x1
 991 00a7 3F       		.uleb128 0x3f
 992 00a8 19       		.uleb128 0x19
 993 00a9 03       		.uleb128 0x3
 994 00aa 0E       		.uleb128 0xe
 995 00ab 3A       		.uleb128 0x3a
 996 00ac 0B       		.uleb128 0xb
 997 00ad 3B       		.uleb128 0x3b
 998 00ae 0B       		.uleb128 0xb
 999 00af 27       		.uleb128 0x27
 1000 00b0 19       		.uleb128 0x19
 1001 00b1 11       		.uleb128 0x11
 1002 00b2 01       		.uleb128 0x1
 1003 00b3 12       		.uleb128 0x12
 1004 00b4 06       		.uleb128 0x6
 1005 00b5 40       		.uleb128 0x40
 1006 00b6 18       		.uleb128 0x18
 1007 00b7 9742     		.uleb128 0x2117
 1008 00b9 19       		.uleb128 0x19
 1009 00ba 01       		.uleb128 0x1
 1010 00bb 13       		.uleb128 0x13
 1011 00bc 00       		.byte	0
 1012 00bd 00       		.byte	0
 1013 00be 0E       		.uleb128 0xe
 1014 00bf 34       		.uleb128 0x34
 1015 00c0 00       		.byte	0
 1016 00c1 03       		.uleb128 0x3
 1017 00c2 0E       		.uleb128 0xe
 1018 00c3 3A       		.uleb128 0x3a
 1019 00c4 0B       		.uleb128 0xb
 1020 00c5 3B       		.uleb128 0x3b
 1021 00c6 0B       		.uleb128 0xb
ARM GAS  C:\Users\alex\AppData\Local\Temp\cciEJGxR.s 			page 26


 1022 00c7 49       		.uleb128 0x49
 1023 00c8 13       		.uleb128 0x13
 1024 00c9 02       		.uleb128 0x2
 1025 00ca 18       		.uleb128 0x18
 1026 00cb 00       		.byte	0
 1027 00cc 00       		.byte	0
 1028 00cd 0F       		.uleb128 0xf
 1029 00ce 2E       		.uleb128 0x2e
 1030 00cf 01       		.byte	0x1
 1031 00d0 3F       		.uleb128 0x3f
 1032 00d1 19       		.uleb128 0x19
 1033 00d2 03       		.uleb128 0x3
 1034 00d3 0E       		.uleb128 0xe
 1035 00d4 3A       		.uleb128 0x3a
 1036 00d5 0B       		.uleb128 0xb
 1037 00d6 3B       		.uleb128 0x3b
 1038 00d7 0B       		.uleb128 0xb
 1039 00d8 27       		.uleb128 0x27
 1040 00d9 19       		.uleb128 0x19
 1041 00da 49       		.uleb128 0x49
 1042 00db 13       		.uleb128 0x13
 1043 00dc 11       		.uleb128 0x11
 1044 00dd 01       		.uleb128 0x1
 1045 00de 12       		.uleb128 0x12
 1046 00df 06       		.uleb128 0x6
 1047 00e0 40       		.uleb128 0x40
 1048 00e1 18       		.uleb128 0x18
 1049 00e2 9742     		.uleb128 0x2117
 1050 00e4 19       		.uleb128 0x19
 1051 00e5 01       		.uleb128 0x1
 1052 00e6 13       		.uleb128 0x13
 1053 00e7 00       		.byte	0
 1054 00e8 00       		.byte	0
 1055 00e9 10       		.uleb128 0x10
 1056 00ea 2E       		.uleb128 0x2e
 1057 00eb 01       		.byte	0x1
 1058 00ec 3F       		.uleb128 0x3f
 1059 00ed 19       		.uleb128 0x19
 1060 00ee 03       		.uleb128 0x3
 1061 00ef 0E       		.uleb128 0xe
 1062 00f0 3A       		.uleb128 0x3a
 1063 00f1 0B       		.uleb128 0xb
 1064 00f2 3B       		.uleb128 0x3b
 1065 00f3 05       		.uleb128 0x5
 1066 00f4 27       		.uleb128 0x27
 1067 00f5 19       		.uleb128 0x19
 1068 00f6 11       		.uleb128 0x11
 1069 00f7 01       		.uleb128 0x1
 1070 00f8 12       		.uleb128 0x12
 1071 00f9 06       		.uleb128 0x6
 1072 00fa 40       		.uleb128 0x40
 1073 00fb 18       		.uleb128 0x18
 1074 00fc 9742     		.uleb128 0x2117
 1075 00fe 19       		.uleb128 0x19
 1076 00ff 01       		.uleb128 0x1
 1077 0100 13       		.uleb128 0x13
 1078 0101 00       		.byte	0
ARM GAS  C:\Users\alex\AppData\Local\Temp\cciEJGxR.s 			page 27


 1079 0102 00       		.byte	0
 1080 0103 11       		.uleb128 0x11
 1081 0104 05       		.uleb128 0x5
 1082 0105 00       		.byte	0
 1083 0106 03       		.uleb128 0x3
 1084 0107 0E       		.uleb128 0xe
 1085 0108 3A       		.uleb128 0x3a
 1086 0109 0B       		.uleb128 0xb
 1087 010a 3B       		.uleb128 0x3b
 1088 010b 05       		.uleb128 0x5
 1089 010c 49       		.uleb128 0x49
 1090 010d 13       		.uleb128 0x13
 1091 010e 02       		.uleb128 0x2
 1092 010f 18       		.uleb128 0x18
 1093 0110 00       		.byte	0
 1094 0111 00       		.byte	0
 1095 0112 12       		.uleb128 0x12
 1096 0113 2E       		.uleb128 0x2e
 1097 0114 01       		.byte	0x1
 1098 0115 3F       		.uleb128 0x3f
 1099 0116 19       		.uleb128 0x19
 1100 0117 03       		.uleb128 0x3
 1101 0118 0E       		.uleb128 0xe
 1102 0119 3A       		.uleb128 0x3a
 1103 011a 0B       		.uleb128 0xb
 1104 011b 3B       		.uleb128 0x3b
 1105 011c 05       		.uleb128 0x5
 1106 011d 27       		.uleb128 0x27
 1107 011e 19       		.uleb128 0x19
 1108 011f 49       		.uleb128 0x49
 1109 0120 13       		.uleb128 0x13
 1110 0121 11       		.uleb128 0x11
 1111 0122 01       		.uleb128 0x1
 1112 0123 12       		.uleb128 0x12
 1113 0124 06       		.uleb128 0x6
 1114 0125 40       		.uleb128 0x40
 1115 0126 18       		.uleb128 0x18
 1116 0127 9742     		.uleb128 0x2117
 1117 0129 19       		.uleb128 0x19
 1118 012a 01       		.uleb128 0x1
 1119 012b 13       		.uleb128 0x13
 1120 012c 00       		.byte	0
 1121 012d 00       		.byte	0
 1122 012e 13       		.uleb128 0x13
 1123 012f 34       		.uleb128 0x34
 1124 0130 00       		.byte	0
 1125 0131 03       		.uleb128 0x3
 1126 0132 0E       		.uleb128 0xe
 1127 0133 3A       		.uleb128 0x3a
 1128 0134 0B       		.uleb128 0xb
 1129 0135 3B       		.uleb128 0x3b
 1130 0136 05       		.uleb128 0x5
 1131 0137 49       		.uleb128 0x49
 1132 0138 13       		.uleb128 0x13
 1133 0139 02       		.uleb128 0x2
 1134 013a 18       		.uleb128 0x18
 1135 013b 00       		.byte	0
ARM GAS  C:\Users\alex\AppData\Local\Temp\cciEJGxR.s 			page 28


 1136 013c 00       		.byte	0
 1137 013d 14       		.uleb128 0x14
 1138 013e 2E       		.uleb128 0x2e
 1139 013f 00       		.byte	0
 1140 0140 3F       		.uleb128 0x3f
 1141 0141 19       		.uleb128 0x19
 1142 0142 03       		.uleb128 0x3
 1143 0143 0E       		.uleb128 0xe
 1144 0144 3A       		.uleb128 0x3a
 1145 0145 0B       		.uleb128 0xb
 1146 0146 3B       		.uleb128 0x3b
 1147 0147 05       		.uleb128 0x5
 1148 0148 27       		.uleb128 0x27
 1149 0149 19       		.uleb128 0x19
 1150 014a 11       		.uleb128 0x11
 1151 014b 01       		.uleb128 0x1
 1152 014c 12       		.uleb128 0x12
 1153 014d 06       		.uleb128 0x6
 1154 014e 40       		.uleb128 0x40
 1155 014f 18       		.uleb128 0x18
 1156 0150 9742     		.uleb128 0x2117
 1157 0152 19       		.uleb128 0x19
 1158 0153 00       		.byte	0
 1159 0154 00       		.byte	0
 1160 0155 15       		.uleb128 0x15
 1161 0156 2E       		.uleb128 0x2e
 1162 0157 00       		.byte	0
 1163 0158 3F       		.uleb128 0x3f
 1164 0159 19       		.uleb128 0x19
 1165 015a 03       		.uleb128 0x3
 1166 015b 0E       		.uleb128 0xe
 1167 015c 3A       		.uleb128 0x3a
 1168 015d 0B       		.uleb128 0xb
 1169 015e 3B       		.uleb128 0x3b
 1170 015f 05       		.uleb128 0x5
 1171 0160 27       		.uleb128 0x27
 1172 0161 19       		.uleb128 0x19
 1173 0162 49       		.uleb128 0x49
 1174 0163 13       		.uleb128 0x13
 1175 0164 11       		.uleb128 0x11
 1176 0165 01       		.uleb128 0x1
 1177 0166 12       		.uleb128 0x12
 1178 0167 06       		.uleb128 0x6
 1179 0168 40       		.uleb128 0x40
 1180 0169 18       		.uleb128 0x18
 1181 016a 9742     		.uleb128 0x2117
 1182 016c 19       		.uleb128 0x19
 1183 016d 00       		.byte	0
 1184 016e 00       		.byte	0
 1185 016f 00       		.byte	0
 1186              		.section	.debug_aranges,"",%progbits
 1187 0000 7C000000 		.4byte	0x7c
 1188 0004 0200     		.2byte	0x2
 1189 0006 00000000 		.4byte	.Ldebug_info0
 1190 000a 04       		.byte	0x4
 1191 000b 00       		.byte	0
 1192 000c 0000     		.2byte	0
ARM GAS  C:\Users\alex\AppData\Local\Temp\cciEJGxR.s 			page 29


 1193 000e 0000     		.2byte	0
 1194 0010 00000000 		.4byte	.LFB0
 1195 0014 20000000 		.4byte	.LFE0-.LFB0
 1196 0018 00000000 		.4byte	.LFB1
 1197 001c 24000000 		.4byte	.LFE1-.LFB1
 1198 0020 00000000 		.4byte	.LFB2
 1199 0024 18000000 		.4byte	.LFE2-.LFB2
 1200 0028 00000000 		.4byte	.LFB3
 1201 002c 0C000000 		.4byte	.LFE3-.LFB3
 1202 0030 00000000 		.4byte	.LFB4
 1203 0034 24000000 		.4byte	.LFE4-.LFB4
 1204 0038 00000000 		.4byte	.LFB5
 1205 003c 20000000 		.4byte	.LFE5-.LFB5
 1206 0040 00000000 		.4byte	.LFB6
 1207 0044 24000000 		.4byte	.LFE6-.LFB6
 1208 0048 00000000 		.4byte	.LFB7
 1209 004c 20000000 		.4byte	.LFE7-.LFB7
 1210 0050 00000000 		.4byte	.LFB8
 1211 0054 18000000 		.4byte	.LFE8-.LFB8
 1212 0058 00000000 		.4byte	.LFB9
 1213 005c 1C000000 		.4byte	.LFE9-.LFB9
 1214 0060 00000000 		.4byte	.LFB10
 1215 0064 18000000 		.4byte	.LFE10-.LFB10
 1216 0068 00000000 		.4byte	.LFB11
 1217 006c 18000000 		.4byte	.LFE11-.LFB11
 1218 0070 00000000 		.4byte	.LFB12
 1219 0074 18000000 		.4byte	.LFE12-.LFB12
 1220 0078 00000000 		.4byte	0
 1221 007c 00000000 		.4byte	0
 1222              		.section	.debug_ranges,"",%progbits
 1223              	.Ldebug_ranges0:
 1224 0000 00000000 		.4byte	.LFB0
 1225 0004 20000000 		.4byte	.LFE0
 1226 0008 00000000 		.4byte	.LFB1
 1227 000c 24000000 		.4byte	.LFE1
 1228 0010 00000000 		.4byte	.LFB2
 1229 0014 18000000 		.4byte	.LFE2
 1230 0018 00000000 		.4byte	.LFB3
 1231 001c 0C000000 		.4byte	.LFE3
 1232 0020 00000000 		.4byte	.LFB4
 1233 0024 24000000 		.4byte	.LFE4
 1234 0028 00000000 		.4byte	.LFB5
 1235 002c 20000000 		.4byte	.LFE5
 1236 0030 00000000 		.4byte	.LFB6
 1237 0034 24000000 		.4byte	.LFE6
 1238 0038 00000000 		.4byte	.LFB7
 1239 003c 20000000 		.4byte	.LFE7
 1240 0040 00000000 		.4byte	.LFB8
 1241 0044 18000000 		.4byte	.LFE8
 1242 0048 00000000 		.4byte	.LFB9
 1243 004c 1C000000 		.4byte	.LFE9
 1244 0050 00000000 		.4byte	.LFB10
 1245 0054 18000000 		.4byte	.LFE10
 1246 0058 00000000 		.4byte	.LFB11
 1247 005c 18000000 		.4byte	.LFE11
 1248 0060 00000000 		.4byte	.LFB12
 1249 0064 18000000 		.4byte	.LFE12
ARM GAS  C:\Users\alex\AppData\Local\Temp\cciEJGxR.s 			page 30


 1250 0068 00000000 		.4byte	0
 1251 006c 00000000 		.4byte	0
 1252              		.section	.debug_line,"",%progbits
 1253              	.Ldebug_line0:
 1254 0000 45010000 		.section	.debug_str,"MS",%progbits,1
 1254      02004C00 
 1254      00000201 
 1254      FB0E0D00 
 1254      01010101 
 1255              	.LASF17:
 1256 0000 72656733 		.ascii	"reg32\000"
 1256      3200
 1257              	.LASF36:
 1258 0006 483A5C42 		.ascii	"H:\\BCC722-RTOS-moinho\\UCoS\\Micrium_2\\Software\\"
 1258      43433732 
 1258      322D5254 
 1258      4F532D6D 
 1258      6F696E68 
 1259 0034 4576616C 		.ascii	"EvalBoards\\Cypress\\CY8CKIT-050\\PSoC\\uCOS-III-Pr"
 1259      426F6172 
 1259      64735C43 
 1259      79707265 
 1259      73735C43 
 1260 0063 6F62655C 		.ascii	"obe\\BCC722-RTOS-MOINHO.cydsn\000"
 1260      42434337 
 1260      32322D52 
 1260      544F532D 
 1260      4D4F494E 
 1261              	.LASF20:
 1262 0080 50726F62 		.ascii	"ProbeUART_RxISR_Stop\000"
 1262      65554152 
 1262      545F5278 
 1262      4953525F 
 1262      53746F70 
 1263              	.LASF32:
 1264 0095 50726F62 		.ascii	"ProbeUART_RxISR_SetPending\000"
 1264      65554152 
 1264      545F5278 
 1264      4953525F 
 1264      53657450 
 1265              	.LASF38:
 1266 00b0 50726F62 		.ascii	"ProbeUART_RxISR_GetState\000"
 1266      65554152 
 1266      545F5278 
 1266      4953525F 
 1266      47657453 
 1267              	.LASF6:
 1268 00c9 73686F72 		.ascii	"short unsigned int\000"
 1268      7420756E 
 1268      7369676E 
 1268      65642069 
 1268      6E7400
 1269              	.LASF28:
 1270 00dc 50726F62 		.ascii	"ProbeUART_RxISR_GetVector\000"
 1270      65554152 
 1270      545F5278 
 1270      4953525F 
ARM GAS  C:\Users\alex\AppData\Local\Temp\cciEJGxR.s 			page 31


 1270      47657456 
 1271              	.LASF31:
 1272 00f6 50726F62 		.ascii	"ProbeUART_RxISR_Disable\000"
 1272      65554152 
 1272      545F5278 
 1272      4953525F 
 1272      44697361 
 1273              	.LASF14:
 1274 010e 666C6F61 		.ascii	"float\000"
 1274      7400
 1275              	.LASF4:
 1276 0114 756E7369 		.ascii	"unsigned char\000"
 1276      676E6564 
 1276      20636861 
 1276      7200
 1277              	.LASF16:
 1278 0122 72656738 		.ascii	"reg8\000"
 1278      00
 1279              	.LASF8:
 1280 0127 6C6F6E67 		.ascii	"long unsigned int\000"
 1280      20756E73 
 1280      69676E65 
 1280      6420696E 
 1280      7400
 1281              	.LASF12:
 1282 0139 75696E74 		.ascii	"uint8\000"
 1282      3800
 1283              	.LASF22:
 1284 013f 50726F62 		.ascii	"ProbeUART_RxISR_Interrupt\000"
 1284      65554152 
 1284      545F5278 
 1284      4953525F 
 1284      496E7465 
 1285              	.LASF27:
 1286 0159 7072696F 		.ascii	"priority\000"
 1286      72697479 
 1286      00
 1287              	.LASF21:
 1288 0162 50726F62 		.ascii	"ProbeUART_RxISR_StartEx\000"
 1288      65554152 
 1288      545F5278 
 1288      4953525F 
 1288      53746172 
 1289              	.LASF29:
 1290 017a 50726F62 		.ascii	"ProbeUART_RxISR_GetPriority\000"
 1290      65554152 
 1290      545F5278 
 1290      4953525F 
 1290      47657450 
 1291              	.LASF15:
 1292 0196 646F7562 		.ascii	"double\000"
 1292      6C6500
 1293              	.LASF30:
 1294 019d 50726F62 		.ascii	"ProbeUART_RxISR_Enable\000"
 1294      65554152 
 1294      545F5278 
 1294      4953525F 
ARM GAS  C:\Users\alex\AppData\Local\Temp\cciEJGxR.s 			page 32


 1294      456E6162 
 1295              	.LASF13:
 1296 01b4 75696E74 		.ascii	"uint32\000"
 1296      333200
 1297              	.LASF0:
 1298 01bb 756E7369 		.ascii	"unsigned int\000"
 1298      676E6564 
 1298      20696E74 
 1298      00
 1299              	.LASF24:
 1300 01c8 61646472 		.ascii	"address\000"
 1300      65737300 
 1301              	.LASF9:
 1302 01d0 6C6F6E67 		.ascii	"long long unsigned int\000"
 1302      206C6F6E 
 1302      6720756E 
 1302      7369676E 
 1302      65642069 
 1303              	.LASF37:
 1304 01e7 50726F62 		.ascii	"ProbeRS232_RxISRHandler\000"
 1304      65525332 
 1304      33325F52 
 1304      78495352 
 1304      48616E64 
 1305              	.LASF18:
 1306 01ff 63796973 		.ascii	"cyisraddress\000"
 1306      72616464 
 1306      72657373 
 1306      00
 1307              	.LASF10:
 1308 020c 73697A65 		.ascii	"sizetype\000"
 1308      74797065 
 1308      00
 1309              	.LASF1:
 1310 0215 6C6F6E67 		.ascii	"long long int\000"
 1310      206C6F6E 
 1310      6720696E 
 1310      7400
 1311              	.LASF26:
 1312 0223 50726F62 		.ascii	"ProbeUART_RxISR_SetPriority\000"
 1312      65554152 
 1312      545F5278 
 1312      4953525F 
 1312      53657450 
 1313              	.LASF33:
 1314 023f 50726F62 		.ascii	"ProbeUART_RxISR_ClearPending\000"
 1314      65554152 
 1314      545F5278 
 1314      4953525F 
 1314      436C6561 
 1315              	.LASF25:
 1316 025c 72616D56 		.ascii	"ramVectorTable\000"
 1316      6563746F 
 1316      72546162 
 1316      6C6500
 1317              	.LASF5:
 1318 026b 73686F72 		.ascii	"short int\000"
ARM GAS  C:\Users\alex\AppData\Local\Temp\cciEJGxR.s 			page 33


 1318      7420696E 
 1318      7400
 1319              	.LASF23:
 1320 0275 50726F62 		.ascii	"ProbeUART_RxISR_SetVector\000"
 1320      65554152 
 1320      545F5278 
 1320      4953525F 
 1320      53657456 
 1321              	.LASF7:
 1322 028f 6C6F6E67 		.ascii	"long int\000"
 1322      20696E74 
 1322      00
 1323              	.LASF11:
 1324 0298 63686172 		.ascii	"char\000"
 1324      00
 1325              	.LASF2:
 1326 029d 6C6F6E67 		.ascii	"long double\000"
 1326      20646F75 
 1326      626C6500 
 1327              	.LASF19:
 1328 02a9 50726F62 		.ascii	"ProbeUART_RxISR_Start\000"
 1328      65554152 
 1328      545F5278 
 1328      4953525F 
 1328      53746172 
 1329              	.LASF3:
 1330 02bf 7369676E 		.ascii	"signed char\000"
 1330      65642063 
 1330      68617200 
 1331              	.LASF35:
 1332 02cb 47656E65 		.ascii	"Generated_Source\\PSoC5\\ProbeUART_RxISR.c\000"
 1332      72617465 
 1332      645F536F 
 1332      75726365 
 1332      5C50536F 
 1333              	.LASF34:
 1334 02f4 474E5520 		.ascii	"GNU C11 5.4.1 20160609 (release) [ARM/embedded-5-br"
 1334      43313120 
 1334      352E342E 
 1334      31203230 
 1334      31363036 
 1335 0327 616E6368 		.ascii	"anch revision 237715] -mcpu=cortex-m3 -mthumb -g -O"
 1335      20726576 
 1335      6973696F 
 1335      6E203233 
 1335      37373135 
 1336 035a 30202D66 		.ascii	"0 -ffunction-sections -ffat-lto-objects\000"
 1336      66756E63 
 1336      74696F6E 
 1336      2D736563 
 1336      74696F6E 
 1337              		.ident	"GCC: (GNU Tools for ARM Embedded Processors) 5.4.1 20160609 (release) [ARM/embedded-5-bran
