ARM GAS  C:\Users\alex\AppData\Local\Temp\ccvr1wLQ.s 			page 1


   1              		.syntax unified
   2              		.cpu cortex-m3
   3              		.fpu softvfp
   4              		.eabi_attribute 20, 1
   5              		.eabi_attribute 21, 1
   6              		.eabi_attribute 23, 3
   7              		.eabi_attribute 24, 1
   8              		.eabi_attribute 25, 1
   9              		.eabi_attribute 26, 1
  10              		.eabi_attribute 30, 6
  11              		.eabi_attribute 34, 1
  12              		.eabi_attribute 18, 4
  13              		.thumb
  14              		.syntax unified
  15              		.file	"probe_rs232c.c"
  16              		.text
  17              	.Ltext0:
  18              		.cfi_sections	.debug_frame
  19              		.section	.text.ProbeRS232_InitTarget,"ax",%progbits
  20              		.align	2
  21              		.global	ProbeRS232_InitTarget
  22              		.thumb
  23              		.thumb_func
  24              		.type	ProbeRS232_InitTarget, %function
  25              	ProbeRS232_InitTarget:
  26              	.LFB0:
  27              		.file 1 "..\\..\\..\\..\\..\\..\\uC-Probe\\Target\\Communication\\Generic\\RS-232\\Ports\\Cypress\
   1:..\..\..\..\..\..\uC-Probe\Target\Communication\Generic\RS-232\Ports\Cypress\PSoC5/probe_rs232c.c **** /*
   2:..\..\..\..\..\..\uC-Probe\Target\Communication\Generic\RS-232\Ports\Cypress\PSoC5/probe_rs232c.c **** ***************************************************************************************************
   3:..\..\..\..\..\..\uC-Probe\Target\Communication\Generic\RS-232\Ports\Cypress\PSoC5/probe_rs232c.c **** *                                       uC/Probe Communication
   4:..\..\..\..\..\..\uC-Probe\Target\Communication\Generic\RS-232\Ports\Cypress\PSoC5/probe_rs232c.c **** *
   5:..\..\..\..\..\..\uC-Probe\Target\Communication\Generic\RS-232\Ports\Cypress\PSoC5/probe_rs232c.c **** *                         (c) Copyright 2007-2008; Micrium, Inc.; Weston, FL
   6:..\..\..\..\..\..\uC-Probe\Target\Communication\Generic\RS-232\Ports\Cypress\PSoC5/probe_rs232c.c **** *
   7:..\..\..\..\..\..\uC-Probe\Target\Communication\Generic\RS-232\Ports\Cypress\PSoC5/probe_rs232c.c **** *               All rights reserved.  Protected by international copyright laws.
   8:..\..\..\..\..\..\uC-Probe\Target\Communication\Generic\RS-232\Ports\Cypress\PSoC5/probe_rs232c.c **** *               Knowledge of the source code may NOT be used to develop a similar product.
   9:..\..\..\..\..\..\uC-Probe\Target\Communication\Generic\RS-232\Ports\Cypress\PSoC5/probe_rs232c.c **** *               Please help us continue to provide the Embedded community with the finest
  10:..\..\..\..\..\..\uC-Probe\Target\Communication\Generic\RS-232\Ports\Cypress\PSoC5/probe_rs232c.c **** *               software available.  Your honesty is greatly appreciated.
  11:..\..\..\..\..\..\uC-Probe\Target\Communication\Generic\RS-232\Ports\Cypress\PSoC5/probe_rs232c.c **** ***************************************************************************************************
  12:..\..\..\..\..\..\uC-Probe\Target\Communication\Generic\RS-232\Ports\Cypress\PSoC5/probe_rs232c.c **** */
  13:..\..\..\..\..\..\uC-Probe\Target\Communication\Generic\RS-232\Ports\Cypress\PSoC5/probe_rs232c.c **** 
  14:..\..\..\..\..\..\uC-Probe\Target\Communication\Generic\RS-232\Ports\Cypress\PSoC5/probe_rs232c.c **** /*
  15:..\..\..\..\..\..\uC-Probe\Target\Communication\Generic\RS-232\Ports\Cypress\PSoC5/probe_rs232c.c **** ***************************************************************************************************
  16:..\..\..\..\..\..\uC-Probe\Target\Communication\Generic\RS-232\Ports\Cypress\PSoC5/probe_rs232c.c **** *
  17:..\..\..\..\..\..\uC-Probe\Target\Communication\Generic\RS-232\Ports\Cypress\PSoC5/probe_rs232c.c **** *                                        COMMUNICATION: RS-232
  18:..\..\..\..\..\..\uC-Probe\Target\Communication\Generic\RS-232\Ports\Cypress\PSoC5/probe_rs232c.c **** *
  19:..\..\..\..\..\..\uC-Probe\Target\Communication\Generic\RS-232\Ports\Cypress\PSoC5/probe_rs232c.c **** *                                            PORT TEMPLATE
  20:..\..\..\..\..\..\uC-Probe\Target\Communication\Generic\RS-232\Ports\Cypress\PSoC5/probe_rs232c.c **** *
  21:..\..\..\..\..\..\uC-Probe\Target\Communication\Generic\RS-232\Ports\Cypress\PSoC5/probe_rs232c.c **** * Filename      : probe_rs232c.c
  22:..\..\..\..\..\..\uC-Probe\Target\Communication\Generic\RS-232\Ports\Cypress\PSoC5/probe_rs232c.c **** * Version       : V2.20
  23:..\..\..\..\..\..\uC-Probe\Target\Communication\Generic\RS-232\Ports\Cypress\PSoC5/probe_rs232c.c **** * Programmer(s) : FT
  24:..\..\..\..\..\..\uC-Probe\Target\Communication\Generic\RS-232\Ports\Cypress\PSoC5/probe_rs232c.c **** *                 DC
  25:..\..\..\..\..\..\uC-Probe\Target\Communication\Generic\RS-232\Ports\Cypress\PSoC5/probe_rs232c.c **** ***************************************************************************************************
  26:..\..\..\..\..\..\uC-Probe\Target\Communication\Generic\RS-232\Ports\Cypress\PSoC5/probe_rs232c.c **** */
  27:..\..\..\..\..\..\uC-Probe\Target\Communication\Generic\RS-232\Ports\Cypress\PSoC5/probe_rs232c.c **** 
  28:..\..\..\..\..\..\uC-Probe\Target\Communication\Generic\RS-232\Ports\Cypress\PSoC5/probe_rs232c.c **** 
  29:..\..\..\..\..\..\uC-Probe\Target\Communication\Generic\RS-232\Ports\Cypress\PSoC5/probe_rs232c.c **** /*
  30:..\..\..\..\..\..\uC-Probe\Target\Communication\Generic\RS-232\Ports\Cypress\PSoC5/probe_rs232c.c **** ***************************************************************************************************
ARM GAS  C:\Users\alex\AppData\Local\Temp\ccvr1wLQ.s 			page 2


  31:..\..\..\..\..\..\uC-Probe\Target\Communication\Generic\RS-232\Ports\Cypress\PSoC5/probe_rs232c.c **** *                                            INCLUDE FILES
  32:..\..\..\..\..\..\uC-Probe\Target\Communication\Generic\RS-232\Ports\Cypress\PSoC5/probe_rs232c.c **** *
  33:..\..\..\..\..\..\uC-Probe\Target\Communication\Generic\RS-232\Ports\Cypress\PSoC5/probe_rs232c.c **** * Note(s) : (1) A UART component labeled as 'ProbeUART' MUST be created in PSoC.
  34:..\..\..\..\..\..\uC-Probe\Target\Communication\Generic\RS-232\Ports\Cypress\PSoC5/probe_rs232c.c **** *
  35:..\..\..\..\..\..\uC-Probe\Target\Communication\Generic\RS-232\Ports\Cypress\PSoC5/probe_rs232c.c **** *           (2) If a different named is selected 'ProbeUART' must be replaced with the new name
  36:..\..\..\..\..\..\uC-Probe\Target\Communication\Generic\RS-232\Ports\Cypress\PSoC5/probe_rs232c.c **** *               for the UART component.
  37:..\..\..\..\..\..\uC-Probe\Target\Communication\Generic\RS-232\Ports\Cypress\PSoC5/probe_rs232c.c **** ***************************************************************************************************
  38:..\..\..\..\..\..\uC-Probe\Target\Communication\Generic\RS-232\Ports\Cypress\PSoC5/probe_rs232c.c **** */
  39:..\..\..\..\..\..\uC-Probe\Target\Communication\Generic\RS-232\Ports\Cypress\PSoC5/probe_rs232c.c **** 
  40:..\..\..\..\..\..\uC-Probe\Target\Communication\Generic\RS-232\Ports\Cypress\PSoC5/probe_rs232c.c **** #include  <probe_com.h>
  41:..\..\..\..\..\..\uC-Probe\Target\Communication\Generic\RS-232\Ports\Cypress\PSoC5/probe_rs232c.c **** #include  <probe_rs232.h>
  42:..\..\..\..\..\..\uC-Probe\Target\Communication\Generic\RS-232\Ports\Cypress\PSoC5/probe_rs232c.c **** #include  <ProbeUART.h>
  43:..\..\..\..\..\..\uC-Probe\Target\Communication\Generic\RS-232\Ports\Cypress\PSoC5/probe_rs232c.c **** #include  <ProbeUART_RxISR.h>
  44:..\..\..\..\..\..\uC-Probe\Target\Communication\Generic\RS-232\Ports\Cypress\PSoC5/probe_rs232c.c **** #include  <ProbeUART_TxISR.h>
  45:..\..\..\..\..\..\uC-Probe\Target\Communication\Generic\RS-232\Ports\Cypress\PSoC5/probe_rs232c.c **** 
  46:..\..\..\..\..\..\uC-Probe\Target\Communication\Generic\RS-232\Ports\Cypress\PSoC5/probe_rs232c.c **** 
  47:..\..\..\..\..\..\uC-Probe\Target\Communication\Generic\RS-232\Ports\Cypress\PSoC5/probe_rs232c.c **** /*
  48:..\..\..\..\..\..\uC-Probe\Target\Communication\Generic\RS-232\Ports\Cypress\PSoC5/probe_rs232c.c **** ***************************************************************************************************
  49:..\..\..\..\..\..\uC-Probe\Target\Communication\Generic\RS-232\Ports\Cypress\PSoC5/probe_rs232c.c **** *                                               ENABLE
  50:..\..\..\..\..\..\uC-Probe\Target\Communication\Generic\RS-232\Ports\Cypress\PSoC5/probe_rs232c.c **** *
  51:..\..\..\..\..\..\uC-Probe\Target\Communication\Generic\RS-232\Ports\Cypress\PSoC5/probe_rs232c.c **** * Note(s) : (1) See 'probe_rs232.h  ENABLE'.
  52:..\..\..\..\..\..\uC-Probe\Target\Communication\Generic\RS-232\Ports\Cypress\PSoC5/probe_rs232c.c **** ***************************************************************************************************
  53:..\..\..\..\..\..\uC-Probe\Target\Communication\Generic\RS-232\Ports\Cypress\PSoC5/probe_rs232c.c **** */
  54:..\..\..\..\..\..\uC-Probe\Target\Communication\Generic\RS-232\Ports\Cypress\PSoC5/probe_rs232c.c **** 
  55:..\..\..\..\..\..\uC-Probe\Target\Communication\Generic\RS-232\Ports\Cypress\PSoC5/probe_rs232c.c **** #if (PROBE_COM_CFG_RS232_EN == DEF_ENABLED)                     /* See Note #1.                    
  56:..\..\..\..\..\..\uC-Probe\Target\Communication\Generic\RS-232\Ports\Cypress\PSoC5/probe_rs232c.c **** 
  57:..\..\..\..\..\..\uC-Probe\Target\Communication\Generic\RS-232\Ports\Cypress\PSoC5/probe_rs232c.c **** 
  58:..\..\..\..\..\..\uC-Probe\Target\Communication\Generic\RS-232\Ports\Cypress\PSoC5/probe_rs232c.c **** /*
  59:..\..\..\..\..\..\uC-Probe\Target\Communication\Generic\RS-232\Ports\Cypress\PSoC5/probe_rs232c.c **** ***************************************************************************************************
  60:..\..\..\..\..\..\uC-Probe\Target\Communication\Generic\RS-232\Ports\Cypress\PSoC5/probe_rs232c.c **** *                                            LOCAL DEFINES
  61:..\..\..\..\..\..\uC-Probe\Target\Communication\Generic\RS-232\Ports\Cypress\PSoC5/probe_rs232c.c **** ***************************************************************************************************
  62:..\..\..\..\..\..\uC-Probe\Target\Communication\Generic\RS-232\Ports\Cypress\PSoC5/probe_rs232c.c **** */
  63:..\..\..\..\..\..\uC-Probe\Target\Communication\Generic\RS-232\Ports\Cypress\PSoC5/probe_rs232c.c **** 
  64:..\..\..\..\..\..\uC-Probe\Target\Communication\Generic\RS-232\Ports\Cypress\PSoC5/probe_rs232c.c **** 
  65:..\..\..\..\..\..\uC-Probe\Target\Communication\Generic\RS-232\Ports\Cypress\PSoC5/probe_rs232c.c **** /*
  66:..\..\..\..\..\..\uC-Probe\Target\Communication\Generic\RS-232\Ports\Cypress\PSoC5/probe_rs232c.c **** ***************************************************************************************************
  67:..\..\..\..\..\..\uC-Probe\Target\Communication\Generic\RS-232\Ports\Cypress\PSoC5/probe_rs232c.c **** *                                       LOCAL GLOBAL VARIABLES
  68:..\..\..\..\..\..\uC-Probe\Target\Communication\Generic\RS-232\Ports\Cypress\PSoC5/probe_rs232c.c **** ***************************************************************************************************
  69:..\..\..\..\..\..\uC-Probe\Target\Communication\Generic\RS-232\Ports\Cypress\PSoC5/probe_rs232c.c **** */
  70:..\..\..\..\..\..\uC-Probe\Target\Communication\Generic\RS-232\Ports\Cypress\PSoC5/probe_rs232c.c **** 
  71:..\..\..\..\..\..\uC-Probe\Target\Communication\Generic\RS-232\Ports\Cypress\PSoC5/probe_rs232c.c **** 
  72:..\..\..\..\..\..\uC-Probe\Target\Communication\Generic\RS-232\Ports\Cypress\PSoC5/probe_rs232c.c **** /*
  73:..\..\..\..\..\..\uC-Probe\Target\Communication\Generic\RS-232\Ports\Cypress\PSoC5/probe_rs232c.c **** ***************************************************************************************************
  74:..\..\..\..\..\..\uC-Probe\Target\Communication\Generic\RS-232\Ports\Cypress\PSoC5/probe_rs232c.c **** *                                      LOCAL FUNCTION PROTOTYPES
  75:..\..\..\..\..\..\uC-Probe\Target\Communication\Generic\RS-232\Ports\Cypress\PSoC5/probe_rs232c.c **** ***************************************************************************************************
  76:..\..\..\..\..\..\uC-Probe\Target\Communication\Generic\RS-232\Ports\Cypress\PSoC5/probe_rs232c.c **** */
  77:..\..\..\..\..\..\uC-Probe\Target\Communication\Generic\RS-232\Ports\Cypress\PSoC5/probe_rs232c.c **** 
  78:..\..\..\..\..\..\uC-Probe\Target\Communication\Generic\RS-232\Ports\Cypress\PSoC5/probe_rs232c.c **** 
  79:..\..\..\..\..\..\uC-Probe\Target\Communication\Generic\RS-232\Ports\Cypress\PSoC5/probe_rs232c.c **** /*
  80:..\..\..\..\..\..\uC-Probe\Target\Communication\Generic\RS-232\Ports\Cypress\PSoC5/probe_rs232c.c **** ***************************************************************************************************
  81:..\..\..\..\..\..\uC-Probe\Target\Communication\Generic\RS-232\Ports\Cypress\PSoC5/probe_rs232c.c **** *                                     LOCAL CONFIGURATION ERRORS
  82:..\..\..\..\..\..\uC-Probe\Target\Communication\Generic\RS-232\Ports\Cypress\PSoC5/probe_rs232c.c **** ***************************************************************************************************
  83:..\..\..\..\..\..\uC-Probe\Target\Communication\Generic\RS-232\Ports\Cypress\PSoC5/probe_rs232c.c **** */
  84:..\..\..\..\..\..\uC-Probe\Target\Communication\Generic\RS-232\Ports\Cypress\PSoC5/probe_rs232c.c **** 
  85:..\..\..\..\..\..\uC-Probe\Target\Communication\Generic\RS-232\Ports\Cypress\PSoC5/probe_rs232c.c **** 
  86:..\..\..\..\..\..\uC-Probe\Target\Communication\Generic\RS-232\Ports\Cypress\PSoC5/probe_rs232c.c **** /*
  87:..\..\..\..\..\..\uC-Probe\Target\Communication\Generic\RS-232\Ports\Cypress\PSoC5/probe_rs232c.c **** ***************************************************************************************************
ARM GAS  C:\Users\alex\AppData\Local\Temp\ccvr1wLQ.s 			page 3


  88:..\..\..\..\..\..\uC-Probe\Target\Communication\Generic\RS-232\Ports\Cypress\PSoC5/probe_rs232c.c **** *                                       ProbeRS232_InitTarget()
  89:..\..\..\..\..\..\uC-Probe\Target\Communication\Generic\RS-232\Ports\Cypress\PSoC5/probe_rs232c.c **** *
  90:..\..\..\..\..\..\uC-Probe\Target\Communication\Generic\RS-232\Ports\Cypress\PSoC5/probe_rs232c.c **** * Description : Initialize the UART for Probe communication.
  91:..\..\..\..\..\..\uC-Probe\Target\Communication\Generic\RS-232\Ports\Cypress\PSoC5/probe_rs232c.c **** *
  92:..\..\..\..\..\..\uC-Probe\Target\Communication\Generic\RS-232\Ports\Cypress\PSoC5/probe_rs232c.c **** * Argument(s) : baud_rate   Intended baud rate of the RS-232.
  93:..\..\..\..\..\..\uC-Probe\Target\Communication\Generic\RS-232\Ports\Cypress\PSoC5/probe_rs232c.c **** *
  94:..\..\..\..\..\..\uC-Probe\Target\Communication\Generic\RS-232\Ports\Cypress\PSoC5/probe_rs232c.c **** * Return(s)   : none.
  95:..\..\..\..\..\..\uC-Probe\Target\Communication\Generic\RS-232\Ports\Cypress\PSoC5/probe_rs232c.c **** *
  96:..\..\..\..\..\..\uC-Probe\Target\Communication\Generic\RS-232\Ports\Cypress\PSoC5/probe_rs232c.c **** * Caller(s)   : ProbeRS232_Init().
  97:..\..\..\..\..\..\uC-Probe\Target\Communication\Generic\RS-232\Ports\Cypress\PSoC5/probe_rs232c.c **** *
  98:..\..\..\..\..\..\uC-Probe\Target\Communication\Generic\RS-232\Ports\Cypress\PSoC5/probe_rs232c.c **** * Note(s)     : (1) Though the baud rate used may vary from application to application or target to
  99:..\..\..\..\..\..\uC-Probe\Target\Communication\Generic\RS-232\Ports\Cypress\PSoC5/probe_rs232c.c **** *                   target, other communication settings are constamt.  The hardware must always be
 100:..\..\..\..\..\..\uC-Probe\Target\Communication\Generic\RS-232\Ports\Cypress\PSoC5/probe_rs232c.c **** *                   configured for the following :
 101:..\..\..\..\..\..\uC-Probe\Target\Communication\Generic\RS-232\Ports\Cypress\PSoC5/probe_rs232c.c **** *
 102:..\..\..\..\..\..\uC-Probe\Target\Communication\Generic\RS-232\Ports\Cypress\PSoC5/probe_rs232c.c **** *                   (a) No parity
 103:..\..\..\..\..\..\uC-Probe\Target\Communication\Generic\RS-232\Ports\Cypress\PSoC5/probe_rs232c.c **** *                   (b) One stop bit
 104:..\..\..\..\..\..\uC-Probe\Target\Communication\Generic\RS-232\Ports\Cypress\PSoC5/probe_rs232c.c **** *                   (c) Eight data bits.
 105:..\..\..\..\..\..\uC-Probe\Target\Communication\Generic\RS-232\Ports\Cypress\PSoC5/probe_rs232c.c **** *
 106:..\..\..\..\..\..\uC-Probe\Target\Communication\Generic\RS-232\Ports\Cypress\PSoC5/probe_rs232c.c **** *               (2) Neither receive nor transmit interrupts should be enabled by this function.
 107:..\..\..\..\..\..\uC-Probe\Target\Communication\Generic\RS-232\Ports\Cypress\PSoC5/probe_rs232c.c **** ***************************************************************************************************
 108:..\..\..\..\..\..\uC-Probe\Target\Communication\Generic\RS-232\Ports\Cypress\PSoC5/probe_rs232c.c **** */
 109:..\..\..\..\..\..\uC-Probe\Target\Communication\Generic\RS-232\Ports\Cypress\PSoC5/probe_rs232c.c **** 
 110:..\..\..\..\..\..\uC-Probe\Target\Communication\Generic\RS-232\Ports\Cypress\PSoC5/probe_rs232c.c **** void  ProbeRS232_InitTarget (CPU_INT32U  baud_rate)
 111:..\..\..\..\..\..\uC-Probe\Target\Communication\Generic\RS-232\Ports\Cypress\PSoC5/probe_rs232c.c **** {
  28              		.loc 1 111 0
  29              		.cfi_startproc
  30              		@ args = 0, pretend = 0, frame = 8
  31              		@ frame_needed = 1, uses_anonymous_args = 0
  32 0000 80B5     		push	{r7, lr}
  33              		.cfi_def_cfa_offset 8
  34              		.cfi_offset 7, -8
  35              		.cfi_offset 14, -4
  36 0002 82B0     		sub	sp, sp, #8
  37              		.cfi_def_cfa_offset 16
  38 0004 00AF     		add	r7, sp, #0
  39              		.cfi_def_cfa_register 7
  40 0006 7860     		str	r0, [r7, #4]
 112:..\..\..\..\..\..\uC-Probe\Target\Communication\Generic\RS-232\Ports\Cypress\PSoC5/probe_rs232c.c **** 	ProbeUART_RxISR_Disable();                                      /* Disable Interrupts             
  41              		.loc 1 112 0
  42 0008 FFF7FEFF 		bl	ProbeUART_RxISR_Disable
 113:..\..\..\..\..\..\uC-Probe\Target\Communication\Generic\RS-232\Ports\Cypress\PSoC5/probe_rs232c.c **** 	ProbeUART_TxISR_Disable();
  43              		.loc 1 113 0
  44 000c FFF7FEFF 		bl	ProbeUART_TxISR_Disable
 114:..\..\..\..\..\..\uC-Probe\Target\Communication\Generic\RS-232\Ports\Cypress\PSoC5/probe_rs232c.c ****     ProbeUART_TxISR_ClearPending();                                 /* Clear Buffers on the ISRs   
  45              		.loc 1 114 0
  46 0010 FFF7FEFF 		bl	ProbeUART_TxISR_ClearPending
 115:..\..\..\..\..\..\uC-Probe\Target\Communication\Generic\RS-232\Ports\Cypress\PSoC5/probe_rs232c.c ****     ProbeUART_RxISR_ClearPending();
  47              		.loc 1 115 0
  48 0014 FFF7FEFF 		bl	ProbeUART_RxISR_ClearPending
 116:..\..\..\..\..\..\uC-Probe\Target\Communication\Generic\RS-232\Ports\Cypress\PSoC5/probe_rs232c.c ****     
 117:..\..\..\..\..\..\uC-Probe\Target\Communication\Generic\RS-232\Ports\Cypress\PSoC5/probe_rs232c.c ****     ProbeUART_Start();                                              /* UART Initialization         
  49              		.loc 1 117 0
  50 0018 FFF7FEFF 		bl	ProbeUART_Start
 118:..\..\..\..\..\..\uC-Probe\Target\Communication\Generic\RS-232\Ports\Cypress\PSoC5/probe_rs232c.c ****     ProbeUART_RxISR_Start();                                        /* RX Interrupt Handler Initial
  51              		.loc 1 118 0
  52 001c FFF7FEFF 		bl	ProbeUART_RxISR_Start
 119:..\..\..\..\..\..\uC-Probe\Target\Communication\Generic\RS-232\Ports\Cypress\PSoC5/probe_rs232c.c **** 	ProbeUART_TxISR_Start();                                        /* TX Interrupt Handler Initializa
ARM GAS  C:\Users\alex\AppData\Local\Temp\ccvr1wLQ.s 			page 4


  53              		.loc 1 119 0
  54 0020 FFF7FEFF 		bl	ProbeUART_TxISR_Start
 120:..\..\..\..\..\..\uC-Probe\Target\Communication\Generic\RS-232\Ports\Cypress\PSoC5/probe_rs232c.c **** 	ProbeUART_RxISR_Enable();                                       /* Enable RX Interrupt Service Rou
  55              		.loc 1 120 0
  56 0024 FFF7FEFF 		bl	ProbeUART_RxISR_Enable
 121:..\..\..\..\..\..\uC-Probe\Target\Communication\Generic\RS-232\Ports\Cypress\PSoC5/probe_rs232c.c **** 	ProbeUART_TxISR_Disable();                                      /* Disable TX Interrupt Service Ro
  57              		.loc 1 121 0
  58 0028 FFF7FEFF 		bl	ProbeUART_TxISR_Disable
 122:..\..\..\..\..\..\uC-Probe\Target\Communication\Generic\RS-232\Ports\Cypress\PSoC5/probe_rs232c.c **** }
  59              		.loc 1 122 0
  60 002c 00BF     		nop
  61 002e 0837     		adds	r7, r7, #8
  62              		.cfi_def_cfa_offset 8
  63 0030 BD46     		mov	sp, r7
  64              		.cfi_def_cfa_register 13
  65              		@ sp needed
  66 0032 80BD     		pop	{r7, pc}
  67              		.cfi_endproc
  68              	.LFE0:
  69              		.size	ProbeRS232_InitTarget, .-ProbeRS232_InitTarget
  70              		.section	.text.ProbeRS232_RxTxISRHandler,"ax",%progbits
  71              		.align	2
  72              		.global	ProbeRS232_RxTxISRHandler
  73              		.thumb
  74              		.thumb_func
  75              		.type	ProbeRS232_RxTxISRHandler, %function
  76              	ProbeRS232_RxTxISRHandler:
  77              	.LFB1:
 123:..\..\..\..\..\..\uC-Probe\Target\Communication\Generic\RS-232\Ports\Cypress\PSoC5/probe_rs232c.c **** 
 124:..\..\..\..\..\..\uC-Probe\Target\Communication\Generic\RS-232\Ports\Cypress\PSoC5/probe_rs232c.c **** 
 125:..\..\..\..\..\..\uC-Probe\Target\Communication\Generic\RS-232\Ports\Cypress\PSoC5/probe_rs232c.c **** /*
 126:..\..\..\..\..\..\uC-Probe\Target\Communication\Generic\RS-232\Ports\Cypress\PSoC5/probe_rs232c.c **** ***************************************************************************************************
 127:..\..\..\..\..\..\uC-Probe\Target\Communication\Generic\RS-232\Ports\Cypress\PSoC5/probe_rs232c.c **** *                                     ProbeRS232_RxTxISRHandler()
 128:..\..\..\..\..\..\uC-Probe\Target\Communication\Generic\RS-232\Ports\Cypress\PSoC5/probe_rs232c.c **** *
 129:..\..\..\..\..\..\uC-Probe\Target\Communication\Generic\RS-232\Ports\Cypress\PSoC5/probe_rs232c.c **** * Description : Handle receive and transmit interrupts.
 130:..\..\..\..\..\..\uC-Probe\Target\Communication\Generic\RS-232\Ports\Cypress\PSoC5/probe_rs232c.c **** *
 131:..\..\..\..\..\..\uC-Probe\Target\Communication\Generic\RS-232\Ports\Cypress\PSoC5/probe_rs232c.c **** * Argument(s) : none.
 132:..\..\..\..\..\..\uC-Probe\Target\Communication\Generic\RS-232\Ports\Cypress\PSoC5/probe_rs232c.c **** *
 133:..\..\..\..\..\..\uC-Probe\Target\Communication\Generic\RS-232\Ports\Cypress\PSoC5/probe_rs232c.c **** * Return(s)   : none.
 134:..\..\..\..\..\..\uC-Probe\Target\Communication\Generic\RS-232\Ports\Cypress\PSoC5/probe_rs232c.c **** *
 135:..\..\..\..\..\..\uC-Probe\Target\Communication\Generic\RS-232\Ports\Cypress\PSoC5/probe_rs232c.c **** * Caller(s)   : This is an ISR.
 136:..\..\..\..\..\..\uC-Probe\Target\Communication\Generic\RS-232\Ports\Cypress\PSoC5/probe_rs232c.c **** *
 137:..\..\..\..\..\..\uC-Probe\Target\Communication\Generic\RS-232\Ports\Cypress\PSoC5/probe_rs232c.c **** * Note(s)     : (1) This function may be empty if receive and transmit interrupts are handled in th
 138:..\..\..\..\..\..\uC-Probe\Target\Communication\Generic\RS-232\Ports\Cypress\PSoC5/probe_rs232c.c **** *                   separate interrupt handlers, ProbeRS232_RxISRHandler() and ProbeRS232_TxISRHand
 139:..\..\..\..\..\..\uC-Probe\Target\Communication\Generic\RS-232\Ports\Cypress\PSoC5/probe_rs232c.c **** ***************************************************************************************************
 140:..\..\..\..\..\..\uC-Probe\Target\Communication\Generic\RS-232\Ports\Cypress\PSoC5/probe_rs232c.c **** */
 141:..\..\..\..\..\..\uC-Probe\Target\Communication\Generic\RS-232\Ports\Cypress\PSoC5/probe_rs232c.c **** 
 142:..\..\..\..\..\..\uC-Probe\Target\Communication\Generic\RS-232\Ports\Cypress\PSoC5/probe_rs232c.c **** void  ProbeRS232_RxTxISRHandler (void)
 143:..\..\..\..\..\..\uC-Probe\Target\Communication\Generic\RS-232\Ports\Cypress\PSoC5/probe_rs232c.c **** {
  78              		.loc 1 143 0
  79              		.cfi_startproc
  80              		@ args = 0, pretend = 0, frame = 0
  81              		@ frame_needed = 1, uses_anonymous_args = 0
  82              		@ link register save eliminated.
  83 0000 80B4     		push	{r7}
  84              		.cfi_def_cfa_offset 4
  85              		.cfi_offset 7, -4
ARM GAS  C:\Users\alex\AppData\Local\Temp\ccvr1wLQ.s 			page 5


  86 0002 00AF     		add	r7, sp, #0
  87              		.cfi_def_cfa_register 7
 144:..\..\..\..\..\..\uC-Probe\Target\Communication\Generic\RS-232\Ports\Cypress\PSoC5/probe_rs232c.c **** 
 145:..\..\..\..\..\..\uC-Probe\Target\Communication\Generic\RS-232\Ports\Cypress\PSoC5/probe_rs232c.c **** }
  88              		.loc 1 145 0
  89 0004 00BF     		nop
  90 0006 BD46     		mov	sp, r7
  91              		.cfi_def_cfa_register 13
  92              		@ sp needed
  93 0008 80BC     		pop	{r7}
  94              		.cfi_restore 7
  95              		.cfi_def_cfa_offset 0
  96 000a 7047     		bx	lr
  97              		.cfi_endproc
  98              	.LFE1:
  99              		.size	ProbeRS232_RxTxISRHandler, .-ProbeRS232_RxTxISRHandler
 100              		.section	.text.ProbeRS232_RxISRHandler,"ax",%progbits
 101              		.align	2
 102              		.global	ProbeRS232_RxISRHandler
 103              		.thumb
 104              		.thumb_func
 105              		.type	ProbeRS232_RxISRHandler, %function
 106              	ProbeRS232_RxISRHandler:
 107              	.LFB2:
 146:..\..\..\..\..\..\uC-Probe\Target\Communication\Generic\RS-232\Ports\Cypress\PSoC5/probe_rs232c.c **** 
 147:..\..\..\..\..\..\uC-Probe\Target\Communication\Generic\RS-232\Ports\Cypress\PSoC5/probe_rs232c.c **** 
 148:..\..\..\..\..\..\uC-Probe\Target\Communication\Generic\RS-232\Ports\Cypress\PSoC5/probe_rs232c.c **** /*
 149:..\..\..\..\..\..\uC-Probe\Target\Communication\Generic\RS-232\Ports\Cypress\PSoC5/probe_rs232c.c **** ***************************************************************************************************
 150:..\..\..\..\..\..\uC-Probe\Target\Communication\Generic\RS-232\Ports\Cypress\PSoC5/probe_rs232c.c **** *                                      ProbeRS232_RxISRHandler()
 151:..\..\..\..\..\..\uC-Probe\Target\Communication\Generic\RS-232\Ports\Cypress\PSoC5/probe_rs232c.c **** *
 152:..\..\..\..\..\..\uC-Probe\Target\Communication\Generic\RS-232\Ports\Cypress\PSoC5/probe_rs232c.c **** * Description : Handle receive interrupts.
 153:..\..\..\..\..\..\uC-Probe\Target\Communication\Generic\RS-232\Ports\Cypress\PSoC5/probe_rs232c.c **** *
 154:..\..\..\..\..\..\uC-Probe\Target\Communication\Generic\RS-232\Ports\Cypress\PSoC5/probe_rs232c.c **** * Argument(s) : none.
 155:..\..\..\..\..\..\uC-Probe\Target\Communication\Generic\RS-232\Ports\Cypress\PSoC5/probe_rs232c.c **** *
 156:..\..\..\..\..\..\uC-Probe\Target\Communication\Generic\RS-232\Ports\Cypress\PSoC5/probe_rs232c.c **** * Return(s)   : none.
 157:..\..\..\..\..\..\uC-Probe\Target\Communication\Generic\RS-232\Ports\Cypress\PSoC5/probe_rs232c.c **** *
 158:..\..\..\..\..\..\uC-Probe\Target\Communication\Generic\RS-232\Ports\Cypress\PSoC5/probe_rs232c.c **** * Caller(s)   : This is an ISR.
 159:..\..\..\..\..\..\uC-Probe\Target\Communication\Generic\RS-232\Ports\Cypress\PSoC5/probe_rs232c.c **** *
 160:..\..\..\..\..\..\uC-Probe\Target\Communication\Generic\RS-232\Ports\Cypress\PSoC5/probe_rs232c.c **** * Note(s)     : (1) This function may be empty if receive interrupts are handled by the combined re
 161:..\..\..\..\..\..\uC-Probe\Target\Communication\Generic\RS-232\Ports\Cypress\PSoC5/probe_rs232c.c **** *                   transmit interrupt handler, 'ProbeRS232_RxTxISRHandler()'.
 162:..\..\..\..\..\..\uC-Probe\Target\Communication\Generic\RS-232\Ports\Cypress\PSoC5/probe_rs232c.c **** ***************************************************************************************************
 163:..\..\..\..\..\..\uC-Probe\Target\Communication\Generic\RS-232\Ports\Cypress\PSoC5/probe_rs232c.c **** */
 164:..\..\..\..\..\..\uC-Probe\Target\Communication\Generic\RS-232\Ports\Cypress\PSoC5/probe_rs232c.c **** 
 165:..\..\..\..\..\..\uC-Probe\Target\Communication\Generic\RS-232\Ports\Cypress\PSoC5/probe_rs232c.c **** void  ProbeRS232_RxISRHandler (void)
 166:..\..\..\..\..\..\uC-Probe\Target\Communication\Generic\RS-232\Ports\Cypress\PSoC5/probe_rs232c.c **** {
 108              		.loc 1 166 0
 109              		.cfi_startproc
 110              		@ args = 0, pretend = 0, frame = 8
 111              		@ frame_needed = 1, uses_anonymous_args = 0
 112 0000 80B5     		push	{r7, lr}
 113              		.cfi_def_cfa_offset 8
 114              		.cfi_offset 7, -8
 115              		.cfi_offset 14, -4
 116 0002 82B0     		sub	sp, sp, #8
 117              		.cfi_def_cfa_offset 16
 118 0004 00AF     		add	r7, sp, #0
 119              		.cfi_def_cfa_register 7
ARM GAS  C:\Users\alex\AppData\Local\Temp\ccvr1wLQ.s 			page 6


 167:..\..\..\..\..\..\uC-Probe\Target\Communication\Generic\RS-232\Ports\Cypress\PSoC5/probe_rs232c.c ****     CPU_INT08U  rx_data;
 168:..\..\..\..\..\..\uC-Probe\Target\Communication\Generic\RS-232\Ports\Cypress\PSoC5/probe_rs232c.c **** 	
 169:..\..\..\..\..\..\uC-Probe\Target\Communication\Generic\RS-232\Ports\Cypress\PSoC5/probe_rs232c.c **** 	
 170:..\..\..\..\..\..\uC-Probe\Target\Communication\Generic\RS-232\Ports\Cypress\PSoC5/probe_rs232c.c **** 	rx_data = ProbeUART_GetByte();                                  /* Obtain RX Data                 
 120              		.loc 1 170 0
 121 0006 FFF7FEFF 		bl	ProbeUART_GetByte
 122 000a 0346     		mov	r3, r0
 123 000c FB71     		strb	r3, [r7, #7]
 171:..\..\..\..\..\..\uC-Probe\Target\Communication\Generic\RS-232\Ports\Cypress\PSoC5/probe_rs232c.c **** 	ProbeRS232_RxHandler(rx_data);
 124              		.loc 1 171 0
 125 000e FB79     		ldrb	r3, [r7, #7]	@ zero_extendqisi2
 126 0010 1846     		mov	r0, r3
 127 0012 FFF7FEFF 		bl	ProbeRS232_RxHandler
 172:..\..\..\..\..\..\uC-Probe\Target\Communication\Generic\RS-232\Ports\Cypress\PSoC5/probe_rs232c.c ****     
 173:..\..\..\..\..\..\uC-Probe\Target\Communication\Generic\RS-232\Ports\Cypress\PSoC5/probe_rs232c.c **** }
 128              		.loc 1 173 0
 129 0016 00BF     		nop
 130 0018 0837     		adds	r7, r7, #8
 131              		.cfi_def_cfa_offset 8
 132 001a BD46     		mov	sp, r7
 133              		.cfi_def_cfa_register 13
 134              		@ sp needed
 135 001c 80BD     		pop	{r7, pc}
 136              		.cfi_endproc
 137              	.LFE2:
 138              		.size	ProbeRS232_RxISRHandler, .-ProbeRS232_RxISRHandler
 139 001e 00BF     		.section	.text.ProbeRS232_RxIntDis,"ax",%progbits
 140              		.align	2
 141              		.global	ProbeRS232_RxIntDis
 142              		.thumb
 143              		.thumb_func
 144              		.type	ProbeRS232_RxIntDis, %function
 145              	ProbeRS232_RxIntDis:
 146              	.LFB3:
 174:..\..\..\..\..\..\uC-Probe\Target\Communication\Generic\RS-232\Ports\Cypress\PSoC5/probe_rs232c.c **** 
 175:..\..\..\..\..\..\uC-Probe\Target\Communication\Generic\RS-232\Ports\Cypress\PSoC5/probe_rs232c.c **** 
 176:..\..\..\..\..\..\uC-Probe\Target\Communication\Generic\RS-232\Ports\Cypress\PSoC5/probe_rs232c.c **** /*
 177:..\..\..\..\..\..\uC-Probe\Target\Communication\Generic\RS-232\Ports\Cypress\PSoC5/probe_rs232c.c **** ***************************************************************************************************
 178:..\..\..\..\..\..\uC-Probe\Target\Communication\Generic\RS-232\Ports\Cypress\PSoC5/probe_rs232c.c **** *                                        ProbeRS232_RxIntDis()
 179:..\..\..\..\..\..\uC-Probe\Target\Communication\Generic\RS-232\Ports\Cypress\PSoC5/probe_rs232c.c **** *
 180:..\..\..\..\..\..\uC-Probe\Target\Communication\Generic\RS-232\Ports\Cypress\PSoC5/probe_rs232c.c **** * Description : Disable receive interrupts.
 181:..\..\..\..\..\..\uC-Probe\Target\Communication\Generic\RS-232\Ports\Cypress\PSoC5/probe_rs232c.c **** *
 182:..\..\..\..\..\..\uC-Probe\Target\Communication\Generic\RS-232\Ports\Cypress\PSoC5/probe_rs232c.c **** * Argument(s) : none.
 183:..\..\..\..\..\..\uC-Probe\Target\Communication\Generic\RS-232\Ports\Cypress\PSoC5/probe_rs232c.c **** *
 184:..\..\..\..\..\..\uC-Probe\Target\Communication\Generic\RS-232\Ports\Cypress\PSoC5/probe_rs232c.c **** * Return(s)   : none.
 185:..\..\..\..\..\..\uC-Probe\Target\Communication\Generic\RS-232\Ports\Cypress\PSoC5/probe_rs232c.c **** *
 186:..\..\..\..\..\..\uC-Probe\Target\Communication\Generic\RS-232\Ports\Cypress\PSoC5/probe_rs232c.c **** * Caller(s)   : Application.
 187:..\..\..\..\..\..\uC-Probe\Target\Communication\Generic\RS-232\Ports\Cypress\PSoC5/probe_rs232c.c **** *
 188:..\..\..\..\..\..\uC-Probe\Target\Communication\Generic\RS-232\Ports\Cypress\PSoC5/probe_rs232c.c **** * Note(s)     : (1) The application should call this function to stop communication.
 189:..\..\..\..\..\..\uC-Probe\Target\Communication\Generic\RS-232\Ports\Cypress\PSoC5/probe_rs232c.c **** ***************************************************************************************************
 190:..\..\..\..\..\..\uC-Probe\Target\Communication\Generic\RS-232\Ports\Cypress\PSoC5/probe_rs232c.c **** */
 191:..\..\..\..\..\..\uC-Probe\Target\Communication\Generic\RS-232\Ports\Cypress\PSoC5/probe_rs232c.c **** 
 192:..\..\..\..\..\..\uC-Probe\Target\Communication\Generic\RS-232\Ports\Cypress\PSoC5/probe_rs232c.c **** void  ProbeRS232_RxIntDis (void)
 193:..\..\..\..\..\..\uC-Probe\Target\Communication\Generic\RS-232\Ports\Cypress\PSoC5/probe_rs232c.c **** {
 147              		.loc 1 193 0
 148              		.cfi_startproc
 149              		@ args = 0, pretend = 0, frame = 0
ARM GAS  C:\Users\alex\AppData\Local\Temp\ccvr1wLQ.s 			page 7


 150              		@ frame_needed = 1, uses_anonymous_args = 0
 151 0000 80B5     		push	{r7, lr}
 152              		.cfi_def_cfa_offset 8
 153              		.cfi_offset 7, -8
 154              		.cfi_offset 14, -4
 155 0002 00AF     		add	r7, sp, #0
 156              		.cfi_def_cfa_register 7
 194:..\..\..\..\..\..\uC-Probe\Target\Communication\Generic\RS-232\Ports\Cypress\PSoC5/probe_rs232c.c ****     ProbeUART_RxISR_Disable();
 157              		.loc 1 194 0
 158 0004 FFF7FEFF 		bl	ProbeUART_RxISR_Disable
 195:..\..\..\..\..\..\uC-Probe\Target\Communication\Generic\RS-232\Ports\Cypress\PSoC5/probe_rs232c.c **** }
 159              		.loc 1 195 0
 160 0008 00BF     		nop
 161 000a 80BD     		pop	{r7, pc}
 162              		.cfi_endproc
 163              	.LFE3:
 164              		.size	ProbeRS232_RxIntDis, .-ProbeRS232_RxIntDis
 165              		.section	.text.ProbeRS232_RxIntEn,"ax",%progbits
 166              		.align	2
 167              		.global	ProbeRS232_RxIntEn
 168              		.thumb
 169              		.thumb_func
 170              		.type	ProbeRS232_RxIntEn, %function
 171              	ProbeRS232_RxIntEn:
 172              	.LFB4:
 196:..\..\..\..\..\..\uC-Probe\Target\Communication\Generic\RS-232\Ports\Cypress\PSoC5/probe_rs232c.c **** 
 197:..\..\..\..\..\..\uC-Probe\Target\Communication\Generic\RS-232\Ports\Cypress\PSoC5/probe_rs232c.c **** 
 198:..\..\..\..\..\..\uC-Probe\Target\Communication\Generic\RS-232\Ports\Cypress\PSoC5/probe_rs232c.c **** /*
 199:..\..\..\..\..\..\uC-Probe\Target\Communication\Generic\RS-232\Ports\Cypress\PSoC5/probe_rs232c.c **** ***************************************************************************************************
 200:..\..\..\..\..\..\uC-Probe\Target\Communication\Generic\RS-232\Ports\Cypress\PSoC5/probe_rs232c.c **** *                                        ProbeRS232_RxIntEn()
 201:..\..\..\..\..\..\uC-Probe\Target\Communication\Generic\RS-232\Ports\Cypress\PSoC5/probe_rs232c.c **** *
 202:..\..\..\..\..\..\uC-Probe\Target\Communication\Generic\RS-232\Ports\Cypress\PSoC5/probe_rs232c.c **** * Description : Enable receive interrupts.
 203:..\..\..\..\..\..\uC-Probe\Target\Communication\Generic\RS-232\Ports\Cypress\PSoC5/probe_rs232c.c **** *
 204:..\..\..\..\..\..\uC-Probe\Target\Communication\Generic\RS-232\Ports\Cypress\PSoC5/probe_rs232c.c **** * Argument(s) : none.
 205:..\..\..\..\..\..\uC-Probe\Target\Communication\Generic\RS-232\Ports\Cypress\PSoC5/probe_rs232c.c **** *
 206:..\..\..\..\..\..\uC-Probe\Target\Communication\Generic\RS-232\Ports\Cypress\PSoC5/probe_rs232c.c **** * Return(s)   : none.
 207:..\..\..\..\..\..\uC-Probe\Target\Communication\Generic\RS-232\Ports\Cypress\PSoC5/probe_rs232c.c **** *
 208:..\..\..\..\..\..\uC-Probe\Target\Communication\Generic\RS-232\Ports\Cypress\PSoC5/probe_rs232c.c **** * Caller(s)   : Application.
 209:..\..\..\..\..\..\uC-Probe\Target\Communication\Generic\RS-232\Ports\Cypress\PSoC5/probe_rs232c.c **** *
 210:..\..\..\..\..\..\uC-Probe\Target\Communication\Generic\RS-232\Ports\Cypress\PSoC5/probe_rs232c.c **** * Note(s)     : (1) The application should call this function to start communication.
 211:..\..\..\..\..\..\uC-Probe\Target\Communication\Generic\RS-232\Ports\Cypress\PSoC5/probe_rs232c.c **** ***************************************************************************************************
 212:..\..\..\..\..\..\uC-Probe\Target\Communication\Generic\RS-232\Ports\Cypress\PSoC5/probe_rs232c.c **** */
 213:..\..\..\..\..\..\uC-Probe\Target\Communication\Generic\RS-232\Ports\Cypress\PSoC5/probe_rs232c.c **** 
 214:..\..\..\..\..\..\uC-Probe\Target\Communication\Generic\RS-232\Ports\Cypress\PSoC5/probe_rs232c.c **** void  ProbeRS232_RxIntEn (void)
 215:..\..\..\..\..\..\uC-Probe\Target\Communication\Generic\RS-232\Ports\Cypress\PSoC5/probe_rs232c.c **** {
 173              		.loc 1 215 0
 174              		.cfi_startproc
 175              		@ args = 0, pretend = 0, frame = 0
 176              		@ frame_needed = 1, uses_anonymous_args = 0
 177 0000 80B5     		push	{r7, lr}
 178              		.cfi_def_cfa_offset 8
 179              		.cfi_offset 7, -8
 180              		.cfi_offset 14, -4
 181 0002 00AF     		add	r7, sp, #0
 182              		.cfi_def_cfa_register 7
 216:..\..\..\..\..\..\uC-Probe\Target\Communication\Generic\RS-232\Ports\Cypress\PSoC5/probe_rs232c.c ****     ProbeUART_RxISR_Enable();
 183              		.loc 1 216 0
ARM GAS  C:\Users\alex\AppData\Local\Temp\ccvr1wLQ.s 			page 8


 184 0004 FFF7FEFF 		bl	ProbeUART_RxISR_Enable
 217:..\..\..\..\..\..\uC-Probe\Target\Communication\Generic\RS-232\Ports\Cypress\PSoC5/probe_rs232c.c **** }
 185              		.loc 1 217 0
 186 0008 00BF     		nop
 187 000a 80BD     		pop	{r7, pc}
 188              		.cfi_endproc
 189              	.LFE4:
 190              		.size	ProbeRS232_RxIntEn, .-ProbeRS232_RxIntEn
 191              		.section	.text.ProbeRS232_TxISRHandler,"ax",%progbits
 192              		.align	2
 193              		.global	ProbeRS232_TxISRHandler
 194              		.thumb
 195              		.thumb_func
 196              		.type	ProbeRS232_TxISRHandler, %function
 197              	ProbeRS232_TxISRHandler:
 198              	.LFB5:
 218:..\..\..\..\..\..\uC-Probe\Target\Communication\Generic\RS-232\Ports\Cypress\PSoC5/probe_rs232c.c **** 
 219:..\..\..\..\..\..\uC-Probe\Target\Communication\Generic\RS-232\Ports\Cypress\PSoC5/probe_rs232c.c **** 
 220:..\..\..\..\..\..\uC-Probe\Target\Communication\Generic\RS-232\Ports\Cypress\PSoC5/probe_rs232c.c **** /*
 221:..\..\..\..\..\..\uC-Probe\Target\Communication\Generic\RS-232\Ports\Cypress\PSoC5/probe_rs232c.c **** ***************************************************************************************************
 222:..\..\..\..\..\..\uC-Probe\Target\Communication\Generic\RS-232\Ports\Cypress\PSoC5/probe_rs232c.c **** *                                      ProbeRS232_TxISRHandler()
 223:..\..\..\..\..\..\uC-Probe\Target\Communication\Generic\RS-232\Ports\Cypress\PSoC5/probe_rs232c.c **** *
 224:..\..\..\..\..\..\uC-Probe\Target\Communication\Generic\RS-232\Ports\Cypress\PSoC5/probe_rs232c.c **** * Description : Handle transmit interrupts.
 225:..\..\..\..\..\..\uC-Probe\Target\Communication\Generic\RS-232\Ports\Cypress\PSoC5/probe_rs232c.c **** *
 226:..\..\..\..\..\..\uC-Probe\Target\Communication\Generic\RS-232\Ports\Cypress\PSoC5/probe_rs232c.c **** * Argument(s) : none.
 227:..\..\..\..\..\..\uC-Probe\Target\Communication\Generic\RS-232\Ports\Cypress\PSoC5/probe_rs232c.c **** *
 228:..\..\..\..\..\..\uC-Probe\Target\Communication\Generic\RS-232\Ports\Cypress\PSoC5/probe_rs232c.c **** * Return(s)   : none.
 229:..\..\..\..\..\..\uC-Probe\Target\Communication\Generic\RS-232\Ports\Cypress\PSoC5/probe_rs232c.c **** *
 230:..\..\..\..\..\..\uC-Probe\Target\Communication\Generic\RS-232\Ports\Cypress\PSoC5/probe_rs232c.c **** * Caller(s)   : This is an ISR.
 231:..\..\..\..\..\..\uC-Probe\Target\Communication\Generic\RS-232\Ports\Cypress\PSoC5/probe_rs232c.c **** *
 232:..\..\..\..\..\..\uC-Probe\Target\Communication\Generic\RS-232\Ports\Cypress\PSoC5/probe_rs232c.c **** * Note(s)     : (1) This function may be empty if transmit interrupts are handled by the combined r
 233:..\..\..\..\..\..\uC-Probe\Target\Communication\Generic\RS-232\Ports\Cypress\PSoC5/probe_rs232c.c **** *                   transmit interrupt handler, 'ProbeRS232_RxTxISRHandler()'.
 234:..\..\..\..\..\..\uC-Probe\Target\Communication\Generic\RS-232\Ports\Cypress\PSoC5/probe_rs232c.c **** ***************************************************************************************************
 235:..\..\..\..\..\..\uC-Probe\Target\Communication\Generic\RS-232\Ports\Cypress\PSoC5/probe_rs232c.c **** */
 236:..\..\..\..\..\..\uC-Probe\Target\Communication\Generic\RS-232\Ports\Cypress\PSoC5/probe_rs232c.c **** 
 237:..\..\..\..\..\..\uC-Probe\Target\Communication\Generic\RS-232\Ports\Cypress\PSoC5/probe_rs232c.c **** void  ProbeRS232_TxISRHandler (void)
 238:..\..\..\..\..\..\uC-Probe\Target\Communication\Generic\RS-232\Ports\Cypress\PSoC5/probe_rs232c.c **** {
 199              		.loc 1 238 0
 200              		.cfi_startproc
 201              		@ args = 0, pretend = 0, frame = 0
 202              		@ frame_needed = 1, uses_anonymous_args = 0
 203 0000 80B5     		push	{r7, lr}
 204              		.cfi_def_cfa_offset 8
 205              		.cfi_offset 7, -8
 206              		.cfi_offset 14, -4
 207 0002 00AF     		add	r7, sp, #0
 208              		.cfi_def_cfa_register 7
 239:..\..\..\..\..\..\uC-Probe\Target\Communication\Generic\RS-232\Ports\Cypress\PSoC5/probe_rs232c.c ****     ProbeRS232_TxHandler();
 209              		.loc 1 239 0
 210 0004 FFF7FEFF 		bl	ProbeRS232_TxHandler
 240:..\..\..\..\..\..\uC-Probe\Target\Communication\Generic\RS-232\Ports\Cypress\PSoC5/probe_rs232c.c **** 
 241:..\..\..\..\..\..\uC-Probe\Target\Communication\Generic\RS-232\Ports\Cypress\PSoC5/probe_rs232c.c **** }
 211              		.loc 1 241 0
 212 0008 00BF     		nop
 213 000a 80BD     		pop	{r7, pc}
 214              		.cfi_endproc
 215              	.LFE5:
ARM GAS  C:\Users\alex\AppData\Local\Temp\ccvr1wLQ.s 			page 9


 216              		.size	ProbeRS232_TxISRHandler, .-ProbeRS232_TxISRHandler
 217              		.section	.text.ProbeRS232_Tx1,"ax",%progbits
 218              		.align	2
 219              		.global	ProbeRS232_Tx1
 220              		.thumb
 221              		.thumb_func
 222              		.type	ProbeRS232_Tx1, %function
 223              	ProbeRS232_Tx1:
 224              	.LFB6:
 242:..\..\..\..\..\..\uC-Probe\Target\Communication\Generic\RS-232\Ports\Cypress\PSoC5/probe_rs232c.c **** 
 243:..\..\..\..\..\..\uC-Probe\Target\Communication\Generic\RS-232\Ports\Cypress\PSoC5/probe_rs232c.c **** 
 244:..\..\..\..\..\..\uC-Probe\Target\Communication\Generic\RS-232\Ports\Cypress\PSoC5/probe_rs232c.c **** /*
 245:..\..\..\..\..\..\uC-Probe\Target\Communication\Generic\RS-232\Ports\Cypress\PSoC5/probe_rs232c.c **** ***************************************************************************************************
 246:..\..\..\..\..\..\uC-Probe\Target\Communication\Generic\RS-232\Ports\Cypress\PSoC5/probe_rs232c.c **** *                                          ProbeRS232_Tx1()
 247:..\..\..\..\..\..\uC-Probe\Target\Communication\Generic\RS-232\Ports\Cypress\PSoC5/probe_rs232c.c **** *
 248:..\..\..\..\..\..\uC-Probe\Target\Communication\Generic\RS-232\Ports\Cypress\PSoC5/probe_rs232c.c **** * Description : Transmit one byte.
 249:..\..\..\..\..\..\uC-Probe\Target\Communication\Generic\RS-232\Ports\Cypress\PSoC5/probe_rs232c.c **** *
 250:..\..\..\..\..\..\uC-Probe\Target\Communication\Generic\RS-232\Ports\Cypress\PSoC5/probe_rs232c.c **** * Argument(s) : c           The byte to transmit.
 251:..\..\..\..\..\..\uC-Probe\Target\Communication\Generic\RS-232\Ports\Cypress\PSoC5/probe_rs232c.c **** *
 252:..\..\..\..\..\..\uC-Probe\Target\Communication\Generic\RS-232\Ports\Cypress\PSoC5/probe_rs232c.c **** * Return(s)   : none.
 253:..\..\..\..\..\..\uC-Probe\Target\Communication\Generic\RS-232\Ports\Cypress\PSoC5/probe_rs232c.c **** *
 254:..\..\..\..\..\..\uC-Probe\Target\Communication\Generic\RS-232\Ports\Cypress\PSoC5/probe_rs232c.c **** * Caller(s)   : ProbeRS232_TxHandler().
 255:..\..\..\..\..\..\uC-Probe\Target\Communication\Generic\RS-232\Ports\Cypress\PSoC5/probe_rs232c.c **** *
 256:..\..\..\..\..\..\uC-Probe\Target\Communication\Generic\RS-232\Ports\Cypress\PSoC5/probe_rs232c.c **** * Note(s)     : none.
 257:..\..\..\..\..\..\uC-Probe\Target\Communication\Generic\RS-232\Ports\Cypress\PSoC5/probe_rs232c.c **** ***************************************************************************************************
 258:..\..\..\..\..\..\uC-Probe\Target\Communication\Generic\RS-232\Ports\Cypress\PSoC5/probe_rs232c.c **** */
 259:..\..\..\..\..\..\uC-Probe\Target\Communication\Generic\RS-232\Ports\Cypress\PSoC5/probe_rs232c.c **** 
 260:..\..\..\..\..\..\uC-Probe\Target\Communication\Generic\RS-232\Ports\Cypress\PSoC5/probe_rs232c.c **** void  ProbeRS232_Tx1 (CPU_INT08U c)
 261:..\..\..\..\..\..\uC-Probe\Target\Communication\Generic\RS-232\Ports\Cypress\PSoC5/probe_rs232c.c **** {
 225              		.loc 1 261 0
 226              		.cfi_startproc
 227              		@ args = 0, pretend = 0, frame = 8
 228              		@ frame_needed = 1, uses_anonymous_args = 0
 229 0000 80B5     		push	{r7, lr}
 230              		.cfi_def_cfa_offset 8
 231              		.cfi_offset 7, -8
 232              		.cfi_offset 14, -4
 233 0002 82B0     		sub	sp, sp, #8
 234              		.cfi_def_cfa_offset 16
 235 0004 00AF     		add	r7, sp, #0
 236              		.cfi_def_cfa_register 7
 237 0006 0346     		mov	r3, r0
 238 0008 FB71     		strb	r3, [r7, #7]
 262:..\..\..\..\..\..\uC-Probe\Target\Communication\Generic\RS-232\Ports\Cypress\PSoC5/probe_rs232c.c ****     ProbeUART_PutChar(c);                                           /* Place data in the TX Buffer 
 239              		.loc 1 262 0
 240 000a FB79     		ldrb	r3, [r7, #7]	@ zero_extendqisi2
 241 000c 1846     		mov	r0, r3
 242 000e FFF7FEFF 		bl	ProbeUART_PutChar
 263:..\..\..\..\..\..\uC-Probe\Target\Communication\Generic\RS-232\Ports\Cypress\PSoC5/probe_rs232c.c ****     ProbeRS232_TxIntEn();                                           /* Enable Interrupt for Transmi
 243              		.loc 1 263 0
 244 0012 FFF7FEFF 		bl	ProbeRS232_TxIntEn
 264:..\..\..\..\..\..\uC-Probe\Target\Communication\Generic\RS-232\Ports\Cypress\PSoC5/probe_rs232c.c **** }
 245              		.loc 1 264 0
 246 0016 00BF     		nop
 247 0018 0837     		adds	r7, r7, #8
 248              		.cfi_def_cfa_offset 8
 249 001a BD46     		mov	sp, r7
ARM GAS  C:\Users\alex\AppData\Local\Temp\ccvr1wLQ.s 			page 10


 250              		.cfi_def_cfa_register 13
 251              		@ sp needed
 252 001c 80BD     		pop	{r7, pc}
 253              		.cfi_endproc
 254              	.LFE6:
 255              		.size	ProbeRS232_Tx1, .-ProbeRS232_Tx1
 256 001e 00BF     		.section	.text.ProbeRS232_TxIntDis,"ax",%progbits
 257              		.align	2
 258              		.global	ProbeRS232_TxIntDis
 259              		.thumb
 260              		.thumb_func
 261              		.type	ProbeRS232_TxIntDis, %function
 262              	ProbeRS232_TxIntDis:
 263              	.LFB7:
 265:..\..\..\..\..\..\uC-Probe\Target\Communication\Generic\RS-232\Ports\Cypress\PSoC5/probe_rs232c.c **** 
 266:..\..\..\..\..\..\uC-Probe\Target\Communication\Generic\RS-232\Ports\Cypress\PSoC5/probe_rs232c.c **** 
 267:..\..\..\..\..\..\uC-Probe\Target\Communication\Generic\RS-232\Ports\Cypress\PSoC5/probe_rs232c.c **** /*
 268:..\..\..\..\..\..\uC-Probe\Target\Communication\Generic\RS-232\Ports\Cypress\PSoC5/probe_rs232c.c **** ***************************************************************************************************
 269:..\..\..\..\..\..\uC-Probe\Target\Communication\Generic\RS-232\Ports\Cypress\PSoC5/probe_rs232c.c **** *                                        ProbeRS232_TxIntDis()
 270:..\..\..\..\..\..\uC-Probe\Target\Communication\Generic\RS-232\Ports\Cypress\PSoC5/probe_rs232c.c **** *
 271:..\..\..\..\..\..\uC-Probe\Target\Communication\Generic\RS-232\Ports\Cypress\PSoC5/probe_rs232c.c **** * Description : Disable transmit interrupts.
 272:..\..\..\..\..\..\uC-Probe\Target\Communication\Generic\RS-232\Ports\Cypress\PSoC5/probe_rs232c.c **** *
 273:..\..\..\..\..\..\uC-Probe\Target\Communication\Generic\RS-232\Ports\Cypress\PSoC5/probe_rs232c.c **** * Argument(s) : none.
 274:..\..\..\..\..\..\uC-Probe\Target\Communication\Generic\RS-232\Ports\Cypress\PSoC5/probe_rs232c.c **** *
 275:..\..\..\..\..\..\uC-Probe\Target\Communication\Generic\RS-232\Ports\Cypress\PSoC5/probe_rs232c.c **** * Return(s)   : none.
 276:..\..\..\..\..\..\uC-Probe\Target\Communication\Generic\RS-232\Ports\Cypress\PSoC5/probe_rs232c.c **** *
 277:..\..\..\..\..\..\uC-Probe\Target\Communication\Generic\RS-232\Ports\Cypress\PSoC5/probe_rs232c.c **** * Caller(s)   : ProbeRS232_TxHandler().
 278:..\..\..\..\..\..\uC-Probe\Target\Communication\Generic\RS-232\Ports\Cypress\PSoC5/probe_rs232c.c **** *
 279:..\..\..\..\..\..\uC-Probe\Target\Communication\Generic\RS-232\Ports\Cypress\PSoC5/probe_rs232c.c **** * Note(s)     : none.
 280:..\..\..\..\..\..\uC-Probe\Target\Communication\Generic\RS-232\Ports\Cypress\PSoC5/probe_rs232c.c **** ***************************************************************************************************
 281:..\..\..\..\..\..\uC-Probe\Target\Communication\Generic\RS-232\Ports\Cypress\PSoC5/probe_rs232c.c **** */
 282:..\..\..\..\..\..\uC-Probe\Target\Communication\Generic\RS-232\Ports\Cypress\PSoC5/probe_rs232c.c **** 
 283:..\..\..\..\..\..\uC-Probe\Target\Communication\Generic\RS-232\Ports\Cypress\PSoC5/probe_rs232c.c **** void  ProbeRS232_TxIntDis (void)
 284:..\..\..\..\..\..\uC-Probe\Target\Communication\Generic\RS-232\Ports\Cypress\PSoC5/probe_rs232c.c **** {
 264              		.loc 1 284 0
 265              		.cfi_startproc
 266              		@ args = 0, pretend = 0, frame = 0
 267              		@ frame_needed = 1, uses_anonymous_args = 0
 268 0000 80B5     		push	{r7, lr}
 269              		.cfi_def_cfa_offset 8
 270              		.cfi_offset 7, -8
 271              		.cfi_offset 14, -4
 272 0002 00AF     		add	r7, sp, #0
 273              		.cfi_def_cfa_register 7
 285:..\..\..\..\..\..\uC-Probe\Target\Communication\Generic\RS-232\Ports\Cypress\PSoC5/probe_rs232c.c ****     ProbeUART_TxISR_Disable();
 274              		.loc 1 285 0
 275 0004 FFF7FEFF 		bl	ProbeUART_TxISR_Disable
 286:..\..\..\..\..\..\uC-Probe\Target\Communication\Generic\RS-232\Ports\Cypress\PSoC5/probe_rs232c.c **** }
 276              		.loc 1 286 0
 277 0008 00BF     		nop
 278 000a 80BD     		pop	{r7, pc}
 279              		.cfi_endproc
 280              	.LFE7:
 281              		.size	ProbeRS232_TxIntDis, .-ProbeRS232_TxIntDis
 282              		.section	.text.ProbeRS232_TxIntEn,"ax",%progbits
 283              		.align	2
 284              		.global	ProbeRS232_TxIntEn
ARM GAS  C:\Users\alex\AppData\Local\Temp\ccvr1wLQ.s 			page 11


 285              		.thumb
 286              		.thumb_func
 287              		.type	ProbeRS232_TxIntEn, %function
 288              	ProbeRS232_TxIntEn:
 289              	.LFB8:
 287:..\..\..\..\..\..\uC-Probe\Target\Communication\Generic\RS-232\Ports\Cypress\PSoC5/probe_rs232c.c **** 
 288:..\..\..\..\..\..\uC-Probe\Target\Communication\Generic\RS-232\Ports\Cypress\PSoC5/probe_rs232c.c **** 
 289:..\..\..\..\..\..\uC-Probe\Target\Communication\Generic\RS-232\Ports\Cypress\PSoC5/probe_rs232c.c **** /*
 290:..\..\..\..\..\..\uC-Probe\Target\Communication\Generic\RS-232\Ports\Cypress\PSoC5/probe_rs232c.c **** ***************************************************************************************************
 291:..\..\..\..\..\..\uC-Probe\Target\Communication\Generic\RS-232\Ports\Cypress\PSoC5/probe_rs232c.c **** *                                        ProbeRS232_TxIntEn()
 292:..\..\..\..\..\..\uC-Probe\Target\Communication\Generic\RS-232\Ports\Cypress\PSoC5/probe_rs232c.c **** *
 293:..\..\..\..\..\..\uC-Probe\Target\Communication\Generic\RS-232\Ports\Cypress\PSoC5/probe_rs232c.c **** * Description : Enable transmit interrupts.
 294:..\..\..\..\..\..\uC-Probe\Target\Communication\Generic\RS-232\Ports\Cypress\PSoC5/probe_rs232c.c **** *
 295:..\..\..\..\..\..\uC-Probe\Target\Communication\Generic\RS-232\Ports\Cypress\PSoC5/probe_rs232c.c **** * Argument(s) : none.
 296:..\..\..\..\..\..\uC-Probe\Target\Communication\Generic\RS-232\Ports\Cypress\PSoC5/probe_rs232c.c **** *
 297:..\..\..\..\..\..\uC-Probe\Target\Communication\Generic\RS-232\Ports\Cypress\PSoC5/probe_rs232c.c **** * Return(s)   : none.
 298:..\..\..\..\..\..\uC-Probe\Target\Communication\Generic\RS-232\Ports\Cypress\PSoC5/probe_rs232c.c **** *
 299:..\..\..\..\..\..\uC-Probe\Target\Communication\Generic\RS-232\Ports\Cypress\PSoC5/probe_rs232c.c **** * Caller(s)   : ProbeRS232_TxStart().
 300:..\..\..\..\..\..\uC-Probe\Target\Communication\Generic\RS-232\Ports\Cypress\PSoC5/probe_rs232c.c **** *
 301:..\..\..\..\..\..\uC-Probe\Target\Communication\Generic\RS-232\Ports\Cypress\PSoC5/probe_rs232c.c **** * Note(s)     : none.
 302:..\..\..\..\..\..\uC-Probe\Target\Communication\Generic\RS-232\Ports\Cypress\PSoC5/probe_rs232c.c **** ***************************************************************************************************
 303:..\..\..\..\..\..\uC-Probe\Target\Communication\Generic\RS-232\Ports\Cypress\PSoC5/probe_rs232c.c **** */
 304:..\..\..\..\..\..\uC-Probe\Target\Communication\Generic\RS-232\Ports\Cypress\PSoC5/probe_rs232c.c **** 
 305:..\..\..\..\..\..\uC-Probe\Target\Communication\Generic\RS-232\Ports\Cypress\PSoC5/probe_rs232c.c **** void  ProbeRS232_TxIntEn (void)
 306:..\..\..\..\..\..\uC-Probe\Target\Communication\Generic\RS-232\Ports\Cypress\PSoC5/probe_rs232c.c **** {
 290              		.loc 1 306 0
 291              		.cfi_startproc
 292              		@ args = 0, pretend = 0, frame = 0
 293              		@ frame_needed = 1, uses_anonymous_args = 0
 294 0000 80B5     		push	{r7, lr}
 295              		.cfi_def_cfa_offset 8
 296              		.cfi_offset 7, -8
 297              		.cfi_offset 14, -4
 298 0002 00AF     		add	r7, sp, #0
 299              		.cfi_def_cfa_register 7
 307:..\..\..\..\..\..\uC-Probe\Target\Communication\Generic\RS-232\Ports\Cypress\PSoC5/probe_rs232c.c ****     ProbeUART_TxISR_Enable();
 300              		.loc 1 307 0
 301 0004 FFF7FEFF 		bl	ProbeUART_TxISR_Enable
 308:..\..\..\..\..\..\uC-Probe\Target\Communication\Generic\RS-232\Ports\Cypress\PSoC5/probe_rs232c.c **** }
 302              		.loc 1 308 0
 303 0008 00BF     		nop
 304 000a 80BD     		pop	{r7, pc}
 305              		.cfi_endproc
 306              	.LFE8:
 307              		.size	ProbeRS232_TxIntEn, .-ProbeRS232_TxIntEn
 308              		.text
 309              	.Letext0:
 310              		.file 2 "..\\..\\..\\..\\..\\..\\uC-CPU\\ARM-Cortex-M3\\GNU/cpu.h"
 311              		.section	.debug_info,"",%progbits
 312              	.Ldebug_info0:
 313 0000 75010000 		.4byte	0x175
 314 0004 0400     		.2byte	0x4
 315 0006 00000000 		.4byte	.Ldebug_abbrev0
 316 000a 04       		.byte	0x4
 317 000b 01       		.uleb128 0x1
 318 000c 6C020000 		.4byte	.LASF26
 319 0010 0C       		.byte	0xc
ARM GAS  C:\Users\alex\AppData\Local\Temp\ccvr1wLQ.s 			page 12


 320 0011 0A020000 		.4byte	.LASF27
 321 0015 00000000 		.4byte	.LASF28
 322 0019 00000000 		.4byte	.Ldebug_ranges0+0
 323 001d 00000000 		.4byte	0
 324 0021 00000000 		.4byte	.Ldebug_line0
 325 0025 02       		.uleb128 0x2
 326 0026 01       		.byte	0x1
 327 0027 08       		.byte	0x8
 328 0028 AD010000 		.4byte	.LASF0
 329 002c 02       		.uleb128 0x2
 330 002d 01       		.byte	0x1
 331 002e 08       		.byte	0x8
 332 002f E9000000 		.4byte	.LASF1
 333 0033 03       		.uleb128 0x3
 334 0034 09010000 		.4byte	.LASF5
 335 0038 02       		.byte	0x2
 336 0039 78       		.byte	0x78
 337 003a 2C000000 		.4byte	0x2c
 338 003e 02       		.uleb128 0x2
 339 003f 01       		.byte	0x1
 340 0040 06       		.byte	0x6
 341 0041 E4010000 		.4byte	.LASF2
 342 0045 02       		.uleb128 0x2
 343 0046 02       		.byte	0x2
 344 0047 07       		.byte	0x7
 345 0048 A7000000 		.4byte	.LASF3
 346 004c 02       		.uleb128 0x2
 347 004d 02       		.byte	0x2
 348 004e 05       		.byte	0x5
 349 004f B2010000 		.4byte	.LASF4
 350 0053 03       		.uleb128 0x3
 351 0054 CE000000 		.4byte	.LASF6
 352 0058 02       		.byte	0x2
 353 0059 7C       		.byte	0x7c
 354 005a 5E000000 		.4byte	0x5e
 355 005e 02       		.uleb128 0x2
 356 005f 04       		.byte	0x4
 357 0060 07       		.byte	0x7
 358 0061 42010000 		.4byte	.LASF7
 359 0065 04       		.uleb128 0x4
 360 0066 04       		.byte	0x4
 361 0067 05       		.byte	0x5
 362 0068 696E7400 		.ascii	"int\000"
 363 006c 02       		.uleb128 0x2
 364 006d 08       		.byte	0x8
 365 006e 07       		.byte	0x7
 366 006f 67010000 		.4byte	.LASF8
 367 0073 02       		.uleb128 0x2
 368 0074 08       		.byte	0x8
 369 0075 05       		.byte	0x5
 370 0076 9F010000 		.4byte	.LASF9
 371 007a 02       		.uleb128 0x2
 372 007b 04       		.byte	0x4
 373 007c 04       		.byte	0x4
 374 007d D9000000 		.4byte	.LASF10
 375 0081 02       		.uleb128 0x2
 376 0082 08       		.byte	0x8
ARM GAS  C:\Users\alex\AppData\Local\Temp\ccvr1wLQ.s 			page 13


 377 0083 04       		.byte	0x4
 378 0084 27010000 		.4byte	.LASF11
 379 0088 02       		.uleb128 0x2
 380 0089 04       		.byte	0x4
 381 008a 05       		.byte	0x5
 382 008b CF010000 		.4byte	.LASF12
 383 008f 02       		.uleb128 0x2
 384 0090 04       		.byte	0x4
 385 0091 07       		.byte	0x7
 386 0092 F7000000 		.4byte	.LASF13
 387 0096 02       		.uleb128 0x2
 388 0097 08       		.byte	0x8
 389 0098 04       		.byte	0x4
 390 0099 D8010000 		.4byte	.LASF14
 391 009d 02       		.uleb128 0x2
 392 009e 04       		.byte	0x4
 393 009f 07       		.byte	0x7
 394 00a0 96010000 		.4byte	.LASF15
 395 00a4 05       		.uleb128 0x5
 396 00a5 91000000 		.4byte	.LASF16
 397 00a9 01       		.byte	0x1
 398 00aa 6E       		.byte	0x6e
 399 00ab 00000000 		.4byte	.LFB0
 400 00af 34000000 		.4byte	.LFE0-.LFB0
 401 00b3 01       		.uleb128 0x1
 402 00b4 9C       		.byte	0x9c
 403 00b5 C8000000 		.4byte	0xc8
 404 00b9 06       		.uleb128 0x6
 405 00ba DF000000 		.4byte	.LASF23
 406 00be 01       		.byte	0x1
 407 00bf 6E       		.byte	0x6e
 408 00c0 53000000 		.4byte	0x53
 409 00c4 02       		.uleb128 0x2
 410 00c5 91       		.byte	0x91
 411 00c6 74       		.sleb128 -12
 412 00c7 00       		.byte	0
 413 00c8 07       		.uleb128 0x7
 414 00c9 F0010000 		.4byte	.LASF18
 415 00cd 01       		.byte	0x1
 416 00ce 8E       		.byte	0x8e
 417 00cf 00000000 		.4byte	.LFB1
 418 00d3 0C000000 		.4byte	.LFE1-.LFB1
 419 00d7 01       		.uleb128 0x1
 420 00d8 9C       		.byte	0x9c
 421 00d9 05       		.uleb128 0x5
 422 00da 7E010000 		.4byte	.LASF17
 423 00de 01       		.byte	0x1
 424 00df A5       		.byte	0xa5
 425 00e0 00000000 		.4byte	.LFB2
 426 00e4 1E000000 		.4byte	.LFE2-.LFB2
 427 00e8 01       		.uleb128 0x1
 428 00e9 9C       		.byte	0x9c
 429 00ea FD000000 		.4byte	0xfd
 430 00ee 08       		.uleb128 0x8
 431 00ef 7A000000 		.4byte	.LASF29
 432 00f3 01       		.byte	0x1
 433 00f4 A7       		.byte	0xa7
ARM GAS  C:\Users\alex\AppData\Local\Temp\ccvr1wLQ.s 			page 14


 434 00f5 33000000 		.4byte	0x33
 435 00f9 02       		.uleb128 0x2
 436 00fa 91       		.byte	0x91
 437 00fb 77       		.sleb128 -9
 438 00fc 00       		.byte	0
 439 00fd 09       		.uleb128 0x9
 440 00fe 2E010000 		.4byte	.LASF19
 441 0102 01       		.byte	0x1
 442 0103 C0       		.byte	0xc0
 443 0104 00000000 		.4byte	.LFB3
 444 0108 0C000000 		.4byte	.LFE3-.LFB3
 445 010c 01       		.uleb128 0x1
 446 010d 9C       		.byte	0x9c
 447 010e 09       		.uleb128 0x9
 448 010f 14010000 		.4byte	.LASF20
 449 0113 01       		.byte	0x1
 450 0114 D6       		.byte	0xd6
 451 0115 00000000 		.4byte	.LFB4
 452 0119 0C000000 		.4byte	.LFE4-.LFB4
 453 011d 01       		.uleb128 0x1
 454 011e 9C       		.byte	0x9c
 455 011f 09       		.uleb128 0x9
 456 0120 4F010000 		.4byte	.LASF21
 457 0124 01       		.byte	0x1
 458 0125 ED       		.byte	0xed
 459 0126 00000000 		.4byte	.LFB5
 460 012a 0C000000 		.4byte	.LFE5-.LFB5
 461 012e 01       		.uleb128 0x1
 462 012f 9C       		.byte	0x9c
 463 0130 0A       		.uleb128 0xa
 464 0131 82000000 		.4byte	.LASF22
 465 0135 01       		.byte	0x1
 466 0136 0401     		.2byte	0x104
 467 0138 00000000 		.4byte	.LFB6
 468 013c 1E000000 		.4byte	.LFE6-.LFB6
 469 0140 01       		.uleb128 0x1
 470 0141 9C       		.byte	0x9c
 471 0142 54010000 		.4byte	0x154
 472 0146 0B       		.uleb128 0xb
 473 0147 6300     		.ascii	"c\000"
 474 0149 01       		.byte	0x1
 475 014a 0401     		.2byte	0x104
 476 014c 33000000 		.4byte	0x33
 477 0150 02       		.uleb128 0x2
 478 0151 91       		.byte	0x91
 479 0152 77       		.sleb128 -9
 480 0153 00       		.byte	0
 481 0154 0C       		.uleb128 0xc
 482 0155 BA000000 		.4byte	.LASF24
 483 0159 01       		.byte	0x1
 484 015a 1B01     		.2byte	0x11b
 485 015c 00000000 		.4byte	.LFB7
 486 0160 0C000000 		.4byte	.LFE7-.LFB7
 487 0164 01       		.uleb128 0x1
 488 0165 9C       		.byte	0x9c
 489 0166 0C       		.uleb128 0xc
 490 0167 BC010000 		.4byte	.LASF25
ARM GAS  C:\Users\alex\AppData\Local\Temp\ccvr1wLQ.s 			page 15


 491 016b 01       		.byte	0x1
 492 016c 3101     		.2byte	0x131
 493 016e 00000000 		.4byte	.LFB8
 494 0172 0C000000 		.4byte	.LFE8-.LFB8
 495 0176 01       		.uleb128 0x1
 496 0177 9C       		.byte	0x9c
 497 0178 00       		.byte	0
 498              		.section	.debug_abbrev,"",%progbits
 499              	.Ldebug_abbrev0:
 500 0000 01       		.uleb128 0x1
 501 0001 11       		.uleb128 0x11
 502 0002 01       		.byte	0x1
 503 0003 25       		.uleb128 0x25
 504 0004 0E       		.uleb128 0xe
 505 0005 13       		.uleb128 0x13
 506 0006 0B       		.uleb128 0xb
 507 0007 03       		.uleb128 0x3
 508 0008 0E       		.uleb128 0xe
 509 0009 1B       		.uleb128 0x1b
 510 000a 0E       		.uleb128 0xe
 511 000b 55       		.uleb128 0x55
 512 000c 17       		.uleb128 0x17
 513 000d 11       		.uleb128 0x11
 514 000e 01       		.uleb128 0x1
 515 000f 10       		.uleb128 0x10
 516 0010 17       		.uleb128 0x17
 517 0011 00       		.byte	0
 518 0012 00       		.byte	0
 519 0013 02       		.uleb128 0x2
 520 0014 24       		.uleb128 0x24
 521 0015 00       		.byte	0
 522 0016 0B       		.uleb128 0xb
 523 0017 0B       		.uleb128 0xb
 524 0018 3E       		.uleb128 0x3e
 525 0019 0B       		.uleb128 0xb
 526 001a 03       		.uleb128 0x3
 527 001b 0E       		.uleb128 0xe
 528 001c 00       		.byte	0
 529 001d 00       		.byte	0
 530 001e 03       		.uleb128 0x3
 531 001f 16       		.uleb128 0x16
 532 0020 00       		.byte	0
 533 0021 03       		.uleb128 0x3
 534 0022 0E       		.uleb128 0xe
 535 0023 3A       		.uleb128 0x3a
 536 0024 0B       		.uleb128 0xb
 537 0025 3B       		.uleb128 0x3b
 538 0026 0B       		.uleb128 0xb
 539 0027 49       		.uleb128 0x49
 540 0028 13       		.uleb128 0x13
 541 0029 00       		.byte	0
 542 002a 00       		.byte	0
 543 002b 04       		.uleb128 0x4
 544 002c 24       		.uleb128 0x24
 545 002d 00       		.byte	0
 546 002e 0B       		.uleb128 0xb
 547 002f 0B       		.uleb128 0xb
ARM GAS  C:\Users\alex\AppData\Local\Temp\ccvr1wLQ.s 			page 16


 548 0030 3E       		.uleb128 0x3e
 549 0031 0B       		.uleb128 0xb
 550 0032 03       		.uleb128 0x3
 551 0033 08       		.uleb128 0x8
 552 0034 00       		.byte	0
 553 0035 00       		.byte	0
 554 0036 05       		.uleb128 0x5
 555 0037 2E       		.uleb128 0x2e
 556 0038 01       		.byte	0x1
 557 0039 3F       		.uleb128 0x3f
 558 003a 19       		.uleb128 0x19
 559 003b 03       		.uleb128 0x3
 560 003c 0E       		.uleb128 0xe
 561 003d 3A       		.uleb128 0x3a
 562 003e 0B       		.uleb128 0xb
 563 003f 3B       		.uleb128 0x3b
 564 0040 0B       		.uleb128 0xb
 565 0041 27       		.uleb128 0x27
 566 0042 19       		.uleb128 0x19
 567 0043 11       		.uleb128 0x11
 568 0044 01       		.uleb128 0x1
 569 0045 12       		.uleb128 0x12
 570 0046 06       		.uleb128 0x6
 571 0047 40       		.uleb128 0x40
 572 0048 18       		.uleb128 0x18
 573 0049 9642     		.uleb128 0x2116
 574 004b 19       		.uleb128 0x19
 575 004c 01       		.uleb128 0x1
 576 004d 13       		.uleb128 0x13
 577 004e 00       		.byte	0
 578 004f 00       		.byte	0
 579 0050 06       		.uleb128 0x6
 580 0051 05       		.uleb128 0x5
 581 0052 00       		.byte	0
 582 0053 03       		.uleb128 0x3
 583 0054 0E       		.uleb128 0xe
 584 0055 3A       		.uleb128 0x3a
 585 0056 0B       		.uleb128 0xb
 586 0057 3B       		.uleb128 0x3b
 587 0058 0B       		.uleb128 0xb
 588 0059 49       		.uleb128 0x49
 589 005a 13       		.uleb128 0x13
 590 005b 02       		.uleb128 0x2
 591 005c 18       		.uleb128 0x18
 592 005d 00       		.byte	0
 593 005e 00       		.byte	0
 594 005f 07       		.uleb128 0x7
 595 0060 2E       		.uleb128 0x2e
 596 0061 00       		.byte	0
 597 0062 3F       		.uleb128 0x3f
 598 0063 19       		.uleb128 0x19
 599 0064 03       		.uleb128 0x3
 600 0065 0E       		.uleb128 0xe
 601 0066 3A       		.uleb128 0x3a
 602 0067 0B       		.uleb128 0xb
 603 0068 3B       		.uleb128 0x3b
 604 0069 0B       		.uleb128 0xb
ARM GAS  C:\Users\alex\AppData\Local\Temp\ccvr1wLQ.s 			page 17


 605 006a 27       		.uleb128 0x27
 606 006b 19       		.uleb128 0x19
 607 006c 11       		.uleb128 0x11
 608 006d 01       		.uleb128 0x1
 609 006e 12       		.uleb128 0x12
 610 006f 06       		.uleb128 0x6
 611 0070 40       		.uleb128 0x40
 612 0071 18       		.uleb128 0x18
 613 0072 9742     		.uleb128 0x2117
 614 0074 19       		.uleb128 0x19
 615 0075 00       		.byte	0
 616 0076 00       		.byte	0
 617 0077 08       		.uleb128 0x8
 618 0078 34       		.uleb128 0x34
 619 0079 00       		.byte	0
 620 007a 03       		.uleb128 0x3
 621 007b 0E       		.uleb128 0xe
 622 007c 3A       		.uleb128 0x3a
 623 007d 0B       		.uleb128 0xb
 624 007e 3B       		.uleb128 0x3b
 625 007f 0B       		.uleb128 0xb
 626 0080 49       		.uleb128 0x49
 627 0081 13       		.uleb128 0x13
 628 0082 02       		.uleb128 0x2
 629 0083 18       		.uleb128 0x18
 630 0084 00       		.byte	0
 631 0085 00       		.byte	0
 632 0086 09       		.uleb128 0x9
 633 0087 2E       		.uleb128 0x2e
 634 0088 00       		.byte	0
 635 0089 3F       		.uleb128 0x3f
 636 008a 19       		.uleb128 0x19
 637 008b 03       		.uleb128 0x3
 638 008c 0E       		.uleb128 0xe
 639 008d 3A       		.uleb128 0x3a
 640 008e 0B       		.uleb128 0xb
 641 008f 3B       		.uleb128 0x3b
 642 0090 0B       		.uleb128 0xb
 643 0091 27       		.uleb128 0x27
 644 0092 19       		.uleb128 0x19
 645 0093 11       		.uleb128 0x11
 646 0094 01       		.uleb128 0x1
 647 0095 12       		.uleb128 0x12
 648 0096 06       		.uleb128 0x6
 649 0097 40       		.uleb128 0x40
 650 0098 18       		.uleb128 0x18
 651 0099 9642     		.uleb128 0x2116
 652 009b 19       		.uleb128 0x19
 653 009c 00       		.byte	0
 654 009d 00       		.byte	0
 655 009e 0A       		.uleb128 0xa
 656 009f 2E       		.uleb128 0x2e
 657 00a0 01       		.byte	0x1
 658 00a1 3F       		.uleb128 0x3f
 659 00a2 19       		.uleb128 0x19
 660 00a3 03       		.uleb128 0x3
 661 00a4 0E       		.uleb128 0xe
ARM GAS  C:\Users\alex\AppData\Local\Temp\ccvr1wLQ.s 			page 18


 662 00a5 3A       		.uleb128 0x3a
 663 00a6 0B       		.uleb128 0xb
 664 00a7 3B       		.uleb128 0x3b
 665 00a8 05       		.uleb128 0x5
 666 00a9 27       		.uleb128 0x27
 667 00aa 19       		.uleb128 0x19
 668 00ab 11       		.uleb128 0x11
 669 00ac 01       		.uleb128 0x1
 670 00ad 12       		.uleb128 0x12
 671 00ae 06       		.uleb128 0x6
 672 00af 40       		.uleb128 0x40
 673 00b0 18       		.uleb128 0x18
 674 00b1 9642     		.uleb128 0x2116
 675 00b3 19       		.uleb128 0x19
 676 00b4 01       		.uleb128 0x1
 677 00b5 13       		.uleb128 0x13
 678 00b6 00       		.byte	0
 679 00b7 00       		.byte	0
 680 00b8 0B       		.uleb128 0xb
 681 00b9 05       		.uleb128 0x5
 682 00ba 00       		.byte	0
 683 00bb 03       		.uleb128 0x3
 684 00bc 08       		.uleb128 0x8
 685 00bd 3A       		.uleb128 0x3a
 686 00be 0B       		.uleb128 0xb
 687 00bf 3B       		.uleb128 0x3b
 688 00c0 05       		.uleb128 0x5
 689 00c1 49       		.uleb128 0x49
 690 00c2 13       		.uleb128 0x13
 691 00c3 02       		.uleb128 0x2
 692 00c4 18       		.uleb128 0x18
 693 00c5 00       		.byte	0
 694 00c6 00       		.byte	0
 695 00c7 0C       		.uleb128 0xc
 696 00c8 2E       		.uleb128 0x2e
 697 00c9 00       		.byte	0
 698 00ca 3F       		.uleb128 0x3f
 699 00cb 19       		.uleb128 0x19
 700 00cc 03       		.uleb128 0x3
 701 00cd 0E       		.uleb128 0xe
 702 00ce 3A       		.uleb128 0x3a
 703 00cf 0B       		.uleb128 0xb
 704 00d0 3B       		.uleb128 0x3b
 705 00d1 05       		.uleb128 0x5
 706 00d2 27       		.uleb128 0x27
 707 00d3 19       		.uleb128 0x19
 708 00d4 11       		.uleb128 0x11
 709 00d5 01       		.uleb128 0x1
 710 00d6 12       		.uleb128 0x12
 711 00d7 06       		.uleb128 0x6
 712 00d8 40       		.uleb128 0x40
 713 00d9 18       		.uleb128 0x18
 714 00da 9642     		.uleb128 0x2116
 715 00dc 19       		.uleb128 0x19
 716 00dd 00       		.byte	0
 717 00de 00       		.byte	0
 718 00df 00       		.byte	0
ARM GAS  C:\Users\alex\AppData\Local\Temp\ccvr1wLQ.s 			page 19


 719              		.section	.debug_aranges,"",%progbits
 720 0000 5C000000 		.4byte	0x5c
 721 0004 0200     		.2byte	0x2
 722 0006 00000000 		.4byte	.Ldebug_info0
 723 000a 04       		.byte	0x4
 724 000b 00       		.byte	0
 725 000c 0000     		.2byte	0
 726 000e 0000     		.2byte	0
 727 0010 00000000 		.4byte	.LFB0
 728 0014 34000000 		.4byte	.LFE0-.LFB0
 729 0018 00000000 		.4byte	.LFB1
 730 001c 0C000000 		.4byte	.LFE1-.LFB1
 731 0020 00000000 		.4byte	.LFB2
 732 0024 1E000000 		.4byte	.LFE2-.LFB2
 733 0028 00000000 		.4byte	.LFB3
 734 002c 0C000000 		.4byte	.LFE3-.LFB3
 735 0030 00000000 		.4byte	.LFB4
 736 0034 0C000000 		.4byte	.LFE4-.LFB4
 737 0038 00000000 		.4byte	.LFB5
 738 003c 0C000000 		.4byte	.LFE5-.LFB5
 739 0040 00000000 		.4byte	.LFB6
 740 0044 1E000000 		.4byte	.LFE6-.LFB6
 741 0048 00000000 		.4byte	.LFB7
 742 004c 0C000000 		.4byte	.LFE7-.LFB7
 743 0050 00000000 		.4byte	.LFB8
 744 0054 0C000000 		.4byte	.LFE8-.LFB8
 745 0058 00000000 		.4byte	0
 746 005c 00000000 		.4byte	0
 747              		.section	.debug_ranges,"",%progbits
 748              	.Ldebug_ranges0:
 749 0000 00000000 		.4byte	.LFB0
 750 0004 34000000 		.4byte	.LFE0
 751 0008 00000000 		.4byte	.LFB1
 752 000c 0C000000 		.4byte	.LFE1
 753 0010 00000000 		.4byte	.LFB2
 754 0014 1E000000 		.4byte	.LFE2
 755 0018 00000000 		.4byte	.LFB3
 756 001c 0C000000 		.4byte	.LFE3
 757 0020 00000000 		.4byte	.LFB4
 758 0024 0C000000 		.4byte	.LFE4
 759 0028 00000000 		.4byte	.LFB5
 760 002c 0C000000 		.4byte	.LFE5
 761 0030 00000000 		.4byte	.LFB6
 762 0034 1E000000 		.4byte	.LFE6
 763 0038 00000000 		.4byte	.LFB7
 764 003c 0C000000 		.4byte	.LFE7
 765 0040 00000000 		.4byte	.LFB8
 766 0044 0C000000 		.4byte	.LFE8
 767 0048 00000000 		.4byte	0
 768 004c 00000000 		.4byte	0
 769              		.section	.debug_line,"",%progbits
 770              	.Ldebug_line0:
 771 0000 5D010000 		.section	.debug_str,"MS",%progbits,1
 771      0200AC00 
 771      00000201 
 771      FB0E0D00 
 771      01010101 
ARM GAS  C:\Users\alex\AppData\Local\Temp\ccvr1wLQ.s 			page 20


 772              	.LASF28:
 773 0000 483A5C42 		.ascii	"H:\\BCC722-RTOS-moinho\\UCoS\\Micrium_2\\Software\\"
 773      43433732 
 773      322D5254 
 773      4F532D6D 
 773      6F696E68 
 774 002e 4576616C 		.ascii	"EvalBoards\\Cypress\\CY8CKIT-050\\PSoC\\uCOS-III-Pr"
 774      426F6172 
 774      64735C43 
 774      79707265 
 774      73735C43 
 775 005d 6F62655C 		.ascii	"obe\\BCC722-RTOS-MOINHO.cydsn\000"
 775      42434337 
 775      32322D52 
 775      544F532D 
 775      4D4F494E 
 776              	.LASF29:
 777 007a 72785F64 		.ascii	"rx_data\000"
 777      61746100 
 778              	.LASF22:
 779 0082 50726F62 		.ascii	"ProbeRS232_Tx1\000"
 779      65525332 
 779      33325F54 
 779      783100
 780              	.LASF16:
 781 0091 50726F62 		.ascii	"ProbeRS232_InitTarget\000"
 781      65525332 
 781      33325F49 
 781      6E697454 
 781      61726765 
 782              	.LASF3:
 783 00a7 73686F72 		.ascii	"short unsigned int\000"
 783      7420756E 
 783      7369676E 
 783      65642069 
 783      6E7400
 784              	.LASF24:
 785 00ba 50726F62 		.ascii	"ProbeRS232_TxIntDis\000"
 785      65525332 
 785      33325F54 
 785      78496E74 
 785      44697300 
 786              	.LASF6:
 787 00ce 4350555F 		.ascii	"CPU_INT32U\000"
 787      494E5433 
 787      325500
 788              	.LASF10:
 789 00d9 666C6F61 		.ascii	"float\000"
 789      7400
 790              	.LASF23:
 791 00df 62617564 		.ascii	"baud_rate\000"
 791      5F726174 
 791      6500
 792              	.LASF1:
 793 00e9 756E7369 		.ascii	"unsigned char\000"
 793      676E6564 
 793      20636861 
ARM GAS  C:\Users\alex\AppData\Local\Temp\ccvr1wLQ.s 			page 21


 793      7200
 794              	.LASF13:
 795 00f7 6C6F6E67 		.ascii	"long unsigned int\000"
 795      20756E73 
 795      69676E65 
 795      6420696E 
 795      7400
 796              	.LASF5:
 797 0109 4350555F 		.ascii	"CPU_INT08U\000"
 797      494E5430 
 797      385500
 798              	.LASF20:
 799 0114 50726F62 		.ascii	"ProbeRS232_RxIntEn\000"
 799      65525332 
 799      33325F52 
 799      78496E74 
 799      456E00
 800              	.LASF11:
 801 0127 646F7562 		.ascii	"double\000"
 801      6C6500
 802              	.LASF19:
 803 012e 50726F62 		.ascii	"ProbeRS232_RxIntDis\000"
 803      65525332 
 803      33325F52 
 803      78496E74 
 803      44697300 
 804              	.LASF7:
 805 0142 756E7369 		.ascii	"unsigned int\000"
 805      676E6564 
 805      20696E74 
 805      00
 806              	.LASF21:
 807 014f 50726F62 		.ascii	"ProbeRS232_TxISRHandler\000"
 807      65525332 
 807      33325F54 
 807      78495352 
 807      48616E64 
 808              	.LASF8:
 809 0167 6C6F6E67 		.ascii	"long long unsigned int\000"
 809      206C6F6E 
 809      6720756E 
 809      7369676E 
 809      65642069 
 810              	.LASF17:
 811 017e 50726F62 		.ascii	"ProbeRS232_RxISRHandler\000"
 811      65525332 
 811      33325F52 
 811      78495352 
 811      48616E64 
 812              	.LASF15:
 813 0196 73697A65 		.ascii	"sizetype\000"
 813      74797065 
 813      00
 814              	.LASF9:
 815 019f 6C6F6E67 		.ascii	"long long int\000"
 815      206C6F6E 
 815      6720696E 
ARM GAS  C:\Users\alex\AppData\Local\Temp\ccvr1wLQ.s 			page 22


 815      7400
 816              	.LASF0:
 817 01ad 63686172 		.ascii	"char\000"
 817      00
 818              	.LASF4:
 819 01b2 73686F72 		.ascii	"short int\000"
 819      7420696E 
 819      7400
 820              	.LASF25:
 821 01bc 50726F62 		.ascii	"ProbeRS232_TxIntEn\000"
 821      65525332 
 821      33325F54 
 821      78496E74 
 821      456E00
 822              	.LASF12:
 823 01cf 6C6F6E67 		.ascii	"long int\000"
 823      20696E74 
 823      00
 824              	.LASF14:
 825 01d8 6C6F6E67 		.ascii	"long double\000"
 825      20646F75 
 825      626C6500 
 826              	.LASF2:
 827 01e4 7369676E 		.ascii	"signed char\000"
 827      65642063 
 827      68617200 
 828              	.LASF18:
 829 01f0 50726F62 		.ascii	"ProbeRS232_RxTxISRHandler\000"
 829      65525332 
 829      33325F52 
 829      78547849 
 829      53524861 
 830              	.LASF27:
 831 020a 2E2E5C2E 		.ascii	"..\\..\\..\\..\\..\\..\\uC-Probe\\Target\\Communica"
 831      2E5C2E2E 
 831      5C2E2E5C 
 831      2E2E5C2E 
 831      2E5C7543 
 832 0235 74696F6E 		.ascii	"tion\\Generic\\RS-232\\Ports\\Cypress\\PSoC5\\probe"
 832      5C47656E 
 832      65726963 
 832      5C52532D 
 832      3233325C 
 833 0262 5F727332 		.ascii	"_rs232c.c\000"
 833      3332632E 
 833      6300
 834              	.LASF26:
 835 026c 474E5520 		.ascii	"GNU C11 5.4.1 20160609 (release) [ARM/embedded-5-br"
 835      43313120 
 835      352E342E 
 835      31203230 
 835      31363036 
 836 029f 616E6368 		.ascii	"anch revision 237715] -mcpu=cortex-m3 -mthumb -g -O"
 836      20726576 
 836      6973696F 
 836      6E203233 
 836      37373135 
ARM GAS  C:\Users\alex\AppData\Local\Temp\ccvr1wLQ.s 			page 23


 837 02d2 30202D66 		.ascii	"0 -ffunction-sections -ffat-lto-objects\000"
 837      66756E63 
 837      74696F6E 
 837      2D736563 
 837      74696F6E 
 838              		.ident	"GCC: (GNU Tools for ARM Embedded Processors) 5.4.1 20160609 (release) [ARM/embedded-5-bran
